\BOOKMARK [0][-]{chapter*.1}{\376\377\144\130\211\201}{}% 1
\BOOKMARK [0][-]{chapter*.2}{\376\377\000A\000b\000s\000t\000r\000a\000c\000t}{}% 2
\BOOKMARK [0][-]{chapter.1}{\376\377\176\352\213\272}{}% 3
\BOOKMARK [1][-]{section.1.1}{\376\377\137\025\212\000}{chapter.1}% 4
\BOOKMARK [1][-]{section.1.2}{\376\377\170\024\172\166\141\017\116\111}{chapter.1}% 5
\BOOKMARK [1][-]{section.1.3}{\376\377\213\272\145\207\176\323\147\204}{chapter.1}% 6
\BOOKMARK [0][-]{chapter.2}{\376\377\147\072\126\150\133\146\116\140\155\101\172\013}{}% 7
\BOOKMARK [1][-]{section.2.1}{\376\377\145\160\143\156\131\004\164\006}{chapter.2}% 8
\BOOKMARK [2][-]{subsection.2.1.1}{\376\377\225\356\230\230\133\232\116\111\116\016\211\304\122\022}{section.2.1}% 9
\BOOKMARK [2][-]{subsection.2.1.2}{\376\377\145\160\143\156\145\066\226\306\116\016\121\306\131\007}{section.2.1}% 10
\BOOKMARK [2][-]{subsection.2.1.3}{\376\377\162\171\137\201\135\345\172\013}{section.2.1}% 11
\BOOKMARK [2][-]{subsection.2.1.4}{\376\377\152\041\127\213\220\011\142\351\116\016\213\255\176\303}{section.2.1}% 12
\BOOKMARK [2][-]{subsection.2.1.5}{\376\377\152\041\127\213\213\304\117\060\116\016\214\003\117\030}{section.2.1}% 13
\BOOKMARK [2][-]{subsection.2.1.6}{\376\377\152\041\127\213\220\350\177\162\116\016\166\321\143\247}{section.2.1}% 14
\BOOKMARK [0][-]{chapter.3}{\376\377\116\377\167\037\116\016\133\236\232\214\145\271\154\325}{}% 15
\BOOKMARK [1][-]{section.3.1}{\376\377\145\160\133\146\116\016\162\151\164\006\217\307\172\013\122\006\147\220\123\237\164\006}{chapter.3}% 16
\BOOKMARK [2][-]{subsection.3.1.1}{\376\377\145\160\133\127\117\341\123\367\131\004\164\006}{section.3.1}% 17
\BOOKMARK [2][-]{subsection.3.1.2}{\376\377\147\072\126\150\133\146\116\140}{section.3.1}% 18
\BOOKMARK [2][-]{subsection.3.1.3}{\376\377\116\377\167\037\136\372\152\041}{section.3.1}% 19
\BOOKMARK [1][-]{section.3.2}{\376\377\116\377\167\037\136\372\152\041}{chapter.3}% 20
\BOOKMARK [1][-]{section.3.3}{\376\377\133\236\232\214\174\373\176\337\116\016\145\160\143\156\221\307\226\306}{chapter.3}% 21
\BOOKMARK [0][-]{chapter.4}{\376\377\176\323\147\234\116\016\213\250\213\272}{}% 22
\BOOKMARK [1][-]{section.4.1}{\376\377\116\377\167\037\176\323\147\234}{chapter.4}% 23
\BOOKMARK [1][-]{section.4.2}{\376\377\133\236\232\214\176\323\147\234}{chapter.4}% 24
\BOOKMARK [1][-]{section.4.3}{\376\377\126\376\210\150\217\301\171\373\123\140\117\115}{chapter.4}% 25
\BOOKMARK [0][-]{chapter.5}{\376\377\121\150\145\207\140\073\176\323}{}% 26
\BOOKMARK [1][-]{section.5.1}{\376\377\116\073\211\201\176\323\213\272}{chapter.5}% 27
\BOOKMARK [1][-]{section.5.2}{\376\377\170\024\172\166\134\125\147\033}{chapter.5}% 28
\BOOKMARK [0][-]{chapter*.5}{\376\377\123\302\200\003\145\207\163\056}{}% 29
\BOOKMARK [0][-]{appendix*.6}{\376\377\133\236\232\214\163\257\130\203}{}% 30
\BOOKMARK [1][-]{section.Alph0.1}{\376\377\170\024\172\166\213\260\137\125}{appendix*.6}% 31
\BOOKMARK [2][-]{subsection.Alph0.1.1}{\376\377\0002\0000\0002\0005\000.\0001\0000\000.\0001\0007}{section.Alph0.1}% 32
\BOOKMARK [0][-]{appendix*.7}{\376\377\201\364\214\042}{}% 33
\BOOKMARK [0][-]{appendix*.8}{\376\377\133\146\147\057\213\272\145\207\124\214\171\321\170\024\142\020\147\234\166\356\137\125}{}% 34
