2025-12-01 16:19:35-INFO-[main.py:34]--------------------------启动数据分析系统-------------------------
2025-12-01 16:19:35-INFO-[file_utils.py:39]-paths.yaml 生成成功: C:\Users\17584\Documents\ALearning\Project\tools\DataProcess\config\paths.yaml
2025-12-01 16:19:35-INFO-[time_series_plots.py:35]-配置文件加载成功: C:\Users\17584\Documents\ALearning\Project\tools\DataProcess\config\paths.yaml
2025-12-01 16:19:35-INFO-[time_series_plots.py:636]-输入目录: D:/Lab/process/2025.11.24/time
2025-12-01 16:19:35-INFO-[time_series_plots.py:637]-输出目录: D:/Lab/results/2025.11.24/time
2025-12-01 16:19:35-INFO-[time_series_plots.py:649]-找到 31 个CSV文件
2025-12-01 16:19:35-INFO-[time_series_plots.py:659]-找到 1 个组: ['cross-phase-transition']
2025-12-01 16:19:35-INFO-[time_series_plots.py:664]-分析组 cross-phase-transition, 包含 31 个文件
2025-12-01 16:19:35-INFO-[time_series_plots.py:562]-开始分析组，包含 31 个文件
2025-12-01 16:19:35-INFO-[time_series_plots.py:41]-正在读取CSV文件: D:\Lab\process\2025.11.24\time\cross-phase-transition\20251124155425.109285.csv
2025-12-01 16:19:35-ERROR-[time_series_plots.py:61]-读取CSV文件失败 D:\Lab\process\2025.11.24\time\cross-phase-transition\20251124155425.109285.csv: 'DataFrame' object has no attribute 'colunms'
2025-12-01 16:19:35-ERROR-[time_series_plots.py:594]-处理文件 D:\Lab\process\2025.11.24\time\cross-phase-transition\20251124155425.109285.csv 时出错: 'DataFrame' object has no attribute 'colunms'
2025-12-01 16:19:35-INFO-[time_series_plots.py:41]-正在读取CSV文件: D:\Lab\process\2025.11.24\time\cross-phase-transition\20251124155428.308953.csv
2025-12-01 16:19:36-ERROR-[time_series_plots.py:61]-读取CSV文件失败 D:\Lab\process\2025.11.24\time\cross-phase-transition\20251124155428.308953.csv: 'DataFrame' object has no attribute 'colunms'
2025-12-01 16:19:36-ERROR-[time_series_plots.py:594]-处理文件 D:\Lab\process\2025.11.24\time\cross-phase-transition\20251124155428.308953.csv 时出错: 'DataFrame' object has no attribute 'colunms'
2025-12-01 16:19:36-INFO-[time_series_plots.py:41]-正在读取CSV文件: D:\Lab\process\2025.11.24\time\cross-phase-transition\20251124155431.509039.csv
2025-12-01 16:19:37-ERROR-[time_series_plots.py:61]-读取CSV文件失败 D:\Lab\process\2025.11.24\time\cross-phase-transition\20251124155431.509039.csv: 'DataFrame' object has no attribute 'colunms'
2025-12-01 16:19:37-ERROR-[time_series_plots.py:594]-处理文件 D:\Lab\process\2025.11.24\time\cross-phase-transition\20251124155431.509039.csv 时出错: 'DataFrame' object has no attribute 'colunms'
2025-12-01 16:19:37-INFO-[time_series_plots.py:41]-正在读取CSV文件: D:\Lab\process\2025.11.24\time\cross-phase-transition\20251124155434.708630.csv
2025-12-01 16:19:38-ERROR-[time_series_plots.py:61]-读取CSV文件失败 D:\Lab\process\2025.11.24\time\cross-phase-transition\20251124155434.708630.csv: 'DataFrame' object has no attribute 'colunms'
2025-12-01 16:19:38-ERROR-[time_series_plots.py:594]-处理文件 D:\Lab\process\2025.11.24\time\cross-phase-transition\20251124155434.708630.csv 时出错: 'DataFrame' object has no attribute 'colunms'
2025-12-01 16:19:38-INFO-[time_series_plots.py:41]-正在读取CSV文件: D:\Lab\process\2025.11.24\time\cross-phase-transition\20251124155437.909330.csv
2025-12-01 16:19:39-ERROR-[time_series_plots.py:61]-读取CSV文件失败 D:\Lab\process\2025.11.24\time\cross-phase-transition\20251124155437.909330.csv: 'DataFrame' object has no attribute 'colunms'
2025-12-01 16:19:39-ERROR-[time_series_plots.py:594]-处理文件 D:\Lab\process\2025.11.24\time\cross-phase-transition\20251124155437.909330.csv 时出错: 'DataFrame' object has no attribute 'colunms'
2025-12-01 16:19:39-INFO-[time_series_plots.py:41]-正在读取CSV文件: D:\Lab\process\2025.11.24\time\cross-phase-transition\20251124155441.108611.csv
2025-12-01 16:19:39-ERROR-[time_series_plots.py:61]-读取CSV文件失败 D:\Lab\process\2025.11.24\time\cross-phase-transition\20251124155441.108611.csv: 'DataFrame' object has no attribute 'colunms'
2025-12-01 16:19:39-ERROR-[time_series_plots.py:594]-处理文件 D:\Lab\process\2025.11.24\time\cross-phase-transition\20251124155441.108611.csv 时出错: 'DataFrame' object has no attribute 'colunms'
2025-12-01 16:19:39-INFO-[time_series_plots.py:41]-正在读取CSV文件: D:\Lab\process\2025.11.24\time\cross-phase-transition\20251124155444.307134.csv
2025-12-01 16:19:40-ERROR-[time_series_plots.py:61]-读取CSV文件失败 D:\Lab\process\2025.11.24\time\cross-phase-transition\20251124155444.307134.csv: 'DataFrame' object has no attribute 'colunms'
2025-12-01 16:19:40-ERROR-[time_series_plots.py:594]-处理文件 D:\Lab\process\2025.11.24\time\cross-phase-transition\20251124155444.307134.csv 时出错: 'DataFrame' object has no attribute 'colunms'
2025-12-01 16:19:40-INFO-[time_series_plots.py:41]-正在读取CSV文件: D:\Lab\process\2025.11.24\time\cross-phase-transition\20251124155447.506790.csv
2025-12-01 16:19:41-ERROR-[time_series_plots.py:61]-读取CSV文件失败 D:\Lab\process\2025.11.24\time\cross-phase-transition\20251124155447.506790.csv: 'DataFrame' object has no attribute 'colunms'
2025-12-01 16:19:41-ERROR-[time_series_plots.py:594]-处理文件 D:\Lab\process\2025.11.24\time\cross-phase-transition\20251124155447.506790.csv 时出错: 'DataFrame' object has no attribute 'colunms'
2025-12-01 16:19:41-INFO-[time_series_plots.py:41]-正在读取CSV文件: D:\Lab\process\2025.11.24\time\cross-phase-transition\20251124155450.708379.csv
2025-12-01 16:19:42-ERROR-[time_series_plots.py:61]-读取CSV文件失败 D:\Lab\process\2025.11.24\time\cross-phase-transition\20251124155450.708379.csv: 'DataFrame' object has no attribute 'colunms'
2025-12-01 16:19:42-ERROR-[time_series_plots.py:594]-处理文件 D:\Lab\process\2025.11.24\time\cross-phase-transition\20251124155450.708379.csv 时出错: 'DataFrame' object has no attribute 'colunms'
2025-12-01 16:19:42-INFO-[time_series_plots.py:41]-正在读取CSV文件: D:\Lab\process\2025.11.24\time\cross-phase-transition\20251124155453.907783.csv
2025-12-01 16:19:43-ERROR-[time_series_plots.py:61]-读取CSV文件失败 D:\Lab\process\2025.11.24\time\cross-phase-transition\20251124155453.907783.csv: 'DataFrame' object has no attribute 'colunms'
2025-12-01 16:19:43-ERROR-[time_series_plots.py:594]-处理文件 D:\Lab\process\2025.11.24\time\cross-phase-transition\20251124155453.907783.csv 时出错: 'DataFrame' object has no attribute 'colunms'
2025-12-01 16:19:43-INFO-[time_series_plots.py:41]-正在读取CSV文件: D:\Lab\process\2025.11.24\time\cross-phase-transition\20251124155457.108864.csv
2025-12-01 16:19:43-ERROR-[time_series_plots.py:61]-读取CSV文件失败 D:\Lab\process\2025.11.24\time\cross-phase-transition\20251124155457.108864.csv: 'DataFrame' object has no attribute 'colunms'
2025-12-01 16:19:43-ERROR-[time_series_plots.py:594]-处理文件 D:\Lab\process\2025.11.24\time\cross-phase-transition\20251124155457.108864.csv 时出错: 'DataFrame' object has no attribute 'colunms'
2025-12-01 16:19:43-INFO-[time_series_plots.py:41]-正在读取CSV文件: D:\Lab\process\2025.11.24\time\cross-phase-transition\20251124155500.309022.csv
2025-12-01 16:19:44-ERROR-[time_series_plots.py:61]-读取CSV文件失败 D:\Lab\process\2025.11.24\time\cross-phase-transition\20251124155500.309022.csv: 'DataFrame' object has no attribute 'colunms'
2025-12-01 16:19:44-ERROR-[time_series_plots.py:594]-处理文件 D:\Lab\process\2025.11.24\time\cross-phase-transition\20251124155500.309022.csv 时出错: 'DataFrame' object has no attribute 'colunms'
2025-12-01 16:19:44-INFO-[time_series_plots.py:41]-正在读取CSV文件: D:\Lab\process\2025.11.24\time\cross-phase-transition\20251124155503.508866.csv
2025-12-01 16:19:45-ERROR-[time_series_plots.py:61]-读取CSV文件失败 D:\Lab\process\2025.11.24\time\cross-phase-transition\20251124155503.508866.csv: 'DataFrame' object has no attribute 'colunms'
2025-12-01 16:19:45-ERROR-[time_series_plots.py:594]-处理文件 D:\Lab\process\2025.11.24\time\cross-phase-transition\20251124155503.508866.csv 时出错: 'DataFrame' object has no attribute 'colunms'
2025-12-01 16:19:45-INFO-[time_series_plots.py:41]-正在读取CSV文件: D:\Lab\process\2025.11.24\time\cross-phase-transition\20251124155506.709558.csv
2025-12-01 16:19:46-ERROR-[time_series_plots.py:61]-读取CSV文件失败 D:\Lab\process\2025.11.24\time\cross-phase-transition\20251124155506.709558.csv: 'DataFrame' object has no attribute 'colunms'
2025-12-01 16:19:46-ERROR-[time_series_plots.py:594]-处理文件 D:\Lab\process\2025.11.24\time\cross-phase-transition\20251124155506.709558.csv 时出错: 'DataFrame' object has no attribute 'colunms'
2025-12-01 16:19:46-INFO-[time_series_plots.py:41]-正在读取CSV文件: D:\Lab\process\2025.11.24\time\cross-phase-transition\20251124155509.908605.csv
2025-12-01 16:19:48-ERROR-[time_series_plots.py:61]-读取CSV文件失败 D:\Lab\process\2025.11.24\time\cross-phase-transition\20251124155509.908605.csv: 'DataFrame' object has no attribute 'colunms'
2025-12-01 16:19:48-ERROR-[time_series_plots.py:594]-处理文件 D:\Lab\process\2025.11.24\time\cross-phase-transition\20251124155509.908605.csv 时出错: 'DataFrame' object has no attribute 'colunms'
2025-12-01 16:19:48-INFO-[time_series_plots.py:41]-正在读取CSV文件: D:\Lab\process\2025.11.24\time\cross-phase-transition\20251124155513.109141.csv
2025-12-01 16:19:49-ERROR-[time_series_plots.py:61]-读取CSV文件失败 D:\Lab\process\2025.11.24\time\cross-phase-transition\20251124155513.109141.csv: 'DataFrame' object has no attribute 'colunms'
2025-12-01 16:19:49-ERROR-[time_series_plots.py:594]-处理文件 D:\Lab\process\2025.11.24\time\cross-phase-transition\20251124155513.109141.csv 时出错: 'DataFrame' object has no attribute 'colunms'
2025-12-01 16:19:49-INFO-[time_series_plots.py:41]-正在读取CSV文件: D:\Lab\process\2025.11.24\time\cross-phase-transition\20251124155516.310143.csv
2025-12-01 16:19:50-ERROR-[time_series_plots.py:61]-读取CSV文件失败 D:\Lab\process\2025.11.24\time\cross-phase-transition\20251124155516.310143.csv: 'DataFrame' object has no attribute 'colunms'
2025-12-01 16:19:50-ERROR-[time_series_plots.py:594]-处理文件 D:\Lab\process\2025.11.24\time\cross-phase-transition\20251124155516.310143.csv 时出错: 'DataFrame' object has no attribute 'colunms'
2025-12-01 16:19:50-INFO-[time_series_plots.py:41]-正在读取CSV文件: D:\Lab\process\2025.11.24\time\cross-phase-transition\20251124155519.510852.csv
2025-12-01 16:19:52-ERROR-[time_series_plots.py:61]-读取CSV文件失败 D:\Lab\process\2025.11.24\time\cross-phase-transition\20251124155519.510852.csv: 'DataFrame' object has no attribute 'colunms'
2025-12-01 16:19:52-ERROR-[time_series_plots.py:594]-处理文件 D:\Lab\process\2025.11.24\time\cross-phase-transition\20251124155519.510852.csv 时出错: 'DataFrame' object has no attribute 'colunms'
2025-12-01 16:19:52-INFO-[time_series_plots.py:41]-正在读取CSV文件: D:\Lab\process\2025.11.24\time\cross-phase-transition\20251124155522.712351.csv
2025-12-01 16:19:53-ERROR-[time_series_plots.py:61]-读取CSV文件失败 D:\Lab\process\2025.11.24\time\cross-phase-transition\20251124155522.712351.csv: 'DataFrame' object has no attribute 'colunms'
2025-12-01 16:19:53-ERROR-[time_series_plots.py:594]-处理文件 D:\Lab\process\2025.11.24\time\cross-phase-transition\20251124155522.712351.csv 时出错: 'DataFrame' object has no attribute 'colunms'
2025-12-01 16:19:53-INFO-[time_series_plots.py:41]-正在读取CSV文件: D:\Lab\process\2025.11.24\time\cross-phase-transition\20251124155525.909389.csv
2025-12-01 16:19:54-ERROR-[time_series_plots.py:61]-读取CSV文件失败 D:\Lab\process\2025.11.24\time\cross-phase-transition\20251124155525.909389.csv: 'DataFrame' object has no attribute 'colunms'
2025-12-01 16:19:54-ERROR-[time_series_plots.py:594]-处理文件 D:\Lab\process\2025.11.24\time\cross-phase-transition\20251124155525.909389.csv 时出错: 'DataFrame' object has no attribute 'colunms'
2025-12-01 16:19:54-INFO-[time_series_plots.py:41]-正在读取CSV文件: D:\Lab\process\2025.11.24\time\cross-phase-transition\20251124155529.111850.csv
2025-12-01 16:19:56-ERROR-[time_series_plots.py:61]-读取CSV文件失败 D:\Lab\process\2025.11.24\time\cross-phase-transition\20251124155529.111850.csv: 'DataFrame' object has no attribute 'colunms'
2025-12-01 16:19:56-ERROR-[time_series_plots.py:594]-处理文件 D:\Lab\process\2025.11.24\time\cross-phase-transition\20251124155529.111850.csv 时出错: 'DataFrame' object has no attribute 'colunms'
2025-12-01 16:19:56-INFO-[time_series_plots.py:41]-正在读取CSV文件: D:\Lab\process\2025.11.24\time\cross-phase-transition\20251124155532.310142.csv
2025-12-01 16:19:57-ERROR-[time_series_plots.py:61]-读取CSV文件失败 D:\Lab\process\2025.11.24\time\cross-phase-transition\20251124155532.310142.csv: 'DataFrame' object has no attribute 'colunms'
2025-12-01 16:19:57-ERROR-[time_series_plots.py:594]-处理文件 D:\Lab\process\2025.11.24\time\cross-phase-transition\20251124155532.310142.csv 时出错: 'DataFrame' object has no attribute 'colunms'
2025-12-01 16:19:57-INFO-[time_series_plots.py:41]-正在读取CSV文件: D:\Lab\process\2025.11.24\time\cross-phase-transition\20251124155535.510158.csv
2025-12-01 16:19:59-ERROR-[time_series_plots.py:61]-读取CSV文件失败 D:\Lab\process\2025.11.24\time\cross-phase-transition\20251124155535.510158.csv: 'DataFrame' object has no attribute 'colunms'
2025-12-01 16:19:59-ERROR-[time_series_plots.py:594]-处理文件 D:\Lab\process\2025.11.24\time\cross-phase-transition\20251124155535.510158.csv 时出错: 'DataFrame' object has no attribute 'colunms'
2025-12-01 16:19:59-INFO-[time_series_plots.py:41]-正在读取CSV文件: D:\Lab\process\2025.11.24\time\cross-phase-transition\20251124155538.714568.csv
2025-12-01 16:20:00-ERROR-[time_series_plots.py:61]-读取CSV文件失败 D:\Lab\process\2025.11.24\time\cross-phase-transition\20251124155538.714568.csv: 'DataFrame' object has no attribute 'colunms'
2025-12-01 16:20:00-ERROR-[time_series_plots.py:594]-处理文件 D:\Lab\process\2025.11.24\time\cross-phase-transition\20251124155538.714568.csv 时出错: 'DataFrame' object has no attribute 'colunms'
2025-12-01 16:20:00-INFO-[time_series_plots.py:41]-正在读取CSV文件: D:\Lab\process\2025.11.24\time\cross-phase-transition\20251124155541.912428.csv
2025-12-01 16:20:01-ERROR-[time_series_plots.py:61]-读取CSV文件失败 D:\Lab\process\2025.11.24\time\cross-phase-transition\20251124155541.912428.csv: 'DataFrame' object has no attribute 'colunms'
2025-12-01 16:20:01-ERROR-[time_series_plots.py:594]-处理文件 D:\Lab\process\2025.11.24\time\cross-phase-transition\20251124155541.912428.csv 时出错: 'DataFrame' object has no attribute 'colunms'
2025-12-01 16:20:01-INFO-[time_series_plots.py:41]-正在读取CSV文件: D:\Lab\process\2025.11.24\time\cross-phase-transition\20251124155545.113352.csv
2025-12-01 16:20:03-ERROR-[time_series_plots.py:61]-读取CSV文件失败 D:\Lab\process\2025.11.24\time\cross-phase-transition\20251124155545.113352.csv: 'DataFrame' object has no attribute 'colunms'
2025-12-01 16:20:03-ERROR-[time_series_plots.py:594]-处理文件 D:\Lab\process\2025.11.24\time\cross-phase-transition\20251124155545.113352.csv 时出错: 'DataFrame' object has no attribute 'colunms'
2025-12-01 16:20:03-INFO-[time_series_plots.py:41]-正在读取CSV文件: D:\Lab\process\2025.11.24\time\cross-phase-transition\20251124155548.314151.csv
2025-12-01 16:20:04-ERROR-[time_series_plots.py:61]-读取CSV文件失败 D:\Lab\process\2025.11.24\time\cross-phase-transition\20251124155548.314151.csv: 'DataFrame' object has no attribute 'colunms'
2025-12-01 16:20:04-ERROR-[time_series_plots.py:594]-处理文件 D:\Lab\process\2025.11.24\time\cross-phase-transition\20251124155548.314151.csv 时出错: 'DataFrame' object has no attribute 'colunms'
2025-12-01 16:20:04-INFO-[time_series_plots.py:41]-正在读取CSV文件: D:\Lab\process\2025.11.24\time\cross-phase-transition\20251124155551.514500.csv
2025-12-01 16:20:06-ERROR-[time_series_plots.py:61]-读取CSV文件失败 D:\Lab\process\2025.11.24\time\cross-phase-transition\20251124155551.514500.csv: 'DataFrame' object has no attribute 'colunms'
2025-12-01 16:20:06-ERROR-[time_series_plots.py:594]-处理文件 D:\Lab\process\2025.11.24\time\cross-phase-transition\20251124155551.514500.csv 时出错: 'DataFrame' object has no attribute 'colunms'
2025-12-01 16:20:06-INFO-[time_series_plots.py:41]-正在读取CSV文件: D:\Lab\process\2025.11.24\time\cross-phase-transition\20251124155554.712441.csv
2025-12-01 16:20:07-ERROR-[time_series_plots.py:61]-读取CSV文件失败 D:\Lab\process\2025.11.24\time\cross-phase-transition\20251124155554.712441.csv: 'DataFrame' object has no attribute 'colunms'
2025-12-01 16:20:07-ERROR-[time_series_plots.py:594]-处理文件 D:\Lab\process\2025.11.24\time\cross-phase-transition\20251124155554.712441.csv 时出错: 'DataFrame' object has no attribute 'colunms'
2025-12-01 16:20:07-INFO-[time_series_plots.py:41]-正在读取CSV文件: D:\Lab\process\2025.11.24\time\cross-phase-transition\20251124155557.915932.csv
2025-12-01 16:20:09-ERROR-[time_series_plots.py:61]-读取CSV文件失败 D:\Lab\process\2025.11.24\time\cross-phase-transition\20251124155557.915932.csv: 'DataFrame' object has no attribute 'colunms'
2025-12-01 16:20:09-ERROR-[time_series_plots.py:594]-处理文件 D:\Lab\process\2025.11.24\time\cross-phase-transition\20251124155557.915932.csv 时出错: 'DataFrame' object has no attribute 'colunms'
2025-12-01 16:20:09-INFO-[time_series_plots.py:41]-正在读取CSV文件: D:\Lab\process\2025.11.24\time\cross-phase-transition\20251124155601.114768.csv
2025-12-01 16:20:10-ERROR-[time_series_plots.py:61]-读取CSV文件失败 D:\Lab\process\2025.11.24\time\cross-phase-transition\20251124155601.114768.csv: 'DataFrame' object has no attribute 'colunms'
2025-12-01 16:20:10-ERROR-[time_series_plots.py:594]-处理文件 D:\Lab\process\2025.11.24\time\cross-phase-transition\20251124155601.114768.csv 时出错: 'DataFrame' object has no attribute 'colunms'
2025-12-01 16:20:10-WARNING-[time_series_plots.py:598]-组内没有成功处理的文件
2025-12-01 16:20:10-INFO-[time_series_plots.py:693]-时域分析完成! 成功分析 0 个组
2025-12-01 16:20:10-INFO-[time_series_plots.py:694]-总体报告: D:\Lab\results\2025.11.24\time\analysis_summary.json
2025-12-01 16:20:10-INFO-[main.py:60]------------------------------执行完成-----------------------------
