2026-03-27 13:47:30-INFO-[main.py:33]--------------------------启动数据分析系统-------------------------
2026-03-27 13:47:30-INFO-[file_utils.py:39]-paths.yaml 生成成功: C:\Users\17584\Documents\ALearning\Project\tools\DataProcess\config\paths.yaml
2026-03-27 13:47:30-INFO-[frequency_plots.py:197]-配置文件加载成功: C:\Users\17584\Documents\ALearning\Project\tools\DataProcess\config\paths.yaml
2026-03-27 13:47:30-INFO-[frequency_plots.py:961]-FFT输入目录: D:/Lab/process/26.3.9/frequency
2026-03-27 13:47:30-INFO-[frequency_plots.py:962]-FFT输出目录: D:/Lab/results/26.3.9/frequency
2026-03-27 13:47:30-INFO-[frequency_plots.py:974]-找到 62 个平均FFT CSV文件
2026-03-27 13:47:30-INFO-[frequency_plots.py:984]-找到 3 个FFT组: ['2k', '3k', '4k']
2026-03-27 13:47:30-INFO-[frequency_plots.py:992]-分析FFT组 2k, 包含 22 个文件
2026-03-27 13:47:30-INFO-[frequency_plots.py:884]-开始分析FFT组，包含 22 个文件
2026-03-27 13:47:30-INFO-[frequency_plots.py:203]-正在读取FFT CSV文件: D:\Lab\process\26.3.9\frequency\2k\FFT_20260309171638.209984.csv
2026-03-27 13:47:31-INFO-[frequency_plots.py:241]-识别到 12 个通道
2026-03-27 13:47:31-INFO-[frequency_plots.py:214]-成功读取FFT数据: 539999 行, 12 个幅度通道, 12 个相位通道
2026-03-27 13:47:32-INFO-[frequency_plots.py:203]-正在读取FFT CSV文件: D:\Lab\process\26.3.9\frequency\2k\FFT_20260309171640.909627.csv
2026-03-27 13:47:33-INFO-[frequency_plots.py:241]-识别到 12 个通道
2026-03-27 13:47:33-INFO-[frequency_plots.py:214]-成功读取FFT数据: 539999 行, 12 个幅度通道, 12 个相位通道
2026-03-27 13:47:34-INFO-[frequency_plots.py:203]-正在读取FFT CSV文件: D:\Lab\process\26.3.9\frequency\2k\FFT_20260309171643.610847.csv
2026-03-27 13:47:35-INFO-[frequency_plots.py:241]-识别到 12 个通道
2026-03-27 13:47:35-INFO-[frequency_plots.py:214]-成功读取FFT数据: 539999 行, 12 个幅度通道, 12 个相位通道
2026-03-27 13:47:35-INFO-[frequency_plots.py:203]-正在读取FFT CSV文件: D:\Lab\process\26.3.9\frequency\2k\FFT_20260309171646.311929.csv
2026-03-27 13:47:37-INFO-[frequency_plots.py:241]-识别到 12 个通道
2026-03-27 13:47:37-INFO-[frequency_plots.py:214]-成功读取FFT数据: 539999 行, 12 个幅度通道, 12 个相位通道
2026-03-27 13:47:37-INFO-[frequency_plots.py:203]-正在读取FFT CSV文件: D:\Lab\process\26.3.9\frequency\2k\FFT_20260309171649.009744.csv
2026-03-27 13:47:39-INFO-[frequency_plots.py:241]-识别到 12 个通道
2026-03-27 13:47:39-INFO-[frequency_plots.py:214]-成功读取FFT数据: 539999 行, 12 个幅度通道, 12 个相位通道
2026-03-27 13:47:39-INFO-[frequency_plots.py:203]-正在读取FFT CSV文件: D:\Lab\process\26.3.9\frequency\2k\FFT_20260309171651.711693.csv
2026-03-27 13:47:40-INFO-[frequency_plots.py:241]-识别到 12 个通道
2026-03-27 13:47:40-INFO-[frequency_plots.py:214]-成功读取FFT数据: 539999 行, 12 个幅度通道, 12 个相位通道
2026-03-27 13:47:41-INFO-[frequency_plots.py:203]-正在读取FFT CSV文件: D:\Lab\process\26.3.9\frequency\2k\FFT_20260309171654.410757.csv
2026-03-27 13:47:42-INFO-[frequency_plots.py:241]-识别到 12 个通道
2026-03-27 13:47:42-INFO-[frequency_plots.py:214]-成功读取FFT数据: 539999 行, 12 个幅度通道, 12 个相位通道
2026-03-27 13:47:43-INFO-[frequency_plots.py:203]-正在读取FFT CSV文件: D:\Lab\process\26.3.9\frequency\2k\FFT_20260309171657.112097.csv
2026-03-27 13:47:44-INFO-[frequency_plots.py:241]-识别到 12 个通道
2026-03-27 13:47:44-INFO-[frequency_plots.py:214]-成功读取FFT数据: 539999 行, 12 个幅度通道, 12 个相位通道
2026-03-27 13:47:45-INFO-[frequency_plots.py:203]-正在读取FFT CSV文件: D:\Lab\process\26.3.9\frequency\2k\FFT_20260309171659.812699.csv
2026-03-27 13:47:46-INFO-[frequency_plots.py:241]-识别到 12 个通道
2026-03-27 13:47:46-INFO-[frequency_plots.py:214]-成功读取FFT数据: 539999 行, 12 个幅度通道, 12 个相位通道
2026-03-27 13:47:46-INFO-[frequency_plots.py:203]-正在读取FFT CSV文件: D:\Lab\process\26.3.9\frequency\2k\FFT_20260309171702.511904.csv
2026-03-27 13:47:48-INFO-[frequency_plots.py:241]-识别到 12 个通道
2026-03-27 13:47:48-INFO-[frequency_plots.py:214]-成功读取FFT数据: 539999 行, 12 个幅度通道, 12 个相位通道
2026-03-27 13:47:48-INFO-[frequency_plots.py:203]-正在读取FFT CSV文件: D:\Lab\process\26.3.9\frequency\2k\FFT_20260309171705.211974.csv
2026-03-27 13:47:50-INFO-[frequency_plots.py:241]-识别到 12 个通道
2026-03-27 13:47:50-INFO-[frequency_plots.py:214]-成功读取FFT数据: 539999 行, 12 个幅度通道, 12 个相位通道
2026-03-27 13:47:50-INFO-[frequency_plots.py:203]-正在读取FFT CSV文件: D:\Lab\process\26.3.9\frequency\2k\FFT_20260309171707.912154.csv
2026-03-27 13:47:51-INFO-[frequency_plots.py:241]-识别到 12 个通道
2026-03-27 13:47:51-INFO-[frequency_plots.py:214]-成功读取FFT数据: 539999 行, 12 个幅度通道, 12 个相位通道
2026-03-27 13:47:52-INFO-[frequency_plots.py:203]-正在读取FFT CSV文件: D:\Lab\process\26.3.9\frequency\2k\FFT_20260309171710.611949.csv
2026-03-27 13:47:53-INFO-[frequency_plots.py:241]-识别到 12 个通道
2026-03-27 13:47:53-INFO-[frequency_plots.py:214]-成功读取FFT数据: 539999 行, 12 个幅度通道, 12 个相位通道
2026-03-27 13:47:54-INFO-[frequency_plots.py:203]-正在读取FFT CSV文件: D:\Lab\process\26.3.9\frequency\2k\FFT_20260309171713.311232.csv
2026-03-27 13:47:55-INFO-[frequency_plots.py:241]-识别到 12 个通道
2026-03-27 13:47:55-INFO-[frequency_plots.py:214]-成功读取FFT数据: 539999 行, 12 个幅度通道, 12 个相位通道
2026-03-27 13:47:56-INFO-[frequency_plots.py:203]-正在读取FFT CSV文件: D:\Lab\process\26.3.9\frequency\2k\FFT_20260309171716.013532.csv
2026-03-27 13:47:57-INFO-[frequency_plots.py:241]-识别到 12 个通道
2026-03-27 13:47:57-INFO-[frequency_plots.py:214]-成功读取FFT数据: 539999 行, 12 个幅度通道, 12 个相位通道
2026-03-27 13:47:58-INFO-[frequency_plots.py:203]-正在读取FFT CSV文件: D:\Lab\process\26.3.9\frequency\2k\FFT_20260309171718.712098.csv
2026-03-27 13:47:59-INFO-[frequency_plots.py:241]-识别到 12 个通道
2026-03-27 13:47:59-INFO-[frequency_plots.py:214]-成功读取FFT数据: 539999 行, 12 个幅度通道, 12 个相位通道
2026-03-27 13:47:59-INFO-[frequency_plots.py:203]-正在读取FFT CSV文件: D:\Lab\process\26.3.9\frequency\2k\FFT_20260309171721.413819.csv
2026-03-27 13:48:01-INFO-[frequency_plots.py:241]-识别到 12 个通道
2026-03-27 13:48:01-INFO-[frequency_plots.py:214]-成功读取FFT数据: 539999 行, 12 个幅度通道, 12 个相位通道
2026-03-27 13:48:01-INFO-[frequency_plots.py:203]-正在读取FFT CSV文件: D:\Lab\process\26.3.9\frequency\2k\FFT_20260309171724.111972.csv
2026-03-27 13:48:02-INFO-[frequency_plots.py:241]-识别到 12 个通道
2026-03-27 13:48:02-INFO-[frequency_plots.py:214]-成功读取FFT数据: 539999 行, 12 个幅度通道, 12 个相位通道
2026-03-27 13:48:03-INFO-[frequency_plots.py:203]-正在读取FFT CSV文件: D:\Lab\process\26.3.9\frequency\2k\FFT_20260309171726.813002.csv
2026-03-27 13:48:04-INFO-[frequency_plots.py:241]-识别到 12 个通道
2026-03-27 13:48:04-INFO-[frequency_plots.py:214]-成功读取FFT数据: 539999 行, 12 个幅度通道, 12 个相位通道
2026-03-27 13:48:05-INFO-[frequency_plots.py:203]-正在读取FFT CSV文件: D:\Lab\process\26.3.9\frequency\2k\FFT_20260309171729.513661.csv
2026-03-27 13:48:06-INFO-[frequency_plots.py:241]-识别到 12 个通道
2026-03-27 13:48:06-INFO-[frequency_plots.py:214]-成功读取FFT数据: 539999 行, 12 个幅度通道, 12 个相位通道
2026-03-27 13:48:07-INFO-[frequency_plots.py:203]-正在读取FFT CSV文件: D:\Lab\process\26.3.9\frequency\2k\FFT_20260309171732.212390.csv
2026-03-27 13:48:08-INFO-[frequency_plots.py:241]-识别到 12 个通道
2026-03-27 13:48:08-INFO-[frequency_plots.py:214]-成功读取FFT数据: 539999 行, 12 个幅度通道, 12 个相位通道
2026-03-27 13:48:09-INFO-[frequency_plots.py:203]-正在读取FFT CSV文件: D:\Lab\process\26.3.9\frequency\2k\FFT_20260309171734.914089.csv
2026-03-27 13:48:09-INFO-[frequency_plots.py:241]-识别到 12 个通道
2026-03-27 13:48:09-INFO-[frequency_plots.py:214]-成功读取FFT数据: 379999 行, 12 个幅度通道, 12 个相位通道
2026-03-27 13:48:10-INFO-[frequency_plots.py:322]-Generating log-scale spectrum bands
2026-03-27 13:48:10-ERROR-[frequency_plots.py:333]-Failed to plot amplitude spectra: all the input array dimensions except for the concatenation axis must match exactly, but along dimension 1, the array at index 0 has size 539999 and the array at index 21 has size 379999
2026-03-27 13:48:10-ERROR-[frequency_plots.py:335]-Traceback (most recent call last):
  File "C:\Users\17584\Documents\ALearning\Project\tools\DataProcess\src\visualization\frequency_plots.py", line 324, in plot_group_amplitude_spectrum
    _plot_spectrum_band(group_data, output_path_1, (0, 200), 'Low-Frequency Background (0-200 Hz, log scale)')
  File "C:\Users\17584\Documents\ALearning\Project\tools\DataProcess\src\visualization\frequency_plots.py", line 94, in _plot_spectrum_band
    frequency, amplitude_matrix = _collect_channel_matrix(group_data, channel)
  File "C:\Users\17584\Documents\ALearning\Project\tools\DataProcess\src\visualization\frequency_plots.py", line 77, in _collect_channel_matrix
    return frequency, np.vstack(matrices)
  File "C:\Users\17584\.conda\envs\dataprocess\lib\site-packages\numpy\core\shape_base.py", line 289, in vstack
    return _nx.concatenate(arrs, 0, dtype=dtype, casting=casting)
ValueError: all the input array dimensions except for the concatenation axis must match exactly, but along dimension 1, the array at index 0 has size 539999 and the array at index 21 has size 379999

2026-03-27 13:48:10-INFO-[frequency_plots.py:341]-??????????
2026-03-27 13:48:13-INFO-[frequency_plots.py:404]-?????????: D:\Lab\results\26.3.9\frequency\2k\group_phase_analysis.png
2026-03-27 13:48:13-INFO-[frequency_plots.py:415]-????????????
2026-03-27 13:48:14-INFO-[frequency_plots.py:470]-???????????: D:\Lab\results\26.3.9\frequency\2k\group_dominant_frequencies.png
2026-03-27 13:48:14-INFO-[frequency_plots.py:484]-?????????????
2026-03-27 13:48:14-INFO-[frequency_plots.py:203]-正在读取FFT CSV文件: D:\Lab\process\26.3.9\frequency\2k\FFT_20260309171638.209984.csv
2026-03-27 13:48:15-INFO-[frequency_plots.py:241]-识别到 12 个通道
2026-03-27 13:48:15-INFO-[frequency_plots.py:214]-成功读取FFT数据: 539999 行, 12 个幅度通道, 12 个相位通道
2026-03-27 13:48:15-INFO-[frequency_plots.py:203]-正在读取FFT CSV文件: D:\Lab\process\26.3.9\frequency\2k\FFT_20260309171638.209984.csv
2026-03-27 13:48:16-INFO-[frequency_plots.py:241]-识别到 12 个通道
2026-03-27 13:48:16-INFO-[frequency_plots.py:214]-成功读取FFT数据: 539999 行, 12 个幅度通道, 12 个相位通道
2026-03-27 13:48:16-INFO-[frequency_plots.py:203]-正在读取FFT CSV文件: D:\Lab\process\26.3.9\frequency\2k\FFT_20260309171640.909627.csv
2026-03-27 13:48:17-INFO-[frequency_plots.py:241]-识别到 12 个通道
2026-03-27 13:48:17-INFO-[frequency_plots.py:214]-成功读取FFT数据: 539999 行, 12 个幅度通道, 12 个相位通道
2026-03-27 13:48:17-INFO-[frequency_plots.py:203]-正在读取FFT CSV文件: D:\Lab\process\26.3.9\frequency\2k\FFT_20260309171643.610847.csv
2026-03-27 13:48:19-INFO-[frequency_plots.py:241]-识别到 12 个通道
2026-03-27 13:48:19-INFO-[frequency_plots.py:214]-成功读取FFT数据: 539999 行, 12 个幅度通道, 12 个相位通道
2026-03-27 13:48:19-INFO-[frequency_plots.py:203]-正在读取FFT CSV文件: D:\Lab\process\26.3.9\frequency\2k\FFT_20260309171646.311929.csv
2026-03-27 13:48:20-INFO-[frequency_plots.py:241]-识别到 12 个通道
2026-03-27 13:48:20-INFO-[frequency_plots.py:214]-成功读取FFT数据: 539999 行, 12 个幅度通道, 12 个相位通道
2026-03-27 13:48:20-INFO-[frequency_plots.py:203]-正在读取FFT CSV文件: D:\Lab\process\26.3.9\frequency\2k\FFT_20260309171649.009744.csv
2026-03-27 13:48:21-INFO-[frequency_plots.py:241]-识别到 12 个通道
2026-03-27 13:48:21-INFO-[frequency_plots.py:214]-成功读取FFT数据: 539999 行, 12 个幅度通道, 12 个相位通道
2026-03-27 13:48:21-INFO-[frequency_plots.py:203]-正在读取FFT CSV文件: D:\Lab\process\26.3.9\frequency\2k\FFT_20260309171651.711693.csv
2026-03-27 13:48:22-INFO-[frequency_plots.py:241]-识别到 12 个通道
2026-03-27 13:48:22-INFO-[frequency_plots.py:214]-成功读取FFT数据: 539999 行, 12 个幅度通道, 12 个相位通道
2026-03-27 13:48:22-INFO-[frequency_plots.py:203]-正在读取FFT CSV文件: D:\Lab\process\26.3.9\frequency\2k\FFT_20260309171654.410757.csv
2026-03-27 13:48:23-INFO-[frequency_plots.py:241]-识别到 12 个通道
2026-03-27 13:48:23-INFO-[frequency_plots.py:214]-成功读取FFT数据: 539999 行, 12 个幅度通道, 12 个相位通道
2026-03-27 13:48:23-INFO-[frequency_plots.py:203]-正在读取FFT CSV文件: D:\Lab\process\26.3.9\frequency\2k\FFT_20260309171657.112097.csv
2026-03-27 13:48:24-INFO-[frequency_plots.py:241]-识别到 12 个通道
2026-03-27 13:48:24-INFO-[frequency_plots.py:214]-成功读取FFT数据: 539999 行, 12 个幅度通道, 12 个相位通道
2026-03-27 13:48:24-INFO-[frequency_plots.py:203]-正在读取FFT CSV文件: D:\Lab\process\26.3.9\frequency\2k\FFT_20260309171659.812699.csv
2026-03-27 13:48:26-INFO-[frequency_plots.py:241]-识别到 12 个通道
2026-03-27 13:48:26-INFO-[frequency_plots.py:214]-成功读取FFT数据: 539999 行, 12 个幅度通道, 12 个相位通道
2026-03-27 13:48:26-INFO-[frequency_plots.py:203]-正在读取FFT CSV文件: D:\Lab\process\26.3.9\frequency\2k\FFT_20260309171702.511904.csv
2026-03-27 13:48:27-INFO-[frequency_plots.py:241]-识别到 12 个通道
2026-03-27 13:48:27-INFO-[frequency_plots.py:214]-成功读取FFT数据: 539999 行, 12 个幅度通道, 12 个相位通道
2026-03-27 13:48:27-INFO-[frequency_plots.py:203]-正在读取FFT CSV文件: D:\Lab\process\26.3.9\frequency\2k\FFT_20260309171705.211974.csv
2026-03-27 13:48:28-INFO-[frequency_plots.py:241]-识别到 12 个通道
2026-03-27 13:48:28-INFO-[frequency_plots.py:214]-成功读取FFT数据: 539999 行, 12 个幅度通道, 12 个相位通道
2026-03-27 13:48:28-INFO-[frequency_plots.py:203]-正在读取FFT CSV文件: D:\Lab\process\26.3.9\frequency\2k\FFT_20260309171707.912154.csv
2026-03-27 13:48:29-INFO-[frequency_plots.py:241]-识别到 12 个通道
2026-03-27 13:48:29-INFO-[frequency_plots.py:214]-成功读取FFT数据: 539999 行, 12 个幅度通道, 12 个相位通道
2026-03-27 13:48:29-INFO-[frequency_plots.py:203]-正在读取FFT CSV文件: D:\Lab\process\26.3.9\frequency\2k\FFT_20260309171710.611949.csv
2026-03-27 13:48:30-INFO-[frequency_plots.py:241]-识别到 12 个通道
2026-03-27 13:48:30-INFO-[frequency_plots.py:214]-成功读取FFT数据: 539999 行, 12 个幅度通道, 12 个相位通道
2026-03-27 13:48:30-INFO-[frequency_plots.py:203]-正在读取FFT CSV文件: D:\Lab\process\26.3.9\frequency\2k\FFT_20260309171713.311232.csv
2026-03-27 13:48:32-INFO-[frequency_plots.py:241]-识别到 12 个通道
2026-03-27 13:48:32-INFO-[frequency_plots.py:214]-成功读取FFT数据: 539999 行, 12 个幅度通道, 12 个相位通道
2026-03-27 13:48:32-INFO-[frequency_plots.py:203]-正在读取FFT CSV文件: D:\Lab\process\26.3.9\frequency\2k\FFT_20260309171716.013532.csv
2026-03-27 13:48:33-INFO-[frequency_plots.py:241]-识别到 12 个通道
2026-03-27 13:48:33-INFO-[frequency_plots.py:214]-成功读取FFT数据: 539999 行, 12 个幅度通道, 12 个相位通道
2026-03-27 13:48:33-INFO-[frequency_plots.py:203]-正在读取FFT CSV文件: D:\Lab\process\26.3.9\frequency\2k\FFT_20260309171718.712098.csv
2026-03-27 13:48:34-INFO-[frequency_plots.py:241]-识别到 12 个通道
2026-03-27 13:48:34-INFO-[frequency_plots.py:214]-成功读取FFT数据: 539999 行, 12 个幅度通道, 12 个相位通道
2026-03-27 13:48:34-INFO-[frequency_plots.py:203]-正在读取FFT CSV文件: D:\Lab\process\26.3.9\frequency\2k\FFT_20260309171721.413819.csv
2026-03-27 13:48:35-INFO-[frequency_plots.py:241]-识别到 12 个通道
2026-03-27 13:48:35-INFO-[frequency_plots.py:214]-成功读取FFT数据: 539999 行, 12 个幅度通道, 12 个相位通道
2026-03-27 13:48:35-INFO-[frequency_plots.py:203]-正在读取FFT CSV文件: D:\Lab\process\26.3.9\frequency\2k\FFT_20260309171724.111972.csv
2026-03-27 13:48:37-INFO-[frequency_plots.py:241]-识别到 12 个通道
2026-03-27 13:48:37-INFO-[frequency_plots.py:214]-成功读取FFT数据: 539999 行, 12 个幅度通道, 12 个相位通道
2026-03-27 13:48:37-INFO-[frequency_plots.py:203]-正在读取FFT CSV文件: D:\Lab\process\26.3.9\frequency\2k\FFT_20260309171726.813002.csv
2026-03-27 13:48:38-INFO-[frequency_plots.py:241]-识别到 12 个通道
2026-03-27 13:48:38-INFO-[frequency_plots.py:214]-成功读取FFT数据: 539999 行, 12 个幅度通道, 12 个相位通道
2026-03-27 13:48:38-INFO-[frequency_plots.py:203]-正在读取FFT CSV文件: D:\Lab\process\26.3.9\frequency\2k\FFT_20260309171729.513661.csv
2026-03-27 13:48:39-INFO-[frequency_plots.py:241]-识别到 12 个通道
2026-03-27 13:48:39-INFO-[frequency_plots.py:214]-成功读取FFT数据: 539999 行, 12 个幅度通道, 12 个相位通道
2026-03-27 13:48:39-INFO-[frequency_plots.py:203]-正在读取FFT CSV文件: D:\Lab\process\26.3.9\frequency\2k\FFT_20260309171732.212390.csv
2026-03-27 13:48:40-INFO-[frequency_plots.py:241]-识别到 12 个通道
2026-03-27 13:48:40-INFO-[frequency_plots.py:214]-成功读取FFT数据: 539999 行, 12 个幅度通道, 12 个相位通道
2026-03-27 13:48:40-INFO-[frequency_plots.py:203]-正在读取FFT CSV文件: D:\Lab\process\26.3.9\frequency\2k\FFT_20260309171734.914089.csv
2026-03-27 13:48:41-INFO-[frequency_plots.py:241]-识别到 12 个通道
2026-03-27 13:48:41-INFO-[frequency_plots.py:214]-成功读取FFT数据: 379999 行, 12 个幅度通道, 12 个相位通道
2026-03-27 13:48:41-WARNING-[frequency_plots.py:509]-???? FFT_20260309171734.914089.csv: ??????? (379999 vs 539999)
2026-03-27 13:48:43-INFO-[frequency_plots.py:555]-????????????: D:\Lab\results\26.3.9\frequency\2k\group_stability_analysis.png
2026-03-27 13:48:43-INFO-[frequency_plots.py:578]-????????????
2026-03-27 13:48:47-INFO-[frequency_plots.py:631]-???????????: D:\Lab\results\26.3.9\frequency\2k\group_feature_frequencies.png
2026-03-27 13:48:47-INFO-[frequency_plots.py:691]-开始生成组分析报告
2026-03-27 13:48:47-INFO-[frequency_plots.py:817]-组分析报告已保存: D:\Lab\results\26.3.9\frequency\2k\frequency_plots_report.json
2026-03-27 13:48:47-INFO-[frequency_plots.py:932]-FFT组分析完成: 2k
2026-03-27 13:48:47-INFO-[frequency_plots.py:992]-分析FFT组 3k, 包含 20 个文件
2026-03-27 13:48:47-INFO-[frequency_plots.py:884]-开始分析FFT组，包含 20 个文件
2026-03-27 13:48:47-INFO-[frequency_plots.py:203]-正在读取FFT CSV文件: D:\Lab\process\26.3.9\frequency\3k\FFT_20260309172720.657481.csv
2026-03-27 13:48:48-INFO-[frequency_plots.py:241]-识别到 12 个通道
2026-03-27 13:48:48-INFO-[frequency_plots.py:214]-成功读取FFT数据: 539999 行, 12 个幅度通道, 12 个相位通道
2026-03-27 13:48:49-INFO-[frequency_plots.py:203]-正在读取FFT CSV文件: D:\Lab\process\26.3.9\frequency\3k\FFT_20260309172723.361497.csv
2026-03-27 13:48:50-INFO-[frequency_plots.py:241]-识别到 12 个通道
2026-03-27 13:48:50-INFO-[frequency_plots.py:214]-成功读取FFT数据: 539999 行, 12 个幅度通道, 12 个相位通道
2026-03-27 13:48:50-INFO-[frequency_plots.py:203]-正在读取FFT CSV文件: D:\Lab\process\26.3.9\frequency\3k\FFT_20260309172726.061191.csv
2026-03-27 13:48:51-INFO-[frequency_plots.py:241]-识别到 12 个通道
2026-03-27 13:48:51-INFO-[frequency_plots.py:214]-成功读取FFT数据: 539999 行, 12 个幅度通道, 12 个相位通道
2026-03-27 13:48:52-INFO-[frequency_plots.py:203]-正在读取FFT CSV文件: D:\Lab\process\26.3.9\frequency\3k\FFT_20260309172728.759021.csv
2026-03-27 13:48:53-INFO-[frequency_plots.py:241]-识别到 12 个通道
2026-03-27 13:48:53-INFO-[frequency_plots.py:214]-成功读取FFT数据: 539999 行, 12 个幅度通道, 12 个相位通道
2026-03-27 13:48:54-INFO-[frequency_plots.py:203]-正在读取FFT CSV文件: D:\Lab\process\26.3.9\frequency\3k\FFT_20260309172731.458687.csv
2026-03-27 13:48:55-INFO-[frequency_plots.py:241]-识别到 12 个通道
2026-03-27 13:48:55-INFO-[frequency_plots.py:214]-成功读取FFT数据: 539999 行, 12 个幅度通道, 12 个相位通道
2026-03-27 13:48:56-INFO-[frequency_plots.py:203]-正在读取FFT CSV文件: D:\Lab\process\26.3.9\frequency\3k\FFT_20260309172734.159782.csv
2026-03-27 13:48:57-INFO-[frequency_plots.py:241]-识别到 12 个通道
2026-03-27 13:48:57-INFO-[frequency_plots.py:214]-成功读取FFT数据: 539999 行, 12 个幅度通道, 12 个相位通道
2026-03-27 13:48:57-INFO-[frequency_plots.py:203]-正在读取FFT CSV文件: D:\Lab\process\26.3.9\frequency\3k\FFT_20260309172736.860642.csv
2026-03-27 13:48:59-INFO-[frequency_plots.py:241]-识别到 12 个通道
2026-03-27 13:48:59-INFO-[frequency_plots.py:214]-成功读取FFT数据: 539999 行, 12 个幅度通道, 12 个相位通道
2026-03-27 13:48:59-INFO-[frequency_plots.py:203]-正在读取FFT CSV文件: D:\Lab\process\26.3.9\frequency\3k\FFT_20260309172739.558926.csv
2026-03-27 13:49:00-INFO-[frequency_plots.py:241]-识别到 12 个通道
2026-03-27 13:49:00-INFO-[frequency_plots.py:214]-成功读取FFT数据: 539999 行, 12 个幅度通道, 12 个相位通道
2026-03-27 13:49:01-INFO-[frequency_plots.py:203]-正在读取FFT CSV文件: D:\Lab\process\26.3.9\frequency\3k\FFT_20260309172742.260473.csv
2026-03-27 13:49:02-INFO-[frequency_plots.py:241]-识别到 12 个通道
2026-03-27 13:49:02-INFO-[frequency_plots.py:214]-成功读取FFT数据: 539999 行, 12 个幅度通道, 12 个相位通道
2026-03-27 13:49:03-INFO-[frequency_plots.py:203]-正在读取FFT CSV文件: D:\Lab\process\26.3.9\frequency\3k\FFT_20260309172744.957522.csv
2026-03-27 13:49:04-INFO-[frequency_plots.py:241]-识别到 12 个通道
2026-03-27 13:49:04-INFO-[frequency_plots.py:214]-成功读取FFT数据: 539999 行, 12 个幅度通道, 12 个相位通道
2026-03-27 13:49:05-INFO-[frequency_plots.py:203]-正在读取FFT CSV文件: D:\Lab\process\26.3.9\frequency\3k\FFT_20260309172747.660952.csv
2026-03-27 13:49:06-INFO-[frequency_plots.py:241]-识别到 12 个通道
2026-03-27 13:49:06-INFO-[frequency_plots.py:214]-成功读取FFT数据: 539999 行, 12 个幅度通道, 12 个相位通道
2026-03-27 13:49:06-INFO-[frequency_plots.py:203]-正在读取FFT CSV文件: D:\Lab\process\26.3.9\frequency\3k\FFT_20260309172750.360651.csv
2026-03-27 13:49:08-INFO-[frequency_plots.py:241]-识别到 12 个通道
2026-03-27 13:49:08-INFO-[frequency_plots.py:214]-成功读取FFT数据: 539999 行, 12 个幅度通道, 12 个相位通道
2026-03-27 13:49:08-INFO-[frequency_plots.py:203]-正在读取FFT CSV文件: D:\Lab\process\26.3.9\frequency\3k\FFT_20260309172753.060727.csv
2026-03-27 13:49:09-INFO-[frequency_plots.py:241]-识别到 12 个通道
2026-03-27 13:49:09-INFO-[frequency_plots.py:214]-成功读取FFT数据: 539999 行, 12 个幅度通道, 12 个相位通道
2026-03-27 13:49:10-INFO-[frequency_plots.py:203]-正在读取FFT CSV文件: D:\Lab\process\26.3.9\frequency\3k\FFT_20260309172755.761693.csv
2026-03-27 13:49:11-INFO-[frequency_plots.py:241]-识别到 12 个通道
2026-03-27 13:49:11-INFO-[frequency_plots.py:214]-成功读取FFT数据: 539999 行, 12 个幅度通道, 12 个相位通道
2026-03-27 13:49:12-INFO-[frequency_plots.py:203]-正在读取FFT CSV文件: D:\Lab\process\26.3.9\frequency\3k\FFT_20260309172758.469347.csv
2026-03-27 13:49:13-INFO-[frequency_plots.py:241]-识别到 12 个通道
2026-03-27 13:49:13-INFO-[frequency_plots.py:214]-成功读取FFT数据: 539999 行, 12 个幅度通道, 12 个相位通道
2026-03-27 13:49:14-INFO-[frequency_plots.py:203]-正在读取FFT CSV文件: D:\Lab\process\26.3.9\frequency\3k\FFT_20260309172801.162433.csv
2026-03-27 13:49:15-INFO-[frequency_plots.py:241]-识别到 12 个通道
2026-03-27 13:49:15-INFO-[frequency_plots.py:214]-成功读取FFT数据: 539999 行, 12 个幅度通道, 12 个相位通道
2026-03-27 13:49:15-INFO-[frequency_plots.py:203]-正在读取FFT CSV文件: D:\Lab\process\26.3.9\frequency\3k\FFT_20260309172803.861618.csv
2026-03-27 13:49:17-INFO-[frequency_plots.py:241]-识别到 12 个通道
2026-03-27 13:49:17-INFO-[frequency_plots.py:214]-成功读取FFT数据: 539999 行, 12 个幅度通道, 12 个相位通道
2026-03-27 13:49:17-INFO-[frequency_plots.py:203]-正在读取FFT CSV文件: D:\Lab\process\26.3.9\frequency\3k\FFT_20260309172806.563735.csv
2026-03-27 13:49:18-INFO-[frequency_plots.py:241]-识别到 12 个通道
2026-03-27 13:49:18-INFO-[frequency_plots.py:214]-成功读取FFT数据: 539999 行, 12 个幅度通道, 12 个相位通道
2026-03-27 13:49:19-INFO-[frequency_plots.py:203]-正在读取FFT CSV文件: D:\Lab\process\26.3.9\frequency\3k\FFT_20260309172809.262116.csv
2026-03-27 13:49:20-INFO-[frequency_plots.py:241]-识别到 12 个通道
2026-03-27 13:49:20-INFO-[frequency_plots.py:214]-成功读取FFT数据: 539999 行, 12 个幅度通道, 12 个相位通道
2026-03-27 13:49:21-INFO-[frequency_plots.py:203]-正在读取FFT CSV文件: D:\Lab\process\26.3.9\frequency\3k\FFT_20260309172811.962765.csv
2026-03-27 13:49:22-INFO-[frequency_plots.py:241]-识别到 12 个通道
2026-03-27 13:49:22-INFO-[frequency_plots.py:214]-成功读取FFT数据: 539999 行, 12 个幅度通道, 12 个相位通道
2026-03-27 13:49:23-INFO-[frequency_plots.py:322]-Generating log-scale spectrum bands
2026-03-27 13:49:27-INFO-[frequency_plots.py:130]-Amplitude band figure saved: D:\Lab\results\26.3.9\frequency\3k\group_amplitude_spectrum_1.png
2026-03-27 13:49:31-INFO-[frequency_plots.py:130]-Amplitude band figure saved: D:\Lab\results\26.3.9\frequency\3k\group_amplitude_spectrum_2.png
2026-03-27 13:49:43-INFO-[frequency_plots.py:130]-Amplitude band figure saved: D:\Lab\results\26.3.9\frequency\3k\group_amplitude_spectrum_3.png
2026-03-27 13:49:47-INFO-[frequency_plots.py:188]-Channel peak window figure saved: D:\Lab\results\26.3.9\frequency\3k\group_amplitude_spectrum_peak_windows.png
2026-03-27 13:49:47-INFO-[frequency_plots.py:341]-??????????
2026-03-27 13:49:50-INFO-[frequency_plots.py:404]-?????????: D:\Lab\results\26.3.9\frequency\3k\group_phase_analysis.png
2026-03-27 13:49:50-INFO-[frequency_plots.py:415]-????????????
2026-03-27 13:49:50-INFO-[frequency_plots.py:470]-???????????: D:\Lab\results\26.3.9\frequency\3k\group_dominant_frequencies.png
2026-03-27 13:49:50-INFO-[frequency_plots.py:484]-?????????????
2026-03-27 13:49:50-INFO-[frequency_plots.py:203]-正在读取FFT CSV文件: D:\Lab\process\26.3.9\frequency\3k\FFT_20260309172720.657481.csv
2026-03-27 13:49:51-INFO-[frequency_plots.py:241]-识别到 12 个通道
2026-03-27 13:49:51-INFO-[frequency_plots.py:214]-成功读取FFT数据: 539999 行, 12 个幅度通道, 12 个相位通道
2026-03-27 13:49:51-INFO-[frequency_plots.py:203]-正在读取FFT CSV文件: D:\Lab\process\26.3.9\frequency\3k\FFT_20260309172720.657481.csv
2026-03-27 13:49:53-INFO-[frequency_plots.py:241]-识别到 12 个通道
2026-03-27 13:49:53-INFO-[frequency_plots.py:214]-成功读取FFT数据: 539999 行, 12 个幅度通道, 12 个相位通道
2026-03-27 13:49:53-INFO-[frequency_plots.py:203]-正在读取FFT CSV文件: D:\Lab\process\26.3.9\frequency\3k\FFT_20260309172723.361497.csv
2026-03-27 13:49:54-INFO-[frequency_plots.py:241]-识别到 12 个通道
2026-03-27 13:49:54-INFO-[frequency_plots.py:214]-成功读取FFT数据: 539999 行, 12 个幅度通道, 12 个相位通道
2026-03-27 13:49:54-INFO-[frequency_plots.py:203]-正在读取FFT CSV文件: D:\Lab\process\26.3.9\frequency\3k\FFT_20260309172726.061191.csv
2026-03-27 13:49:55-INFO-[frequency_plots.py:241]-识别到 12 个通道
2026-03-27 13:49:55-INFO-[frequency_plots.py:214]-成功读取FFT数据: 539999 行, 12 个幅度通道, 12 个相位通道
2026-03-27 13:49:55-INFO-[frequency_plots.py:203]-正在读取FFT CSV文件: D:\Lab\process\26.3.9\frequency\3k\FFT_20260309172728.759021.csv
2026-03-27 13:49:56-INFO-[frequency_plots.py:241]-识别到 12 个通道
2026-03-27 13:49:56-INFO-[frequency_plots.py:214]-成功读取FFT数据: 539999 行, 12 个幅度通道, 12 个相位通道
2026-03-27 13:49:56-INFO-[frequency_plots.py:203]-正在读取FFT CSV文件: D:\Lab\process\26.3.9\frequency\3k\FFT_20260309172731.458687.csv
2026-03-27 13:49:57-INFO-[frequency_plots.py:241]-识别到 12 个通道
2026-03-27 13:49:57-INFO-[frequency_plots.py:214]-成功读取FFT数据: 539999 行, 12 个幅度通道, 12 个相位通道
2026-03-27 13:49:57-INFO-[frequency_plots.py:203]-正在读取FFT CSV文件: D:\Lab\process\26.3.9\frequency\3k\FFT_20260309172734.159782.csv
2026-03-27 13:49:58-INFO-[frequency_plots.py:241]-识别到 12 个通道
2026-03-27 13:49:58-INFO-[frequency_plots.py:214]-成功读取FFT数据: 539999 行, 12 个幅度通道, 12 个相位通道
2026-03-27 13:49:58-INFO-[frequency_plots.py:203]-正在读取FFT CSV文件: D:\Lab\process\26.3.9\frequency\3k\FFT_20260309172736.860642.csv
2026-03-27 13:50:00-INFO-[frequency_plots.py:241]-识别到 12 个通道
2026-03-27 13:50:00-INFO-[frequency_plots.py:214]-成功读取FFT数据: 539999 行, 12 个幅度通道, 12 个相位通道
2026-03-27 13:50:00-INFO-[frequency_plots.py:203]-正在读取FFT CSV文件: D:\Lab\process\26.3.9\frequency\3k\FFT_20260309172739.558926.csv
2026-03-27 13:50:01-INFO-[frequency_plots.py:241]-识别到 12 个通道
2026-03-27 13:50:01-INFO-[frequency_plots.py:214]-成功读取FFT数据: 539999 行, 12 个幅度通道, 12 个相位通道
2026-03-27 13:50:01-INFO-[frequency_plots.py:203]-正在读取FFT CSV文件: D:\Lab\process\26.3.9\frequency\3k\FFT_20260309172742.260473.csv
2026-03-27 13:50:02-INFO-[frequency_plots.py:241]-识别到 12 个通道
2026-03-27 13:50:02-INFO-[frequency_plots.py:214]-成功读取FFT数据: 539999 行, 12 个幅度通道, 12 个相位通道
2026-03-27 13:50:02-INFO-[frequency_plots.py:203]-正在读取FFT CSV文件: D:\Lab\process\26.3.9\frequency\3k\FFT_20260309172744.957522.csv
2026-03-27 13:50:03-INFO-[frequency_plots.py:241]-识别到 12 个通道
2026-03-27 13:50:03-INFO-[frequency_plots.py:214]-成功读取FFT数据: 539999 行, 12 个幅度通道, 12 个相位通道
2026-03-27 13:50:03-INFO-[frequency_plots.py:203]-正在读取FFT CSV文件: D:\Lab\process\26.3.9\frequency\3k\FFT_20260309172747.660952.csv
2026-03-27 13:50:04-INFO-[frequency_plots.py:241]-识别到 12 个通道
2026-03-27 13:50:04-INFO-[frequency_plots.py:214]-成功读取FFT数据: 539999 行, 12 个幅度通道, 12 个相位通道
2026-03-27 13:50:04-INFO-[frequency_plots.py:203]-正在读取FFT CSV文件: D:\Lab\process\26.3.9\frequency\3k\FFT_20260309172750.360651.csv
2026-03-27 13:50:05-INFO-[frequency_plots.py:241]-识别到 12 个通道
2026-03-27 13:50:05-INFO-[frequency_plots.py:214]-成功读取FFT数据: 539999 行, 12 个幅度通道, 12 个相位通道
2026-03-27 13:50:05-INFO-[frequency_plots.py:203]-正在读取FFT CSV文件: D:\Lab\process\26.3.9\frequency\3k\FFT_20260309172753.060727.csv
2026-03-27 13:50:07-INFO-[frequency_plots.py:241]-识别到 12 个通道
2026-03-27 13:50:07-INFO-[frequency_plots.py:214]-成功读取FFT数据: 539999 行, 12 个幅度通道, 12 个相位通道
2026-03-27 13:50:07-INFO-[frequency_plots.py:203]-正在读取FFT CSV文件: D:\Lab\process\26.3.9\frequency\3k\FFT_20260309172755.761693.csv
2026-03-27 13:50:08-INFO-[frequency_plots.py:241]-识别到 12 个通道
2026-03-27 13:50:08-INFO-[frequency_plots.py:214]-成功读取FFT数据: 539999 行, 12 个幅度通道, 12 个相位通道
2026-03-27 13:50:08-INFO-[frequency_plots.py:203]-正在读取FFT CSV文件: D:\Lab\process\26.3.9\frequency\3k\FFT_20260309172758.469347.csv
2026-03-27 13:50:09-INFO-[frequency_plots.py:241]-识别到 12 个通道
2026-03-27 13:50:09-INFO-[frequency_plots.py:214]-成功读取FFT数据: 539999 行, 12 个幅度通道, 12 个相位通道
2026-03-27 13:50:09-INFO-[frequency_plots.py:203]-正在读取FFT CSV文件: D:\Lab\process\26.3.9\frequency\3k\FFT_20260309172801.162433.csv
2026-03-27 13:50:10-INFO-[frequency_plots.py:241]-识别到 12 个通道
2026-03-27 13:50:10-INFO-[frequency_plots.py:214]-成功读取FFT数据: 539999 行, 12 个幅度通道, 12 个相位通道
2026-03-27 13:50:10-INFO-[frequency_plots.py:203]-正在读取FFT CSV文件: D:\Lab\process\26.3.9\frequency\3k\FFT_20260309172803.861618.csv
2026-03-27 13:50:11-INFO-[frequency_plots.py:241]-识别到 12 个通道
2026-03-27 13:50:11-INFO-[frequency_plots.py:214]-成功读取FFT数据: 539999 行, 12 个幅度通道, 12 个相位通道
2026-03-27 13:50:11-INFO-[frequency_plots.py:203]-正在读取FFT CSV文件: D:\Lab\process\26.3.9\frequency\3k\FFT_20260309172806.563735.csv
2026-03-27 13:50:12-INFO-[frequency_plots.py:241]-识别到 12 个通道
2026-03-27 13:50:12-INFO-[frequency_plots.py:214]-成功读取FFT数据: 539999 行, 12 个幅度通道, 12 个相位通道
2026-03-27 13:50:12-INFO-[frequency_plots.py:203]-正在读取FFT CSV文件: D:\Lab\process\26.3.9\frequency\3k\FFT_20260309172809.262116.csv
2026-03-27 13:50:14-INFO-[frequency_plots.py:241]-识别到 12 个通道
2026-03-27 13:50:14-INFO-[frequency_plots.py:214]-成功读取FFT数据: 539999 行, 12 个幅度通道, 12 个相位通道
2026-03-27 13:50:14-INFO-[frequency_plots.py:203]-正在读取FFT CSV文件: D:\Lab\process\26.3.9\frequency\3k\FFT_20260309172811.962765.csv
2026-03-27 13:50:15-INFO-[frequency_plots.py:241]-识别到 12 个通道
2026-03-27 13:50:15-INFO-[frequency_plots.py:214]-成功读取FFT数据: 539999 行, 12 个幅度通道, 12 个相位通道
2026-03-27 13:50:16-INFO-[frequency_plots.py:555]-????????????: D:\Lab\results\26.3.9\frequency\3k\group_stability_analysis.png
2026-03-27 13:50:16-INFO-[frequency_plots.py:578]-????????????
2026-03-27 13:50:20-INFO-[frequency_plots.py:631]-???????????: D:\Lab\results\26.3.9\frequency\3k\group_feature_frequencies.png
2026-03-27 13:50:20-INFO-[frequency_plots.py:691]-开始生成组分析报告
2026-03-27 13:50:20-INFO-[frequency_plots.py:817]-组分析报告已保存: D:\Lab\results\26.3.9\frequency\3k\frequency_plots_report.json
2026-03-27 13:50:20-INFO-[frequency_plots.py:932]-FFT组分析完成: 3k
2026-03-27 13:50:20-INFO-[frequency_plots.py:992]-分析FFT组 4k, 包含 20 个文件
2026-03-27 13:50:20-INFO-[frequency_plots.py:884]-开始分析FFT组，包含 20 个文件
2026-03-27 13:50:20-INFO-[frequency_plots.py:203]-正在读取FFT CSV文件: D:\Lab\process\26.3.9\frequency\4k\FFT_20260309172848.266725.csv
2026-03-27 13:50:22-INFO-[frequency_plots.py:241]-识别到 12 个通道
2026-03-27 13:50:22-INFO-[frequency_plots.py:214]-成功读取FFT数据: 539999 行, 12 个幅度通道, 12 个相位通道
2026-03-27 13:50:22-INFO-[frequency_plots.py:203]-正在读取FFT CSV文件: D:\Lab\process\26.3.9\frequency\4k\FFT_20260309172850.964484.csv
2026-03-27 13:50:23-INFO-[frequency_plots.py:241]-识别到 12 个通道
2026-03-27 13:50:23-INFO-[frequency_plots.py:214]-成功读取FFT数据: 539999 行, 12 个幅度通道, 12 个相位通道
2026-03-27 13:50:24-INFO-[frequency_plots.py:203]-正在读取FFT CSV文件: D:\Lab\process\26.3.9\frequency\4k\FFT_20260309172853.661670.csv
2026-03-27 13:50:25-INFO-[frequency_plots.py:241]-识别到 12 个通道
2026-03-27 13:50:25-INFO-[frequency_plots.py:214]-成功读取FFT数据: 539999 行, 12 个幅度通道, 12 个相位通道
2026-03-27 13:50:26-INFO-[frequency_plots.py:203]-正在读取FFT CSV文件: D:\Lab\process\26.3.9\frequency\4k\FFT_20260309172856.365958.csv
2026-03-27 13:50:27-INFO-[frequency_plots.py:241]-识别到 12 个通道
2026-03-27 13:50:27-INFO-[frequency_plots.py:214]-成功读取FFT数据: 539999 行, 12 个幅度通道, 12 个相位通道
2026-03-27 13:50:27-INFO-[frequency_plots.py:203]-正在读取FFT CSV文件: D:\Lab\process\26.3.9\frequency\4k\FFT_20260309172859.064864.csv
2026-03-27 13:50:29-INFO-[frequency_plots.py:241]-识别到 12 个通道
2026-03-27 13:50:29-INFO-[frequency_plots.py:214]-成功读取FFT数据: 539999 行, 12 个幅度通道, 12 个相位通道
2026-03-27 13:50:29-INFO-[frequency_plots.py:203]-正在读取FFT CSV文件: D:\Lab\process\26.3.9\frequency\4k\FFT_20260309172901.766059.csv
2026-03-27 13:50:30-INFO-[frequency_plots.py:241]-识别到 12 个通道
2026-03-27 13:50:30-INFO-[frequency_plots.py:214]-成功读取FFT数据: 539999 行, 12 个幅度通道, 12 个相位通道
2026-03-27 13:50:31-INFO-[frequency_plots.py:203]-正在读取FFT CSV文件: D:\Lab\process\26.3.9\frequency\4k\FFT_20260309172904.466852.csv
2026-03-27 13:50:32-INFO-[frequency_plots.py:241]-识别到 12 个通道
2026-03-27 13:50:32-INFO-[frequency_plots.py:214]-成功读取FFT数据: 539999 行, 12 个幅度通道, 12 个相位通道
2026-03-27 13:50:33-INFO-[frequency_plots.py:203]-正在读取FFT CSV文件: D:\Lab\process\26.3.9\frequency\4k\FFT_20260309172907.166952.csv
2026-03-27 13:50:34-INFO-[frequency_plots.py:241]-识别到 12 个通道
2026-03-27 13:50:34-INFO-[frequency_plots.py:214]-成功读取FFT数据: 539999 行, 12 个幅度通道, 12 个相位通道
2026-03-27 13:50:35-INFO-[frequency_plots.py:203]-正在读取FFT CSV文件: D:\Lab\process\26.3.9\frequency\4k\FFT_20260309172909.866322.csv
2026-03-27 13:50:36-INFO-[frequency_plots.py:241]-识别到 12 个通道
2026-03-27 13:50:36-INFO-[frequency_plots.py:214]-成功读取FFT数据: 539999 行, 12 个幅度通道, 12 个相位通道
2026-03-27 13:50:37-INFO-[frequency_plots.py:203]-正在读取FFT CSV文件: D:\Lab\process\26.3.9\frequency\4k\FFT_20260309172912.566757.csv
2026-03-27 13:50:38-INFO-[frequency_plots.py:241]-识别到 12 个通道
2026-03-27 13:50:38-INFO-[frequency_plots.py:214]-成功读取FFT数据: 539999 行, 12 个幅度通道, 12 个相位通道
2026-03-27 13:50:38-INFO-[frequency_plots.py:203]-正在读取FFT CSV文件: D:\Lab\process\26.3.9\frequency\4k\FFT_20260309172915.264995.csv
2026-03-27 13:50:40-INFO-[frequency_plots.py:241]-识别到 12 个通道
2026-03-27 13:50:40-INFO-[frequency_plots.py:214]-成功读取FFT数据: 539999 行, 12 个幅度通道, 12 个相位通道
2026-03-27 13:50:40-INFO-[frequency_plots.py:203]-正在读取FFT CSV文件: D:\Lab\process\26.3.9\frequency\4k\FFT_20260309172917.966221.csv
2026-03-27 13:50:41-INFO-[frequency_plots.py:241]-识别到 12 个通道
2026-03-27 13:50:41-INFO-[frequency_plots.py:214]-成功读取FFT数据: 539999 行, 12 个幅度通道, 12 个相位通道
2026-03-27 13:50:42-INFO-[frequency_plots.py:203]-正在读取FFT CSV文件: D:\Lab\process\26.3.9\frequency\4k\FFT_20260309172920.664635.csv
2026-03-27 13:50:43-INFO-[frequency_plots.py:241]-识别到 12 个通道
2026-03-27 13:50:43-INFO-[frequency_plots.py:214]-成功读取FFT数据: 539999 行, 12 个幅度通道, 12 个相位通道
2026-03-27 13:50:44-INFO-[frequency_plots.py:203]-正在读取FFT CSV文件: D:\Lab\process\26.3.9\frequency\4k\FFT_20260309172923.364761.csv
2026-03-27 13:50:45-INFO-[frequency_plots.py:241]-识别到 12 个通道
2026-03-27 13:50:45-INFO-[frequency_plots.py:214]-成功读取FFT数据: 539999 行, 12 个幅度通道, 12 个相位通道
2026-03-27 13:50:46-INFO-[frequency_plots.py:203]-正在读取FFT CSV文件: D:\Lab\process\26.3.9\frequency\4k\FFT_20260309172926.064459.csv
2026-03-27 13:50:47-INFO-[frequency_plots.py:241]-识别到 12 个通道
2026-03-27 13:50:47-INFO-[frequency_plots.py:214]-成功读取FFT数据: 539999 行, 12 个幅度通道, 12 个相位通道
2026-03-27 13:50:47-INFO-[frequency_plots.py:203]-正在读取FFT CSV文件: D:\Lab\process\26.3.9\frequency\4k\FFT_20260309172928.767801.csv
2026-03-27 13:50:49-INFO-[frequency_plots.py:241]-识别到 12 个通道
2026-03-27 13:50:49-INFO-[frequency_plots.py:214]-成功读取FFT数据: 539999 行, 12 个幅度通道, 12 个相位通道
2026-03-27 13:50:49-INFO-[frequency_plots.py:203]-正在读取FFT CSV文件: D:\Lab\process\26.3.9\frequency\4k\FFT_20260309172931.468228.csv
2026-03-27 13:50:50-INFO-[frequency_plots.py:241]-识别到 12 个通道
2026-03-27 13:50:50-INFO-[frequency_plots.py:214]-成功读取FFT数据: 539999 行, 12 个幅度通道, 12 个相位通道
2026-03-27 13:50:51-INFO-[frequency_plots.py:203]-正在读取FFT CSV文件: D:\Lab\process\26.3.9\frequency\4k\FFT_20260309172934.165986.csv
2026-03-27 13:50:52-INFO-[frequency_plots.py:241]-识别到 12 个通道
2026-03-27 13:50:52-INFO-[frequency_plots.py:214]-成功读取FFT数据: 539999 行, 12 个幅度通道, 12 个相位通道
2026-03-27 13:50:53-INFO-[frequency_plots.py:203]-正在读取FFT CSV文件: D:\Lab\process\26.3.9\frequency\4k\FFT_20260309172936.867580.csv
2026-03-27 13:50:54-INFO-[frequency_plots.py:241]-识别到 12 个通道
2026-03-27 13:50:54-INFO-[frequency_plots.py:214]-成功读取FFT数据: 539999 行, 12 个幅度通道, 12 个相位通道
2026-03-27 13:50:55-INFO-[frequency_plots.py:203]-正在读取FFT CSV文件: D:\Lab\process\26.3.9\frequency\4k\FFT_20260309172939.567028.csv
2026-03-27 13:50:56-INFO-[frequency_plots.py:241]-识别到 12 个通道
2026-03-27 13:50:56-INFO-[frequency_plots.py:214]-成功读取FFT数据: 539999 行, 12 个幅度通道, 12 个相位通道
2026-03-27 13:50:56-INFO-[frequency_plots.py:322]-Generating log-scale spectrum bands
2026-03-27 13:51:00-INFO-[frequency_plots.py:130]-Amplitude band figure saved: D:\Lab\results\26.3.9\frequency\4k\group_amplitude_spectrum_1.png
2026-03-27 13:51:05-INFO-[frequency_plots.py:130]-Amplitude band figure saved: D:\Lab\results\26.3.9\frequency\4k\group_amplitude_spectrum_2.png
2026-03-27 13:51:15-INFO-[frequency_plots.py:130]-Amplitude band figure saved: D:\Lab\results\26.3.9\frequency\4k\group_amplitude_spectrum_3.png
2026-03-27 13:51:19-INFO-[frequency_plots.py:188]-Channel peak window figure saved: D:\Lab\results\26.3.9\frequency\4k\group_amplitude_spectrum_peak_windows.png
2026-03-27 13:51:19-INFO-[frequency_plots.py:341]-??????????
2026-03-27 13:51:22-INFO-[frequency_plots.py:404]-?????????: D:\Lab\results\26.3.9\frequency\4k\group_phase_analysis.png
2026-03-27 13:51:22-INFO-[frequency_plots.py:415]-????????????
2026-03-27 13:51:22-INFO-[frequency_plots.py:470]-???????????: D:\Lab\results\26.3.9\frequency\4k\group_dominant_frequencies.png
2026-03-27 13:51:22-INFO-[frequency_plots.py:484]-?????????????
2026-03-27 13:51:22-INFO-[frequency_plots.py:203]-正在读取FFT CSV文件: D:\Lab\process\26.3.9\frequency\4k\FFT_20260309172848.266725.csv
2026-03-27 13:51:23-INFO-[frequency_plots.py:241]-识别到 12 个通道
2026-03-27 13:51:23-INFO-[frequency_plots.py:214]-成功读取FFT数据: 539999 行, 12 个幅度通道, 12 个相位通道
2026-03-27 13:51:23-INFO-[frequency_plots.py:203]-正在读取FFT CSV文件: D:\Lab\process\26.3.9\frequency\4k\FFT_20260309172848.266725.csv
2026-03-27 13:51:25-INFO-[frequency_plots.py:241]-识别到 12 个通道
2026-03-27 13:51:25-INFO-[frequency_plots.py:214]-成功读取FFT数据: 539999 行, 12 个幅度通道, 12 个相位通道
2026-03-27 13:51:25-INFO-[frequency_plots.py:203]-正在读取FFT CSV文件: D:\Lab\process\26.3.9\frequency\4k\FFT_20260309172850.964484.csv
2026-03-27 13:51:26-INFO-[frequency_plots.py:241]-识别到 12 个通道
2026-03-27 13:51:26-INFO-[frequency_plots.py:214]-成功读取FFT数据: 539999 行, 12 个幅度通道, 12 个相位通道
2026-03-27 13:51:26-INFO-[frequency_plots.py:203]-正在读取FFT CSV文件: D:\Lab\process\26.3.9\frequency\4k\FFT_20260309172853.661670.csv
2026-03-27 13:51:27-INFO-[frequency_plots.py:241]-识别到 12 个通道
2026-03-27 13:51:27-INFO-[frequency_plots.py:214]-成功读取FFT数据: 539999 行, 12 个幅度通道, 12 个相位通道
2026-03-27 13:51:27-INFO-[frequency_plots.py:203]-正在读取FFT CSV文件: D:\Lab\process\26.3.9\frequency\4k\FFT_20260309172856.365958.csv
2026-03-27 13:51:28-INFO-[frequency_plots.py:241]-识别到 12 个通道
2026-03-27 13:51:28-INFO-[frequency_plots.py:214]-成功读取FFT数据: 539999 行, 12 个幅度通道, 12 个相位通道
2026-03-27 13:51:28-INFO-[frequency_plots.py:203]-正在读取FFT CSV文件: D:\Lab\process\26.3.9\frequency\4k\FFT_20260309172859.064864.csv
2026-03-27 13:51:29-INFO-[frequency_plots.py:241]-识别到 12 个通道
2026-03-27 13:51:29-INFO-[frequency_plots.py:214]-成功读取FFT数据: 539999 行, 12 个幅度通道, 12 个相位通道
2026-03-27 13:51:29-INFO-[frequency_plots.py:203]-正在读取FFT CSV文件: D:\Lab\process\26.3.9\frequency\4k\FFT_20260309172901.766059.csv
2026-03-27 13:51:31-INFO-[frequency_plots.py:241]-识别到 12 个通道
2026-03-27 13:51:31-INFO-[frequency_plots.py:214]-成功读取FFT数据: 539999 行, 12 个幅度通道, 12 个相位通道
2026-03-27 13:51:31-INFO-[frequency_plots.py:203]-正在读取FFT CSV文件: D:\Lab\process\26.3.9\frequency\4k\FFT_20260309172904.466852.csv
2026-03-27 13:51:32-INFO-[frequency_plots.py:241]-识别到 12 个通道
2026-03-27 13:51:32-INFO-[frequency_plots.py:214]-成功读取FFT数据: 539999 行, 12 个幅度通道, 12 个相位通道
2026-03-27 13:51:32-INFO-[frequency_plots.py:203]-正在读取FFT CSV文件: D:\Lab\process\26.3.9\frequency\4k\FFT_20260309172907.166952.csv
2026-03-27 13:51:33-INFO-[frequency_plots.py:241]-识别到 12 个通道
2026-03-27 13:51:33-INFO-[frequency_plots.py:214]-成功读取FFT数据: 539999 行, 12 个幅度通道, 12 个相位通道
2026-03-27 13:51:33-INFO-[frequency_plots.py:203]-正在读取FFT CSV文件: D:\Lab\process\26.3.9\frequency\4k\FFT_20260309172909.866322.csv
2026-03-27 13:51:34-INFO-[frequency_plots.py:241]-识别到 12 个通道
2026-03-27 13:51:34-INFO-[frequency_plots.py:214]-成功读取FFT数据: 539999 行, 12 个幅度通道, 12 个相位通道
2026-03-27 13:51:34-INFO-[frequency_plots.py:203]-正在读取FFT CSV文件: D:\Lab\process\26.3.9\frequency\4k\FFT_20260309172912.566757.csv
2026-03-27 13:51:35-INFO-[frequency_plots.py:241]-识别到 12 个通道
2026-03-27 13:51:35-INFO-[frequency_plots.py:214]-成功读取FFT数据: 539999 行, 12 个幅度通道, 12 个相位通道
2026-03-27 13:51:35-INFO-[frequency_plots.py:203]-正在读取FFT CSV文件: D:\Lab\process\26.3.9\frequency\4k\FFT_20260309172915.264995.csv
2026-03-27 13:51:37-INFO-[frequency_plots.py:241]-识别到 12 个通道
2026-03-27 13:51:37-INFO-[frequency_plots.py:214]-成功读取FFT数据: 539999 行, 12 个幅度通道, 12 个相位通道
2026-03-27 13:51:37-INFO-[frequency_plots.py:203]-正在读取FFT CSV文件: D:\Lab\process\26.3.9\frequency\4k\FFT_20260309172917.966221.csv
2026-03-27 13:51:38-INFO-[frequency_plots.py:241]-识别到 12 个通道
2026-03-27 13:51:38-INFO-[frequency_plots.py:214]-成功读取FFT数据: 539999 行, 12 个幅度通道, 12 个相位通道
2026-03-27 13:51:38-INFO-[frequency_plots.py:203]-正在读取FFT CSV文件: D:\Lab\process\26.3.9\frequency\4k\FFT_20260309172920.664635.csv
2026-03-27 13:51:39-INFO-[frequency_plots.py:241]-识别到 12 个通道
2026-03-27 13:51:39-INFO-[frequency_plots.py:214]-成功读取FFT数据: 539999 行, 12 个幅度通道, 12 个相位通道
2026-03-27 13:51:39-INFO-[frequency_plots.py:203]-正在读取FFT CSV文件: D:\Lab\process\26.3.9\frequency\4k\FFT_20260309172923.364761.csv
2026-03-27 13:51:40-INFO-[frequency_plots.py:241]-识别到 12 个通道
2026-03-27 13:51:40-INFO-[frequency_plots.py:214]-成功读取FFT数据: 539999 行, 12 个幅度通道, 12 个相位通道
2026-03-27 13:51:40-INFO-[frequency_plots.py:203]-正在读取FFT CSV文件: D:\Lab\process\26.3.9\frequency\4k\FFT_20260309172926.064459.csv
2026-03-27 13:51:41-INFO-[frequency_plots.py:241]-识别到 12 个通道
2026-03-27 13:51:41-INFO-[frequency_plots.py:214]-成功读取FFT数据: 539999 行, 12 个幅度通道, 12 个相位通道
2026-03-27 13:51:41-INFO-[frequency_plots.py:203]-正在读取FFT CSV文件: D:\Lab\process\26.3.9\frequency\4k\FFT_20260309172928.767801.csv
2026-03-27 13:51:43-INFO-[frequency_plots.py:241]-识别到 12 个通道
2026-03-27 13:51:43-INFO-[frequency_plots.py:214]-成功读取FFT数据: 539999 行, 12 个幅度通道, 12 个相位通道
2026-03-27 13:51:43-INFO-[frequency_plots.py:203]-正在读取FFT CSV文件: D:\Lab\process\26.3.9\frequency\4k\FFT_20260309172931.468228.csv
2026-03-27 13:51:44-INFO-[frequency_plots.py:241]-识别到 12 个通道
2026-03-27 13:51:44-INFO-[frequency_plots.py:214]-成功读取FFT数据: 539999 行, 12 个幅度通道, 12 个相位通道
2026-03-27 13:51:44-INFO-[frequency_plots.py:203]-正在读取FFT CSV文件: D:\Lab\process\26.3.9\frequency\4k\FFT_20260309172934.165986.csv
2026-03-27 13:51:45-INFO-[frequency_plots.py:241]-识别到 12 个通道
2026-03-27 13:51:45-INFO-[frequency_plots.py:214]-成功读取FFT数据: 539999 行, 12 个幅度通道, 12 个相位通道
2026-03-27 13:51:45-INFO-[frequency_plots.py:203]-正在读取FFT CSV文件: D:\Lab\process\26.3.9\frequency\4k\FFT_20260309172936.867580.csv
2026-03-27 13:51:46-INFO-[frequency_plots.py:241]-识别到 12 个通道
2026-03-27 13:51:46-INFO-[frequency_plots.py:214]-成功读取FFT数据: 539999 行, 12 个幅度通道, 12 个相位通道
2026-03-27 13:51:46-INFO-[frequency_plots.py:203]-正在读取FFT CSV文件: D:\Lab\process\26.3.9\frequency\4k\FFT_20260309172939.567028.csv
2026-03-27 13:51:47-INFO-[frequency_plots.py:241]-识别到 12 个通道
2026-03-27 13:51:47-INFO-[frequency_plots.py:214]-成功读取FFT数据: 539999 行, 12 个幅度通道, 12 个相位通道
2026-03-27 13:51:49-INFO-[frequency_plots.py:555]-????????????: D:\Lab\results\26.3.9\frequency\4k\group_stability_analysis.png
2026-03-27 13:51:49-INFO-[frequency_plots.py:578]-????????????
2026-03-27 13:51:50-INFO-[frequency_plots.py:631]-???????????: D:\Lab\results\26.3.9\frequency\4k\group_feature_frequencies.png
2026-03-27 13:51:50-INFO-[frequency_plots.py:691]-开始生成组分析报告
2026-03-27 13:51:50-INFO-[frequency_plots.py:817]-组分析报告已保存: D:\Lab\results\26.3.9\frequency\4k\frequency_plots_report.json
2026-03-27 13:51:50-INFO-[frequency_plots.py:932]-FFT组分析完成: 4k
2026-03-27 13:51:50-INFO-[frequency_plots.py:1022]-FFT分析完成! 成功分析 3 个组
2026-03-27 13:51:50-INFO-[frequency_plots.py:1023]-总体报告: D:\Lab\results\26.3.9\frequency\fft_analysis_summary.json
2026-03-27 13:51:50-INFO-[main.py:68]------------------------------执行完成-----------------------------
2026-03-27 13:52:20-INFO-[main.py:33]--------------------------启动数据分析系统-------------------------
2026-03-27 13:52:20-INFO-[file_utils.py:39]-paths.yaml 生成成功: C:\Users\17584\Documents\ALearning\Project\tools\DataProcess\config\paths.yaml
2026-03-27 13:52:20-INFO-[frequency_plots.py:218]-配置文件加载成功: C:\Users\17584\Documents\ALearning\Project\tools\DataProcess\config\paths.yaml
2026-03-27 13:52:20-INFO-[frequency_plots.py:982]-FFT输入目录: D:/Lab/process/26.3.9/frequency
2026-03-27 13:52:20-INFO-[frequency_plots.py:983]-FFT输出目录: D:/Lab/results/26.3.9/frequency
2026-03-27 13:52:20-INFO-[frequency_plots.py:995]-找到 62 个平均FFT CSV文件
2026-03-27 13:52:20-INFO-[frequency_plots.py:1005]-找到 3 个FFT组: ['2k', '3k', '4k']
2026-03-27 13:52:20-INFO-[frequency_plots.py:1013]-分析FFT组 2k, 包含 22 个文件
2026-03-27 13:52:20-INFO-[frequency_plots.py:905]-开始分析FFT组，包含 22 个文件
2026-03-27 13:52:20-INFO-[frequency_plots.py:224]-正在读取FFT CSV文件: D:\Lab\process\26.3.9\frequency\2k\FFT_20260309171638.209984.csv
2026-03-27 13:52:21-INFO-[frequency_plots.py:262]-识别到 12 个通道
2026-03-27 13:52:21-INFO-[frequency_plots.py:235]-成功读取FFT数据: 539999 行, 12 个幅度通道, 12 个相位通道
2026-03-27 13:52:22-INFO-[frequency_plots.py:224]-正在读取FFT CSV文件: D:\Lab\process\26.3.9\frequency\2k\FFT_20260309171640.909627.csv
2026-03-27 13:52:23-INFO-[frequency_plots.py:262]-识别到 12 个通道
2026-03-27 13:52:23-INFO-[frequency_plots.py:235]-成功读取FFT数据: 539999 行, 12 个幅度通道, 12 个相位通道
2026-03-27 13:52:24-INFO-[frequency_plots.py:224]-正在读取FFT CSV文件: D:\Lab\process\26.3.9\frequency\2k\FFT_20260309171643.610847.csv
2026-03-27 13:52:25-INFO-[frequency_plots.py:262]-识别到 12 个通道
2026-03-27 13:52:25-INFO-[frequency_plots.py:235]-成功读取FFT数据: 539999 行, 12 个幅度通道, 12 个相位通道
2026-03-27 13:52:26-INFO-[frequency_plots.py:224]-正在读取FFT CSV文件: D:\Lab\process\26.3.9\frequency\2k\FFT_20260309171646.311929.csv
2026-03-27 13:52:27-INFO-[frequency_plots.py:262]-识别到 12 个通道
2026-03-27 13:52:27-INFO-[frequency_plots.py:235]-成功读取FFT数据: 539999 行, 12 个幅度通道, 12 个相位通道
2026-03-27 13:52:27-INFO-[frequency_plots.py:224]-正在读取FFT CSV文件: D:\Lab\process\26.3.9\frequency\2k\FFT_20260309171649.009744.csv
2026-03-27 13:52:29-INFO-[frequency_plots.py:262]-识别到 12 个通道
2026-03-27 13:52:29-INFO-[frequency_plots.py:235]-成功读取FFT数据: 539999 行, 12 个幅度通道, 12 个相位通道
2026-03-27 13:52:29-INFO-[frequency_plots.py:224]-正在读取FFT CSV文件: D:\Lab\process\26.3.9\frequency\2k\FFT_20260309171651.711693.csv
2026-03-27 13:52:30-INFO-[frequency_plots.py:262]-识别到 12 个通道
2026-03-27 13:52:30-INFO-[frequency_plots.py:235]-成功读取FFT数据: 539999 行, 12 个幅度通道, 12 个相位通道
2026-03-27 13:52:31-INFO-[frequency_plots.py:224]-正在读取FFT CSV文件: D:\Lab\process\26.3.9\frequency\2k\FFT_20260309171654.410757.csv
2026-03-27 13:52:32-INFO-[frequency_plots.py:262]-识别到 12 个通道
2026-03-27 13:52:32-INFO-[frequency_plots.py:235]-成功读取FFT数据: 539999 行, 12 个幅度通道, 12 个相位通道
2026-03-27 13:52:33-INFO-[frequency_plots.py:224]-正在读取FFT CSV文件: D:\Lab\process\26.3.9\frequency\2k\FFT_20260309171657.112097.csv
2026-03-27 13:52:34-INFO-[frequency_plots.py:262]-识别到 12 个通道
2026-03-27 13:52:34-INFO-[frequency_plots.py:235]-成功读取FFT数据: 539999 行, 12 个幅度通道, 12 个相位通道
2026-03-27 13:52:35-INFO-[frequency_plots.py:224]-正在读取FFT CSV文件: D:\Lab\process\26.3.9\frequency\2k\FFT_20260309171659.812699.csv
2026-03-27 13:52:36-INFO-[frequency_plots.py:262]-识别到 12 个通道
2026-03-27 13:52:36-INFO-[frequency_plots.py:235]-成功读取FFT数据: 539999 行, 12 个幅度通道, 12 个相位通道
2026-03-27 13:52:37-INFO-[frequency_plots.py:224]-正在读取FFT CSV文件: D:\Lab\process\26.3.9\frequency\2k\FFT_20260309171702.511904.csv
2026-03-27 13:52:38-INFO-[frequency_plots.py:262]-识别到 12 个通道
2026-03-27 13:52:38-INFO-[frequency_plots.py:235]-成功读取FFT数据: 539999 行, 12 个幅度通道, 12 个相位通道
2026-03-27 13:52:39-INFO-[frequency_plots.py:224]-正在读取FFT CSV文件: D:\Lab\process\26.3.9\frequency\2k\FFT_20260309171705.211974.csv
2026-03-27 13:52:40-INFO-[frequency_plots.py:262]-识别到 12 个通道
2026-03-27 13:52:40-INFO-[frequency_plots.py:235]-成功读取FFT数据: 539999 行, 12 个幅度通道, 12 个相位通道
2026-03-27 13:52:40-INFO-[frequency_plots.py:224]-正在读取FFT CSV文件: D:\Lab\process\26.3.9\frequency\2k\FFT_20260309171707.912154.csv
2026-03-27 13:52:42-INFO-[frequency_plots.py:262]-识别到 12 个通道
2026-03-27 13:52:42-INFO-[frequency_plots.py:235]-成功读取FFT数据: 539999 行, 12 个幅度通道, 12 个相位通道
2026-03-27 13:52:42-INFO-[frequency_plots.py:224]-正在读取FFT CSV文件: D:\Lab\process\26.3.9\frequency\2k\FFT_20260309171710.611949.csv
2026-03-27 13:52:44-INFO-[frequency_plots.py:262]-识别到 12 个通道
2026-03-27 13:52:44-INFO-[frequency_plots.py:235]-成功读取FFT数据: 539999 行, 12 个幅度通道, 12 个相位通道
2026-03-27 13:52:44-INFO-[frequency_plots.py:224]-正在读取FFT CSV文件: D:\Lab\process\26.3.9\frequency\2k\FFT_20260309171713.311232.csv
2026-03-27 13:52:45-INFO-[frequency_plots.py:262]-识别到 12 个通道
2026-03-27 13:52:45-INFO-[frequency_plots.py:235]-成功读取FFT数据: 539999 行, 12 个幅度通道, 12 个相位通道
2026-03-27 13:52:46-INFO-[frequency_plots.py:224]-正在读取FFT CSV文件: D:\Lab\process\26.3.9\frequency\2k\FFT_20260309171716.013532.csv
2026-03-27 13:52:47-INFO-[frequency_plots.py:262]-识别到 12 个通道
2026-03-27 13:52:47-INFO-[frequency_plots.py:235]-成功读取FFT数据: 539999 行, 12 个幅度通道, 12 个相位通道
2026-03-27 13:52:48-INFO-[frequency_plots.py:224]-正在读取FFT CSV文件: D:\Lab\process\26.3.9\frequency\2k\FFT_20260309171718.712098.csv
2026-03-27 13:52:49-INFO-[frequency_plots.py:262]-识别到 12 个通道
2026-03-27 13:52:49-INFO-[frequency_plots.py:235]-成功读取FFT数据: 539999 行, 12 个幅度通道, 12 个相位通道
2026-03-27 13:52:50-INFO-[frequency_plots.py:224]-正在读取FFT CSV文件: D:\Lab\process\26.3.9\frequency\2k\FFT_20260309171721.413819.csv
2026-03-27 13:52:51-INFO-[frequency_plots.py:262]-识别到 12 个通道
2026-03-27 13:52:51-INFO-[frequency_plots.py:235]-成功读取FFT数据: 539999 行, 12 个幅度通道, 12 个相位通道
2026-03-27 13:52:51-INFO-[frequency_plots.py:224]-正在读取FFT CSV文件: D:\Lab\process\26.3.9\frequency\2k\FFT_20260309171724.111972.csv
2026-03-27 13:52:53-INFO-[frequency_plots.py:262]-识别到 12 个通道
2026-03-27 13:52:53-INFO-[frequency_plots.py:235]-成功读取FFT数据: 539999 行, 12 个幅度通道, 12 个相位通道
2026-03-27 13:52:53-INFO-[frequency_plots.py:224]-正在读取FFT CSV文件: D:\Lab\process\26.3.9\frequency\2k\FFT_20260309171726.813002.csv
2026-03-27 13:52:54-INFO-[frequency_plots.py:262]-识别到 12 个通道
2026-03-27 13:52:54-INFO-[frequency_plots.py:235]-成功读取FFT数据: 539999 行, 12 个幅度通道, 12 个相位通道
2026-03-27 13:52:55-INFO-[frequency_plots.py:224]-正在读取FFT CSV文件: D:\Lab\process\26.3.9\frequency\2k\FFT_20260309171729.513661.csv
2026-03-27 13:52:56-INFO-[frequency_plots.py:262]-识别到 12 个通道
2026-03-27 13:52:56-INFO-[frequency_plots.py:235]-成功读取FFT数据: 539999 行, 12 个幅度通道, 12 个相位通道
2026-03-27 13:52:57-INFO-[frequency_plots.py:224]-正在读取FFT CSV文件: D:\Lab\process\26.3.9\frequency\2k\FFT_20260309171732.212390.csv
2026-03-27 13:52:58-INFO-[frequency_plots.py:262]-识别到 12 个通道
2026-03-27 13:52:58-INFO-[frequency_plots.py:235]-成功读取FFT数据: 539999 行, 12 个幅度通道, 12 个相位通道
2026-03-27 13:52:59-INFO-[frequency_plots.py:224]-正在读取FFT CSV文件: D:\Lab\process\26.3.9\frequency\2k\FFT_20260309171734.914089.csv
2026-03-27 13:53:00-INFO-[frequency_plots.py:262]-识别到 12 个通道
2026-03-27 13:53:00-INFO-[frequency_plots.py:235]-成功读取FFT数据: 379999 行, 12 个幅度通道, 12 个相位通道
2026-03-27 13:53:00-INFO-[frequency_plots.py:343]-Generating log-scale spectrum bands
2026-03-27 13:53:00-WARNING-[frequency_plots.py:82]-Skipping FFT_20260309171734.914089.csv for amplitude1: inconsistent spectrum length (379999 vs 539999)
2026-03-27 13:53:00-WARNING-[frequency_plots.py:82]-Skipping FFT_20260309171734.914089.csv for amplitude2: inconsistent spectrum length (379999 vs 539999)
2026-03-27 13:53:01-WARNING-[frequency_plots.py:82]-Skipping FFT_20260309171734.914089.csv for amplitude3: inconsistent spectrum length (379999 vs 539999)
2026-03-27 13:53:01-WARNING-[frequency_plots.py:82]-Skipping FFT_20260309171734.914089.csv for amplitude4: inconsistent spectrum length (379999 vs 539999)
2026-03-27 13:53:01-WARNING-[frequency_plots.py:82]-Skipping FFT_20260309171734.914089.csv for amplitude5: inconsistent spectrum length (379999 vs 539999)
2026-03-27 13:53:01-WARNING-[frequency_plots.py:82]-Skipping FFT_20260309171734.914089.csv for amplitude6: inconsistent spectrum length (379999 vs 539999)
2026-03-27 13:53:01-WARNING-[frequency_plots.py:82]-Skipping FFT_20260309171734.914089.csv for amplitude7: inconsistent spectrum length (379999 vs 539999)
2026-03-27 13:53:01-WARNING-[frequency_plots.py:82]-Skipping FFT_20260309171734.914089.csv for amplitude8: inconsistent spectrum length (379999 vs 539999)
2026-03-27 13:53:01-WARNING-[frequency_plots.py:82]-Skipping FFT_20260309171734.914089.csv for amplitude9: inconsistent spectrum length (379999 vs 539999)
2026-03-27 13:53:01-WARNING-[frequency_plots.py:82]-Skipping FFT_20260309171734.914089.csv for amplitude10: inconsistent spectrum length (379999 vs 539999)
2026-03-27 13:53:02-WARNING-[frequency_plots.py:82]-Skipping FFT_20260309171734.914089.csv for amplitude11: inconsistent spectrum length (379999 vs 539999)
2026-03-27 13:53:02-WARNING-[frequency_plots.py:82]-Skipping FFT_20260309171734.914089.csv for amplitude12: inconsistent spectrum length (379999 vs 539999)
2026-03-27 13:53:05-INFO-[frequency_plots.py:151]-Amplitude band figure saved: D:\Lab\results\26.3.9\frequency\2k\group_amplitude_spectrum_1.png
2026-03-27 13:53:05-WARNING-[frequency_plots.py:82]-Skipping FFT_20260309171734.914089.csv for amplitude1: inconsistent spectrum length (379999 vs 539999)
2026-03-27 13:53:06-WARNING-[frequency_plots.py:82]-Skipping FFT_20260309171734.914089.csv for amplitude2: inconsistent spectrum length (379999 vs 539999)
2026-03-27 13:53:06-WARNING-[frequency_plots.py:82]-Skipping FFT_20260309171734.914089.csv for amplitude3: inconsistent spectrum length (379999 vs 539999)
2026-03-27 13:53:06-WARNING-[frequency_plots.py:82]-Skipping FFT_20260309171734.914089.csv for amplitude4: inconsistent spectrum length (379999 vs 539999)
2026-03-27 13:53:06-WARNING-[frequency_plots.py:82]-Skipping FFT_20260309171734.914089.csv for amplitude5: inconsistent spectrum length (379999 vs 539999)
2026-03-27 13:53:06-WARNING-[frequency_plots.py:82]-Skipping FFT_20260309171734.914089.csv for amplitude6: inconsistent spectrum length (379999 vs 539999)
2026-03-27 13:53:06-WARNING-[frequency_plots.py:82]-Skipping FFT_20260309171734.914089.csv for amplitude7: inconsistent spectrum length (379999 vs 539999)
2026-03-27 13:53:06-WARNING-[frequency_plots.py:82]-Skipping FFT_20260309171734.914089.csv for amplitude8: inconsistent spectrum length (379999 vs 539999)
2026-03-27 13:53:06-WARNING-[frequency_plots.py:82]-Skipping FFT_20260309171734.914089.csv for amplitude9: inconsistent spectrum length (379999 vs 539999)
2026-03-27 13:53:06-WARNING-[frequency_plots.py:82]-Skipping FFT_20260309171734.914089.csv for amplitude10: inconsistent spectrum length (379999 vs 539999)
2026-03-27 13:53:07-WARNING-[frequency_plots.py:82]-Skipping FFT_20260309171734.914089.csv for amplitude11: inconsistent spectrum length (379999 vs 539999)
2026-03-27 13:53:07-WARNING-[frequency_plots.py:82]-Skipping FFT_20260309171734.914089.csv for amplitude12: inconsistent spectrum length (379999 vs 539999)
2026-03-27 13:53:12-INFO-[frequency_plots.py:151]-Amplitude band figure saved: D:\Lab\results\26.3.9\frequency\2k\group_amplitude_spectrum_2.png
2026-03-27 13:53:12-WARNING-[frequency_plots.py:82]-Skipping FFT_20260309171734.914089.csv for amplitude1: inconsistent spectrum length (379999 vs 539999)
2026-03-27 13:53:12-WARNING-[frequency_plots.py:82]-Skipping FFT_20260309171734.914089.csv for amplitude2: inconsistent spectrum length (379999 vs 539999)
2026-03-27 13:53:12-WARNING-[frequency_plots.py:82]-Skipping FFT_20260309171734.914089.csv for amplitude3: inconsistent spectrum length (379999 vs 539999)
2026-03-27 13:53:12-WARNING-[frequency_plots.py:82]-Skipping FFT_20260309171734.914089.csv for amplitude4: inconsistent spectrum length (379999 vs 539999)
2026-03-27 13:53:12-WARNING-[frequency_plots.py:82]-Skipping FFT_20260309171734.914089.csv for amplitude5: inconsistent spectrum length (379999 vs 539999)
2026-03-27 13:53:13-WARNING-[frequency_plots.py:82]-Skipping FFT_20260309171734.914089.csv for amplitude6: inconsistent spectrum length (379999 vs 539999)
2026-03-27 13:53:13-WARNING-[frequency_plots.py:82]-Skipping FFT_20260309171734.914089.csv for amplitude7: inconsistent spectrum length (379999 vs 539999)
2026-03-27 13:53:13-WARNING-[frequency_plots.py:82]-Skipping FFT_20260309171734.914089.csv for amplitude8: inconsistent spectrum length (379999 vs 539999)
2026-03-27 13:53:13-WARNING-[frequency_plots.py:82]-Skipping FFT_20260309171734.914089.csv for amplitude9: inconsistent spectrum length (379999 vs 539999)
2026-03-27 13:53:13-WARNING-[frequency_plots.py:82]-Skipping FFT_20260309171734.914089.csv for amplitude10: inconsistent spectrum length (379999 vs 539999)
2026-03-27 13:53:13-WARNING-[frequency_plots.py:82]-Skipping FFT_20260309171734.914089.csv for amplitude11: inconsistent spectrum length (379999 vs 539999)
2026-03-27 13:53:13-WARNING-[frequency_plots.py:82]-Skipping FFT_20260309171734.914089.csv for amplitude12: inconsistent spectrum length (379999 vs 539999)
2026-03-27 13:53:27-INFO-[frequency_plots.py:151]-Amplitude band figure saved: D:\Lab\results\26.3.9\frequency\2k\group_amplitude_spectrum_3.png
2026-03-27 13:53:27-WARNING-[frequency_plots.py:82]-Skipping FFT_20260309171734.914089.csv for amplitude1: inconsistent spectrum length (379999 vs 539999)
2026-03-27 13:53:27-WARNING-[frequency_plots.py:82]-Skipping FFT_20260309171734.914089.csv for amplitude2: inconsistent spectrum length (379999 vs 539999)
2026-03-27 13:53:28-WARNING-[frequency_plots.py:82]-Skipping FFT_20260309171734.914089.csv for amplitude3: inconsistent spectrum length (379999 vs 539999)
2026-03-27 13:53:28-WARNING-[frequency_plots.py:82]-Skipping FFT_20260309171734.914089.csv for amplitude4: inconsistent spectrum length (379999 vs 539999)
2026-03-27 13:53:28-WARNING-[frequency_plots.py:82]-Skipping FFT_20260309171734.914089.csv for amplitude5: inconsistent spectrum length (379999 vs 539999)
2026-03-27 13:53:28-WARNING-[frequency_plots.py:82]-Skipping FFT_20260309171734.914089.csv for amplitude6: inconsistent spectrum length (379999 vs 539999)
2026-03-27 13:53:28-WARNING-[frequency_plots.py:82]-Skipping FFT_20260309171734.914089.csv for amplitude7: inconsistent spectrum length (379999 vs 539999)
2026-03-27 13:53:28-WARNING-[frequency_plots.py:82]-Skipping FFT_20260309171734.914089.csv for amplitude8: inconsistent spectrum length (379999 vs 539999)
2026-03-27 13:53:28-WARNING-[frequency_plots.py:82]-Skipping FFT_20260309171734.914089.csv for amplitude9: inconsistent spectrum length (379999 vs 539999)
2026-03-27 13:53:28-WARNING-[frequency_plots.py:82]-Skipping FFT_20260309171734.914089.csv for amplitude10: inconsistent spectrum length (379999 vs 539999)
2026-03-27 13:53:29-WARNING-[frequency_plots.py:82]-Skipping FFT_20260309171734.914089.csv for amplitude11: inconsistent spectrum length (379999 vs 539999)
2026-03-27 13:53:29-WARNING-[frequency_plots.py:82]-Skipping FFT_20260309171734.914089.csv for amplitude12: inconsistent spectrum length (379999 vs 539999)
2026-03-27 13:53:32-INFO-[frequency_plots.py:209]-Channel peak window figure saved: D:\Lab\results\26.3.9\frequency\2k\group_amplitude_spectrum_peak_windows.png
2026-03-27 13:53:32-INFO-[frequency_plots.py:362]-??????????
2026-03-27 13:53:35-INFO-[frequency_plots.py:425]-?????????: D:\Lab\results\26.3.9\frequency\2k\group_phase_analysis.png
2026-03-27 13:53:35-INFO-[frequency_plots.py:436]-????????????
2026-03-27 13:53:35-INFO-[frequency_plots.py:491]-???????????: D:\Lab\results\26.3.9\frequency\2k\group_dominant_frequencies.png
2026-03-27 13:53:35-INFO-[frequency_plots.py:505]-?????????????
2026-03-27 13:53:35-INFO-[frequency_plots.py:224]-正在读取FFT CSV文件: D:\Lab\process\26.3.9\frequency\2k\FFT_20260309171638.209984.csv
2026-03-27 13:53:37-INFO-[frequency_plots.py:262]-识别到 12 个通道
2026-03-27 13:53:37-INFO-[frequency_plots.py:235]-成功读取FFT数据: 539999 行, 12 个幅度通道, 12 个相位通道
2026-03-27 13:53:37-INFO-[frequency_plots.py:224]-正在读取FFT CSV文件: D:\Lab\process\26.3.9\frequency\2k\FFT_20260309171638.209984.csv
2026-03-27 13:53:38-INFO-[frequency_plots.py:262]-识别到 12 个通道
2026-03-27 13:53:38-INFO-[frequency_plots.py:235]-成功读取FFT数据: 539999 行, 12 个幅度通道, 12 个相位通道
2026-03-27 13:53:38-INFO-[frequency_plots.py:224]-正在读取FFT CSV文件: D:\Lab\process\26.3.9\frequency\2k\FFT_20260309171640.909627.csv
2026-03-27 13:53:39-INFO-[frequency_plots.py:262]-识别到 12 个通道
2026-03-27 13:53:39-INFO-[frequency_plots.py:235]-成功读取FFT数据: 539999 行, 12 个幅度通道, 12 个相位通道
2026-03-27 13:53:39-INFO-[frequency_plots.py:224]-正在读取FFT CSV文件: D:\Lab\process\26.3.9\frequency\2k\FFT_20260309171643.610847.csv
2026-03-27 13:53:40-INFO-[frequency_plots.py:262]-识别到 12 个通道
2026-03-27 13:53:40-INFO-[frequency_plots.py:235]-成功读取FFT数据: 539999 行, 12 个幅度通道, 12 个相位通道
2026-03-27 13:53:40-INFO-[frequency_plots.py:224]-正在读取FFT CSV文件: D:\Lab\process\26.3.9\frequency\2k\FFT_20260309171646.311929.csv
2026-03-27 13:53:41-INFO-[frequency_plots.py:262]-识别到 12 个通道
2026-03-27 13:53:41-INFO-[frequency_plots.py:235]-成功读取FFT数据: 539999 行, 12 个幅度通道, 12 个相位通道
2026-03-27 13:53:41-INFO-[frequency_plots.py:224]-正在读取FFT CSV文件: D:\Lab\process\26.3.9\frequency\2k\FFT_20260309171649.009744.csv
2026-03-27 13:53:43-INFO-[frequency_plots.py:262]-识别到 12 个通道
2026-03-27 13:53:43-INFO-[frequency_plots.py:235]-成功读取FFT数据: 539999 行, 12 个幅度通道, 12 个相位通道
2026-03-27 13:53:43-INFO-[frequency_plots.py:224]-正在读取FFT CSV文件: D:\Lab\process\26.3.9\frequency\2k\FFT_20260309171651.711693.csv
2026-03-27 13:53:44-INFO-[frequency_plots.py:262]-识别到 12 个通道
2026-03-27 13:53:44-INFO-[frequency_plots.py:235]-成功读取FFT数据: 539999 行, 12 个幅度通道, 12 个相位通道
2026-03-27 13:53:44-INFO-[frequency_plots.py:224]-正在读取FFT CSV文件: D:\Lab\process\26.3.9\frequency\2k\FFT_20260309171654.410757.csv
2026-03-27 13:53:45-INFO-[frequency_plots.py:262]-识别到 12 个通道
2026-03-27 13:53:45-INFO-[frequency_plots.py:235]-成功读取FFT数据: 539999 行, 12 个幅度通道, 12 个相位通道
2026-03-27 13:53:45-INFO-[frequency_plots.py:224]-正在读取FFT CSV文件: D:\Lab\process\26.3.9\frequency\2k\FFT_20260309171657.112097.csv
2026-03-27 13:53:46-INFO-[frequency_plots.py:262]-识别到 12 个通道
2026-03-27 13:53:46-INFO-[frequency_plots.py:235]-成功读取FFT数据: 539999 行, 12 个幅度通道, 12 个相位通道
2026-03-27 13:53:46-INFO-[frequency_plots.py:224]-正在读取FFT CSV文件: D:\Lab\process\26.3.9\frequency\2k\FFT_20260309171659.812699.csv
2026-03-27 13:53:48-INFO-[frequency_plots.py:262]-识别到 12 个通道
2026-03-27 13:53:48-INFO-[frequency_plots.py:235]-成功读取FFT数据: 539999 行, 12 个幅度通道, 12 个相位通道
2026-03-27 13:53:48-INFO-[frequency_plots.py:224]-正在读取FFT CSV文件: D:\Lab\process\26.3.9\frequency\2k\FFT_20260309171702.511904.csv
2026-03-27 13:53:49-INFO-[frequency_plots.py:262]-识别到 12 个通道
2026-03-27 13:53:49-INFO-[frequency_plots.py:235]-成功读取FFT数据: 539999 行, 12 个幅度通道, 12 个相位通道
2026-03-27 13:53:49-INFO-[frequency_plots.py:224]-正在读取FFT CSV文件: D:\Lab\process\26.3.9\frequency\2k\FFT_20260309171705.211974.csv
2026-03-27 13:53:50-INFO-[frequency_plots.py:262]-识别到 12 个通道
2026-03-27 13:53:50-INFO-[frequency_plots.py:235]-成功读取FFT数据: 539999 行, 12 个幅度通道, 12 个相位通道
2026-03-27 13:53:50-INFO-[frequency_plots.py:224]-正在读取FFT CSV文件: D:\Lab\process\26.3.9\frequency\2k\FFT_20260309171707.912154.csv
2026-03-27 13:53:51-INFO-[frequency_plots.py:262]-识别到 12 个通道
2026-03-27 13:53:51-INFO-[frequency_plots.py:235]-成功读取FFT数据: 539999 行, 12 个幅度通道, 12 个相位通道
2026-03-27 13:53:51-INFO-[frequency_plots.py:224]-正在读取FFT CSV文件: D:\Lab\process\26.3.9\frequency\2k\FFT_20260309171710.611949.csv
2026-03-27 13:53:53-INFO-[frequency_plots.py:262]-识别到 12 个通道
2026-03-27 13:53:53-INFO-[frequency_plots.py:235]-成功读取FFT数据: 539999 行, 12 个幅度通道, 12 个相位通道
2026-03-27 13:53:53-INFO-[frequency_plots.py:224]-正在读取FFT CSV文件: D:\Lab\process\26.3.9\frequency\2k\FFT_20260309171713.311232.csv
2026-03-27 13:53:54-INFO-[frequency_plots.py:262]-识别到 12 个通道
2026-03-27 13:53:54-INFO-[frequency_plots.py:235]-成功读取FFT数据: 539999 行, 12 个幅度通道, 12 个相位通道
2026-03-27 13:53:54-INFO-[frequency_plots.py:224]-正在读取FFT CSV文件: D:\Lab\process\26.3.9\frequency\2k\FFT_20260309171716.013532.csv
2026-03-27 13:53:55-INFO-[frequency_plots.py:262]-识别到 12 个通道
2026-03-27 13:53:55-INFO-[frequency_plots.py:235]-成功读取FFT数据: 539999 行, 12 个幅度通道, 12 个相位通道
2026-03-27 13:53:55-INFO-[frequency_plots.py:224]-正在读取FFT CSV文件: D:\Lab\process\26.3.9\frequency\2k\FFT_20260309171718.712098.csv
2026-03-27 13:53:56-INFO-[frequency_plots.py:262]-识别到 12 个通道
2026-03-27 13:53:56-INFO-[frequency_plots.py:235]-成功读取FFT数据: 539999 行, 12 个幅度通道, 12 个相位通道
2026-03-27 13:53:56-INFO-[frequency_plots.py:224]-正在读取FFT CSV文件: D:\Lab\process\26.3.9\frequency\2k\FFT_20260309171721.413819.csv
2026-03-27 13:53:57-INFO-[frequency_plots.py:262]-识别到 12 个通道
2026-03-27 13:53:57-INFO-[frequency_plots.py:235]-成功读取FFT数据: 539999 行, 12 个幅度通道, 12 个相位通道
2026-03-27 13:53:57-INFO-[frequency_plots.py:224]-正在读取FFT CSV文件: D:\Lab\process\26.3.9\frequency\2k\FFT_20260309171724.111972.csv
2026-03-27 13:53:59-INFO-[frequency_plots.py:262]-识别到 12 个通道
2026-03-27 13:53:59-INFO-[frequency_plots.py:235]-成功读取FFT数据: 539999 行, 12 个幅度通道, 12 个相位通道
2026-03-27 13:53:59-INFO-[frequency_plots.py:224]-正在读取FFT CSV文件: D:\Lab\process\26.3.9\frequency\2k\FFT_20260309171726.813002.csv
2026-03-27 13:54:00-INFO-[frequency_plots.py:262]-识别到 12 个通道
2026-03-27 13:54:00-INFO-[frequency_plots.py:235]-成功读取FFT数据: 539999 行, 12 个幅度通道, 12 个相位通道
2026-03-27 13:54:00-INFO-[frequency_plots.py:224]-正在读取FFT CSV文件: D:\Lab\process\26.3.9\frequency\2k\FFT_20260309171729.513661.csv
2026-03-27 13:54:01-INFO-[frequency_plots.py:262]-识别到 12 个通道
2026-03-27 13:54:01-INFO-[frequency_plots.py:235]-成功读取FFT数据: 539999 行, 12 个幅度通道, 12 个相位通道
2026-03-27 13:54:01-INFO-[frequency_plots.py:224]-正在读取FFT CSV文件: D:\Lab\process\26.3.9\frequency\2k\FFT_20260309171732.212390.csv
2026-03-27 13:54:02-INFO-[frequency_plots.py:262]-识别到 12 个通道
2026-03-27 13:54:02-INFO-[frequency_plots.py:235]-成功读取FFT数据: 539999 行, 12 个幅度通道, 12 个相位通道
2026-03-27 13:54:02-INFO-[frequency_plots.py:224]-正在读取FFT CSV文件: D:\Lab\process\26.3.9\frequency\2k\FFT_20260309171734.914089.csv
2026-03-27 13:54:03-INFO-[frequency_plots.py:262]-识别到 12 个通道
2026-03-27 13:54:03-INFO-[frequency_plots.py:235]-成功读取FFT数据: 379999 行, 12 个幅度通道, 12 个相位通道
2026-03-27 13:54:03-WARNING-[frequency_plots.py:530]-???? FFT_20260309171734.914089.csv: ??????? (379999 vs 539999)
2026-03-27 13:54:05-INFO-[frequency_plots.py:576]-????????????: D:\Lab\results\26.3.9\frequency\2k\group_stability_analysis.png
2026-03-27 13:54:05-INFO-[frequency_plots.py:599]-????????????
2026-03-27 13:54:09-INFO-[frequency_plots.py:652]-???????????: D:\Lab\results\26.3.9\frequency\2k\group_feature_frequencies.png
2026-03-27 13:54:09-INFO-[frequency_plots.py:712]-开始生成组分析报告
2026-03-27 13:54:09-INFO-[frequency_plots.py:838]-组分析报告已保存: D:\Lab\results\26.3.9\frequency\2k\frequency_plots_report.json
2026-03-27 13:54:09-INFO-[frequency_plots.py:953]-FFT组分析完成: 2k
2026-03-27 13:54:09-INFO-[frequency_plots.py:1013]-分析FFT组 3k, 包含 20 个文件
2026-03-27 13:54:09-INFO-[frequency_plots.py:905]-开始分析FFT组，包含 20 个文件
2026-03-27 13:54:09-INFO-[frequency_plots.py:224]-正在读取FFT CSV文件: D:\Lab\process\26.3.9\frequency\3k\FFT_20260309172720.657481.csv
2026-03-27 13:54:10-INFO-[frequency_plots.py:262]-识别到 12 个通道
2026-03-27 13:54:10-INFO-[frequency_plots.py:235]-成功读取FFT数据: 539999 行, 12 个幅度通道, 12 个相位通道
2026-03-27 13:54:11-INFO-[frequency_plots.py:224]-正在读取FFT CSV文件: D:\Lab\process\26.3.9\frequency\3k\FFT_20260309172723.361497.csv
2026-03-27 13:54:12-INFO-[frequency_plots.py:262]-识别到 12 个通道
2026-03-27 13:54:12-INFO-[frequency_plots.py:235]-成功读取FFT数据: 539999 行, 12 个幅度通道, 12 个相位通道
2026-03-27 13:54:12-INFO-[frequency_plots.py:224]-正在读取FFT CSV文件: D:\Lab\process\26.3.9\frequency\3k\FFT_20260309172726.061191.csv
2026-03-27 13:54:14-INFO-[frequency_plots.py:262]-识别到 12 个通道
2026-03-27 13:54:14-INFO-[frequency_plots.py:235]-成功读取FFT数据: 539999 行, 12 个幅度通道, 12 个相位通道
2026-03-27 13:54:14-INFO-[frequency_plots.py:224]-正在读取FFT CSV文件: D:\Lab\process\26.3.9\frequency\3k\FFT_20260309172728.759021.csv
2026-03-27 13:54:16-INFO-[frequency_plots.py:262]-识别到 12 个通道
2026-03-27 13:54:16-INFO-[frequency_plots.py:235]-成功读取FFT数据: 539999 行, 12 个幅度通道, 12 个相位通道
2026-03-27 13:54:16-INFO-[frequency_plots.py:224]-正在读取FFT CSV文件: D:\Lab\process\26.3.9\frequency\3k\FFT_20260309172731.458687.csv
2026-03-27 13:54:17-INFO-[frequency_plots.py:262]-识别到 12 个通道
2026-03-27 13:54:17-INFO-[frequency_plots.py:235]-成功读取FFT数据: 539999 行, 12 个幅度通道, 12 个相位通道
2026-03-27 13:54:18-INFO-[frequency_plots.py:224]-正在读取FFT CSV文件: D:\Lab\process\26.3.9\frequency\3k\FFT_20260309172734.159782.csv
2026-03-27 13:54:19-INFO-[frequency_plots.py:262]-识别到 12 个通道
2026-03-27 13:54:19-INFO-[frequency_plots.py:235]-成功读取FFT数据: 539999 行, 12 个幅度通道, 12 个相位通道
2026-03-27 13:54:20-INFO-[frequency_plots.py:224]-正在读取FFT CSV文件: D:\Lab\process\26.3.9\frequency\3k\FFT_20260309172736.860642.csv
2026-03-27 13:54:21-INFO-[frequency_plots.py:262]-识别到 12 个通道
2026-03-27 13:54:21-INFO-[frequency_plots.py:235]-成功读取FFT数据: 539999 行, 12 个幅度通道, 12 个相位通道
2026-03-27 13:54:22-INFO-[frequency_plots.py:224]-正在读取FFT CSV文件: D:\Lab\process\26.3.9\frequency\3k\FFT_20260309172739.558926.csv
2026-03-27 13:54:23-INFO-[frequency_plots.py:262]-识别到 12 个通道
2026-03-27 13:54:23-INFO-[frequency_plots.py:235]-成功读取FFT数据: 539999 行, 12 个幅度通道, 12 个相位通道
2026-03-27 13:54:23-INFO-[frequency_plots.py:224]-正在读取FFT CSV文件: D:\Lab\process\26.3.9\frequency\3k\FFT_20260309172742.260473.csv
2026-03-27 13:54:25-INFO-[frequency_plots.py:262]-识别到 12 个通道
2026-03-27 13:54:25-INFO-[frequency_plots.py:235]-成功读取FFT数据: 539999 行, 12 个幅度通道, 12 个相位通道
2026-03-27 13:54:25-INFO-[frequency_plots.py:224]-正在读取FFT CSV文件: D:\Lab\process\26.3.9\frequency\3k\FFT_20260309172744.957522.csv
2026-03-27 13:54:26-INFO-[frequency_plots.py:262]-识别到 12 个通道
2026-03-27 13:54:26-INFO-[frequency_plots.py:235]-成功读取FFT数据: 539999 行, 12 个幅度通道, 12 个相位通道
2026-03-27 13:54:27-INFO-[frequency_plots.py:224]-正在读取FFT CSV文件: D:\Lab\process\26.3.9\frequency\3k\FFT_20260309172747.660952.csv
2026-03-27 13:54:28-INFO-[frequency_plots.py:262]-识别到 12 个通道
2026-03-27 13:54:28-INFO-[frequency_plots.py:235]-成功读取FFT数据: 539999 行, 12 个幅度通道, 12 个相位通道
2026-03-27 13:54:29-INFO-[frequency_plots.py:224]-正在读取FFT CSV文件: D:\Lab\process\26.3.9\frequency\3k\FFT_20260309172750.360651.csv
2026-03-27 13:54:30-INFO-[frequency_plots.py:262]-识别到 12 个通道
2026-03-27 13:54:30-INFO-[frequency_plots.py:235]-成功读取FFT数据: 539999 行, 12 个幅度通道, 12 个相位通道
2026-03-27 13:54:31-INFO-[frequency_plots.py:224]-正在读取FFT CSV文件: D:\Lab\process\26.3.9\frequency\3k\FFT_20260309172753.060727.csv
2026-03-27 13:54:32-INFO-[frequency_plots.py:262]-识别到 12 个通道
2026-03-27 13:54:32-INFO-[frequency_plots.py:235]-成功读取FFT数据: 539999 行, 12 个幅度通道, 12 个相位通道
2026-03-27 13:54:33-INFO-[frequency_plots.py:224]-正在读取FFT CSV文件: D:\Lab\process\26.3.9\frequency\3k\FFT_20260309172755.761693.csv
2026-03-27 13:54:34-INFO-[frequency_plots.py:262]-识别到 12 个通道
2026-03-27 13:54:34-INFO-[frequency_plots.py:235]-成功读取FFT数据: 539999 行, 12 个幅度通道, 12 个相位通道
2026-03-27 13:54:34-INFO-[frequency_plots.py:224]-正在读取FFT CSV文件: D:\Lab\process\26.3.9\frequency\3k\FFT_20260309172758.469347.csv
2026-03-27 13:54:36-INFO-[frequency_plots.py:262]-识别到 12 个通道
2026-03-27 13:54:36-INFO-[frequency_plots.py:235]-成功读取FFT数据: 539999 行, 12 个幅度通道, 12 个相位通道
2026-03-27 13:54:36-INFO-[frequency_plots.py:224]-正在读取FFT CSV文件: D:\Lab\process\26.3.9\frequency\3k\FFT_20260309172801.162433.csv
2026-03-27 13:54:38-INFO-[frequency_plots.py:262]-识别到 12 个通道
2026-03-27 13:54:38-INFO-[frequency_plots.py:235]-成功读取FFT数据: 539999 行, 12 个幅度通道, 12 个相位通道
2026-03-27 13:54:38-INFO-[frequency_plots.py:224]-正在读取FFT CSV文件: D:\Lab\process\26.3.9\frequency\3k\FFT_20260309172803.861618.csv
2026-03-27 13:54:39-INFO-[frequency_plots.py:262]-识别到 12 个通道
2026-03-27 13:54:39-INFO-[frequency_plots.py:235]-成功读取FFT数据: 539999 行, 12 个幅度通道, 12 个相位通道
2026-03-27 13:54:40-INFO-[frequency_plots.py:224]-正在读取FFT CSV文件: D:\Lab\process\26.3.9\frequency\3k\FFT_20260309172806.563735.csv
2026-03-27 13:54:41-INFO-[frequency_plots.py:262]-识别到 12 个通道
2026-03-27 13:54:41-INFO-[frequency_plots.py:235]-成功读取FFT数据: 539999 行, 12 个幅度通道, 12 个相位通道
2026-03-27 13:54:42-INFO-[frequency_plots.py:224]-正在读取FFT CSV文件: D:\Lab\process\26.3.9\frequency\3k\FFT_20260309172809.262116.csv
2026-03-27 13:54:43-INFO-[frequency_plots.py:262]-识别到 12 个通道
2026-03-27 13:54:43-INFO-[frequency_plots.py:235]-成功读取FFT数据: 539999 行, 12 个幅度通道, 12 个相位通道
2026-03-27 13:54:44-INFO-[frequency_plots.py:224]-正在读取FFT CSV文件: D:\Lab\process\26.3.9\frequency\3k\FFT_20260309172811.962765.csv
2026-03-27 13:54:45-INFO-[frequency_plots.py:262]-识别到 12 个通道
2026-03-27 13:54:45-INFO-[frequency_plots.py:235]-成功读取FFT数据: 539999 行, 12 个幅度通道, 12 个相位通道
2026-03-27 13:54:46-INFO-[frequency_plots.py:343]-Generating log-scale spectrum bands
2026-03-27 13:54:51-INFO-[frequency_plots.py:151]-Amplitude band figure saved: D:\Lab\results\26.3.9\frequency\3k\group_amplitude_spectrum_1.png
2026-03-27 13:54:57-INFO-[frequency_plots.py:151]-Amplitude band figure saved: D:\Lab\results\26.3.9\frequency\3k\group_amplitude_spectrum_2.png
2026-03-27 13:55:11-INFO-[frequency_plots.py:151]-Amplitude band figure saved: D:\Lab\results\26.3.9\frequency\3k\group_amplitude_spectrum_3.png
2026-03-27 13:55:20-INFO-[frequency_plots.py:209]-Channel peak window figure saved: D:\Lab\results\26.3.9\frequency\3k\group_amplitude_spectrum_peak_windows.png
2026-03-27 13:55:20-INFO-[frequency_plots.py:362]-??????????
2026-03-27 13:55:25-INFO-[frequency_plots.py:425]-?????????: D:\Lab\results\26.3.9\frequency\3k\group_phase_analysis.png
2026-03-27 13:55:25-INFO-[frequency_plots.py:436]-????????????
2026-03-27 13:55:26-INFO-[frequency_plots.py:491]-???????????: D:\Lab\results\26.3.9\frequency\3k\group_dominant_frequencies.png
2026-03-27 13:55:26-INFO-[frequency_plots.py:505]-?????????????
2026-03-27 13:55:26-INFO-[frequency_plots.py:224]-正在读取FFT CSV文件: D:\Lab\process\26.3.9\frequency\3k\FFT_20260309172720.657481.csv
2026-03-27 13:55:29-INFO-[frequency_plots.py:262]-识别到 12 个通道
2026-03-27 13:55:29-INFO-[frequency_plots.py:235]-成功读取FFT数据: 539999 行, 12 个幅度通道, 12 个相位通道
2026-03-27 13:55:29-INFO-[frequency_plots.py:224]-正在读取FFT CSV文件: D:\Lab\process\26.3.9\frequency\3k\FFT_20260309172720.657481.csv
2026-03-27 13:55:31-INFO-[frequency_plots.py:262]-识别到 12 个通道
2026-03-27 13:55:31-INFO-[frequency_plots.py:235]-成功读取FFT数据: 539999 行, 12 个幅度通道, 12 个相位通道
2026-03-27 13:55:31-INFO-[frequency_plots.py:224]-正在读取FFT CSV文件: D:\Lab\process\26.3.9\frequency\3k\FFT_20260309172723.361497.csv
2026-03-27 13:55:34-INFO-[frequency_plots.py:262]-识别到 12 个通道
2026-03-27 13:55:34-INFO-[frequency_plots.py:235]-成功读取FFT数据: 539999 行, 12 个幅度通道, 12 个相位通道
2026-03-27 13:55:34-INFO-[frequency_plots.py:224]-正在读取FFT CSV文件: D:\Lab\process\26.3.9\frequency\3k\FFT_20260309172726.061191.csv
2026-03-27 13:55:36-INFO-[frequency_plots.py:262]-识别到 12 个通道
2026-03-27 13:55:36-INFO-[frequency_plots.py:235]-成功读取FFT数据: 539999 行, 12 个幅度通道, 12 个相位通道
2026-03-27 13:55:36-INFO-[frequency_plots.py:224]-正在读取FFT CSV文件: D:\Lab\process\26.3.9\frequency\3k\FFT_20260309172728.759021.csv
2026-03-27 13:55:39-INFO-[frequency_plots.py:262]-识别到 12 个通道
2026-03-27 13:55:39-INFO-[frequency_plots.py:235]-成功读取FFT数据: 539999 行, 12 个幅度通道, 12 个相位通道
2026-03-27 13:55:39-INFO-[frequency_plots.py:224]-正在读取FFT CSV文件: D:\Lab\process\26.3.9\frequency\3k\FFT_20260309172731.458687.csv
2026-03-27 13:55:42-INFO-[frequency_plots.py:262]-识别到 12 个通道
2026-03-27 13:55:42-INFO-[frequency_plots.py:235]-成功读取FFT数据: 539999 行, 12 个幅度通道, 12 个相位通道
2026-03-27 13:55:42-INFO-[frequency_plots.py:224]-正在读取FFT CSV文件: D:\Lab\process\26.3.9\frequency\3k\FFT_20260309172734.159782.csv
2026-03-27 13:55:44-INFO-[frequency_plots.py:262]-识别到 12 个通道
2026-03-27 13:55:44-INFO-[frequency_plots.py:235]-成功读取FFT数据: 539999 行, 12 个幅度通道, 12 个相位通道
2026-03-27 13:55:44-INFO-[frequency_plots.py:224]-正在读取FFT CSV文件: D:\Lab\process\26.3.9\frequency\3k\FFT_20260309172736.860642.csv
2026-03-27 13:55:47-INFO-[frequency_plots.py:262]-识别到 12 个通道
2026-03-27 13:55:47-INFO-[frequency_plots.py:235]-成功读取FFT数据: 539999 行, 12 个幅度通道, 12 个相位通道
2026-03-27 13:55:47-INFO-[frequency_plots.py:224]-正在读取FFT CSV文件: D:\Lab\process\26.3.9\frequency\3k\FFT_20260309172739.558926.csv
2026-03-27 13:55:49-INFO-[frequency_plots.py:262]-识别到 12 个通道
2026-03-27 13:55:49-INFO-[frequency_plots.py:235]-成功读取FFT数据: 539999 行, 12 个幅度通道, 12 个相位通道
2026-03-27 13:55:49-INFO-[frequency_plots.py:224]-正在读取FFT CSV文件: D:\Lab\process\26.3.9\frequency\3k\FFT_20260309172742.260473.csv
2026-03-27 13:55:52-INFO-[frequency_plots.py:262]-识别到 12 个通道
2026-03-27 13:55:52-INFO-[frequency_plots.py:235]-成功读取FFT数据: 539999 行, 12 个幅度通道, 12 个相位通道
2026-03-27 13:55:52-INFO-[frequency_plots.py:224]-正在读取FFT CSV文件: D:\Lab\process\26.3.9\frequency\3k\FFT_20260309172744.957522.csv
2026-03-27 13:55:54-INFO-[frequency_plots.py:262]-识别到 12 个通道
2026-03-27 13:55:54-INFO-[frequency_plots.py:235]-成功读取FFT数据: 539999 行, 12 个幅度通道, 12 个相位通道
2026-03-27 13:55:54-INFO-[frequency_plots.py:224]-正在读取FFT CSV文件: D:\Lab\process\26.3.9\frequency\3k\FFT_20260309172747.660952.csv
2026-03-27 13:55:57-INFO-[frequency_plots.py:262]-识别到 12 个通道
2026-03-27 13:55:57-INFO-[frequency_plots.py:235]-成功读取FFT数据: 539999 行, 12 个幅度通道, 12 个相位通道
2026-03-27 13:55:57-INFO-[frequency_plots.py:224]-正在读取FFT CSV文件: D:\Lab\process\26.3.9\frequency\3k\FFT_20260309172750.360651.csv
2026-03-27 13:55:59-INFO-[frequency_plots.py:262]-识别到 12 个通道
2026-03-27 13:55:59-INFO-[frequency_plots.py:235]-成功读取FFT数据: 539999 行, 12 个幅度通道, 12 个相位通道
2026-03-27 13:55:59-INFO-[frequency_plots.py:224]-正在读取FFT CSV文件: D:\Lab\process\26.3.9\frequency\3k\FFT_20260309172753.060727.csv
2026-03-27 13:56:02-INFO-[frequency_plots.py:262]-识别到 12 个通道
2026-03-27 13:56:02-INFO-[frequency_plots.py:235]-成功读取FFT数据: 539999 行, 12 个幅度通道, 12 个相位通道
2026-03-27 13:56:02-INFO-[frequency_plots.py:224]-正在读取FFT CSV文件: D:\Lab\process\26.3.9\frequency\3k\FFT_20260309172755.761693.csv
2026-03-27 13:56:04-INFO-[frequency_plots.py:262]-识别到 12 个通道
2026-03-27 13:56:04-INFO-[frequency_plots.py:235]-成功读取FFT数据: 539999 行, 12 个幅度通道, 12 个相位通道
2026-03-27 13:56:04-INFO-[frequency_plots.py:224]-正在读取FFT CSV文件: D:\Lab\process\26.3.9\frequency\3k\FFT_20260309172758.469347.csv
2026-03-27 13:56:07-INFO-[frequency_plots.py:262]-识别到 12 个通道
2026-03-27 13:56:07-INFO-[frequency_plots.py:235]-成功读取FFT数据: 539999 行, 12 个幅度通道, 12 个相位通道
2026-03-27 13:56:07-INFO-[frequency_plots.py:224]-正在读取FFT CSV文件: D:\Lab\process\26.3.9\frequency\3k\FFT_20260309172801.162433.csv
2026-03-27 13:56:09-INFO-[frequency_plots.py:262]-识别到 12 个通道
2026-03-27 13:56:09-INFO-[frequency_plots.py:235]-成功读取FFT数据: 539999 行, 12 个幅度通道, 12 个相位通道
2026-03-27 13:56:09-INFO-[frequency_plots.py:224]-正在读取FFT CSV文件: D:\Lab\process\26.3.9\frequency\3k\FFT_20260309172803.861618.csv
2026-03-27 13:56:12-INFO-[frequency_plots.py:262]-识别到 12 个通道
2026-03-27 13:56:12-INFO-[frequency_plots.py:235]-成功读取FFT数据: 539999 行, 12 个幅度通道, 12 个相位通道
2026-03-27 13:56:12-INFO-[frequency_plots.py:224]-正在读取FFT CSV文件: D:\Lab\process\26.3.9\frequency\3k\FFT_20260309172806.563735.csv
2026-03-27 13:56:14-INFO-[frequency_plots.py:262]-识别到 12 个通道
2026-03-27 13:56:14-INFO-[frequency_plots.py:235]-成功读取FFT数据: 539999 行, 12 个幅度通道, 12 个相位通道
2026-03-27 13:56:14-INFO-[frequency_plots.py:224]-正在读取FFT CSV文件: D:\Lab\process\26.3.9\frequency\3k\FFT_20260309172809.262116.csv
2026-03-27 13:56:17-INFO-[frequency_plots.py:262]-识别到 12 个通道
2026-03-27 13:56:17-INFO-[frequency_plots.py:235]-成功读取FFT数据: 539999 行, 12 个幅度通道, 12 个相位通道
2026-03-27 13:56:17-INFO-[frequency_plots.py:224]-正在读取FFT CSV文件: D:\Lab\process\26.3.9\frequency\3k\FFT_20260309172811.962765.csv
2026-03-27 13:56:19-INFO-[frequency_plots.py:262]-识别到 12 个通道
2026-03-27 13:56:19-INFO-[frequency_plots.py:235]-成功读取FFT数据: 539999 行, 12 个幅度通道, 12 个相位通道
2026-03-27 13:56:22-INFO-[frequency_plots.py:576]-????????????: D:\Lab\results\26.3.9\frequency\3k\group_stability_analysis.png
2026-03-27 13:56:22-INFO-[frequency_plots.py:599]-????????????
2026-03-27 13:56:29-INFO-[frequency_plots.py:652]-???????????: D:\Lab\results\26.3.9\frequency\3k\group_feature_frequencies.png
2026-03-27 13:56:30-INFO-[frequency_plots.py:712]-开始生成组分析报告
2026-03-27 13:56:30-INFO-[frequency_plots.py:838]-组分析报告已保存: D:\Lab\results\26.3.9\frequency\3k\frequency_plots_report.json
2026-03-27 13:56:30-INFO-[frequency_plots.py:953]-FFT组分析完成: 3k
2026-03-27 13:56:30-INFO-[frequency_plots.py:1013]-分析FFT组 4k, 包含 20 个文件
2026-03-27 13:56:30-INFO-[frequency_plots.py:905]-开始分析FFT组，包含 20 个文件
2026-03-27 13:56:30-INFO-[frequency_plots.py:224]-正在读取FFT CSV文件: D:\Lab\process\26.3.9\frequency\4k\FFT_20260309172848.266725.csv
2026-03-27 13:56:31-INFO-[frequency_plots.py:262]-识别到 12 个通道
2026-03-27 13:56:31-INFO-[frequency_plots.py:235]-成功读取FFT数据: 539999 行, 12 个幅度通道, 12 个相位通道
2026-03-27 13:56:32-INFO-[frequency_plots.py:224]-正在读取FFT CSV文件: D:\Lab\process\26.3.9\frequency\4k\FFT_20260309172850.964484.csv
2026-03-27 13:56:33-INFO-[frequency_plots.py:262]-识别到 12 个通道
2026-03-27 13:56:33-INFO-[frequency_plots.py:235]-成功读取FFT数据: 539999 行, 12 个幅度通道, 12 个相位通道
2026-03-27 13:56:33-INFO-[frequency_plots.py:224]-正在读取FFT CSV文件: D:\Lab\process\26.3.9\frequency\4k\FFT_20260309172853.661670.csv
2026-03-27 13:56:35-INFO-[frequency_plots.py:262]-识别到 12 个通道
2026-03-27 13:56:35-INFO-[frequency_plots.py:235]-成功读取FFT数据: 539999 行, 12 个幅度通道, 12 个相位通道
2026-03-27 13:56:35-INFO-[frequency_plots.py:224]-正在读取FFT CSV文件: D:\Lab\process\26.3.9\frequency\4k\FFT_20260309172856.365958.csv
2026-03-27 13:56:36-INFO-[frequency_plots.py:262]-识别到 12 个通道
2026-03-27 13:56:36-INFO-[frequency_plots.py:235]-成功读取FFT数据: 539999 行, 12 个幅度通道, 12 个相位通道
2026-03-27 13:56:37-INFO-[frequency_plots.py:224]-正在读取FFT CSV文件: D:\Lab\process\26.3.9\frequency\4k\FFT_20260309172859.064864.csv
2026-03-27 13:56:38-INFO-[frequency_plots.py:262]-识别到 12 个通道
2026-03-27 13:56:38-INFO-[frequency_plots.py:235]-成功读取FFT数据: 539999 行, 12 个幅度通道, 12 个相位通道
2026-03-27 13:56:39-INFO-[frequency_plots.py:224]-正在读取FFT CSV文件: D:\Lab\process\26.3.9\frequency\4k\FFT_20260309172901.766059.csv
2026-03-27 13:56:40-INFO-[frequency_plots.py:262]-识别到 12 个通道
2026-03-27 13:56:40-INFO-[frequency_plots.py:235]-成功读取FFT数据: 539999 行, 12 个幅度通道, 12 个相位通道
2026-03-27 13:56:41-INFO-[frequency_plots.py:224]-正在读取FFT CSV文件: D:\Lab\process\26.3.9\frequency\4k\FFT_20260309172904.466852.csv
2026-03-27 13:56:42-INFO-[frequency_plots.py:262]-识别到 12 个通道
2026-03-27 13:56:42-INFO-[frequency_plots.py:235]-成功读取FFT数据: 539999 行, 12 个幅度通道, 12 个相位通道
2026-03-27 13:56:43-INFO-[frequency_plots.py:224]-正在读取FFT CSV文件: D:\Lab\process\26.3.9\frequency\4k\FFT_20260309172907.166952.csv
2026-03-27 13:56:44-INFO-[frequency_plots.py:262]-识别到 12 个通道
2026-03-27 13:56:44-INFO-[frequency_plots.py:235]-成功读取FFT数据: 539999 行, 12 个幅度通道, 12 个相位通道
2026-03-27 13:56:44-INFO-[frequency_plots.py:224]-正在读取FFT CSV文件: D:\Lab\process\26.3.9\frequency\4k\FFT_20260309172909.866322.csv
2026-03-27 13:56:46-INFO-[frequency_plots.py:262]-识别到 12 个通道
2026-03-27 13:56:46-INFO-[frequency_plots.py:235]-成功读取FFT数据: 539999 行, 12 个幅度通道, 12 个相位通道
2026-03-27 13:56:46-INFO-[frequency_plots.py:224]-正在读取FFT CSV文件: D:\Lab\process\26.3.9\frequency\4k\FFT_20260309172912.566757.csv
2026-03-27 13:56:48-INFO-[frequency_plots.py:262]-识别到 12 个通道
2026-03-27 13:56:48-INFO-[frequency_plots.py:235]-成功读取FFT数据: 539999 行, 12 个幅度通道, 12 个相位通道
2026-03-27 13:56:48-INFO-[frequency_plots.py:224]-正在读取FFT CSV文件: D:\Lab\process\26.3.9\frequency\4k\FFT_20260309172915.264995.csv
2026-03-27 13:56:49-INFO-[frequency_plots.py:262]-识别到 12 个通道
2026-03-27 13:56:49-INFO-[frequency_plots.py:235]-成功读取FFT数据: 539999 行, 12 个幅度通道, 12 个相位通道
2026-03-27 13:56:50-INFO-[frequency_plots.py:224]-正在读取FFT CSV文件: D:\Lab\process\26.3.9\frequency\4k\FFT_20260309172917.966221.csv
2026-03-27 13:56:53-INFO-[frequency_plots.py:262]-识别到 12 个通道
2026-03-27 13:56:53-INFO-[frequency_plots.py:235]-成功读取FFT数据: 539999 行, 12 个幅度通道, 12 个相位通道
2026-03-27 13:56:54-INFO-[frequency_plots.py:224]-正在读取FFT CSV文件: D:\Lab\process\26.3.9\frequency\4k\FFT_20260309172920.664635.csv
2026-03-27 13:56:56-INFO-[frequency_plots.py:262]-识别到 12 个通道
2026-03-27 13:56:56-INFO-[frequency_plots.py:235]-成功读取FFT数据: 539999 行, 12 个幅度通道, 12 个相位通道
2026-03-27 13:56:58-INFO-[frequency_plots.py:224]-正在读取FFT CSV文件: D:\Lab\process\26.3.9\frequency\4k\FFT_20260309172923.364761.csv
2026-03-27 13:57:00-INFO-[frequency_plots.py:262]-识别到 12 个通道
2026-03-27 13:57:00-INFO-[frequency_plots.py:235]-成功读取FFT数据: 539999 行, 12 个幅度通道, 12 个相位通道
2026-03-27 13:57:01-INFO-[frequency_plots.py:224]-正在读取FFT CSV文件: D:\Lab\process\26.3.9\frequency\4k\FFT_20260309172926.064459.csv
2026-03-27 13:57:04-INFO-[frequency_plots.py:262]-识别到 12 个通道
2026-03-27 13:57:04-INFO-[frequency_plots.py:235]-成功读取FFT数据: 539999 行, 12 个幅度通道, 12 个相位通道
2026-03-27 13:57:05-INFO-[frequency_plots.py:224]-正在读取FFT CSV文件: D:\Lab\process\26.3.9\frequency\4k\FFT_20260309172928.767801.csv
2026-03-27 13:57:08-INFO-[frequency_plots.py:262]-识别到 12 个通道
2026-03-27 13:57:08-INFO-[frequency_plots.py:235]-成功读取FFT数据: 539999 行, 12 个幅度通道, 12 个相位通道
2026-03-27 13:57:09-INFO-[frequency_plots.py:224]-正在读取FFT CSV文件: D:\Lab\process\26.3.9\frequency\4k\FFT_20260309172931.468228.csv
2026-03-27 13:57:11-INFO-[frequency_plots.py:262]-识别到 12 个通道
2026-03-27 13:57:11-INFO-[frequency_plots.py:235]-成功读取FFT数据: 539999 行, 12 个幅度通道, 12 个相位通道
2026-03-27 13:57:12-INFO-[frequency_plots.py:224]-正在读取FFT CSV文件: D:\Lab\process\26.3.9\frequency\4k\FFT_20260309172934.165986.csv
2026-03-27 13:57:13-INFO-[frequency_plots.py:262]-识别到 12 个通道
2026-03-27 13:57:13-INFO-[frequency_plots.py:235]-成功读取FFT数据: 539999 行, 12 个幅度通道, 12 个相位通道
2026-03-27 13:57:14-INFO-[frequency_plots.py:224]-正在读取FFT CSV文件: D:\Lab\process\26.3.9\frequency\4k\FFT_20260309172936.867580.csv
2026-03-27 13:57:15-INFO-[frequency_plots.py:262]-识别到 12 个通道
2026-03-27 13:57:15-INFO-[frequency_plots.py:235]-成功读取FFT数据: 539999 行, 12 个幅度通道, 12 个相位通道
2026-03-27 13:57:16-INFO-[frequency_plots.py:224]-正在读取FFT CSV文件: D:\Lab\process\26.3.9\frequency\4k\FFT_20260309172939.567028.csv
2026-03-27 13:57:17-INFO-[frequency_plots.py:262]-识别到 12 个通道
2026-03-27 13:57:17-INFO-[frequency_plots.py:235]-成功读取FFT数据: 539999 行, 12 个幅度通道, 12 个相位通道
2026-03-27 13:57:18-INFO-[frequency_plots.py:343]-Generating log-scale spectrum bands
2026-03-27 13:57:23-INFO-[frequency_plots.py:151]-Amplitude band figure saved: D:\Lab\results\26.3.9\frequency\4k\group_amplitude_spectrum_1.png
2026-03-27 13:57:29-INFO-[frequency_plots.py:151]-Amplitude band figure saved: D:\Lab\results\26.3.9\frequency\4k\group_amplitude_spectrum_2.png
2026-03-27 13:57:40-INFO-[frequency_plots.py:151]-Amplitude band figure saved: D:\Lab\results\26.3.9\frequency\4k\group_amplitude_spectrum_3.png
2026-03-27 13:57:45-INFO-[frequency_plots.py:209]-Channel peak window figure saved: D:\Lab\results\26.3.9\frequency\4k\group_amplitude_spectrum_peak_windows.png
2026-03-27 13:57:45-INFO-[frequency_plots.py:362]-??????????
2026-03-27 13:57:48-INFO-[frequency_plots.py:425]-?????????: D:\Lab\results\26.3.9\frequency\4k\group_phase_analysis.png
2026-03-27 13:57:48-INFO-[frequency_plots.py:436]-????????????
2026-03-27 13:57:49-INFO-[frequency_plots.py:491]-???????????: D:\Lab\results\26.3.9\frequency\4k\group_dominant_frequencies.png
2026-03-27 13:57:49-INFO-[frequency_plots.py:505]-?????????????
2026-03-27 13:57:49-INFO-[frequency_plots.py:224]-正在读取FFT CSV文件: D:\Lab\process\26.3.9\frequency\4k\FFT_20260309172848.266725.csv
2026-03-27 13:57:50-INFO-[frequency_plots.py:262]-识别到 12 个通道
2026-03-27 13:57:50-INFO-[frequency_plots.py:235]-成功读取FFT数据: 539999 行, 12 个幅度通道, 12 个相位通道
2026-03-27 13:57:50-INFO-[frequency_plots.py:224]-正在读取FFT CSV文件: D:\Lab\process\26.3.9\frequency\4k\FFT_20260309172848.266725.csv
2026-03-27 13:57:51-INFO-[frequency_plots.py:262]-识别到 12 个通道
2026-03-27 13:57:51-INFO-[frequency_plots.py:235]-成功读取FFT数据: 539999 行, 12 个幅度通道, 12 个相位通道
2026-03-27 13:57:51-INFO-[frequency_plots.py:224]-正在读取FFT CSV文件: D:\Lab\process\26.3.9\frequency\4k\FFT_20260309172850.964484.csv
2026-03-27 13:57:52-INFO-[frequency_plots.py:262]-识别到 12 个通道
2026-03-27 13:57:52-INFO-[frequency_plots.py:235]-成功读取FFT数据: 539999 行, 12 个幅度通道, 12 个相位通道
2026-03-27 13:57:52-INFO-[frequency_plots.py:224]-正在读取FFT CSV文件: D:\Lab\process\26.3.9\frequency\4k\FFT_20260309172853.661670.csv
2026-03-27 13:57:53-INFO-[frequency_plots.py:262]-识别到 12 个通道
2026-03-27 13:57:53-INFO-[frequency_plots.py:235]-成功读取FFT数据: 539999 行, 12 个幅度通道, 12 个相位通道
2026-03-27 13:57:53-INFO-[frequency_plots.py:224]-正在读取FFT CSV文件: D:\Lab\process\26.3.9\frequency\4k\FFT_20260309172856.365958.csv
2026-03-27 13:57:55-INFO-[frequency_plots.py:262]-识别到 12 个通道
2026-03-27 13:57:55-INFO-[frequency_plots.py:235]-成功读取FFT数据: 539999 行, 12 个幅度通道, 12 个相位通道
2026-03-27 13:57:55-INFO-[frequency_plots.py:224]-正在读取FFT CSV文件: D:\Lab\process\26.3.9\frequency\4k\FFT_20260309172859.064864.csv
2026-03-27 13:57:56-INFO-[frequency_plots.py:262]-识别到 12 个通道
2026-03-27 13:57:56-INFO-[frequency_plots.py:235]-成功读取FFT数据: 539999 行, 12 个幅度通道, 12 个相位通道
2026-03-27 13:57:56-INFO-[frequency_plots.py:224]-正在读取FFT CSV文件: D:\Lab\process\26.3.9\frequency\4k\FFT_20260309172901.766059.csv
2026-03-27 13:57:57-INFO-[frequency_plots.py:262]-识别到 12 个通道
2026-03-27 13:57:57-INFO-[frequency_plots.py:235]-成功读取FFT数据: 539999 行, 12 个幅度通道, 12 个相位通道
2026-03-27 13:57:57-INFO-[frequency_plots.py:224]-正在读取FFT CSV文件: D:\Lab\process\26.3.9\frequency\4k\FFT_20260309172904.466852.csv
2026-03-27 13:57:58-INFO-[frequency_plots.py:262]-识别到 12 个通道
2026-03-27 13:57:58-INFO-[frequency_plots.py:235]-成功读取FFT数据: 539999 行, 12 个幅度通道, 12 个相位通道
2026-03-27 13:57:58-INFO-[frequency_plots.py:224]-正在读取FFT CSV文件: D:\Lab\process\26.3.9\frequency\4k\FFT_20260309172907.166952.csv
2026-03-27 13:57:59-INFO-[frequency_plots.py:262]-识别到 12 个通道
2026-03-27 13:57:59-INFO-[frequency_plots.py:235]-成功读取FFT数据: 539999 行, 12 个幅度通道, 12 个相位通道
2026-03-27 13:57:59-INFO-[frequency_plots.py:224]-正在读取FFT CSV文件: D:\Lab\process\26.3.9\frequency\4k\FFT_20260309172909.866322.csv
2026-03-27 13:58:01-INFO-[frequency_plots.py:262]-识别到 12 个通道
2026-03-27 13:58:01-INFO-[frequency_plots.py:235]-成功读取FFT数据: 539999 行, 12 个幅度通道, 12 个相位通道
2026-03-27 13:58:01-INFO-[frequency_plots.py:224]-正在读取FFT CSV文件: D:\Lab\process\26.3.9\frequency\4k\FFT_20260309172912.566757.csv
2026-03-27 13:58:02-INFO-[frequency_plots.py:262]-识别到 12 个通道
2026-03-27 13:58:02-INFO-[frequency_plots.py:235]-成功读取FFT数据: 539999 行, 12 个幅度通道, 12 个相位通道
2026-03-27 13:58:02-INFO-[frequency_plots.py:224]-正在读取FFT CSV文件: D:\Lab\process\26.3.9\frequency\4k\FFT_20260309172915.264995.csv
2026-03-27 13:58:03-INFO-[frequency_plots.py:262]-识别到 12 个通道
2026-03-27 13:58:03-INFO-[frequency_plots.py:235]-成功读取FFT数据: 539999 行, 12 个幅度通道, 12 个相位通道
2026-03-27 13:58:03-INFO-[frequency_plots.py:224]-正在读取FFT CSV文件: D:\Lab\process\26.3.9\frequency\4k\FFT_20260309172917.966221.csv
2026-03-27 13:58:04-INFO-[frequency_plots.py:262]-识别到 12 个通道
2026-03-27 13:58:04-INFO-[frequency_plots.py:235]-成功读取FFT数据: 539999 行, 12 个幅度通道, 12 个相位通道
2026-03-27 13:58:04-INFO-[frequency_plots.py:224]-正在读取FFT CSV文件: D:\Lab\process\26.3.9\frequency\4k\FFT_20260309172920.664635.csv
2026-03-27 13:58:05-INFO-[frequency_plots.py:262]-识别到 12 个通道
2026-03-27 13:58:05-INFO-[frequency_plots.py:235]-成功读取FFT数据: 539999 行, 12 个幅度通道, 12 个相位通道
2026-03-27 13:58:05-INFO-[frequency_plots.py:224]-正在读取FFT CSV文件: D:\Lab\process\26.3.9\frequency\4k\FFT_20260309172923.364761.csv
2026-03-27 13:58:06-INFO-[frequency_plots.py:262]-识别到 12 个通道
2026-03-27 13:58:06-INFO-[frequency_plots.py:235]-成功读取FFT数据: 539999 行, 12 个幅度通道, 12 个相位通道
2026-03-27 13:58:06-INFO-[frequency_plots.py:224]-正在读取FFT CSV文件: D:\Lab\process\26.3.9\frequency\4k\FFT_20260309172926.064459.csv
2026-03-27 13:58:08-INFO-[frequency_plots.py:262]-识别到 12 个通道
2026-03-27 13:58:08-INFO-[frequency_plots.py:235]-成功读取FFT数据: 539999 行, 12 个幅度通道, 12 个相位通道
2026-03-27 13:58:08-INFO-[frequency_plots.py:224]-正在读取FFT CSV文件: D:\Lab\process\26.3.9\frequency\4k\FFT_20260309172928.767801.csv
2026-03-27 13:58:09-INFO-[frequency_plots.py:262]-识别到 12 个通道
2026-03-27 13:58:09-INFO-[frequency_plots.py:235]-成功读取FFT数据: 539999 行, 12 个幅度通道, 12 个相位通道
2026-03-27 13:58:09-INFO-[frequency_plots.py:224]-正在读取FFT CSV文件: D:\Lab\process\26.3.9\frequency\4k\FFT_20260309172931.468228.csv
2026-03-27 13:58:10-INFO-[frequency_plots.py:262]-识别到 12 个通道
2026-03-27 13:58:10-INFO-[frequency_plots.py:235]-成功读取FFT数据: 539999 行, 12 个幅度通道, 12 个相位通道
2026-03-27 13:58:10-INFO-[frequency_plots.py:224]-正在读取FFT CSV文件: D:\Lab\process\26.3.9\frequency\4k\FFT_20260309172934.165986.csv
2026-03-27 13:58:11-INFO-[frequency_plots.py:262]-识别到 12 个通道
2026-03-27 13:58:11-INFO-[frequency_plots.py:235]-成功读取FFT数据: 539999 行, 12 个幅度通道, 12 个相位通道
2026-03-27 13:58:11-INFO-[frequency_plots.py:224]-正在读取FFT CSV文件: D:\Lab\process\26.3.9\frequency\4k\FFT_20260309172936.867580.csv
2026-03-27 13:58:13-INFO-[frequency_plots.py:262]-识别到 12 个通道
2026-03-27 13:58:13-INFO-[frequency_plots.py:235]-成功读取FFT数据: 539999 行, 12 个幅度通道, 12 个相位通道
2026-03-27 13:58:13-INFO-[frequency_plots.py:224]-正在读取FFT CSV文件: D:\Lab\process\26.3.9\frequency\4k\FFT_20260309172939.567028.csv
2026-03-27 13:58:14-INFO-[frequency_plots.py:262]-识别到 12 个通道
2026-03-27 13:58:14-INFO-[frequency_plots.py:235]-成功读取FFT数据: 539999 行, 12 个幅度通道, 12 个相位通道
2026-03-27 13:58:15-INFO-[frequency_plots.py:576]-????????????: D:\Lab\results\26.3.9\frequency\4k\group_stability_analysis.png
2026-03-27 13:58:15-INFO-[frequency_plots.py:599]-????????????
2026-03-27 13:58:16-INFO-[frequency_plots.py:652]-???????????: D:\Lab\results\26.3.9\frequency\4k\group_feature_frequencies.png
2026-03-27 13:58:16-INFO-[frequency_plots.py:712]-开始生成组分析报告
2026-03-27 13:58:16-INFO-[frequency_plots.py:838]-组分析报告已保存: D:\Lab\results\26.3.9\frequency\4k\frequency_plots_report.json
2026-03-27 13:58:16-INFO-[frequency_plots.py:953]-FFT组分析完成: 4k
2026-03-27 13:58:16-INFO-[frequency_plots.py:1043]-FFT分析完成! 成功分析 3 个组
2026-03-27 13:58:16-INFO-[frequency_plots.py:1044]-总体报告: D:\Lab\results\26.3.9\frequency\fft_analysis_summary.json
2026-03-27 13:58:16-INFO-[main.py:68]------------------------------执行完成-----------------------------
