2025-12-01 15:40:15-INFO-[main.py:34]--------------------------启动数据分析系统-------------------------
2025-12-01 15:40:15-INFO-[file_utils.py:39]-paths.yaml 生成成功: C:\Users\17584\Documents\ALearning\Project\tools\DataProcess\config\paths.yaml
2025-12-01 15:40:15-INFO-[frequency_plots.py:43]-配置文件加载成功: C:\Users\17584\Documents\ALearning\Project\tools\DataProcess\config\paths.yaml
2025-12-01 15:40:15-INFO-[frequency_plots.py:895]-FFT输入目录: D:/Lab/process/2025.11.24/frequency
2025-12-01 15:40:15-INFO-[frequency_plots.py:896]-FFT输出目录: D:/Lab/results/2025.11.24/frequency
2025-12-01 15:40:15-INFO-[frequency_plots.py:908]-找到 31 个平均FFT CSV文件
2025-12-01 15:40:15-INFO-[frequency_plots.py:918]-找到 1 个FFT组: ['cross-phase-transition']
2025-12-01 15:40:15-INFO-[frequency_plots.py:926]-分析FFT组 cross-phase-transition, 包含 31 个文件
2025-12-01 15:40:15-INFO-[frequency_plots.py:818]-开始分析FFT组，包含 31 个文件
2025-12-01 15:40:15-INFO-[frequency_plots.py:49]-正在读取FFT CSV文件: D:\Lab\process\2025.11.24\frequency\cross-phase-transition\FFT_20251124155425.109285.csv
2025-12-01 15:40:17-INFO-[frequency_plots.py:87]-识别到 8 个通道
2025-12-01 15:40:17-INFO-[frequency_plots.py:60]-成功读取FFT数据: 799999 行, 8 个幅度通道, 8 个相位通道
2025-12-01 15:40:17-INFO-[frequency_plots.py:49]-正在读取FFT CSV文件: D:\Lab\process\2025.11.24\frequency\cross-phase-transition\FFT_20251124155428.308953.csv
2025-12-01 15:40:19-INFO-[frequency_plots.py:87]-识别到 8 个通道
2025-12-01 15:40:19-INFO-[frequency_plots.py:60]-成功读取FFT数据: 799999 行, 8 个幅度通道, 8 个相位通道
2025-12-01 15:40:19-INFO-[frequency_plots.py:49]-正在读取FFT CSV文件: D:\Lab\process\2025.11.24\frequency\cross-phase-transition\FFT_20251124155431.509039.csv
2025-12-01 15:40:21-INFO-[frequency_plots.py:87]-识别到 8 个通道
2025-12-01 15:40:21-INFO-[frequency_plots.py:60]-成功读取FFT数据: 799999 行, 8 个幅度通道, 8 个相位通道
2025-12-01 15:40:21-INFO-[frequency_plots.py:49]-正在读取FFT CSV文件: D:\Lab\process\2025.11.24\frequency\cross-phase-transition\FFT_20251124155434.708630.csv
2025-12-01 15:40:22-INFO-[frequency_plots.py:87]-识别到 8 个通道
2025-12-01 15:40:22-INFO-[frequency_plots.py:60]-成功读取FFT数据: 799999 行, 8 个幅度通道, 8 个相位通道
2025-12-01 15:40:23-INFO-[frequency_plots.py:49]-正在读取FFT CSV文件: D:\Lab\process\2025.11.24\frequency\cross-phase-transition\FFT_20251124155437.909330.csv
2025-12-01 15:40:24-INFO-[frequency_plots.py:87]-识别到 8 个通道
2025-12-01 15:40:24-INFO-[frequency_plots.py:60]-成功读取FFT数据: 799999 行, 8 个幅度通道, 8 个相位通道
2025-12-01 15:40:25-INFO-[frequency_plots.py:49]-正在读取FFT CSV文件: D:\Lab\process\2025.11.24\frequency\cross-phase-transition\FFT_20251124155441.108611.csv
2025-12-01 15:40:26-INFO-[frequency_plots.py:87]-识别到 8 个通道
2025-12-01 15:40:26-INFO-[frequency_plots.py:60]-成功读取FFT数据: 799999 行, 8 个幅度通道, 8 个相位通道
2025-12-01 15:40:26-INFO-[frequency_plots.py:49]-正在读取FFT CSV文件: D:\Lab\process\2025.11.24\frequency\cross-phase-transition\FFT_20251124155444.307134.csv
2025-12-01 15:40:27-INFO-[frequency_plots.py:87]-识别到 8 个通道
2025-12-01 15:40:27-INFO-[frequency_plots.py:60]-成功读取FFT数据: 799999 行, 8 个幅度通道, 8 个相位通道
2025-12-01 15:40:28-INFO-[frequency_plots.py:49]-正在读取FFT CSV文件: D:\Lab\process\2025.11.24\frequency\cross-phase-transition\FFT_20251124155447.506790.csv
2025-12-01 15:40:29-INFO-[frequency_plots.py:87]-识别到 8 个通道
2025-12-01 15:40:29-INFO-[frequency_plots.py:60]-成功读取FFT数据: 799999 行, 8 个幅度通道, 8 个相位通道
2025-12-01 15:40:30-INFO-[frequency_plots.py:49]-正在读取FFT CSV文件: D:\Lab\process\2025.11.24\frequency\cross-phase-transition\FFT_20251124155450.708379.csv
2025-12-01 15:40:31-INFO-[frequency_plots.py:87]-识别到 8 个通道
2025-12-01 15:40:31-INFO-[frequency_plots.py:60]-成功读取FFT数据: 799999 行, 8 个幅度通道, 8 个相位通道
2025-12-01 15:40:32-INFO-[frequency_plots.py:49]-正在读取FFT CSV文件: D:\Lab\process\2025.11.24\frequency\cross-phase-transition\FFT_20251124155453.907783.csv
2025-12-01 15:40:33-INFO-[frequency_plots.py:87]-识别到 8 个通道
2025-12-01 15:40:33-INFO-[frequency_plots.py:60]-成功读取FFT数据: 799999 行, 8 个幅度通道, 8 个相位通道
2025-12-01 15:40:33-INFO-[frequency_plots.py:49]-正在读取FFT CSV文件: D:\Lab\process\2025.11.24\frequency\cross-phase-transition\FFT_20251124155457.108864.csv
2025-12-01 15:40:35-INFO-[frequency_plots.py:87]-识别到 8 个通道
2025-12-01 15:40:35-INFO-[frequency_plots.py:60]-成功读取FFT数据: 799999 行, 8 个幅度通道, 8 个相位通道
2025-12-01 15:40:35-INFO-[frequency_plots.py:49]-正在读取FFT CSV文件: D:\Lab\process\2025.11.24\frequency\cross-phase-transition\FFT_20251124155500.309022.csv
2025-12-01 15:40:38-INFO-[frequency_plots.py:87]-识别到 8 个通道
2025-12-01 15:40:38-INFO-[frequency_plots.py:60]-成功读取FFT数据: 799999 行, 8 个幅度通道, 8 个相位通道
2025-12-01 15:40:39-INFO-[frequency_plots.py:49]-正在读取FFT CSV文件: D:\Lab\process\2025.11.24\frequency\cross-phase-transition\FFT_20251124155503.508866.csv
2025-12-01 15:40:41-INFO-[frequency_plots.py:87]-识别到 8 个通道
2025-12-01 15:40:41-INFO-[frequency_plots.py:60]-成功读取FFT数据: 799999 行, 8 个幅度通道, 8 个相位通道
2025-12-01 15:40:42-INFO-[frequency_plots.py:49]-正在读取FFT CSV文件: D:\Lab\process\2025.11.24\frequency\cross-phase-transition\FFT_20251124155506.709558.csv
2025-12-01 15:40:44-INFO-[frequency_plots.py:87]-识别到 8 个通道
2025-12-01 15:40:44-INFO-[frequency_plots.py:60]-成功读取FFT数据: 799999 行, 8 个幅度通道, 8 个相位通道
2025-12-01 15:40:45-INFO-[frequency_plots.py:49]-正在读取FFT CSV文件: D:\Lab\process\2025.11.24\frequency\cross-phase-transition\FFT_20251124155509.908605.csv
2025-12-01 15:40:48-INFO-[frequency_plots.py:87]-识别到 8 个通道
2025-12-01 15:40:48-INFO-[frequency_plots.py:60]-成功读取FFT数据: 799999 行, 8 个幅度通道, 8 个相位通道
2025-12-01 15:40:49-INFO-[frequency_plots.py:49]-正在读取FFT CSV文件: D:\Lab\process\2025.11.24\frequency\cross-phase-transition\FFT_20251124155513.109141.csv
2025-12-01 15:40:51-INFO-[frequency_plots.py:87]-识别到 8 个通道
2025-12-01 15:40:51-INFO-[frequency_plots.py:60]-成功读取FFT数据: 799999 行, 8 个幅度通道, 8 个相位通道
2025-12-01 15:40:52-INFO-[frequency_plots.py:49]-正在读取FFT CSV文件: D:\Lab\process\2025.11.24\frequency\cross-phase-transition\FFT_20251124155516.310143.csv
2025-12-01 15:40:54-INFO-[frequency_plots.py:87]-识别到 8 个通道
2025-12-01 15:40:54-INFO-[frequency_plots.py:60]-成功读取FFT数据: 799999 行, 8 个幅度通道, 8 个相位通道
2025-12-01 15:40:55-INFO-[frequency_plots.py:49]-正在读取FFT CSV文件: D:\Lab\process\2025.11.24\frequency\cross-phase-transition\FFT_20251124155519.510852.csv
2025-12-01 15:40:58-INFO-[frequency_plots.py:87]-识别到 8 个通道
2025-12-01 15:40:58-INFO-[frequency_plots.py:60]-成功读取FFT数据: 799999 行, 8 个幅度通道, 8 个相位通道
2025-12-01 15:40:59-INFO-[frequency_plots.py:49]-正在读取FFT CSV文件: D:\Lab\process\2025.11.24\frequency\cross-phase-transition\FFT_20251124155522.712351.csv
2025-12-01 15:41:01-INFO-[frequency_plots.py:87]-识别到 8 个通道
2025-12-01 15:41:01-INFO-[frequency_plots.py:60]-成功读取FFT数据: 799999 行, 8 个幅度通道, 8 个相位通道
2025-12-01 15:41:02-INFO-[frequency_plots.py:49]-正在读取FFT CSV文件: D:\Lab\process\2025.11.24\frequency\cross-phase-transition\FFT_20251124155525.909389.csv
2025-12-01 15:41:04-INFO-[frequency_plots.py:87]-识别到 8 个通道
2025-12-01 15:41:04-INFO-[frequency_plots.py:60]-成功读取FFT数据: 799999 行, 8 个幅度通道, 8 个相位通道
2025-12-01 15:41:05-INFO-[frequency_plots.py:49]-正在读取FFT CSV文件: D:\Lab\process\2025.11.24\frequency\cross-phase-transition\FFT_20251124155529.111850.csv
2025-12-01 15:41:07-INFO-[frequency_plots.py:87]-识别到 8 个通道
2025-12-01 15:41:07-INFO-[frequency_plots.py:60]-成功读取FFT数据: 799999 行, 8 个幅度通道, 8 个相位通道
2025-12-01 15:41:08-INFO-[frequency_plots.py:49]-正在读取FFT CSV文件: D:\Lab\process\2025.11.24\frequency\cross-phase-transition\FFT_20251124155532.310142.csv
2025-12-01 15:41:11-INFO-[frequency_plots.py:87]-识别到 8 个通道
2025-12-01 15:41:11-INFO-[frequency_plots.py:60]-成功读取FFT数据: 799999 行, 8 个幅度通道, 8 个相位通道
2025-12-01 15:41:12-INFO-[frequency_plots.py:49]-正在读取FFT CSV文件: D:\Lab\process\2025.11.24\frequency\cross-phase-transition\FFT_20251124155535.510158.csv
2025-12-01 15:41:14-INFO-[frequency_plots.py:87]-识别到 8 个通道
2025-12-01 15:41:14-INFO-[frequency_plots.py:60]-成功读取FFT数据: 799999 行, 8 个幅度通道, 8 个相位通道
2025-12-01 15:41:15-INFO-[frequency_plots.py:49]-正在读取FFT CSV文件: D:\Lab\process\2025.11.24\frequency\cross-phase-transition\FFT_20251124155538.714568.csv
2025-12-01 15:41:17-INFO-[frequency_plots.py:87]-识别到 8 个通道
2025-12-01 15:41:17-INFO-[frequency_plots.py:60]-成功读取FFT数据: 799999 行, 8 个幅度通道, 8 个相位通道
2025-12-01 15:41:17-INFO-[frequency_plots.py:49]-正在读取FFT CSV文件: D:\Lab\process\2025.11.24\frequency\cross-phase-transition\FFT_20251124155541.912428.csv
2025-12-01 15:41:18-INFO-[frequency_plots.py:87]-识别到 8 个通道
2025-12-01 15:41:18-INFO-[frequency_plots.py:60]-成功读取FFT数据: 799999 行, 8 个幅度通道, 8 个相位通道
2025-12-01 15:41:19-INFO-[frequency_plots.py:49]-正在读取FFT CSV文件: D:\Lab\process\2025.11.24\frequency\cross-phase-transition\FFT_20251124155545.113352.csv
2025-12-01 15:41:20-INFO-[frequency_plots.py:87]-识别到 8 个通道
2025-12-01 15:41:20-INFO-[frequency_plots.py:60]-成功读取FFT数据: 799999 行, 8 个幅度通道, 8 个相位通道
2025-12-01 15:41:21-INFO-[frequency_plots.py:49]-正在读取FFT CSV文件: D:\Lab\process\2025.11.24\frequency\cross-phase-transition\FFT_20251124155548.314151.csv
2025-12-01 15:41:22-INFO-[frequency_plots.py:87]-识别到 8 个通道
2025-12-01 15:41:22-INFO-[frequency_plots.py:60]-成功读取FFT数据: 799999 行, 8 个幅度通道, 8 个相位通道
2025-12-01 15:41:22-INFO-[frequency_plots.py:49]-正在读取FFT CSV文件: D:\Lab\process\2025.11.24\frequency\cross-phase-transition\FFT_20251124155551.514500.csv
2025-12-01 15:41:23-INFO-[frequency_plots.py:87]-识别到 8 个通道
2025-12-01 15:41:23-INFO-[frequency_plots.py:60]-成功读取FFT数据: 799999 行, 8 个幅度通道, 8 个相位通道
2025-12-01 15:41:24-INFO-[frequency_plots.py:49]-正在读取FFT CSV文件: D:\Lab\process\2025.11.24\frequency\cross-phase-transition\FFT_20251124155554.712441.csv
2025-12-01 15:41:25-INFO-[frequency_plots.py:87]-识别到 8 个通道
2025-12-01 15:41:25-INFO-[frequency_plots.py:60]-成功读取FFT数据: 799999 行, 8 个幅度通道, 8 个相位通道
2025-12-01 15:41:26-INFO-[frequency_plots.py:49]-正在读取FFT CSV文件: D:\Lab\process\2025.11.24\frequency\cross-phase-transition\FFT_20251124155557.915932.csv
2025-12-01 15:41:27-INFO-[frequency_plots.py:87]-识别到 8 个通道
2025-12-01 15:41:27-INFO-[frequency_plots.py:60]-成功读取FFT数据: 799999 行, 8 个幅度通道, 8 个相位通道
2025-12-01 15:41:27-INFO-[frequency_plots.py:49]-正在读取FFT CSV文件: D:\Lab\process\2025.11.24\frequency\cross-phase-transition\FFT_20251124155601.114768.csv
2025-12-01 15:41:28-INFO-[frequency_plots.py:87]-识别到 8 个通道
2025-12-01 15:41:28-INFO-[frequency_plots.py:60]-成功读取FFT数据: 724999 行, 8 个幅度通道, 8 个相位通道
2025-12-01 15:41:29-INFO-[frequency_plots.py:168]-开始绘制组幅度谱对比图
2025-12-01 15:42:16-INFO-[frequency_plots.py:230]-组幅度谱对比图1已保存: D:\Lab\results\2025.11.24\frequency\cross-phase-transition\group_amplitude_spectrum_1.png
2025-12-01 15:43:42-INFO-[frequency_plots.py:247]-组幅度谱对比图2已保存: D:\Lab\results\2025.11.24\frequency\cross-phase-transition\group_amplitude_spectrum_2.png
2025-12-01 15:43:42-INFO-[frequency_plots.py:263]-组幅度谱对比图3已保存: D:\Lab\results\2025.11.24\frequency\cross-phase-transition\group_amplitude_spectrum_3.png
2025-12-01 15:43:43-INFO-[frequency_plots.py:273]-开始绘制组相位分析图
2025-12-01 15:44:06-INFO-[frequency_plots.py:331]-组相位分析图已保存: D:\Lab\results\2025.11.24\frequency\cross-phase-transition\group_phase_analysis.png
2025-12-01 15:44:06-INFO-[frequency_plots.py:341]-开始绘制组主导频率分布图
2025-12-01 15:44:07-INFO-[frequency_plots.py:399]-组主导频率分布图已保存: D:\Lab\results\2025.11.24\frequency\cross-phase-transition\group_dominant_frequencies.png
2025-12-01 15:44:07-INFO-[frequency_plots.py:412]-开始绘制组频率稳定性分析图
2025-12-01 15:44:07-INFO-[frequency_plots.py:49]-正在读取FFT CSV文件: D:\Lab\process\2025.11.24\frequency\cross-phase-transition\FFT_20251124155425.109285.csv
2025-12-01 15:44:09-INFO-[frequency_plots.py:87]-识别到 8 个通道
2025-12-01 15:44:09-INFO-[frequency_plots.py:60]-成功读取FFT数据: 799999 行, 8 个幅度通道, 8 个相位通道
2025-12-01 15:44:09-INFO-[frequency_plots.py:49]-正在读取FFT CSV文件: D:\Lab\process\2025.11.24\frequency\cross-phase-transition\FFT_20251124155425.109285.csv
2025-12-01 15:44:11-INFO-[frequency_plots.py:87]-识别到 8 个通道
2025-12-01 15:44:11-INFO-[frequency_plots.py:60]-成功读取FFT数据: 799999 行, 8 个幅度通道, 8 个相位通道
2025-12-01 15:44:11-INFO-[frequency_plots.py:49]-正在读取FFT CSV文件: D:\Lab\process\2025.11.24\frequency\cross-phase-transition\FFT_20251124155428.308953.csv
2025-12-01 15:44:13-INFO-[frequency_plots.py:87]-识别到 8 个通道
2025-12-01 15:44:13-INFO-[frequency_plots.py:60]-成功读取FFT数据: 799999 行, 8 个幅度通道, 8 个相位通道
2025-12-01 15:44:13-INFO-[frequency_plots.py:49]-正在读取FFT CSV文件: D:\Lab\process\2025.11.24\frequency\cross-phase-transition\FFT_20251124155431.509039.csv
2025-12-01 15:44:15-INFO-[frequency_plots.py:87]-识别到 8 个通道
2025-12-01 15:44:15-INFO-[frequency_plots.py:60]-成功读取FFT数据: 799999 行, 8 个幅度通道, 8 个相位通道
2025-12-01 15:44:15-INFO-[frequency_plots.py:49]-正在读取FFT CSV文件: D:\Lab\process\2025.11.24\frequency\cross-phase-transition\FFT_20251124155434.708630.csv
2025-12-01 15:44:17-INFO-[frequency_plots.py:87]-识别到 8 个通道
2025-12-01 15:44:17-INFO-[frequency_plots.py:60]-成功读取FFT数据: 799999 行, 8 个幅度通道, 8 个相位通道
2025-12-01 15:44:17-INFO-[frequency_plots.py:49]-正在读取FFT CSV文件: D:\Lab\process\2025.11.24\frequency\cross-phase-transition\FFT_20251124155437.909330.csv
2025-12-01 15:44:20-INFO-[frequency_plots.py:87]-识别到 8 个通道
2025-12-01 15:44:20-INFO-[frequency_plots.py:60]-成功读取FFT数据: 799999 行, 8 个幅度通道, 8 个相位通道
2025-12-01 15:44:20-INFO-[frequency_plots.py:49]-正在读取FFT CSV文件: D:\Lab\process\2025.11.24\frequency\cross-phase-transition\FFT_20251124155441.108611.csv
2025-12-01 15:44:22-INFO-[frequency_plots.py:87]-识别到 8 个通道
2025-12-01 15:44:22-INFO-[frequency_plots.py:60]-成功读取FFT数据: 799999 行, 8 个幅度通道, 8 个相位通道
2025-12-01 15:44:22-INFO-[frequency_plots.py:49]-正在读取FFT CSV文件: D:\Lab\process\2025.11.24\frequency\cross-phase-transition\FFT_20251124155444.307134.csv
2025-12-01 15:44:24-INFO-[frequency_plots.py:87]-识别到 8 个通道
2025-12-01 15:44:24-INFO-[frequency_plots.py:60]-成功读取FFT数据: 799999 行, 8 个幅度通道, 8 个相位通道
2025-12-01 15:44:24-INFO-[frequency_plots.py:49]-正在读取FFT CSV文件: D:\Lab\process\2025.11.24\frequency\cross-phase-transition\FFT_20251124155447.506790.csv
2025-12-01 15:44:26-INFO-[frequency_plots.py:87]-识别到 8 个通道
2025-12-01 15:44:26-INFO-[frequency_plots.py:60]-成功读取FFT数据: 799999 行, 8 个幅度通道, 8 个相位通道
2025-12-01 15:44:26-INFO-[frequency_plots.py:49]-正在读取FFT CSV文件: D:\Lab\process\2025.11.24\frequency\cross-phase-transition\FFT_20251124155450.708379.csv
2025-12-01 15:44:27-INFO-[frequency_plots.py:87]-识别到 8 个通道
2025-12-01 15:44:27-INFO-[frequency_plots.py:60]-成功读取FFT数据: 799999 行, 8 个幅度通道, 8 个相位通道
2025-12-01 15:44:27-INFO-[frequency_plots.py:49]-正在读取FFT CSV文件: D:\Lab\process\2025.11.24\frequency\cross-phase-transition\FFT_20251124155453.907783.csv
2025-12-01 15:44:28-INFO-[frequency_plots.py:87]-识别到 8 个通道
2025-12-01 15:44:28-INFO-[frequency_plots.py:60]-成功读取FFT数据: 799999 行, 8 个幅度通道, 8 个相位通道
2025-12-01 15:44:28-INFO-[frequency_plots.py:49]-正在读取FFT CSV文件: D:\Lab\process\2025.11.24\frequency\cross-phase-transition\FFT_20251124155457.108864.csv
2025-12-01 15:44:29-INFO-[frequency_plots.py:87]-识别到 8 个通道
2025-12-01 15:44:29-INFO-[frequency_plots.py:60]-成功读取FFT数据: 799999 行, 8 个幅度通道, 8 个相位通道
2025-12-01 15:44:29-INFO-[frequency_plots.py:49]-正在读取FFT CSV文件: D:\Lab\process\2025.11.24\frequency\cross-phase-transition\FFT_20251124155500.309022.csv
2025-12-01 15:44:30-INFO-[frequency_plots.py:87]-识别到 8 个通道
2025-12-01 15:44:30-INFO-[frequency_plots.py:60]-成功读取FFT数据: 799999 行, 8 个幅度通道, 8 个相位通道
2025-12-01 15:44:30-INFO-[frequency_plots.py:49]-正在读取FFT CSV文件: D:\Lab\process\2025.11.24\frequency\cross-phase-transition\FFT_20251124155503.508866.csv
2025-12-01 15:44:32-INFO-[frequency_plots.py:87]-识别到 8 个通道
2025-12-01 15:44:32-INFO-[frequency_plots.py:60]-成功读取FFT数据: 799999 行, 8 个幅度通道, 8 个相位通道
2025-12-01 15:44:32-INFO-[frequency_plots.py:49]-正在读取FFT CSV文件: D:\Lab\process\2025.11.24\frequency\cross-phase-transition\FFT_20251124155506.709558.csv
2025-12-01 15:44:35-INFO-[frequency_plots.py:87]-识别到 8 个通道
2025-12-01 15:44:35-INFO-[frequency_plots.py:60]-成功读取FFT数据: 799999 行, 8 个幅度通道, 8 个相位通道
2025-12-01 15:44:35-INFO-[frequency_plots.py:49]-正在读取FFT CSV文件: D:\Lab\process\2025.11.24\frequency\cross-phase-transition\FFT_20251124155509.908605.csv
2025-12-01 15:44:37-INFO-[frequency_plots.py:87]-识别到 8 个通道
2025-12-01 15:44:37-INFO-[frequency_plots.py:60]-成功读取FFT数据: 799999 行, 8 个幅度通道, 8 个相位通道
2025-12-01 15:44:37-INFO-[frequency_plots.py:49]-正在读取FFT CSV文件: D:\Lab\process\2025.11.24\frequency\cross-phase-transition\FFT_20251124155513.109141.csv
2025-12-01 15:44:39-INFO-[frequency_plots.py:87]-识别到 8 个通道
2025-12-01 15:44:39-INFO-[frequency_plots.py:60]-成功读取FFT数据: 799999 行, 8 个幅度通道, 8 个相位通道
2025-12-01 15:44:39-INFO-[frequency_plots.py:49]-正在读取FFT CSV文件: D:\Lab\process\2025.11.24\frequency\cross-phase-transition\FFT_20251124155516.310143.csv
2025-12-01 15:44:41-INFO-[frequency_plots.py:87]-识别到 8 个通道
2025-12-01 15:44:41-INFO-[frequency_plots.py:60]-成功读取FFT数据: 799999 行, 8 个幅度通道, 8 个相位通道
2025-12-01 15:44:41-INFO-[frequency_plots.py:49]-正在读取FFT CSV文件: D:\Lab\process\2025.11.24\frequency\cross-phase-transition\FFT_20251124155519.510852.csv
2025-12-01 15:44:44-INFO-[frequency_plots.py:87]-识别到 8 个通道
2025-12-01 15:44:44-INFO-[frequency_plots.py:60]-成功读取FFT数据: 799999 行, 8 个幅度通道, 8 个相位通道
2025-12-01 15:44:44-INFO-[frequency_plots.py:49]-正在读取FFT CSV文件: D:\Lab\process\2025.11.24\frequency\cross-phase-transition\FFT_20251124155522.712351.csv
2025-12-01 15:44:46-INFO-[frequency_plots.py:87]-识别到 8 个通道
2025-12-01 15:44:46-INFO-[frequency_plots.py:60]-成功读取FFT数据: 799999 行, 8 个幅度通道, 8 个相位通道
2025-12-01 15:44:46-INFO-[frequency_plots.py:49]-正在读取FFT CSV文件: D:\Lab\process\2025.11.24\frequency\cross-phase-transition\FFT_20251124155525.909389.csv
2025-12-01 15:44:48-INFO-[frequency_plots.py:87]-识别到 8 个通道
2025-12-01 15:44:48-INFO-[frequency_plots.py:60]-成功读取FFT数据: 799999 行, 8 个幅度通道, 8 个相位通道
2025-12-01 15:44:48-INFO-[frequency_plots.py:49]-正在读取FFT CSV文件: D:\Lab\process\2025.11.24\frequency\cross-phase-transition\FFT_20251124155529.111850.csv
2025-12-01 15:44:50-INFO-[frequency_plots.py:87]-识别到 8 个通道
2025-12-01 15:44:50-INFO-[frequency_plots.py:60]-成功读取FFT数据: 799999 行, 8 个幅度通道, 8 个相位通道
2025-12-01 15:44:50-INFO-[frequency_plots.py:49]-正在读取FFT CSV文件: D:\Lab\process\2025.11.24\frequency\cross-phase-transition\FFT_20251124155532.310142.csv
2025-12-01 15:44:53-INFO-[frequency_plots.py:87]-识别到 8 个通道
2025-12-01 15:44:53-INFO-[frequency_plots.py:60]-成功读取FFT数据: 799999 行, 8 个幅度通道, 8 个相位通道
2025-12-01 15:44:53-INFO-[frequency_plots.py:49]-正在读取FFT CSV文件: D:\Lab\process\2025.11.24\frequency\cross-phase-transition\FFT_20251124155535.510158.csv
2025-12-01 15:44:55-INFO-[frequency_plots.py:87]-识别到 8 个通道
2025-12-01 15:44:55-INFO-[frequency_plots.py:60]-成功读取FFT数据: 799999 行, 8 个幅度通道, 8 个相位通道
2025-12-01 15:44:55-INFO-[frequency_plots.py:49]-正在读取FFT CSV文件: D:\Lab\process\2025.11.24\frequency\cross-phase-transition\FFT_20251124155538.714568.csv
2025-12-01 15:44:57-INFO-[frequency_plots.py:87]-识别到 8 个通道
2025-12-01 15:44:57-INFO-[frequency_plots.py:60]-成功读取FFT数据: 799999 行, 8 个幅度通道, 8 个相位通道
2025-12-01 15:44:57-INFO-[frequency_plots.py:49]-正在读取FFT CSV文件: D:\Lab\process\2025.11.24\frequency\cross-phase-transition\FFT_20251124155541.912428.csv
2025-12-01 15:45:00-INFO-[frequency_plots.py:87]-识别到 8 个通道
2025-12-01 15:45:00-INFO-[frequency_plots.py:60]-成功读取FFT数据: 799999 行, 8 个幅度通道, 8 个相位通道
2025-12-01 15:45:00-INFO-[frequency_plots.py:49]-正在读取FFT CSV文件: D:\Lab\process\2025.11.24\frequency\cross-phase-transition\FFT_20251124155545.113352.csv
2025-12-01 15:45:02-INFO-[frequency_plots.py:87]-识别到 8 个通道
2025-12-01 15:45:02-INFO-[frequency_plots.py:60]-成功读取FFT数据: 799999 行, 8 个幅度通道, 8 个相位通道
2025-12-01 15:45:02-INFO-[frequency_plots.py:49]-正在读取FFT CSV文件: D:\Lab\process\2025.11.24\frequency\cross-phase-transition\FFT_20251124155548.314151.csv
2025-12-01 15:45:04-INFO-[frequency_plots.py:87]-识别到 8 个通道
2025-12-01 15:45:04-INFO-[frequency_plots.py:60]-成功读取FFT数据: 799999 行, 8 个幅度通道, 8 个相位通道
2025-12-01 15:45:04-INFO-[frequency_plots.py:49]-正在读取FFT CSV文件: D:\Lab\process\2025.11.24\frequency\cross-phase-transition\FFT_20251124155551.514500.csv
2025-12-01 15:45:07-INFO-[frequency_plots.py:87]-识别到 8 个通道
2025-12-01 15:45:07-INFO-[frequency_plots.py:60]-成功读取FFT数据: 799999 行, 8 个幅度通道, 8 个相位通道
2025-12-01 15:45:07-INFO-[frequency_plots.py:49]-正在读取FFT CSV文件: D:\Lab\process\2025.11.24\frequency\cross-phase-transition\FFT_20251124155554.712441.csv
2025-12-01 15:45:09-INFO-[frequency_plots.py:87]-识别到 8 个通道
2025-12-01 15:45:09-INFO-[frequency_plots.py:60]-成功读取FFT数据: 799999 行, 8 个幅度通道, 8 个相位通道
2025-12-01 15:45:09-INFO-[frequency_plots.py:49]-正在读取FFT CSV文件: D:\Lab\process\2025.11.24\frequency\cross-phase-transition\FFT_20251124155557.915932.csv
2025-12-01 15:45:11-INFO-[frequency_plots.py:87]-识别到 8 个通道
2025-12-01 15:45:11-INFO-[frequency_plots.py:60]-成功读取FFT数据: 799999 行, 8 个幅度通道, 8 个相位通道
2025-12-01 15:45:11-INFO-[frequency_plots.py:49]-正在读取FFT CSV文件: D:\Lab\process\2025.11.24\frequency\cross-phase-transition\FFT_20251124155601.114768.csv
2025-12-01 15:45:13-INFO-[frequency_plots.py:87]-识别到 8 个通道
2025-12-01 15:45:13-INFO-[frequency_plots.py:60]-成功读取FFT数据: 724999 行, 8 个幅度通道, 8 个相位通道
2025-12-01 15:45:13-WARNING-[frequency_plots.py:440]-跳过文件 FFT_20251124155601.114768.csv: 数据长度不一致 (724999 vs 799999)
2025-12-01 15:45:16-INFO-[frequency_plots.py:491]-组频率稳定性分析图已保存: D:\Lab\results\2025.11.24\frequency\cross-phase-transition\group_stability_analysis.png
2025-12-01 15:45:17-INFO-[frequency_plots.py:513]-开始绘制组特征频率提取图
2025-12-01 15:45:19-INFO-[frequency_plots.py:565]-组特征频率提取图已保存: D:\Lab\results\2025.11.24\frequency\cross-phase-transition\group_feature_frequencies.png
2025-12-01 15:45:19-INFO-[frequency_plots.py:625]-开始生成组分析报告
2025-12-01 15:45:19-INFO-[frequency_plots.py:751]-组分析报告已保存: D:\Lab\results\2025.11.24\frequency\cross-phase-transition\frequency_plots_report.json
2025-12-01 15:45:19-INFO-[frequency_plots.py:866]-FFT组分析完成: cross-phase-transition
2025-12-01 15:45:19-INFO-[frequency_plots.py:956]-FFT分析完成! 成功分析 1 个组
2025-12-01 15:45:19-INFO-[frequency_plots.py:957]-总体报告: D:\Lab\results\2025.11.24\frequency\fft_analysis_summary.json
2025-12-01 15:45:19-INFO-[main.py:60]------------------------------执行完成-----------------------------
2025-12-01 15:50:35-INFO-[main.py:34]--------------------------启动数据分析系统-------------------------
2025-12-01 15:50:35-INFO-[file_utils.py:39]-paths.yaml 生成成功: C:\Users\17584\Documents\ALearning\Project\tools\DataProcess\config\paths.yaml
2025-12-01 15:50:35-INFO-[frequency_plots.py:43]-配置文件加载成功: C:\Users\17584\Documents\ALearning\Project\tools\DataProcess\config\paths.yaml
2025-12-01 15:50:35-INFO-[frequency_plots.py:892]-FFT输入目录: D:/Lab/process/2025.11.24/frequency
2025-12-01 15:50:35-INFO-[frequency_plots.py:893]-FFT输出目录: D:/Lab/results/2025.11.24/frequency
2025-12-01 15:50:35-INFO-[frequency_plots.py:905]-找到 31 个平均FFT CSV文件
2025-12-01 15:50:35-INFO-[frequency_plots.py:915]-找到 1 个FFT组: ['cross-phase-transition']
2025-12-01 15:50:35-INFO-[frequency_plots.py:923]-分析FFT组 cross-phase-transition, 包含 31 个文件
2025-12-01 15:50:35-INFO-[frequency_plots.py:815]-开始分析FFT组，包含 31 个文件
2025-12-01 15:50:35-INFO-[frequency_plots.py:49]-正在读取FFT CSV文件: D:\Lab\process\2025.11.24\frequency\cross-phase-transition\FFT_20251124155425.109285.csv
2025-12-01 15:50:36-INFO-[frequency_plots.py:87]-识别到 8 个通道
2025-12-01 15:50:36-INFO-[frequency_plots.py:60]-成功读取FFT数据: 799999 行, 8 个幅度通道, 8 个相位通道
2025-12-01 15:50:36-INFO-[frequency_plots.py:49]-正在读取FFT CSV文件: D:\Lab\process\2025.11.24\frequency\cross-phase-transition\FFT_20251124155428.308953.csv
2025-12-01 15:50:37-INFO-[frequency_plots.py:87]-识别到 8 个通道
2025-12-01 15:50:37-INFO-[frequency_plots.py:60]-成功读取FFT数据: 799999 行, 8 个幅度通道, 8 个相位通道
2025-12-01 15:50:38-INFO-[frequency_plots.py:49]-正在读取FFT CSV文件: D:\Lab\process\2025.11.24\frequency\cross-phase-transition\FFT_20251124155431.509039.csv
2025-12-01 15:50:39-INFO-[frequency_plots.py:87]-识别到 8 个通道
2025-12-01 15:50:39-INFO-[frequency_plots.py:60]-成功读取FFT数据: 799999 行, 8 个幅度通道, 8 个相位通道
2025-12-01 15:50:40-INFO-[frequency_plots.py:49]-正在读取FFT CSV文件: D:\Lab\process\2025.11.24\frequency\cross-phase-transition\FFT_20251124155434.708630.csv
2025-12-01 15:50:41-INFO-[frequency_plots.py:87]-识别到 8 个通道
2025-12-01 15:50:41-INFO-[frequency_plots.py:60]-成功读取FFT数据: 799999 行, 8 个幅度通道, 8 个相位通道
2025-12-01 15:50:41-INFO-[frequency_plots.py:49]-正在读取FFT CSV文件: D:\Lab\process\2025.11.24\frequency\cross-phase-transition\FFT_20251124155437.909330.csv
2025-12-01 15:50:43-INFO-[frequency_plots.py:87]-识别到 8 个通道
2025-12-01 15:50:43-INFO-[frequency_plots.py:60]-成功读取FFT数据: 799999 行, 8 个幅度通道, 8 个相位通道
2025-12-01 15:50:43-INFO-[frequency_plots.py:49]-正在读取FFT CSV文件: D:\Lab\process\2025.11.24\frequency\cross-phase-transition\FFT_20251124155441.108611.csv
2025-12-01 15:50:44-INFO-[frequency_plots.py:87]-识别到 8 个通道
2025-12-01 15:50:44-INFO-[frequency_plots.py:60]-成功读取FFT数据: 799999 行, 8 个幅度通道, 8 个相位通道
2025-12-01 15:50:45-INFO-[frequency_plots.py:49]-正在读取FFT CSV文件: D:\Lab\process\2025.11.24\frequency\cross-phase-transition\FFT_20251124155444.307134.csv
2025-12-01 15:50:46-INFO-[frequency_plots.py:87]-识别到 8 个通道
2025-12-01 15:50:46-INFO-[frequency_plots.py:60]-成功读取FFT数据: 799999 行, 8 个幅度通道, 8 个相位通道
2025-12-01 15:50:47-INFO-[frequency_plots.py:49]-正在读取FFT CSV文件: D:\Lab\process\2025.11.24\frequency\cross-phase-transition\FFT_20251124155447.506790.csv
2025-12-01 15:50:48-INFO-[frequency_plots.py:87]-识别到 8 个通道
2025-12-01 15:50:48-INFO-[frequency_plots.py:60]-成功读取FFT数据: 799999 行, 8 个幅度通道, 8 个相位通道
2025-12-01 15:50:48-INFO-[frequency_plots.py:49]-正在读取FFT CSV文件: D:\Lab\process\2025.11.24\frequency\cross-phase-transition\FFT_20251124155450.708379.csv
2025-12-01 15:50:50-INFO-[frequency_plots.py:87]-识别到 8 个通道
2025-12-01 15:50:50-INFO-[frequency_plots.py:60]-成功读取FFT数据: 799999 行, 8 个幅度通道, 8 个相位通道
2025-12-01 15:50:50-INFO-[frequency_plots.py:49]-正在读取FFT CSV文件: D:\Lab\process\2025.11.24\frequency\cross-phase-transition\FFT_20251124155453.907783.csv
2025-12-01 15:50:51-INFO-[frequency_plots.py:87]-识别到 8 个通道
2025-12-01 15:50:51-INFO-[frequency_plots.py:60]-成功读取FFT数据: 799999 行, 8 个幅度通道, 8 个相位通道
2025-12-01 15:50:52-INFO-[frequency_plots.py:49]-正在读取FFT CSV文件: D:\Lab\process\2025.11.24\frequency\cross-phase-transition\FFT_20251124155457.108864.csv
2025-12-01 15:50:54-INFO-[frequency_plots.py:87]-识别到 8 个通道
2025-12-01 15:50:54-INFO-[frequency_plots.py:60]-成功读取FFT数据: 799999 行, 8 个幅度通道, 8 个相位通道
2025-12-01 15:50:55-INFO-[frequency_plots.py:49]-正在读取FFT CSV文件: D:\Lab\process\2025.11.24\frequency\cross-phase-transition\FFT_20251124155500.309022.csv
2025-12-01 15:50:57-INFO-[frequency_plots.py:87]-识别到 8 个通道
2025-12-01 15:50:57-INFO-[frequency_plots.py:60]-成功读取FFT数据: 799999 行, 8 个幅度通道, 8 个相位通道
2025-12-01 15:50:58-INFO-[frequency_plots.py:49]-正在读取FFT CSV文件: D:\Lab\process\2025.11.24\frequency\cross-phase-transition\FFT_20251124155503.508866.csv
2025-12-01 15:51:00-INFO-[frequency_plots.py:87]-识别到 8 个通道
2025-12-01 15:51:00-INFO-[frequency_plots.py:60]-成功读取FFT数据: 799999 行, 8 个幅度通道, 8 个相位通道
2025-12-01 15:51:01-INFO-[frequency_plots.py:49]-正在读取FFT CSV文件: D:\Lab\process\2025.11.24\frequency\cross-phase-transition\FFT_20251124155506.709558.csv
2025-12-01 15:51:03-INFO-[frequency_plots.py:87]-识别到 8 个通道
2025-12-01 15:51:03-INFO-[frequency_plots.py:60]-成功读取FFT数据: 799999 行, 8 个幅度通道, 8 个相位通道
2025-12-01 15:51:04-INFO-[frequency_plots.py:49]-正在读取FFT CSV文件: D:\Lab\process\2025.11.24\frequency\cross-phase-transition\FFT_20251124155509.908605.csv
2025-12-01 15:51:07-INFO-[frequency_plots.py:87]-识别到 8 个通道
2025-12-01 15:51:07-INFO-[frequency_plots.py:60]-成功读取FFT数据: 799999 行, 8 个幅度通道, 8 个相位通道
2025-12-01 15:51:08-INFO-[frequency_plots.py:49]-正在读取FFT CSV文件: D:\Lab\process\2025.11.24\frequency\cross-phase-transition\FFT_20251124155513.109141.csv
2025-12-01 15:51:10-INFO-[frequency_plots.py:87]-识别到 8 个通道
2025-12-01 15:51:10-INFO-[frequency_plots.py:60]-成功读取FFT数据: 799999 行, 8 个幅度通道, 8 个相位通道
2025-12-01 15:51:11-INFO-[frequency_plots.py:49]-正在读取FFT CSV文件: D:\Lab\process\2025.11.24\frequency\cross-phase-transition\FFT_20251124155516.310143.csv
2025-12-01 15:51:13-INFO-[frequency_plots.py:87]-识别到 8 个通道
2025-12-01 15:51:13-INFO-[frequency_plots.py:60]-成功读取FFT数据: 799999 行, 8 个幅度通道, 8 个相位通道
2025-12-01 15:51:14-INFO-[frequency_plots.py:49]-正在读取FFT CSV文件: D:\Lab\process\2025.11.24\frequency\cross-phase-transition\FFT_20251124155519.510852.csv
2025-12-01 15:51:17-INFO-[frequency_plots.py:87]-识别到 8 个通道
2025-12-01 15:51:17-INFO-[frequency_plots.py:60]-成功读取FFT数据: 799999 行, 8 个幅度通道, 8 个相位通道
2025-12-01 15:51:18-INFO-[frequency_plots.py:49]-正在读取FFT CSV文件: D:\Lab\process\2025.11.24\frequency\cross-phase-transition\FFT_20251124155522.712351.csv
2025-12-01 15:51:20-INFO-[frequency_plots.py:87]-识别到 8 个通道
2025-12-01 15:51:20-INFO-[frequency_plots.py:60]-成功读取FFT数据: 799999 行, 8 个幅度通道, 8 个相位通道
2025-12-01 15:51:21-INFO-[frequency_plots.py:49]-正在读取FFT CSV文件: D:\Lab\process\2025.11.24\frequency\cross-phase-transition\FFT_20251124155525.909389.csv
2025-12-01 15:51:23-INFO-[frequency_plots.py:87]-识别到 8 个通道
2025-12-01 15:51:23-INFO-[frequency_plots.py:60]-成功读取FFT数据: 799999 行, 8 个幅度通道, 8 个相位通道
2025-12-01 15:51:24-INFO-[frequency_plots.py:49]-正在读取FFT CSV文件: D:\Lab\process\2025.11.24\frequency\cross-phase-transition\FFT_20251124155529.111850.csv
2025-12-01 15:51:26-INFO-[frequency_plots.py:87]-识别到 8 个通道
2025-12-01 15:51:26-INFO-[frequency_plots.py:60]-成功读取FFT数据: 799999 行, 8 个幅度通道, 8 个相位通道
2025-12-01 15:51:27-INFO-[frequency_plots.py:49]-正在读取FFT CSV文件: D:\Lab\process\2025.11.24\frequency\cross-phase-transition\FFT_20251124155532.310142.csv
2025-12-01 15:51:28-INFO-[frequency_plots.py:87]-识别到 8 个通道
2025-12-01 15:51:28-INFO-[frequency_plots.py:60]-成功读取FFT数据: 799999 行, 8 个幅度通道, 8 个相位通道
2025-12-01 15:51:28-INFO-[frequency_plots.py:49]-正在读取FFT CSV文件: D:\Lab\process\2025.11.24\frequency\cross-phase-transition\FFT_20251124155535.510158.csv
2025-12-01 15:51:29-INFO-[frequency_plots.py:87]-识别到 8 个通道
2025-12-01 15:51:29-INFO-[frequency_plots.py:60]-成功读取FFT数据: 799999 行, 8 个幅度通道, 8 个相位通道
2025-12-01 15:51:30-INFO-[frequency_plots.py:49]-正在读取FFT CSV文件: D:\Lab\process\2025.11.24\frequency\cross-phase-transition\FFT_20251124155538.714568.csv
2025-12-01 15:51:31-INFO-[frequency_plots.py:87]-识别到 8 个通道
2025-12-01 15:51:31-INFO-[frequency_plots.py:60]-成功读取FFT数据: 799999 行, 8 个幅度通道, 8 个相位通道
2025-12-01 15:51:32-INFO-[frequency_plots.py:49]-正在读取FFT CSV文件: D:\Lab\process\2025.11.24\frequency\cross-phase-transition\FFT_20251124155541.912428.csv
2025-12-01 15:51:34-INFO-[frequency_plots.py:87]-识别到 8 个通道
2025-12-01 15:51:34-INFO-[frequency_plots.py:60]-成功读取FFT数据: 799999 行, 8 个幅度通道, 8 个相位通道
2025-12-01 15:51:35-INFO-[frequency_plots.py:49]-正在读取FFT CSV文件: D:\Lab\process\2025.11.24\frequency\cross-phase-transition\FFT_20251124155545.113352.csv
2025-12-01 15:51:37-INFO-[frequency_plots.py:87]-识别到 8 个通道
2025-12-01 15:51:37-INFO-[frequency_plots.py:60]-成功读取FFT数据: 799999 行, 8 个幅度通道, 8 个相位通道
2025-12-01 15:51:38-INFO-[frequency_plots.py:49]-正在读取FFT CSV文件: D:\Lab\process\2025.11.24\frequency\cross-phase-transition\FFT_20251124155548.314151.csv
2025-12-01 15:51:39-INFO-[frequency_plots.py:87]-识别到 8 个通道
2025-12-01 15:51:39-INFO-[frequency_plots.py:60]-成功读取FFT数据: 799999 行, 8 个幅度通道, 8 个相位通道
2025-12-01 15:51:40-INFO-[frequency_plots.py:49]-正在读取FFT CSV文件: D:\Lab\process\2025.11.24\frequency\cross-phase-transition\FFT_20251124155551.514500.csv
2025-12-01 15:51:42-INFO-[frequency_plots.py:87]-识别到 8 个通道
2025-12-01 15:51:42-INFO-[frequency_plots.py:60]-成功读取FFT数据: 799999 行, 8 个幅度通道, 8 个相位通道
2025-12-01 15:51:43-INFO-[frequency_plots.py:49]-正在读取FFT CSV文件: D:\Lab\process\2025.11.24\frequency\cross-phase-transition\FFT_20251124155554.712441.csv
2025-12-01 15:51:46-INFO-[frequency_plots.py:87]-识别到 8 个通道
2025-12-01 15:51:46-INFO-[frequency_plots.py:60]-成功读取FFT数据: 799999 行, 8 个幅度通道, 8 个相位通道
2025-12-01 15:51:46-INFO-[frequency_plots.py:49]-正在读取FFT CSV文件: D:\Lab\process\2025.11.24\frequency\cross-phase-transition\FFT_20251124155557.915932.csv
2025-12-01 15:51:48-INFO-[frequency_plots.py:87]-识别到 8 个通道
2025-12-01 15:51:48-INFO-[frequency_plots.py:60]-成功读取FFT数据: 799999 行, 8 个幅度通道, 8 个相位通道
2025-12-01 15:51:49-INFO-[frequency_plots.py:49]-正在读取FFT CSV文件: D:\Lab\process\2025.11.24\frequency\cross-phase-transition\FFT_20251124155601.114768.csv
2025-12-01 15:51:51-INFO-[frequency_plots.py:87]-识别到 8 个通道
2025-12-01 15:51:51-INFO-[frequency_plots.py:60]-成功读取FFT数据: 724999 行, 8 个幅度通道, 8 个相位通道
2025-12-01 15:51:52-INFO-[frequency_plots.py:168]-开始绘制组幅度谱对比图
2025-12-01 15:52:38-INFO-[frequency_plots.py:230]-组幅度谱对比图1已保存: D:\Lab\results\2025.11.24\frequency\cross-phase-transition\group_amplitude_spectrum_1.png
2025-12-01 15:53:07-INFO-[frequency_plots.py:244]-组幅度谱对比图2已保存: D:\Lab\results\2025.11.24\frequency\cross-phase-transition\group_amplitude_spectrum_2.png
2025-12-01 15:53:37-INFO-[frequency_plots.py:260]-组幅度谱对比图3已保存: D:\Lab\results\2025.11.24\frequency\cross-phase-transition\group_amplitude_spectrum_3.png
2025-12-01 15:53:39-INFO-[frequency_plots.py:270]-开始绘制组相位分析图
2025-12-01 15:54:00-INFO-[frequency_plots.py:328]-组相位分析图已保存: D:\Lab\results\2025.11.24\frequency\cross-phase-transition\group_phase_analysis.png
2025-12-01 15:54:00-INFO-[frequency_plots.py:338]-开始绘制组主导频率分布图
2025-12-01 15:54:01-INFO-[frequency_plots.py:396]-组主导频率分布图已保存: D:\Lab\results\2025.11.24\frequency\cross-phase-transition\group_dominant_frequencies.png
2025-12-01 15:54:01-INFO-[frequency_plots.py:409]-开始绘制组频率稳定性分析图
2025-12-01 15:54:01-INFO-[frequency_plots.py:49]-正在读取FFT CSV文件: D:\Lab\process\2025.11.24\frequency\cross-phase-transition\FFT_20251124155425.109285.csv
2025-12-01 15:54:02-INFO-[frequency_plots.py:87]-识别到 8 个通道
2025-12-01 15:54:02-INFO-[frequency_plots.py:60]-成功读取FFT数据: 799999 行, 8 个幅度通道, 8 个相位通道
2025-12-01 15:54:02-INFO-[frequency_plots.py:49]-正在读取FFT CSV文件: D:\Lab\process\2025.11.24\frequency\cross-phase-transition\FFT_20251124155425.109285.csv
2025-12-01 15:54:03-INFO-[frequency_plots.py:87]-识别到 8 个通道
2025-12-01 15:54:03-INFO-[frequency_plots.py:60]-成功读取FFT数据: 799999 行, 8 个幅度通道, 8 个相位通道
2025-12-01 15:54:03-INFO-[frequency_plots.py:49]-正在读取FFT CSV文件: D:\Lab\process\2025.11.24\frequency\cross-phase-transition\FFT_20251124155428.308953.csv
2025-12-01 15:54:04-INFO-[frequency_plots.py:87]-识别到 8 个通道
2025-12-01 15:54:04-INFO-[frequency_plots.py:60]-成功读取FFT数据: 799999 行, 8 个幅度通道, 8 个相位通道
2025-12-01 15:54:04-INFO-[frequency_plots.py:49]-正在读取FFT CSV文件: D:\Lab\process\2025.11.24\frequency\cross-phase-transition\FFT_20251124155431.509039.csv
2025-12-01 15:54:05-INFO-[frequency_plots.py:87]-识别到 8 个通道
2025-12-01 15:54:05-INFO-[frequency_plots.py:60]-成功读取FFT数据: 799999 行, 8 个幅度通道, 8 个相位通道
2025-12-01 15:54:05-INFO-[frequency_plots.py:49]-正在读取FFT CSV文件: D:\Lab\process\2025.11.24\frequency\cross-phase-transition\FFT_20251124155434.708630.csv
2025-12-01 15:54:06-INFO-[frequency_plots.py:87]-识别到 8 个通道
2025-12-01 15:54:06-INFO-[frequency_plots.py:60]-成功读取FFT数据: 799999 行, 8 个幅度通道, 8 个相位通道
2025-12-01 15:54:06-INFO-[frequency_plots.py:49]-正在读取FFT CSV文件: D:\Lab\process\2025.11.24\frequency\cross-phase-transition\FFT_20251124155437.909330.csv
2025-12-01 15:54:07-INFO-[frequency_plots.py:87]-识别到 8 个通道
2025-12-01 15:54:07-INFO-[frequency_plots.py:60]-成功读取FFT数据: 799999 行, 8 个幅度通道, 8 个相位通道
2025-12-01 15:54:07-INFO-[frequency_plots.py:49]-正在读取FFT CSV文件: D:\Lab\process\2025.11.24\frequency\cross-phase-transition\FFT_20251124155441.108611.csv
2025-12-01 15:54:09-INFO-[frequency_plots.py:87]-识别到 8 个通道
2025-12-01 15:54:09-INFO-[frequency_plots.py:60]-成功读取FFT数据: 799999 行, 8 个幅度通道, 8 个相位通道
2025-12-01 15:54:09-INFO-[frequency_plots.py:49]-正在读取FFT CSV文件: D:\Lab\process\2025.11.24\frequency\cross-phase-transition\FFT_20251124155444.307134.csv
2025-12-01 15:54:10-INFO-[frequency_plots.py:87]-识别到 8 个通道
2025-12-01 15:54:10-INFO-[frequency_plots.py:60]-成功读取FFT数据: 799999 行, 8 个幅度通道, 8 个相位通道
2025-12-01 15:54:10-INFO-[frequency_plots.py:49]-正在读取FFT CSV文件: D:\Lab\process\2025.11.24\frequency\cross-phase-transition\FFT_20251124155447.506790.csv
2025-12-01 15:54:11-INFO-[frequency_plots.py:87]-识别到 8 个通道
2025-12-01 15:54:11-INFO-[frequency_plots.py:60]-成功读取FFT数据: 799999 行, 8 个幅度通道, 8 个相位通道
2025-12-01 15:54:11-INFO-[frequency_plots.py:49]-正在读取FFT CSV文件: D:\Lab\process\2025.11.24\frequency\cross-phase-transition\FFT_20251124155450.708379.csv
2025-12-01 15:54:12-INFO-[frequency_plots.py:87]-识别到 8 个通道
2025-12-01 15:54:12-INFO-[frequency_plots.py:60]-成功读取FFT数据: 799999 行, 8 个幅度通道, 8 个相位通道
2025-12-01 15:54:12-INFO-[frequency_plots.py:49]-正在读取FFT CSV文件: D:\Lab\process\2025.11.24\frequency\cross-phase-transition\FFT_20251124155453.907783.csv
2025-12-01 15:54:13-INFO-[frequency_plots.py:87]-识别到 8 个通道
2025-12-01 15:54:13-INFO-[frequency_plots.py:60]-成功读取FFT数据: 799999 行, 8 个幅度通道, 8 个相位通道
2025-12-01 15:54:13-INFO-[frequency_plots.py:49]-正在读取FFT CSV文件: D:\Lab\process\2025.11.24\frequency\cross-phase-transition\FFT_20251124155457.108864.csv
2025-12-01 15:54:14-INFO-[frequency_plots.py:87]-识别到 8 个通道
2025-12-01 15:54:14-INFO-[frequency_plots.py:60]-成功读取FFT数据: 799999 行, 8 个幅度通道, 8 个相位通道
2025-12-01 15:54:14-INFO-[frequency_plots.py:49]-正在读取FFT CSV文件: D:\Lab\process\2025.11.24\frequency\cross-phase-transition\FFT_20251124155500.309022.csv
2025-12-01 15:54:15-INFO-[frequency_plots.py:87]-识别到 8 个通道
2025-12-01 15:54:15-INFO-[frequency_plots.py:60]-成功读取FFT数据: 799999 行, 8 个幅度通道, 8 个相位通道
2025-12-01 15:54:15-INFO-[frequency_plots.py:49]-正在读取FFT CSV文件: D:\Lab\process\2025.11.24\frequency\cross-phase-transition\FFT_20251124155503.508866.csv
2025-12-01 15:54:16-INFO-[frequency_plots.py:87]-识别到 8 个通道
2025-12-01 15:54:16-INFO-[frequency_plots.py:60]-成功读取FFT数据: 799999 行, 8 个幅度通道, 8 个相位通道
2025-12-01 15:54:16-INFO-[frequency_plots.py:49]-正在读取FFT CSV文件: D:\Lab\process\2025.11.24\frequency\cross-phase-transition\FFT_20251124155506.709558.csv
2025-12-01 15:54:17-INFO-[frequency_plots.py:87]-识别到 8 个通道
2025-12-01 15:54:17-INFO-[frequency_plots.py:60]-成功读取FFT数据: 799999 行, 8 个幅度通道, 8 个相位通道
2025-12-01 15:54:17-INFO-[frequency_plots.py:49]-正在读取FFT CSV文件: D:\Lab\process\2025.11.24\frequency\cross-phase-transition\FFT_20251124155509.908605.csv
2025-12-01 15:54:18-INFO-[frequency_plots.py:87]-识别到 8 个通道
2025-12-01 15:54:18-INFO-[frequency_plots.py:60]-成功读取FFT数据: 799999 行, 8 个幅度通道, 8 个相位通道
2025-12-01 15:54:18-INFO-[frequency_plots.py:49]-正在读取FFT CSV文件: D:\Lab\process\2025.11.24\frequency\cross-phase-transition\FFT_20251124155513.109141.csv
2025-12-01 15:54:19-INFO-[frequency_plots.py:87]-识别到 8 个通道
2025-12-01 15:54:19-INFO-[frequency_plots.py:60]-成功读取FFT数据: 799999 行, 8 个幅度通道, 8 个相位通道
2025-12-01 15:54:19-INFO-[frequency_plots.py:49]-正在读取FFT CSV文件: D:\Lab\process\2025.11.24\frequency\cross-phase-transition\FFT_20251124155516.310143.csv
2025-12-01 15:54:20-INFO-[frequency_plots.py:87]-识别到 8 个通道
2025-12-01 15:54:20-INFO-[frequency_plots.py:60]-成功读取FFT数据: 799999 行, 8 个幅度通道, 8 个相位通道
2025-12-01 15:54:20-INFO-[frequency_plots.py:49]-正在读取FFT CSV文件: D:\Lab\process\2025.11.24\frequency\cross-phase-transition\FFT_20251124155519.510852.csv
2025-12-01 15:54:22-INFO-[frequency_plots.py:87]-识别到 8 个通道
2025-12-01 15:54:22-INFO-[frequency_plots.py:60]-成功读取FFT数据: 799999 行, 8 个幅度通道, 8 个相位通道
2025-12-01 15:54:22-INFO-[frequency_plots.py:49]-正在读取FFT CSV文件: D:\Lab\process\2025.11.24\frequency\cross-phase-transition\FFT_20251124155522.712351.csv
2025-12-01 15:54:23-INFO-[frequency_plots.py:87]-识别到 8 个通道
2025-12-01 15:54:23-INFO-[frequency_plots.py:60]-成功读取FFT数据: 799999 行, 8 个幅度通道, 8 个相位通道
2025-12-01 15:54:23-INFO-[frequency_plots.py:49]-正在读取FFT CSV文件: D:\Lab\process\2025.11.24\frequency\cross-phase-transition\FFT_20251124155525.909389.csv
2025-12-01 15:54:24-INFO-[frequency_plots.py:87]-识别到 8 个通道
2025-12-01 15:54:24-INFO-[frequency_plots.py:60]-成功读取FFT数据: 799999 行, 8 个幅度通道, 8 个相位通道
2025-12-01 15:54:24-INFO-[frequency_plots.py:49]-正在读取FFT CSV文件: D:\Lab\process\2025.11.24\frequency\cross-phase-transition\FFT_20251124155529.111850.csv
2025-12-01 15:54:25-INFO-[frequency_plots.py:87]-识别到 8 个通道
2025-12-01 15:54:25-INFO-[frequency_plots.py:60]-成功读取FFT数据: 799999 行, 8 个幅度通道, 8 个相位通道
2025-12-01 15:54:25-INFO-[frequency_plots.py:49]-正在读取FFT CSV文件: D:\Lab\process\2025.11.24\frequency\cross-phase-transition\FFT_20251124155532.310142.csv
2025-12-01 15:54:26-INFO-[frequency_plots.py:87]-识别到 8 个通道
2025-12-01 15:54:26-INFO-[frequency_plots.py:60]-成功读取FFT数据: 799999 行, 8 个幅度通道, 8 个相位通道
2025-12-01 15:54:26-INFO-[frequency_plots.py:49]-正在读取FFT CSV文件: D:\Lab\process\2025.11.24\frequency\cross-phase-transition\FFT_20251124155535.510158.csv
2025-12-01 15:54:27-INFO-[frequency_plots.py:87]-识别到 8 个通道
2025-12-01 15:54:27-INFO-[frequency_plots.py:60]-成功读取FFT数据: 799999 行, 8 个幅度通道, 8 个相位通道
2025-12-01 15:54:27-INFO-[frequency_plots.py:49]-正在读取FFT CSV文件: D:\Lab\process\2025.11.24\frequency\cross-phase-transition\FFT_20251124155538.714568.csv
2025-12-01 15:54:28-INFO-[frequency_plots.py:87]-识别到 8 个通道
2025-12-01 15:54:28-INFO-[frequency_plots.py:60]-成功读取FFT数据: 799999 行, 8 个幅度通道, 8 个相位通道
2025-12-01 15:54:28-INFO-[frequency_plots.py:49]-正在读取FFT CSV文件: D:\Lab\process\2025.11.24\frequency\cross-phase-transition\FFT_20251124155541.912428.csv
2025-12-01 15:54:29-INFO-[frequency_plots.py:87]-识别到 8 个通道
2025-12-01 15:54:29-INFO-[frequency_plots.py:60]-成功读取FFT数据: 799999 行, 8 个幅度通道, 8 个相位通道
2025-12-01 15:54:29-INFO-[frequency_plots.py:49]-正在读取FFT CSV文件: D:\Lab\process\2025.11.24\frequency\cross-phase-transition\FFT_20251124155545.113352.csv
2025-12-01 15:54:30-INFO-[frequency_plots.py:87]-识别到 8 个通道
2025-12-01 15:54:30-INFO-[frequency_plots.py:60]-成功读取FFT数据: 799999 行, 8 个幅度通道, 8 个相位通道
2025-12-01 15:54:30-INFO-[frequency_plots.py:49]-正在读取FFT CSV文件: D:\Lab\process\2025.11.24\frequency\cross-phase-transition\FFT_20251124155548.314151.csv
2025-12-01 15:54:31-INFO-[frequency_plots.py:87]-识别到 8 个通道
2025-12-01 15:54:31-INFO-[frequency_plots.py:60]-成功读取FFT数据: 799999 行, 8 个幅度通道, 8 个相位通道
2025-12-01 15:54:31-INFO-[frequency_plots.py:49]-正在读取FFT CSV文件: D:\Lab\process\2025.11.24\frequency\cross-phase-transition\FFT_20251124155551.514500.csv
2025-12-01 15:54:33-INFO-[frequency_plots.py:87]-识别到 8 个通道
2025-12-01 15:54:33-INFO-[frequency_plots.py:60]-成功读取FFT数据: 799999 行, 8 个幅度通道, 8 个相位通道
2025-12-01 15:54:33-INFO-[frequency_plots.py:49]-正在读取FFT CSV文件: D:\Lab\process\2025.11.24\frequency\cross-phase-transition\FFT_20251124155554.712441.csv
2025-12-01 15:54:34-INFO-[frequency_plots.py:87]-识别到 8 个通道
2025-12-01 15:54:34-INFO-[frequency_plots.py:60]-成功读取FFT数据: 799999 行, 8 个幅度通道, 8 个相位通道
2025-12-01 15:54:34-INFO-[frequency_plots.py:49]-正在读取FFT CSV文件: D:\Lab\process\2025.11.24\frequency\cross-phase-transition\FFT_20251124155557.915932.csv
2025-12-01 15:54:35-INFO-[frequency_plots.py:87]-识别到 8 个通道
2025-12-01 15:54:35-INFO-[frequency_plots.py:60]-成功读取FFT数据: 799999 行, 8 个幅度通道, 8 个相位通道
2025-12-01 15:54:35-INFO-[frequency_plots.py:49]-正在读取FFT CSV文件: D:\Lab\process\2025.11.24\frequency\cross-phase-transition\FFT_20251124155601.114768.csv
2025-12-01 15:54:36-INFO-[frequency_plots.py:87]-识别到 8 个通道
2025-12-01 15:54:36-INFO-[frequency_plots.py:60]-成功读取FFT数据: 724999 行, 8 个幅度通道, 8 个相位通道
2025-12-01 15:54:36-WARNING-[frequency_plots.py:437]-跳过文件 FFT_20251124155601.114768.csv: 数据长度不一致 (724999 vs 799999)
2025-12-01 15:54:39-INFO-[frequency_plots.py:488]-组频率稳定性分析图已保存: D:\Lab\results\2025.11.24\frequency\cross-phase-transition\group_stability_analysis.png
2025-12-01 15:54:39-INFO-[frequency_plots.py:510]-开始绘制组特征频率提取图
2025-12-01 15:54:40-INFO-[frequency_plots.py:562]-组特征频率提取图已保存: D:\Lab\results\2025.11.24\frequency\cross-phase-transition\group_feature_frequencies.png
2025-12-01 15:54:40-INFO-[frequency_plots.py:622]-开始生成组分析报告
2025-12-01 15:54:40-INFO-[frequency_plots.py:748]-组分析报告已保存: D:\Lab\results\2025.11.24\frequency\cross-phase-transition\frequency_plots_report.json
2025-12-01 15:54:40-INFO-[frequency_plots.py:863]-FFT组分析完成: cross-phase-transition
2025-12-01 15:54:40-INFO-[frequency_plots.py:953]-FFT分析完成! 成功分析 1 个组
2025-12-01 15:54:40-INFO-[frequency_plots.py:954]-总体报告: D:\Lab\results\2025.11.24\frequency\fft_analysis_summary.json
2025-12-01 15:54:40-INFO-[main.py:60]------------------------------执行完成-----------------------------
