2025-09-03 22:47:53,018 - src.utils.logging_utils - INFO - 启动水下目标电荷探测数据分析系统
2025-09-03 22:47:53,026 - src.utils.logging_utils - INFO - 启动数据加载模块
2025-09-03 22:47:53,028 - src.utils.logging_utils - INFO - 模块执行完成
2025-09-03 22:58:34,913 - src.utils.logging_utils - INFO - 启动水下目标电荷探测数据分析系统
2025-09-03 22:58:34,923 - src.utils.logging_utils - INFO - 启动数据加载模块
2025-09-03 22:58:34,924 - src.utils.logging_utils - INFO - 模块执行完成
2025-09-03 22:59:49,326 - src.utils.logging_utils - INFO - 启动水下目标电荷探测数据分析系统
2025-09-03 22:59:49,336 - src.utils.logging_utils - INFO - 启动数据加载模块
2025-09-03 22:59:49,338 - src.utils.logging_utils - INFO - 模块执行完成
2025-09-03 23:01:38,460 - src.utils.logging_utils - INFO - 启动水下目标电荷探测数据分析系统
2025-09-03 23:02:05,269 - src.utils.logging_utils - INFO - 启动水下目标电荷探测数据分析系统
2025-09-03 23:02:05,277 - src.utils.logging_utils - INFO - 启动完整分析流程
2025-09-03 23:02:05,280 - src.utils.logging_utils - ERROR - 执行模块 all 时发生错误: cannot import name 'main' from 'src.preprocessing.background_subtraction' (C:\Users\17584\Documents\ALearning\Project\tools\DataProcess\src\preprocessing\background_subtraction.py)
Traceback (most recent call last):
  File "C:\Users\17584\Documents\ALearning\Project\tools\DataProcess\src\main.py", line 76, in main
    from src.preprocessing.background_subtraction import main as preprocess_main
ImportError: cannot import name 'main' from 'src.preprocessing.background_subtraction' (C:\Users\17584\Documents\ALearning\Project\tools\DataProcess\src\preprocessing\background_subtraction.py)
2025-09-03 23:02:36,715 - src.utils.logging_utils - INFO - 启动水下目标电荷探测数据分析系统
2025-09-03 23:02:36,723 - src.utils.logging_utils - INFO - 启动数据加载模块
2025-09-03 23:02:36,724 - src.utils.logging_utils - INFO - 模块执行完成
2025-09-03 23:02:50,843 - src.utils.logging_utils - INFO - 启动水下目标电荷探测数据分析系统
2025-09-03 23:02:50,851 - src.utils.logging_utils - INFO - 启动数据加载模块
2025-09-03 23:02:50,852 - src.utils.logging_utils - INFO - 模块执行完成
