2025-11-30 16:21:29-INFO-[main.py:34]--------------------------启动数据分析系统-------------------------
2025-11-30 16:21:29-INFO-[file_utils.py:39]-paths.yaml 生成成功: C:\Users\17584\Documents\ALearning\Project\tools\DataProcess\config\paths.yaml
2025-11-30 16:21:29-INFO-[frequency_plots.py:43]-配置文件加载成功: C:\Users\17584\Documents\ALearning\Project\tools\DataProcess\config\paths.yaml
2025-11-30 16:21:29-INFO-[frequency_plots.py:796]-FFT输入目录: D:/Lab/process/2025.11.24/frequency
2025-11-30 16:21:29-INFO-[frequency_plots.py:797]-FFT输出目录: D:/Lab/results/2025.11.24/frequency
2025-11-30 16:21:29-WARNING-[frequency_plots.py:806]-在 D:/Lab/process/2025.11.24/frequency 中未找到平均FFT CSV文件
2025-11-30 16:21:29-INFO-[main.py:60]------------------------------执行完成-----------------------------
2025-11-30 16:24:37-INFO-[main.py:34]--------------------------启动数据分析系统-------------------------
2025-11-30 16:24:37-INFO-[file_utils.py:39]-paths.yaml 生成成功: C:\Users\17584\Documents\ALearning\Project\tools\DataProcess\config\paths.yaml
2025-11-30 16:24:37-INFO-[frequency_plots.py:43]-配置文件加载成功: C:\Users\17584\Documents\ALearning\Project\tools\DataProcess\config\paths.yaml
2025-11-30 16:24:37-INFO-[frequency_plots.py:796]-FFT输入目录: D:/Lab/process/2025.11.24/frequency
2025-11-30 16:24:37-INFO-[frequency_plots.py:797]-FFT输出目录: D:/Lab/results/2025.11.24/frequency
2025-11-30 16:24:37-INFO-[frequency_plots.py:809]-找到 31 个平均FFT CSV文件
2025-11-30 16:24:37-INFO-[frequency_plots.py:819]-找到 1 个FFT组: ['cross-phase-transition']
2025-11-30 16:24:37-INFO-[frequency_plots.py:827]-分析FFT组 cross-phase-transition, 包含 31 个文件
2025-11-30 16:24:37-INFO-[frequency_plots.py:719]-开始分析FFT组，包含 31 个文件
2025-11-30 16:24:37-INFO-[frequency_plots.py:49]-正在读取FFT CSV文件: D:\Lab\process\2025.11.24\frequency\cross-phase-transition\FFT_20251124155425.109285.csv
2025-11-30 16:24:38-INFO-[frequency_plots.py:87]-识别到 8 个通道
2025-11-30 16:24:38-INFO-[frequency_plots.py:60]-成功读取FFT数据: 799999 行, 8 个幅度通道, 8 个相位通道
2025-11-30 16:24:38-INFO-[frequency_plots.py:49]-正在读取FFT CSV文件: D:\Lab\process\2025.11.24\frequency\cross-phase-transition\FFT_20251124155428.308953.csv
2025-11-30 16:24:40-INFO-[frequency_plots.py:87]-识别到 8 个通道
2025-11-30 16:24:40-INFO-[frequency_plots.py:60]-成功读取FFT数据: 799999 行, 8 个幅度通道, 8 个相位通道
2025-11-30 16:24:40-INFO-[frequency_plots.py:49]-正在读取FFT CSV文件: D:\Lab\process\2025.11.24\frequency\cross-phase-transition\FFT_20251124155431.509039.csv
2025-11-30 16:24:41-INFO-[frequency_plots.py:87]-识别到 8 个通道
2025-11-30 16:24:41-INFO-[frequency_plots.py:60]-成功读取FFT数据: 799999 行, 8 个幅度通道, 8 个相位通道
2025-11-30 16:24:42-INFO-[frequency_plots.py:49]-正在读取FFT CSV文件: D:\Lab\process\2025.11.24\frequency\cross-phase-transition\FFT_20251124155434.708630.csv
2025-11-30 16:24:43-INFO-[frequency_plots.py:87]-识别到 8 个通道
2025-11-30 16:24:43-INFO-[frequency_plots.py:60]-成功读取FFT数据: 799999 行, 8 个幅度通道, 8 个相位通道
2025-11-30 16:24:44-INFO-[frequency_plots.py:49]-正在读取FFT CSV文件: D:\Lab\process\2025.11.24\frequency\cross-phase-transition\FFT_20251124155437.909330.csv
2025-11-30 16:24:45-INFO-[frequency_plots.py:87]-识别到 8 个通道
2025-11-30 16:24:45-INFO-[frequency_plots.py:60]-成功读取FFT数据: 799999 行, 8 个幅度通道, 8 个相位通道
2025-11-30 16:24:45-INFO-[frequency_plots.py:49]-正在读取FFT CSV文件: D:\Lab\process\2025.11.24\frequency\cross-phase-transition\FFT_20251124155441.108611.csv
2025-11-30 16:24:46-INFO-[frequency_plots.py:87]-识别到 8 个通道
2025-11-30 16:24:46-INFO-[frequency_plots.py:60]-成功读取FFT数据: 799999 行, 8 个幅度通道, 8 个相位通道
2025-11-30 16:24:47-INFO-[frequency_plots.py:49]-正在读取FFT CSV文件: D:\Lab\process\2025.11.24\frequency\cross-phase-transition\FFT_20251124155444.307134.csv
2025-11-30 16:24:48-INFO-[frequency_plots.py:87]-识别到 8 个通道
2025-11-30 16:24:48-INFO-[frequency_plots.py:60]-成功读取FFT数据: 799999 行, 8 个幅度通道, 8 个相位通道
2025-11-30 16:24:49-INFO-[frequency_plots.py:49]-正在读取FFT CSV文件: D:\Lab\process\2025.11.24\frequency\cross-phase-transition\FFT_20251124155447.506790.csv
2025-11-30 16:24:50-INFO-[frequency_plots.py:87]-识别到 8 个通道
2025-11-30 16:24:50-INFO-[frequency_plots.py:60]-成功读取FFT数据: 799999 行, 8 个幅度通道, 8 个相位通道
2025-11-30 16:24:51-INFO-[frequency_plots.py:49]-正在读取FFT CSV文件: D:\Lab\process\2025.11.24\frequency\cross-phase-transition\FFT_20251124155450.708379.csv
2025-11-30 16:24:52-INFO-[frequency_plots.py:87]-识别到 8 个通道
2025-11-30 16:24:52-INFO-[frequency_plots.py:60]-成功读取FFT数据: 799999 行, 8 个幅度通道, 8 个相位通道
2025-11-30 16:24:52-INFO-[frequency_plots.py:49]-正在读取FFT CSV文件: D:\Lab\process\2025.11.24\frequency\cross-phase-transition\FFT_20251124155453.907783.csv
2025-11-30 16:24:53-INFO-[frequency_plots.py:87]-识别到 8 个通道
2025-11-30 16:24:53-INFO-[frequency_plots.py:60]-成功读取FFT数据: 799999 行, 8 个幅度通道, 8 个相位通道
2025-11-30 16:24:54-INFO-[frequency_plots.py:49]-正在读取FFT CSV文件: D:\Lab\process\2025.11.24\frequency\cross-phase-transition\FFT_20251124155457.108864.csv
2025-11-30 16:24:56-INFO-[frequency_plots.py:87]-识别到 8 个通道
2025-11-30 16:24:56-INFO-[frequency_plots.py:60]-成功读取FFT数据: 799999 行, 8 个幅度通道, 8 个相位通道
2025-11-30 16:24:56-INFO-[frequency_plots.py:49]-正在读取FFT CSV文件: D:\Lab\process\2025.11.24\frequency\cross-phase-transition\FFT_20251124155500.309022.csv
2025-11-30 16:24:57-INFO-[frequency_plots.py:87]-识别到 8 个通道
2025-11-30 16:24:57-INFO-[frequency_plots.py:60]-成功读取FFT数据: 799999 行, 8 个幅度通道, 8 个相位通道
2025-11-30 16:24:58-INFO-[frequency_plots.py:49]-正在读取FFT CSV文件: D:\Lab\process\2025.11.24\frequency\cross-phase-transition\FFT_20251124155503.508866.csv
2025-11-30 16:24:59-INFO-[frequency_plots.py:87]-识别到 8 个通道
2025-11-30 16:24:59-INFO-[frequency_plots.py:60]-成功读取FFT数据: 799999 行, 8 个幅度通道, 8 个相位通道
2025-11-30 16:25:00-INFO-[frequency_plots.py:49]-正在读取FFT CSV文件: D:\Lab\process\2025.11.24\frequency\cross-phase-transition\FFT_20251124155506.709558.csv
2025-11-30 16:25:01-INFO-[frequency_plots.py:87]-识别到 8 个通道
2025-11-30 16:25:01-INFO-[frequency_plots.py:60]-成功读取FFT数据: 799999 行, 8 个幅度通道, 8 个相位通道
2025-11-30 16:25:01-INFO-[frequency_plots.py:49]-正在读取FFT CSV文件: D:\Lab\process\2025.11.24\frequency\cross-phase-transition\FFT_20251124155509.908605.csv
2025-11-30 16:25:03-INFO-[frequency_plots.py:87]-识别到 8 个通道
2025-11-30 16:25:03-INFO-[frequency_plots.py:60]-成功读取FFT数据: 799999 行, 8 个幅度通道, 8 个相位通道
2025-11-30 16:25:03-INFO-[frequency_plots.py:49]-正在读取FFT CSV文件: D:\Lab\process\2025.11.24\frequency\cross-phase-transition\FFT_20251124155513.109141.csv
2025-11-30 16:25:04-INFO-[frequency_plots.py:87]-识别到 8 个通道
2025-11-30 16:25:04-INFO-[frequency_plots.py:60]-成功读取FFT数据: 799999 行, 8 个幅度通道, 8 个相位通道
2025-11-30 16:25:05-INFO-[frequency_plots.py:49]-正在读取FFT CSV文件: D:\Lab\process\2025.11.24\frequency\cross-phase-transition\FFT_20251124155516.310143.csv
2025-11-30 16:25:06-INFO-[frequency_plots.py:87]-识别到 8 个通道
2025-11-30 16:25:06-INFO-[frequency_plots.py:60]-成功读取FFT数据: 799999 行, 8 个幅度通道, 8 个相位通道
2025-11-30 16:25:07-INFO-[frequency_plots.py:49]-正在读取FFT CSV文件: D:\Lab\process\2025.11.24\frequency\cross-phase-transition\FFT_20251124155519.510852.csv
2025-11-30 16:25:08-INFO-[frequency_plots.py:87]-识别到 8 个通道
2025-11-30 16:25:08-INFO-[frequency_plots.py:60]-成功读取FFT数据: 799999 行, 8 个幅度通道, 8 个相位通道
2025-11-30 16:25:08-INFO-[frequency_plots.py:49]-正在读取FFT CSV文件: D:\Lab\process\2025.11.24\frequency\cross-phase-transition\FFT_20251124155522.712351.csv
2025-11-30 16:25:10-INFO-[frequency_plots.py:87]-识别到 8 个通道
2025-11-30 16:25:10-INFO-[frequency_plots.py:60]-成功读取FFT数据: 799999 行, 8 个幅度通道, 8 个相位通道
2025-11-30 16:25:10-INFO-[frequency_plots.py:49]-正在读取FFT CSV文件: D:\Lab\process\2025.11.24\frequency\cross-phase-transition\FFT_20251124155525.909389.csv
2025-11-30 16:25:11-INFO-[frequency_plots.py:87]-识别到 8 个通道
2025-11-30 16:25:11-INFO-[frequency_plots.py:60]-成功读取FFT数据: 799999 行, 8 个幅度通道, 8 个相位通道
2025-11-30 16:25:12-INFO-[frequency_plots.py:49]-正在读取FFT CSV文件: D:\Lab\process\2025.11.24\frequency\cross-phase-transition\FFT_20251124155529.111850.csv
2025-11-30 16:25:13-INFO-[frequency_plots.py:87]-识别到 8 个通道
2025-11-30 16:25:13-INFO-[frequency_plots.py:60]-成功读取FFT数据: 799999 行, 8 个幅度通道, 8 个相位通道
2025-11-30 16:25:14-INFO-[frequency_plots.py:49]-正在读取FFT CSV文件: D:\Lab\process\2025.11.24\frequency\cross-phase-transition\FFT_20251124155532.310142.csv
2025-11-30 16:25:15-INFO-[frequency_plots.py:87]-识别到 8 个通道
2025-11-30 16:25:15-INFO-[frequency_plots.py:60]-成功读取FFT数据: 799999 行, 8 个幅度通道, 8 个相位通道
2025-11-30 16:25:15-INFO-[frequency_plots.py:49]-正在读取FFT CSV文件: D:\Lab\process\2025.11.24\frequency\cross-phase-transition\FFT_20251124155535.510158.csv
2025-11-30 16:25:16-INFO-[frequency_plots.py:87]-识别到 8 个通道
2025-11-30 16:25:16-INFO-[frequency_plots.py:60]-成功读取FFT数据: 799999 行, 8 个幅度通道, 8 个相位通道
2025-11-30 16:25:17-INFO-[frequency_plots.py:49]-正在读取FFT CSV文件: D:\Lab\process\2025.11.24\frequency\cross-phase-transition\FFT_20251124155538.714568.csv
2025-11-30 16:25:18-INFO-[frequency_plots.py:87]-识别到 8 个通道
2025-11-30 16:25:18-INFO-[frequency_plots.py:60]-成功读取FFT数据: 799999 行, 8 个幅度通道, 8 个相位通道
2025-11-30 16:25:19-INFO-[frequency_plots.py:49]-正在读取FFT CSV文件: D:\Lab\process\2025.11.24\frequency\cross-phase-transition\FFT_20251124155541.912428.csv
2025-11-30 16:25:20-INFO-[frequency_plots.py:87]-识别到 8 个通道
2025-11-30 16:25:20-INFO-[frequency_plots.py:60]-成功读取FFT数据: 799999 行, 8 个幅度通道, 8 个相位通道
2025-11-30 16:25:20-INFO-[frequency_plots.py:49]-正在读取FFT CSV文件: D:\Lab\process\2025.11.24\frequency\cross-phase-transition\FFT_20251124155545.113352.csv
2025-11-30 16:25:21-INFO-[frequency_plots.py:87]-识别到 8 个通道
2025-11-30 16:25:21-INFO-[frequency_plots.py:60]-成功读取FFT数据: 799999 行, 8 个幅度通道, 8 个相位通道
2025-11-30 16:25:22-INFO-[frequency_plots.py:49]-正在读取FFT CSV文件: D:\Lab\process\2025.11.24\frequency\cross-phase-transition\FFT_20251124155548.314151.csv
2025-11-30 16:25:24-INFO-[frequency_plots.py:87]-识别到 8 个通道
2025-11-30 16:25:24-INFO-[frequency_plots.py:60]-成功读取FFT数据: 799999 行, 8 个幅度通道, 8 个相位通道
2025-11-30 16:25:26-INFO-[frequency_plots.py:49]-正在读取FFT CSV文件: D:\Lab\process\2025.11.24\frequency\cross-phase-transition\FFT_20251124155551.514500.csv
2025-11-30 16:25:28-INFO-[frequency_plots.py:87]-识别到 8 个通道
2025-11-30 16:25:28-INFO-[frequency_plots.py:60]-成功读取FFT数据: 799999 行, 8 个幅度通道, 8 个相位通道
2025-11-30 16:25:29-INFO-[frequency_plots.py:49]-正在读取FFT CSV文件: D:\Lab\process\2025.11.24\frequency\cross-phase-transition\FFT_20251124155554.712441.csv
2025-11-30 16:25:31-INFO-[frequency_plots.py:87]-识别到 8 个通道
2025-11-30 16:25:31-INFO-[frequency_plots.py:60]-成功读取FFT数据: 799999 行, 8 个幅度通道, 8 个相位通道
2025-11-30 16:25:32-INFO-[frequency_plots.py:49]-正在读取FFT CSV文件: D:\Lab\process\2025.11.24\frequency\cross-phase-transition\FFT_20251124155557.915932.csv
2025-11-30 16:25:35-INFO-[frequency_plots.py:87]-识别到 8 个通道
2025-11-30 16:25:35-INFO-[frequency_plots.py:60]-成功读取FFT数据: 799999 行, 8 个幅度通道, 8 个相位通道
2025-11-30 16:25:36-INFO-[frequency_plots.py:49]-正在读取FFT CSV文件: D:\Lab\process\2025.11.24\frequency\cross-phase-transition\FFT_20251124155601.114768.csv
2025-11-30 16:25:38-INFO-[frequency_plots.py:87]-识别到 8 个通道
2025-11-30 16:25:38-INFO-[frequency_plots.py:60]-成功读取FFT数据: 724999 行, 8 个幅度通道, 8 个相位通道
2025-11-30 16:25:39-INFO-[frequency_plots.py:168]-开始绘制组幅度谱对比图
2025-11-30 16:26:34-INFO-[frequency_plots.py:230]-组幅度谱对比图已保存: D:\Lab\results\2025.11.24\frequency\cross-phase-transition\group_amplitude_spectrum.png
2025-11-30 16:26:36-INFO-[frequency_plots.py:240]-开始绘制组相位分析图
2025-11-30 16:27:00-INFO-[frequency_plots.py:298]-组相位分析图已保存: D:\Lab\results\2025.11.24\frequency\cross-phase-transition\group_phase_analysis.png
2025-11-30 16:27:00-INFO-[frequency_plots.py:308]-开始绘制组主导频率分布图
2025-11-30 16:27:01-INFO-[frequency_plots.py:366]-组主导频率分布图已保存: D:\Lab\results\2025.11.24\frequency\cross-phase-transition\group_dominant_frequencies.png
2025-11-30 16:27:01-INFO-[frequency_plots.py:379]-开始绘制组频率稳定性分析图
2025-11-30 16:27:01-INFO-[frequency_plots.py:49]-正在读取FFT CSV文件: D:\Lab\process\2025.11.24\frequency\cross-phase-transition\FFT_20251124155425.109285.csv
2025-11-30 16:27:02-INFO-[frequency_plots.py:87]-识别到 8 个通道
2025-11-30 16:27:02-INFO-[frequency_plots.py:60]-成功读取FFT数据: 799999 行, 8 个幅度通道, 8 个相位通道
2025-11-30 16:27:02-INFO-[frequency_plots.py:49]-正在读取FFT CSV文件: D:\Lab\process\2025.11.24\frequency\cross-phase-transition\FFT_20251124155425.109285.csv
2025-11-30 16:27:03-INFO-[frequency_plots.py:87]-识别到 8 个通道
2025-11-30 16:27:03-INFO-[frequency_plots.py:60]-成功读取FFT数据: 799999 行, 8 个幅度通道, 8 个相位通道
2025-11-30 16:27:03-INFO-[frequency_plots.py:49]-正在读取FFT CSV文件: D:\Lab\process\2025.11.24\frequency\cross-phase-transition\FFT_20251124155428.308953.csv
2025-11-30 16:27:04-INFO-[frequency_plots.py:87]-识别到 8 个通道
2025-11-30 16:27:04-INFO-[frequency_plots.py:60]-成功读取FFT数据: 799999 行, 8 个幅度通道, 8 个相位通道
2025-11-30 16:27:04-INFO-[frequency_plots.py:49]-正在读取FFT CSV文件: D:\Lab\process\2025.11.24\frequency\cross-phase-transition\FFT_20251124155431.509039.csv
2025-11-30 16:27:05-INFO-[frequency_plots.py:87]-识别到 8 个通道
2025-11-30 16:27:05-INFO-[frequency_plots.py:60]-成功读取FFT数据: 799999 行, 8 个幅度通道, 8 个相位通道
2025-11-30 16:27:05-INFO-[frequency_plots.py:49]-正在读取FFT CSV文件: D:\Lab\process\2025.11.24\frequency\cross-phase-transition\FFT_20251124155434.708630.csv
2025-11-30 16:27:06-INFO-[frequency_plots.py:87]-识别到 8 个通道
2025-11-30 16:27:06-INFO-[frequency_plots.py:60]-成功读取FFT数据: 799999 行, 8 个幅度通道, 8 个相位通道
2025-11-30 16:27:06-INFO-[frequency_plots.py:49]-正在读取FFT CSV文件: D:\Lab\process\2025.11.24\frequency\cross-phase-transition\FFT_20251124155437.909330.csv
2025-11-30 16:27:07-INFO-[frequency_plots.py:87]-识别到 8 个通道
2025-11-30 16:27:07-INFO-[frequency_plots.py:60]-成功读取FFT数据: 799999 行, 8 个幅度通道, 8 个相位通道
2025-11-30 16:27:07-INFO-[frequency_plots.py:49]-正在读取FFT CSV文件: D:\Lab\process\2025.11.24\frequency\cross-phase-transition\FFT_20251124155441.108611.csv
2025-11-30 16:27:09-INFO-[frequency_plots.py:87]-识别到 8 个通道
2025-11-30 16:27:09-INFO-[frequency_plots.py:60]-成功读取FFT数据: 799999 行, 8 个幅度通道, 8 个相位通道
2025-11-30 16:27:09-INFO-[frequency_plots.py:49]-正在读取FFT CSV文件: D:\Lab\process\2025.11.24\frequency\cross-phase-transition\FFT_20251124155444.307134.csv
2025-11-30 16:27:10-INFO-[frequency_plots.py:87]-识别到 8 个通道
2025-11-30 16:27:10-INFO-[frequency_plots.py:60]-成功读取FFT数据: 799999 行, 8 个幅度通道, 8 个相位通道
2025-11-30 16:27:10-INFO-[frequency_plots.py:49]-正在读取FFT CSV文件: D:\Lab\process\2025.11.24\frequency\cross-phase-transition\FFT_20251124155447.506790.csv
2025-11-30 16:27:11-INFO-[frequency_plots.py:87]-识别到 8 个通道
2025-11-30 16:27:11-INFO-[frequency_plots.py:60]-成功读取FFT数据: 799999 行, 8 个幅度通道, 8 个相位通道
2025-11-30 16:27:11-INFO-[frequency_plots.py:49]-正在读取FFT CSV文件: D:\Lab\process\2025.11.24\frequency\cross-phase-transition\FFT_20251124155450.708379.csv
2025-11-30 16:27:12-INFO-[frequency_plots.py:87]-识别到 8 个通道
2025-11-30 16:27:12-INFO-[frequency_plots.py:60]-成功读取FFT数据: 799999 行, 8 个幅度通道, 8 个相位通道
2025-11-30 16:27:12-INFO-[frequency_plots.py:49]-正在读取FFT CSV文件: D:\Lab\process\2025.11.24\frequency\cross-phase-transition\FFT_20251124155453.907783.csv
2025-11-30 16:27:13-INFO-[frequency_plots.py:87]-识别到 8 个通道
2025-11-30 16:27:13-INFO-[frequency_plots.py:60]-成功读取FFT数据: 799999 行, 8 个幅度通道, 8 个相位通道
2025-11-30 16:27:13-INFO-[frequency_plots.py:49]-正在读取FFT CSV文件: D:\Lab\process\2025.11.24\frequency\cross-phase-transition\FFT_20251124155457.108864.csv
2025-11-30 16:27:14-INFO-[frequency_plots.py:87]-识别到 8 个通道
2025-11-30 16:27:14-INFO-[frequency_plots.py:60]-成功读取FFT数据: 799999 行, 8 个幅度通道, 8 个相位通道
2025-11-30 16:27:14-INFO-[frequency_plots.py:49]-正在读取FFT CSV文件: D:\Lab\process\2025.11.24\frequency\cross-phase-transition\FFT_20251124155500.309022.csv
2025-11-30 16:27:15-INFO-[frequency_plots.py:87]-识别到 8 个通道
2025-11-30 16:27:15-INFO-[frequency_plots.py:60]-成功读取FFT数据: 799999 行, 8 个幅度通道, 8 个相位通道
2025-11-30 16:27:15-INFO-[frequency_plots.py:49]-正在读取FFT CSV文件: D:\Lab\process\2025.11.24\frequency\cross-phase-transition\FFT_20251124155503.508866.csv
2025-11-30 16:27:16-INFO-[frequency_plots.py:87]-识别到 8 个通道
2025-11-30 16:27:16-INFO-[frequency_plots.py:60]-成功读取FFT数据: 799999 行, 8 个幅度通道, 8 个相位通道
2025-11-30 16:27:16-INFO-[frequency_plots.py:49]-正在读取FFT CSV文件: D:\Lab\process\2025.11.24\frequency\cross-phase-transition\FFT_20251124155506.709558.csv
2025-11-30 16:27:18-INFO-[frequency_plots.py:87]-识别到 8 个通道
2025-11-30 16:27:18-INFO-[frequency_plots.py:60]-成功读取FFT数据: 799999 行, 8 个幅度通道, 8 个相位通道
2025-11-30 16:27:18-INFO-[frequency_plots.py:49]-正在读取FFT CSV文件: D:\Lab\process\2025.11.24\frequency\cross-phase-transition\FFT_20251124155509.908605.csv
2025-11-30 16:27:19-INFO-[frequency_plots.py:87]-识别到 8 个通道
2025-11-30 16:27:19-INFO-[frequency_plots.py:60]-成功读取FFT数据: 799999 行, 8 个幅度通道, 8 个相位通道
2025-11-30 16:27:19-INFO-[frequency_plots.py:49]-正在读取FFT CSV文件: D:\Lab\process\2025.11.24\frequency\cross-phase-transition\FFT_20251124155513.109141.csv
2025-11-30 16:27:20-INFO-[frequency_plots.py:87]-识别到 8 个通道
2025-11-30 16:27:20-INFO-[frequency_plots.py:60]-成功读取FFT数据: 799999 行, 8 个幅度通道, 8 个相位通道
2025-11-30 16:27:20-INFO-[frequency_plots.py:49]-正在读取FFT CSV文件: D:\Lab\process\2025.11.24\frequency\cross-phase-transition\FFT_20251124155516.310143.csv
2025-11-30 16:27:21-INFO-[frequency_plots.py:87]-识别到 8 个通道
2025-11-30 16:27:21-INFO-[frequency_plots.py:60]-成功读取FFT数据: 799999 行, 8 个幅度通道, 8 个相位通道
2025-11-30 16:27:21-INFO-[frequency_plots.py:49]-正在读取FFT CSV文件: D:\Lab\process\2025.11.24\frequency\cross-phase-transition\FFT_20251124155519.510852.csv
2025-11-30 16:27:22-INFO-[frequency_plots.py:87]-识别到 8 个通道
2025-11-30 16:27:22-INFO-[frequency_plots.py:60]-成功读取FFT数据: 799999 行, 8 个幅度通道, 8 个相位通道
2025-11-30 16:27:22-INFO-[frequency_plots.py:49]-正在读取FFT CSV文件: D:\Lab\process\2025.11.24\frequency\cross-phase-transition\FFT_20251124155522.712351.csv
2025-11-30 16:27:23-INFO-[frequency_plots.py:87]-识别到 8 个通道
2025-11-30 16:27:23-INFO-[frequency_plots.py:60]-成功读取FFT数据: 799999 行, 8 个幅度通道, 8 个相位通道
2025-11-30 16:27:23-INFO-[frequency_plots.py:49]-正在读取FFT CSV文件: D:\Lab\process\2025.11.24\frequency\cross-phase-transition\FFT_20251124155525.909389.csv
2025-11-30 16:27:24-INFO-[frequency_plots.py:87]-识别到 8 个通道
2025-11-30 16:27:24-INFO-[frequency_plots.py:60]-成功读取FFT数据: 799999 行, 8 个幅度通道, 8 个相位通道
2025-11-30 16:27:24-INFO-[frequency_plots.py:49]-正在读取FFT CSV文件: D:\Lab\process\2025.11.24\frequency\cross-phase-transition\FFT_20251124155529.111850.csv
2025-11-30 16:27:25-INFO-[frequency_plots.py:87]-识别到 8 个通道
2025-11-30 16:27:25-INFO-[frequency_plots.py:60]-成功读取FFT数据: 799999 行, 8 个幅度通道, 8 个相位通道
2025-11-30 16:27:25-INFO-[frequency_plots.py:49]-正在读取FFT CSV文件: D:\Lab\process\2025.11.24\frequency\cross-phase-transition\FFT_20251124155532.310142.csv
2025-11-30 16:27:26-INFO-[frequency_plots.py:87]-识别到 8 个通道
2025-11-30 16:27:26-INFO-[frequency_plots.py:60]-成功读取FFT数据: 799999 行, 8 个幅度通道, 8 个相位通道
2025-11-30 16:27:26-INFO-[frequency_plots.py:49]-正在读取FFT CSV文件: D:\Lab\process\2025.11.24\frequency\cross-phase-transition\FFT_20251124155535.510158.csv
2025-11-30 16:27:28-INFO-[frequency_plots.py:87]-识别到 8 个通道
2025-11-30 16:27:28-INFO-[frequency_plots.py:60]-成功读取FFT数据: 799999 行, 8 个幅度通道, 8 个相位通道
2025-11-30 16:27:28-INFO-[frequency_plots.py:49]-正在读取FFT CSV文件: D:\Lab\process\2025.11.24\frequency\cross-phase-transition\FFT_20251124155538.714568.csv
2025-11-30 16:27:29-INFO-[frequency_plots.py:87]-识别到 8 个通道
2025-11-30 16:27:29-INFO-[frequency_plots.py:60]-成功读取FFT数据: 799999 行, 8 个幅度通道, 8 个相位通道
2025-11-30 16:27:29-INFO-[frequency_plots.py:49]-正在读取FFT CSV文件: D:\Lab\process\2025.11.24\frequency\cross-phase-transition\FFT_20251124155541.912428.csv
2025-11-30 16:27:30-INFO-[frequency_plots.py:87]-识别到 8 个通道
2025-11-30 16:27:30-INFO-[frequency_plots.py:60]-成功读取FFT数据: 799999 行, 8 个幅度通道, 8 个相位通道
2025-11-30 16:27:30-INFO-[frequency_plots.py:49]-正在读取FFT CSV文件: D:\Lab\process\2025.11.24\frequency\cross-phase-transition\FFT_20251124155545.113352.csv
2025-11-30 16:27:31-INFO-[frequency_plots.py:87]-识别到 8 个通道
2025-11-30 16:27:31-INFO-[frequency_plots.py:60]-成功读取FFT数据: 799999 行, 8 个幅度通道, 8 个相位通道
2025-11-30 16:27:31-INFO-[frequency_plots.py:49]-正在读取FFT CSV文件: D:\Lab\process\2025.11.24\frequency\cross-phase-transition\FFT_20251124155548.314151.csv
2025-11-30 16:27:32-INFO-[frequency_plots.py:87]-识别到 8 个通道
2025-11-30 16:27:32-INFO-[frequency_plots.py:60]-成功读取FFT数据: 799999 行, 8 个幅度通道, 8 个相位通道
2025-11-30 16:27:32-INFO-[frequency_plots.py:49]-正在读取FFT CSV文件: D:\Lab\process\2025.11.24\frequency\cross-phase-transition\FFT_20251124155551.514500.csv
2025-11-30 16:27:33-INFO-[frequency_plots.py:87]-识别到 8 个通道
2025-11-30 16:27:33-INFO-[frequency_plots.py:60]-成功读取FFT数据: 799999 行, 8 个幅度通道, 8 个相位通道
2025-11-30 16:27:33-INFO-[frequency_plots.py:49]-正在读取FFT CSV文件: D:\Lab\process\2025.11.24\frequency\cross-phase-transition\FFT_20251124155554.712441.csv
2025-11-30 16:27:34-INFO-[frequency_plots.py:87]-识别到 8 个通道
2025-11-30 16:27:34-INFO-[frequency_plots.py:60]-成功读取FFT数据: 799999 行, 8 个幅度通道, 8 个相位通道
2025-11-30 16:27:34-INFO-[frequency_plots.py:49]-正在读取FFT CSV文件: D:\Lab\process\2025.11.24\frequency\cross-phase-transition\FFT_20251124155557.915932.csv
2025-11-30 16:27:35-INFO-[frequency_plots.py:87]-识别到 8 个通道
2025-11-30 16:27:35-INFO-[frequency_plots.py:60]-成功读取FFT数据: 799999 行, 8 个幅度通道, 8 个相位通道
2025-11-30 16:27:35-INFO-[frequency_plots.py:49]-正在读取FFT CSV文件: D:\Lab\process\2025.11.24\frequency\cross-phase-transition\FFT_20251124155601.114768.csv
2025-11-30 16:27:36-INFO-[frequency_plots.py:87]-识别到 8 个通道
2025-11-30 16:27:36-INFO-[frequency_plots.py:60]-成功读取FFT数据: 724999 行, 8 个幅度通道, 8 个相位通道
2025-11-30 16:27:36-ERROR-[frequency_plots.py:464]-绘制组频率稳定性分析图失败: setting an array element with a sequence. The requested array has an inhomogeneous shape after 1 dimensions. The detected shape was (31,) + inhomogeneous part.
2025-11-30 16:27:36-ERROR-[frequency_plots.py:466]-Traceback (most recent call last):
  File "C:\Users\17584\Documents\ALearning\Project\tools\DataProcess\src\visualization\frequency_plots.py", line 412, in plot_group_stability_analysis
    all_amplitudes = np.array(all_amplitudes)
ValueError: setting an array element with a sequence. The requested array has an inhomogeneous shape after 1 dimensions. The detected shape was (31,) + inhomogeneous part.

2025-11-30 16:27:37-INFO-[frequency_plots.py:472]-开始绘制组特征频率提取图
2025-11-30 16:27:38-INFO-[frequency_plots.py:524]-组特征频率提取图已保存: D:\Lab\results\2025.11.24\frequency\cross-phase-transition\group_feature_frequencies.png
2025-11-30 16:27:38-INFO-[frequency_plots.py:584]-开始生成组分析报告
2025-11-30 16:27:38-INFO-[frequency_plots.py:706]-组分析报告已保存: D:\Lab\results\2025.11.24\frequency\cross-phase-transition\frequency_plots_report.json
2025-11-30 16:27:38-INFO-[frequency_plots.py:767]-FFT组分析完成: cross-phase-transition
2025-11-30 16:27:38-INFO-[frequency_plots.py:857]-FFT分析完成! 成功分析 1 个组
2025-11-30 16:27:38-INFO-[frequency_plots.py:858]-总体报告: D:\Lab\results\2025.11.24\frequency\fft_analysis_summary.json
2025-11-30 16:27:38-INFO-[main.py:60]------------------------------执行完成-----------------------------
