2025-11-24 13:48:09-INFO-[main.py:33]--------------------------启动数据分析系统-------------------------
2025-11-24 13:48:09-INFO-[file_utils.py:39]-paths.yaml 生成成功: C:\Users\17584\Documents\ALearning\Project\tools\DataProcess\config\paths.yaml
2025-11-24 13:48:09-INFO-[time_series_plots.py:37]-配置文件加载成功: C:\Users\17584\Documents\ALearning\Project\tools\DataProcess\config\paths.yaml
2025-11-24 13:48:09-INFO-[time_series_plots.py:460]-输入目录: D:/Lab/process/2025.11.11/time
2025-11-24 13:48:09-INFO-[time_series_plots.py:461]-输出目录: D:/Lab/results/2025.11.11/time
2025-11-24 13:48:09-INFO-[time_series_plots.py:473]-找到 80 个CSV文件
2025-11-24 13:48:09-INFO-[time_series_plots.py:407]-开始分析文件: D:\Lab\process\2025.11.11\time\GROUP1\20251111161634.934035.csv
2025-11-24 13:48:09-INFO-[time_series_plots.py:43]-正在读取CSV文件: D:\Lab\process\2025.11.11\time\GROUP1\20251111161634.934035.csv
2025-11-24 13:48:10-INFO-[time_series_plots.py:56]-成功读取数据: 1600000 行, 8 个通道
2025-11-24 13:48:12-INFO-[time_series_plots.py:130]-开始绘制通道时序图
2025-11-24 13:48:12-INFO-[time_series_plots.py:136]-数据降采样: 1600000 -> 50000 点
2025-11-24 13:48:14-INFO-[time_series_plots.py:179]-时序图已保存: D:\Lab\results\2025.11.11\time\20251111161634.934035\channel_time_series.png
2025-11-24 13:48:14-INFO-[time_series_plots.py:188]-开始绘制信号稳定性分析图
2025-11-24 13:48:15-INFO-[time_series_plots.py:241]-稳定性分析图已保存: D:\Lab\results\2025.11.11\time\20251111161634.934035\signal_stability_analysis.png
2025-11-24 13:48:15-INFO-[time_series_plots.py:250]-开始绘制通道一致性对比图
2025-11-24 13:48:15-INFO-[time_series_plots.py:310]-通道一致性图已保存: D:\Lab\results\2025.11.11\time\20251111161634.934035\channel_consistency.png
2025-11-24 13:48:15-INFO-[time_series_plots.py:319]-开始生成分析报告
2025-11-24 13:48:15-ERROR-[time_series_plots.py:401]-生成分析报告失败: name 'channels' is not defined
2025-11-24 13:48:15-ERROR-[time_series_plots.py:444]-分析文件失败 D:\Lab\process\2025.11.11\time\GROUP1\20251111161634.934035.csv: name 'channels' is not defined
2025-11-24 13:48:15-INFO-[time_series_plots.py:407]-开始分析文件: D:\Lab\process\2025.11.11\time\GROUP1\20251111161638.134949.csv
2025-11-24 13:48:15-INFO-[time_series_plots.py:43]-正在读取CSV文件: D:\Lab\process\2025.11.11\time\GROUP1\20251111161638.134949.csv
2025-11-24 13:48:16-INFO-[time_series_plots.py:56]-成功读取数据: 1600000 行, 8 个通道
2025-11-24 13:48:18-INFO-[time_series_plots.py:130]-开始绘制通道时序图
2025-11-24 13:48:18-INFO-[time_series_plots.py:136]-数据降采样: 1600000 -> 50000 点
2025-11-24 13:48:20-INFO-[time_series_plots.py:179]-时序图已保存: D:\Lab\results\2025.11.11\time\20251111161638.134949\channel_time_series.png
2025-11-24 13:48:20-INFO-[time_series_plots.py:188]-开始绘制信号稳定性分析图
2025-11-24 13:48:20-INFO-[time_series_plots.py:241]-稳定性分析图已保存: D:\Lab\results\2025.11.11\time\20251111161638.134949\signal_stability_analysis.png
2025-11-24 13:48:20-INFO-[time_series_plots.py:250]-开始绘制通道一致性对比图
2025-11-24 13:48:21-INFO-[time_series_plots.py:310]-通道一致性图已保存: D:\Lab\results\2025.11.11\time\20251111161638.134949\channel_consistency.png
2025-11-24 13:48:21-INFO-[time_series_plots.py:319]-开始生成分析报告
2025-11-24 13:48:21-ERROR-[time_series_plots.py:401]-生成分析报告失败: name 'channels' is not defined
2025-11-24 13:48:21-ERROR-[time_series_plots.py:444]-分析文件失败 D:\Lab\process\2025.11.11\time\GROUP1\20251111161638.134949.csv: name 'channels' is not defined
2025-11-24 13:48:21-INFO-[time_series_plots.py:407]-开始分析文件: D:\Lab\process\2025.11.11\time\GROUP1\20251111161641.335227.csv
2025-11-24 13:48:21-INFO-[time_series_plots.py:43]-正在读取CSV文件: D:\Lab\process\2025.11.11\time\GROUP1\20251111161641.335227.csv
2025-11-24 13:48:22-INFO-[time_series_plots.py:56]-成功读取数据: 1600000 行, 8 个通道
2025-11-24 13:48:24-INFO-[time_series_plots.py:130]-开始绘制通道时序图
2025-11-24 13:48:24-INFO-[time_series_plots.py:136]-数据降采样: 1600000 -> 50000 点
2025-11-24 13:48:25-INFO-[time_series_plots.py:179]-时序图已保存: D:\Lab\results\2025.11.11\time\20251111161641.335227\channel_time_series.png
2025-11-24 13:48:25-INFO-[time_series_plots.py:188]-开始绘制信号稳定性分析图
2025-11-24 13:48:26-INFO-[time_series_plots.py:241]-稳定性分析图已保存: D:\Lab\results\2025.11.11\time\20251111161641.335227\signal_stability_analysis.png
2025-11-24 13:48:26-INFO-[time_series_plots.py:250]-开始绘制通道一致性对比图
2025-11-24 13:48:27-INFO-[time_series_plots.py:310]-通道一致性图已保存: D:\Lab\results\2025.11.11\time\20251111161641.335227\channel_consistency.png
2025-11-24 13:48:27-INFO-[time_series_plots.py:319]-开始生成分析报告
2025-11-24 13:48:27-ERROR-[time_series_plots.py:401]-生成分析报告失败: name 'channels' is not defined
2025-11-24 13:48:27-ERROR-[time_series_plots.py:444]-分析文件失败 D:\Lab\process\2025.11.11\time\GROUP1\20251111161641.335227.csv: name 'channels' is not defined
2025-11-24 13:48:27-INFO-[time_series_plots.py:407]-开始分析文件: D:\Lab\process\2025.11.11\time\GROUP1\20251111161644.534299.csv
2025-11-24 13:48:27-INFO-[time_series_plots.py:43]-正在读取CSV文件: D:\Lab\process\2025.11.11\time\GROUP1\20251111161644.534299.csv
2025-11-24 13:48:28-INFO-[time_series_plots.py:56]-成功读取数据: 1600000 行, 8 个通道
2025-11-24 13:48:30-INFO-[time_series_plots.py:130]-开始绘制通道时序图
2025-11-24 13:48:30-INFO-[time_series_plots.py:136]-数据降采样: 1600000 -> 50000 点
2025-11-24 13:48:31-INFO-[time_series_plots.py:179]-时序图已保存: D:\Lab\results\2025.11.11\time\20251111161644.534299\channel_time_series.png
2025-11-24 13:48:31-INFO-[time_series_plots.py:188]-开始绘制信号稳定性分析图
2025-11-24 13:48:32-INFO-[time_series_plots.py:241]-稳定性分析图已保存: D:\Lab\results\2025.11.11\time\20251111161644.534299\signal_stability_analysis.png
2025-11-24 13:48:32-INFO-[time_series_plots.py:250]-开始绘制通道一致性对比图
2025-11-24 13:48:33-INFO-[time_series_plots.py:310]-通道一致性图已保存: D:\Lab\results\2025.11.11\time\20251111161644.534299\channel_consistency.png
2025-11-24 13:48:33-INFO-[time_series_plots.py:319]-开始生成分析报告
2025-11-24 13:48:33-ERROR-[time_series_plots.py:401]-生成分析报告失败: name 'channels' is not defined
2025-11-24 13:48:33-ERROR-[time_series_plots.py:444]-分析文件失败 D:\Lab\process\2025.11.11\time\GROUP1\20251111161644.534299.csv: name 'channels' is not defined
2025-11-24 13:48:33-INFO-[time_series_plots.py:407]-开始分析文件: D:\Lab\process\2025.11.11\time\GROUP1\20251111161647.733148.csv
2025-11-24 13:48:33-INFO-[time_series_plots.py:43]-正在读取CSV文件: D:\Lab\process\2025.11.11\time\GROUP1\20251111161647.733148.csv
2025-11-24 13:48:34-INFO-[time_series_plots.py:56]-成功读取数据: 1600000 行, 8 个通道
2025-11-24 13:48:36-INFO-[time_series_plots.py:130]-开始绘制通道时序图
2025-11-24 13:48:36-INFO-[time_series_plots.py:136]-数据降采样: 1600000 -> 50000 点
2025-11-24 13:48:37-INFO-[time_series_plots.py:179]-时序图已保存: D:\Lab\results\2025.11.11\time\20251111161647.733148\channel_time_series.png
2025-11-24 13:48:37-INFO-[time_series_plots.py:188]-开始绘制信号稳定性分析图
2025-11-24 13:48:38-INFO-[time_series_plots.py:241]-稳定性分析图已保存: D:\Lab\results\2025.11.11\time\20251111161647.733148\signal_stability_analysis.png
2025-11-24 13:48:38-INFO-[time_series_plots.py:250]-开始绘制通道一致性对比图
2025-11-24 13:48:39-INFO-[time_series_plots.py:310]-通道一致性图已保存: D:\Lab\results\2025.11.11\time\20251111161647.733148\channel_consistency.png
2025-11-24 13:48:39-INFO-[time_series_plots.py:319]-开始生成分析报告
2025-11-24 13:48:39-ERROR-[time_series_plots.py:401]-生成分析报告失败: name 'channels' is not defined
2025-11-24 13:48:39-ERROR-[time_series_plots.py:444]-分析文件失败 D:\Lab\process\2025.11.11\time\GROUP1\20251111161647.733148.csv: name 'channels' is not defined
2025-11-24 13:48:39-INFO-[time_series_plots.py:407]-开始分析文件: D:\Lab\process\2025.11.11\time\GROUP1\20251111161650.936288.csv
2025-11-24 13:48:39-INFO-[time_series_plots.py:43]-正在读取CSV文件: D:\Lab\process\2025.11.11\time\GROUP1\20251111161650.936288.csv
2025-11-24 13:48:40-INFO-[time_series_plots.py:56]-成功读取数据: 1600000 行, 8 个通道
2025-11-24 13:48:41-INFO-[time_series_plots.py:130]-开始绘制通道时序图
2025-11-24 13:48:41-INFO-[time_series_plots.py:136]-数据降采样: 1600000 -> 50000 点
2025-11-24 13:48:43-INFO-[time_series_plots.py:179]-时序图已保存: D:\Lab\results\2025.11.11\time\20251111161650.936288\channel_time_series.png
2025-11-24 13:48:43-INFO-[time_series_plots.py:188]-开始绘制信号稳定性分析图
2025-11-24 13:48:44-INFO-[time_series_plots.py:241]-稳定性分析图已保存: D:\Lab\results\2025.11.11\time\20251111161650.936288\signal_stability_analysis.png
2025-11-24 13:48:44-INFO-[time_series_plots.py:250]-开始绘制通道一致性对比图
2025-11-24 13:48:44-INFO-[time_series_plots.py:310]-通道一致性图已保存: D:\Lab\results\2025.11.11\time\20251111161650.936288\channel_consistency.png
2025-11-24 13:48:44-INFO-[time_series_plots.py:319]-开始生成分析报告
2025-11-24 13:48:44-ERROR-[time_series_plots.py:401]-生成分析报告失败: name 'channels' is not defined
2025-11-24 13:48:44-ERROR-[time_series_plots.py:444]-分析文件失败 D:\Lab\process\2025.11.11\time\GROUP1\20251111161650.936288.csv: name 'channels' is not defined
2025-11-24 13:48:44-INFO-[time_series_plots.py:407]-开始分析文件: D:\Lab\process\2025.11.11\time\GROUP1\20251111161654.133815.csv
2025-11-24 13:48:44-INFO-[time_series_plots.py:43]-正在读取CSV文件: D:\Lab\process\2025.11.11\time\GROUP1\20251111161654.133815.csv
2025-11-24 13:48:45-INFO-[time_series_plots.py:56]-成功读取数据: 1600000 行, 8 个通道
2025-11-24 13:48:47-INFO-[time_series_plots.py:130]-开始绘制通道时序图
2025-11-24 13:48:47-INFO-[time_series_plots.py:136]-数据降采样: 1600000 -> 50000 点
2025-11-24 13:48:48-INFO-[time_series_plots.py:179]-时序图已保存: D:\Lab\results\2025.11.11\time\20251111161654.133815\channel_time_series.png
2025-11-24 13:48:48-INFO-[time_series_plots.py:188]-开始绘制信号稳定性分析图
2025-11-24 13:48:49-INFO-[time_series_plots.py:241]-稳定性分析图已保存: D:\Lab\results\2025.11.11\time\20251111161654.133815\signal_stability_analysis.png
2025-11-24 13:48:49-INFO-[time_series_plots.py:250]-开始绘制通道一致性对比图
2025-11-24 13:48:50-INFO-[time_series_plots.py:310]-通道一致性图已保存: D:\Lab\results\2025.11.11\time\20251111161654.133815\channel_consistency.png
2025-11-24 13:48:50-INFO-[time_series_plots.py:319]-开始生成分析报告
2025-11-24 13:48:50-ERROR-[time_series_plots.py:401]-生成分析报告失败: name 'channels' is not defined
2025-11-24 13:48:50-ERROR-[time_series_plots.py:444]-分析文件失败 D:\Lab\process\2025.11.11\time\GROUP1\20251111161654.133815.csv: name 'channels' is not defined
2025-11-24 13:48:50-INFO-[time_series_plots.py:407]-开始分析文件: D:\Lab\process\2025.11.11\time\GROUP1\20251111161657.332589.csv
2025-11-24 13:48:50-INFO-[time_series_plots.py:43]-正在读取CSV文件: D:\Lab\process\2025.11.11\time\GROUP1\20251111161657.332589.csv
2025-11-24 13:48:51-INFO-[time_series_plots.py:56]-成功读取数据: 1600000 行, 8 个通道
2025-11-24 13:48:53-INFO-[time_series_plots.py:130]-开始绘制通道时序图
2025-11-24 13:48:53-INFO-[time_series_plots.py:136]-数据降采样: 1600000 -> 50000 点
2025-11-24 13:48:54-INFO-[time_series_plots.py:179]-时序图已保存: D:\Lab\results\2025.11.11\time\20251111161657.332589\channel_time_series.png
2025-11-24 13:48:54-INFO-[time_series_plots.py:188]-开始绘制信号稳定性分析图
2025-11-24 13:48:55-INFO-[time_series_plots.py:241]-稳定性分析图已保存: D:\Lab\results\2025.11.11\time\20251111161657.332589\signal_stability_analysis.png
2025-11-24 13:48:55-INFO-[time_series_plots.py:250]-开始绘制通道一致性对比图
2025-11-24 13:48:56-INFO-[time_series_plots.py:310]-通道一致性图已保存: D:\Lab\results\2025.11.11\time\20251111161657.332589\channel_consistency.png
2025-11-24 13:48:56-INFO-[time_series_plots.py:319]-开始生成分析报告
2025-11-24 13:48:56-ERROR-[time_series_plots.py:401]-生成分析报告失败: name 'channels' is not defined
2025-11-24 13:48:56-ERROR-[time_series_plots.py:444]-分析文件失败 D:\Lab\process\2025.11.11\time\GROUP1\20251111161657.332589.csv: name 'channels' is not defined
2025-11-24 13:48:56-INFO-[time_series_plots.py:407]-开始分析文件: D:\Lab\process\2025.11.11\time\GROUP1\20251111161700.535144.csv
2025-11-24 13:48:56-INFO-[time_series_plots.py:43]-正在读取CSV文件: D:\Lab\process\2025.11.11\time\GROUP1\20251111161700.535144.csv
2025-11-24 13:48:57-INFO-[time_series_plots.py:56]-成功读取数据: 1600000 行, 8 个通道
2025-11-24 13:48:59-INFO-[time_series_plots.py:130]-开始绘制通道时序图
2025-11-24 13:48:59-INFO-[time_series_plots.py:136]-数据降采样: 1600000 -> 50000 点
2025-11-24 13:49:00-INFO-[time_series_plots.py:179]-时序图已保存: D:\Lab\results\2025.11.11\time\20251111161700.535144\channel_time_series.png
2025-11-24 13:49:00-INFO-[time_series_plots.py:188]-开始绘制信号稳定性分析图
2025-11-24 13:49:01-INFO-[time_series_plots.py:241]-稳定性分析图已保存: D:\Lab\results\2025.11.11\time\20251111161700.535144\signal_stability_analysis.png
2025-11-24 13:49:01-INFO-[time_series_plots.py:250]-开始绘制通道一致性对比图
2025-11-24 13:49:02-INFO-[time_series_plots.py:310]-通道一致性图已保存: D:\Lab\results\2025.11.11\time\20251111161700.535144\channel_consistency.png
2025-11-24 13:49:02-INFO-[time_series_plots.py:319]-开始生成分析报告
2025-11-24 13:49:02-ERROR-[time_series_plots.py:401]-生成分析报告失败: name 'channels' is not defined
2025-11-24 13:49:02-ERROR-[time_series_plots.py:444]-分析文件失败 D:\Lab\process\2025.11.11\time\GROUP1\20251111161700.535144.csv: name 'channels' is not defined
2025-11-24 13:49:02-INFO-[time_series_plots.py:407]-开始分析文件: D:\Lab\process\2025.11.11\time\GROUP1\20251111161703.736152.csv
2025-11-24 13:49:02-INFO-[time_series_plots.py:43]-正在读取CSV文件: D:\Lab\process\2025.11.11\time\GROUP1\20251111161703.736152.csv
2025-11-24 13:49:03-INFO-[time_series_plots.py:56]-成功读取数据: 1600000 行, 8 个通道
2025-11-24 13:49:05-INFO-[time_series_plots.py:130]-开始绘制通道时序图
2025-11-24 13:49:05-INFO-[time_series_plots.py:136]-数据降采样: 1600000 -> 50000 点
2025-11-24 13:49:06-INFO-[time_series_plots.py:179]-时序图已保存: D:\Lab\results\2025.11.11\time\20251111161703.736152\channel_time_series.png
2025-11-24 13:49:06-INFO-[time_series_plots.py:188]-开始绘制信号稳定性分析图
2025-11-24 13:49:07-INFO-[time_series_plots.py:241]-稳定性分析图已保存: D:\Lab\results\2025.11.11\time\20251111161703.736152\signal_stability_analysis.png
2025-11-24 13:49:07-INFO-[time_series_plots.py:250]-开始绘制通道一致性对比图
2025-11-24 13:49:08-INFO-[time_series_plots.py:310]-通道一致性图已保存: D:\Lab\results\2025.11.11\time\20251111161703.736152\channel_consistency.png
2025-11-24 13:49:08-INFO-[time_series_plots.py:319]-开始生成分析报告
2025-11-24 13:49:08-ERROR-[time_series_plots.py:401]-生成分析报告失败: name 'channels' is not defined
2025-11-24 13:49:08-ERROR-[time_series_plots.py:444]-分析文件失败 D:\Lab\process\2025.11.11\time\GROUP1\20251111161703.736152.csv: name 'channels' is not defined
2025-11-24 13:49:08-INFO-[time_series_plots.py:407]-开始分析文件: D:\Lab\process\2025.11.11\time\GROUP1\20251111161706.936906.csv
2025-11-24 13:49:08-INFO-[time_series_plots.py:43]-正在读取CSV文件: D:\Lab\process\2025.11.11\time\GROUP1\20251111161706.936906.csv
2025-11-24 13:49:09-INFO-[time_series_plots.py:56]-成功读取数据: 1600000 行, 8 个通道
2025-11-24 13:49:10-INFO-[time_series_plots.py:130]-开始绘制通道时序图
2025-11-24 13:49:10-INFO-[time_series_plots.py:136]-数据降采样: 1600000 -> 50000 点
2025-11-24 13:49:12-INFO-[time_series_plots.py:179]-时序图已保存: D:\Lab\results\2025.11.11\time\20251111161706.936906\channel_time_series.png
2025-11-24 13:49:12-INFO-[time_series_plots.py:188]-开始绘制信号稳定性分析图
2025-11-24 13:49:13-INFO-[time_series_plots.py:241]-稳定性分析图已保存: D:\Lab\results\2025.11.11\time\20251111161706.936906\signal_stability_analysis.png
2025-11-24 13:49:13-INFO-[time_series_plots.py:250]-开始绘制通道一致性对比图
2025-11-24 13:49:13-INFO-[time_series_plots.py:310]-通道一致性图已保存: D:\Lab\results\2025.11.11\time\20251111161706.936906\channel_consistency.png
2025-11-24 13:49:13-INFO-[time_series_plots.py:319]-开始生成分析报告
2025-11-24 13:49:13-ERROR-[time_series_plots.py:401]-生成分析报告失败: name 'channels' is not defined
2025-11-24 13:49:13-ERROR-[time_series_plots.py:444]-分析文件失败 D:\Lab\process\2025.11.11\time\GROUP1\20251111161706.936906.csv: name 'channels' is not defined
2025-11-24 13:49:13-INFO-[time_series_plots.py:407]-开始分析文件: D:\Lab\process\2025.11.11\time\GROUP1\20251111161710.134401.csv
2025-11-24 13:49:13-INFO-[time_series_plots.py:43]-正在读取CSV文件: D:\Lab\process\2025.11.11\time\GROUP1\20251111161710.134401.csv
2025-11-24 13:49:14-INFO-[time_series_plots.py:56]-成功读取数据: 1600000 行, 8 个通道
2025-11-24 13:49:16-INFO-[time_series_plots.py:130]-开始绘制通道时序图
2025-11-24 13:49:16-INFO-[time_series_plots.py:136]-数据降采样: 1600000 -> 50000 点
2025-11-24 13:49:17-INFO-[time_series_plots.py:179]-时序图已保存: D:\Lab\results\2025.11.11\time\20251111161710.134401\channel_time_series.png
2025-11-24 13:49:17-INFO-[time_series_plots.py:188]-开始绘制信号稳定性分析图
2025-11-24 13:49:18-INFO-[time_series_plots.py:241]-稳定性分析图已保存: D:\Lab\results\2025.11.11\time\20251111161710.134401\signal_stability_analysis.png
2025-11-24 13:49:18-INFO-[time_series_plots.py:250]-开始绘制通道一致性对比图
2025-11-24 13:49:19-INFO-[time_series_plots.py:310]-通道一致性图已保存: D:\Lab\results\2025.11.11\time\20251111161710.134401\channel_consistency.png
2025-11-24 13:49:19-INFO-[time_series_plots.py:319]-开始生成分析报告
2025-11-24 13:49:19-ERROR-[time_series_plots.py:401]-生成分析报告失败: name 'channels' is not defined
2025-11-24 13:49:19-ERROR-[time_series_plots.py:444]-分析文件失败 D:\Lab\process\2025.11.11\time\GROUP1\20251111161710.134401.csv: name 'channels' is not defined
2025-11-24 13:49:19-INFO-[time_series_plots.py:407]-开始分析文件: D:\Lab\process\2025.11.11\time\GROUP1\20251111161713.334197.csv
2025-11-24 13:49:19-INFO-[time_series_plots.py:43]-正在读取CSV文件: D:\Lab\process\2025.11.11\time\GROUP1\20251111161713.334197.csv
2025-11-24 13:49:20-INFO-[time_series_plots.py:56]-成功读取数据: 1600000 行, 8 个通道
2025-11-24 13:49:22-INFO-[time_series_plots.py:130]-开始绘制通道时序图
2025-11-24 13:49:22-INFO-[time_series_plots.py:136]-数据降采样: 1600000 -> 50000 点
2025-11-24 13:49:23-INFO-[time_series_plots.py:179]-时序图已保存: D:\Lab\results\2025.11.11\time\20251111161713.334197\channel_time_series.png
2025-11-24 13:49:23-INFO-[time_series_plots.py:188]-开始绘制信号稳定性分析图
2025-11-24 13:49:24-INFO-[time_series_plots.py:241]-稳定性分析图已保存: D:\Lab\results\2025.11.11\time\20251111161713.334197\signal_stability_analysis.png
2025-11-24 13:49:24-INFO-[time_series_plots.py:250]-开始绘制通道一致性对比图
2025-11-24 13:49:25-INFO-[time_series_plots.py:310]-通道一致性图已保存: D:\Lab\results\2025.11.11\time\20251111161713.334197\channel_consistency.png
2025-11-24 13:49:25-INFO-[time_series_plots.py:319]-开始生成分析报告
2025-11-24 13:49:25-ERROR-[time_series_plots.py:401]-生成分析报告失败: name 'channels' is not defined
2025-11-24 13:49:25-ERROR-[time_series_plots.py:444]-分析文件失败 D:\Lab\process\2025.11.11\time\GROUP1\20251111161713.334197.csv: name 'channels' is not defined
2025-11-24 13:49:25-INFO-[time_series_plots.py:407]-开始分析文件: D:\Lab\process\2025.11.11\time\GROUP1\20251111161716.534160.csv
2025-11-24 13:49:25-INFO-[time_series_plots.py:43]-正在读取CSV文件: D:\Lab\process\2025.11.11\time\GROUP1\20251111161716.534160.csv
2025-11-24 13:49:26-INFO-[time_series_plots.py:56]-成功读取数据: 1600000 行, 8 个通道
2025-11-24 13:49:27-INFO-[time_series_plots.py:130]-开始绘制通道时序图
2025-11-24 13:49:27-INFO-[time_series_plots.py:136]-数据降采样: 1600000 -> 50000 点
2025-11-24 13:49:29-INFO-[time_series_plots.py:179]-时序图已保存: D:\Lab\results\2025.11.11\time\20251111161716.534160\channel_time_series.png
2025-11-24 13:49:29-INFO-[time_series_plots.py:188]-开始绘制信号稳定性分析图
2025-11-24 13:49:31-INFO-[time_series_plots.py:241]-稳定性分析图已保存: D:\Lab\results\2025.11.11\time\20251111161716.534160\signal_stability_analysis.png
2025-11-24 13:49:31-INFO-[time_series_plots.py:250]-开始绘制通道一致性对比图
2025-11-24 13:49:32-INFO-[time_series_plots.py:310]-通道一致性图已保存: D:\Lab\results\2025.11.11\time\20251111161716.534160\channel_consistency.png
2025-11-24 13:49:32-INFO-[time_series_plots.py:319]-开始生成分析报告
2025-11-24 13:49:32-ERROR-[time_series_plots.py:401]-生成分析报告失败: name 'channels' is not defined
2025-11-24 13:49:32-ERROR-[time_series_plots.py:444]-分析文件失败 D:\Lab\process\2025.11.11\time\GROUP1\20251111161716.534160.csv: name 'channels' is not defined
2025-11-24 13:49:32-INFO-[time_series_plots.py:407]-开始分析文件: D:\Lab\process\2025.11.11\time\GROUP1\20251111161719.736773.csv
2025-11-24 13:49:32-INFO-[time_series_plots.py:43]-正在读取CSV文件: D:\Lab\process\2025.11.11\time\GROUP1\20251111161719.736773.csv
2025-11-24 13:49:34-INFO-[time_series_plots.py:56]-成功读取数据: 1600000 行, 8 个通道
2025-11-24 13:49:36-INFO-[time_series_plots.py:130]-开始绘制通道时序图
2025-11-24 13:49:36-INFO-[time_series_plots.py:136]-数据降采样: 1600000 -> 50000 点
2025-11-24 13:49:39-INFO-[time_series_plots.py:179]-时序图已保存: D:\Lab\results\2025.11.11\time\20251111161719.736773\channel_time_series.png
2025-11-24 13:49:39-INFO-[time_series_plots.py:188]-开始绘制信号稳定性分析图
2025-11-24 13:49:41-INFO-[time_series_plots.py:241]-稳定性分析图已保存: D:\Lab\results\2025.11.11\time\20251111161719.736773\signal_stability_analysis.png
2025-11-24 13:49:41-INFO-[time_series_plots.py:250]-开始绘制通道一致性对比图
2025-11-24 13:49:43-INFO-[time_series_plots.py:310]-通道一致性图已保存: D:\Lab\results\2025.11.11\time\20251111161719.736773\channel_consistency.png
2025-11-24 13:49:43-INFO-[time_series_plots.py:319]-开始生成分析报告
2025-11-24 13:49:43-ERROR-[time_series_plots.py:401]-生成分析报告失败: name 'channels' is not defined
2025-11-24 13:49:43-ERROR-[time_series_plots.py:444]-分析文件失败 D:\Lab\process\2025.11.11\time\GROUP1\20251111161719.736773.csv: name 'channels' is not defined
2025-11-24 13:49:43-INFO-[time_series_plots.py:407]-开始分析文件: D:\Lab\process\2025.11.11\time\GROUP1\20251111161722.937210.csv
2025-11-24 13:49:43-INFO-[time_series_plots.py:43]-正在读取CSV文件: D:\Lab\process\2025.11.11\time\GROUP1\20251111161722.937210.csv
2025-11-24 13:49:44-INFO-[time_series_plots.py:56]-成功读取数据: 1600000 行, 8 个通道
2025-11-24 13:49:47-INFO-[time_series_plots.py:130]-开始绘制通道时序图
2025-11-24 13:49:47-INFO-[time_series_plots.py:136]-数据降采样: 1600000 -> 50000 点
2025-11-24 13:49:50-INFO-[time_series_plots.py:179]-时序图已保存: D:\Lab\results\2025.11.11\time\20251111161722.937210\channel_time_series.png
2025-11-24 13:49:50-INFO-[time_series_plots.py:188]-开始绘制信号稳定性分析图
2025-11-24 13:49:52-INFO-[time_series_plots.py:241]-稳定性分析图已保存: D:\Lab\results\2025.11.11\time\20251111161722.937210\signal_stability_analysis.png
2025-11-24 13:49:52-INFO-[time_series_plots.py:250]-开始绘制通道一致性对比图
2025-11-24 13:49:53-INFO-[time_series_plots.py:310]-通道一致性图已保存: D:\Lab\results\2025.11.11\time\20251111161722.937210\channel_consistency.png
2025-11-24 13:49:53-INFO-[time_series_plots.py:319]-开始生成分析报告
2025-11-24 13:49:53-ERROR-[time_series_plots.py:401]-生成分析报告失败: name 'channels' is not defined
2025-11-24 13:49:53-ERROR-[time_series_plots.py:444]-分析文件失败 D:\Lab\process\2025.11.11\time\GROUP1\20251111161722.937210.csv: name 'channels' is not defined
2025-11-24 13:49:53-INFO-[time_series_plots.py:407]-开始分析文件: D:\Lab\process\2025.11.11\time\GROUP1\20251111161726.134814.csv
2025-11-24 13:49:53-INFO-[time_series_plots.py:43]-正在读取CSV文件: D:\Lab\process\2025.11.11\time\GROUP1\20251111161726.134814.csv
2025-11-24 13:49:55-INFO-[time_series_plots.py:56]-成功读取数据: 1600000 行, 8 个通道
2025-11-24 13:49:58-INFO-[time_series_plots.py:130]-开始绘制通道时序图
2025-11-24 13:49:58-INFO-[time_series_plots.py:136]-数据降采样: 1600000 -> 50000 点
2025-11-24 13:50:00-INFO-[time_series_plots.py:179]-时序图已保存: D:\Lab\results\2025.11.11\time\20251111161726.134814\channel_time_series.png
2025-11-24 13:50:00-INFO-[time_series_plots.py:188]-开始绘制信号稳定性分析图
2025-11-24 13:50:02-INFO-[time_series_plots.py:241]-稳定性分析图已保存: D:\Lab\results\2025.11.11\time\20251111161726.134814\signal_stability_analysis.png
2025-11-24 13:50:02-INFO-[time_series_plots.py:250]-开始绘制通道一致性对比图
2025-11-24 13:50:04-INFO-[time_series_plots.py:310]-通道一致性图已保存: D:\Lab\results\2025.11.11\time\20251111161726.134814\channel_consistency.png
2025-11-24 13:50:04-INFO-[time_series_plots.py:319]-开始生成分析报告
2025-11-24 13:50:04-ERROR-[time_series_plots.py:401]-生成分析报告失败: name 'channels' is not defined
2025-11-24 13:50:04-ERROR-[time_series_plots.py:444]-分析文件失败 D:\Lab\process\2025.11.11\time\GROUP1\20251111161726.134814.csv: name 'channels' is not defined
2025-11-24 13:50:04-INFO-[time_series_plots.py:407]-开始分析文件: D:\Lab\process\2025.11.11\time\GROUP1\20251111161729.334125.csv
2025-11-24 13:50:04-INFO-[time_series_plots.py:43]-正在读取CSV文件: D:\Lab\process\2025.11.11\time\GROUP1\20251111161729.334125.csv
2025-11-24 13:50:05-INFO-[time_series_plots.py:56]-成功读取数据: 1600000 行, 8 个通道
2025-11-24 13:50:08-INFO-[time_series_plots.py:130]-开始绘制通道时序图
2025-11-24 13:50:08-INFO-[time_series_plots.py:136]-数据降采样: 1600000 -> 50000 点
2025-11-24 13:50:11-INFO-[time_series_plots.py:179]-时序图已保存: D:\Lab\results\2025.11.11\time\20251111161729.334125\channel_time_series.png
2025-11-24 13:50:11-INFO-[time_series_plots.py:188]-开始绘制信号稳定性分析图
2025-11-24 13:50:13-INFO-[time_series_plots.py:241]-稳定性分析图已保存: D:\Lab\results\2025.11.11\time\20251111161729.334125\signal_stability_analysis.png
2025-11-24 13:50:13-INFO-[time_series_plots.py:250]-开始绘制通道一致性对比图
2025-11-24 13:50:14-INFO-[time_series_plots.py:310]-通道一致性图已保存: D:\Lab\results\2025.11.11\time\20251111161729.334125\channel_consistency.png
2025-11-24 13:50:14-INFO-[time_series_plots.py:319]-开始生成分析报告
2025-11-24 13:50:14-ERROR-[time_series_plots.py:401]-生成分析报告失败: name 'channels' is not defined
2025-11-24 13:50:14-ERROR-[time_series_plots.py:444]-分析文件失败 D:\Lab\process\2025.11.11\time\GROUP1\20251111161729.334125.csv: name 'channels' is not defined
2025-11-24 13:50:14-INFO-[time_series_plots.py:407]-开始分析文件: D:\Lab\process\2025.11.11\time\GROUP1\20251111161732.536553.csv
2025-11-24 13:50:14-INFO-[time_series_plots.py:43]-正在读取CSV文件: D:\Lab\process\2025.11.11\time\GROUP1\20251111161732.536553.csv
2025-11-24 13:50:16-INFO-[time_series_plots.py:56]-成功读取数据: 1600000 行, 8 个通道
2025-11-24 13:50:19-INFO-[time_series_plots.py:130]-开始绘制通道时序图
2025-11-24 13:50:19-INFO-[time_series_plots.py:136]-数据降采样: 1600000 -> 50000 点
2025-11-24 13:50:21-INFO-[time_series_plots.py:179]-时序图已保存: D:\Lab\results\2025.11.11\time\20251111161732.536553\channel_time_series.png
2025-11-24 13:50:21-INFO-[time_series_plots.py:188]-开始绘制信号稳定性分析图
2025-11-24 13:50:23-INFO-[time_series_plots.py:241]-稳定性分析图已保存: D:\Lab\results\2025.11.11\time\20251111161732.536553\signal_stability_analysis.png
2025-11-24 13:50:23-INFO-[time_series_plots.py:250]-开始绘制通道一致性对比图
2025-11-24 13:50:24-INFO-[time_series_plots.py:310]-通道一致性图已保存: D:\Lab\results\2025.11.11\time\20251111161732.536553\channel_consistency.png
2025-11-24 13:50:24-INFO-[time_series_plots.py:319]-开始生成分析报告
2025-11-24 13:50:24-ERROR-[time_series_plots.py:401]-生成分析报告失败: name 'channels' is not defined
2025-11-24 13:50:24-ERROR-[time_series_plots.py:444]-分析文件失败 D:\Lab\process\2025.11.11\time\GROUP1\20251111161732.536553.csv: name 'channels' is not defined
2025-11-24 13:50:24-INFO-[time_series_plots.py:407]-开始分析文件: D:\Lab\process\2025.11.11\time\GROUP1\20251111161735.737496.csv
2025-11-24 13:50:24-INFO-[time_series_plots.py:43]-正在读取CSV文件: D:\Lab\process\2025.11.11\time\GROUP1\20251111161735.737496.csv
2025-11-24 13:50:25-INFO-[time_series_plots.py:56]-成功读取数据: 1600000 行, 8 个通道
2025-11-24 13:50:26-INFO-[time_series_plots.py:130]-开始绘制通道时序图
2025-11-24 13:50:26-INFO-[time_series_plots.py:136]-数据降采样: 1600000 -> 50000 点
2025-11-24 13:50:28-INFO-[time_series_plots.py:179]-时序图已保存: D:\Lab\results\2025.11.11\time\20251111161735.737496\channel_time_series.png
2025-11-24 13:50:28-INFO-[time_series_plots.py:188]-开始绘制信号稳定性分析图
2025-11-24 13:50:29-INFO-[time_series_plots.py:241]-稳定性分析图已保存: D:\Lab\results\2025.11.11\time\20251111161735.737496\signal_stability_analysis.png
2025-11-24 13:50:29-INFO-[time_series_plots.py:250]-开始绘制通道一致性对比图
2025-11-24 13:50:29-INFO-[time_series_plots.py:310]-通道一致性图已保存: D:\Lab\results\2025.11.11\time\20251111161735.737496\channel_consistency.png
2025-11-24 13:50:29-INFO-[time_series_plots.py:319]-开始生成分析报告
2025-11-24 13:50:29-ERROR-[time_series_plots.py:401]-生成分析报告失败: name 'channels' is not defined
2025-11-24 13:50:29-ERROR-[time_series_plots.py:444]-分析文件失败 D:\Lab\process\2025.11.11\time\GROUP1\20251111161735.737496.csv: name 'channels' is not defined
2025-11-24 13:50:29-INFO-[time_series_plots.py:407]-开始分析文件: D:\Lab\process\2025.11.11\time\GROUP1\20251111161738.935403.csv
2025-11-24 13:50:29-INFO-[time_series_plots.py:43]-正在读取CSV文件: D:\Lab\process\2025.11.11\time\GROUP1\20251111161738.935403.csv
2025-11-24 13:50:30-INFO-[time_series_plots.py:56]-成功读取数据: 1600000 行, 8 个通道
2025-11-24 13:50:32-INFO-[time_series_plots.py:130]-开始绘制通道时序图
2025-11-24 13:50:32-INFO-[time_series_plots.py:136]-数据降采样: 1600000 -> 50000 点
2025-11-24 13:50:33-INFO-[time_series_plots.py:179]-时序图已保存: D:\Lab\results\2025.11.11\time\20251111161738.935403\channel_time_series.png
2025-11-24 13:50:33-INFO-[time_series_plots.py:188]-开始绘制信号稳定性分析图
2025-11-24 13:50:34-INFO-[time_series_plots.py:241]-稳定性分析图已保存: D:\Lab\results\2025.11.11\time\20251111161738.935403\signal_stability_analysis.png
2025-11-24 13:50:34-INFO-[time_series_plots.py:250]-开始绘制通道一致性对比图
2025-11-24 13:50:35-INFO-[time_series_plots.py:310]-通道一致性图已保存: D:\Lab\results\2025.11.11\time\20251111161738.935403\channel_consistency.png
2025-11-24 13:50:35-INFO-[time_series_plots.py:319]-开始生成分析报告
2025-11-24 13:50:35-ERROR-[time_series_plots.py:401]-生成分析报告失败: name 'channels' is not defined
2025-11-24 13:50:35-ERROR-[time_series_plots.py:444]-分析文件失败 D:\Lab\process\2025.11.11\time\GROUP1\20251111161738.935403.csv: name 'channels' is not defined
2025-11-24 13:50:35-INFO-[time_series_plots.py:407]-开始分析文件: D:\Lab\process\2025.11.11\time\GROUP1\20251111161742.134913.csv
2025-11-24 13:50:35-INFO-[time_series_plots.py:43]-正在读取CSV文件: D:\Lab\process\2025.11.11\time\GROUP1\20251111161742.134913.csv
2025-11-24 13:50:36-INFO-[time_series_plots.py:56]-成功读取数据: 1600000 行, 8 个通道
2025-11-24 13:50:37-INFO-[time_series_plots.py:130]-开始绘制通道时序图
2025-11-24 13:50:37-INFO-[time_series_plots.py:136]-数据降采样: 1600000 -> 50000 点
2025-11-24 13:50:38-INFO-[time_series_plots.py:179]-时序图已保存: D:\Lab\results\2025.11.11\time\20251111161742.134913\channel_time_series.png
2025-11-24 13:50:38-INFO-[time_series_plots.py:188]-开始绘制信号稳定性分析图
2025-11-24 13:50:39-INFO-[time_series_plots.py:241]-稳定性分析图已保存: D:\Lab\results\2025.11.11\time\20251111161742.134913\signal_stability_analysis.png
2025-11-24 13:50:39-INFO-[time_series_plots.py:250]-开始绘制通道一致性对比图
2025-11-24 13:50:40-INFO-[time_series_plots.py:310]-通道一致性图已保存: D:\Lab\results\2025.11.11\time\20251111161742.134913\channel_consistency.png
2025-11-24 13:50:40-INFO-[time_series_plots.py:319]-开始生成分析报告
2025-11-24 13:50:40-ERROR-[time_series_plots.py:401]-生成分析报告失败: name 'channels' is not defined
2025-11-24 13:50:40-ERROR-[time_series_plots.py:444]-分析文件失败 D:\Lab\process\2025.11.11\time\GROUP1\20251111161742.134913.csv: name 'channels' is not defined
2025-11-24 13:50:40-INFO-[time_series_plots.py:407]-开始分析文件: D:\Lab\process\2025.11.11\time\GROUP1\20251111161745.334812.csv
2025-11-24 13:50:40-INFO-[time_series_plots.py:43]-正在读取CSV文件: D:\Lab\process\2025.11.11\time\GROUP1\20251111161745.334812.csv
2025-11-24 13:50:41-INFO-[time_series_plots.py:56]-成功读取数据: 1600000 行, 8 个通道
2025-11-24 13:50:42-INFO-[time_series_plots.py:130]-开始绘制通道时序图
2025-11-24 13:50:42-INFO-[time_series_plots.py:136]-数据降采样: 1600000 -> 50000 点
2025-11-24 13:50:44-INFO-[time_series_plots.py:179]-时序图已保存: D:\Lab\results\2025.11.11\time\20251111161745.334812\channel_time_series.png
2025-11-24 13:50:44-INFO-[time_series_plots.py:188]-开始绘制信号稳定性分析图
2025-11-24 13:50:44-INFO-[time_series_plots.py:241]-稳定性分析图已保存: D:\Lab\results\2025.11.11\time\20251111161745.334812\signal_stability_analysis.png
2025-11-24 13:50:44-INFO-[time_series_plots.py:250]-开始绘制通道一致性对比图
2025-11-24 13:50:45-INFO-[time_series_plots.py:310]-通道一致性图已保存: D:\Lab\results\2025.11.11\time\20251111161745.334812\channel_consistency.png
2025-11-24 13:50:45-INFO-[time_series_plots.py:319]-开始生成分析报告
2025-11-24 13:50:45-ERROR-[time_series_plots.py:401]-生成分析报告失败: name 'channels' is not defined
2025-11-24 13:50:45-ERROR-[time_series_plots.py:444]-分析文件失败 D:\Lab\process\2025.11.11\time\GROUP1\20251111161745.334812.csv: name 'channels' is not defined
2025-11-24 13:50:45-INFO-[time_series_plots.py:407]-开始分析文件: D:\Lab\process\2025.11.11\time\GROUP1\20251111161748.533627.csv
2025-11-24 13:50:45-INFO-[time_series_plots.py:43]-正在读取CSV文件: D:\Lab\process\2025.11.11\time\GROUP1\20251111161748.533627.csv
2025-11-24 13:50:46-INFO-[time_series_plots.py:56]-成功读取数据: 1600000 行, 8 个通道
2025-11-24 13:50:48-INFO-[time_series_plots.py:130]-开始绘制通道时序图
2025-11-24 13:50:48-INFO-[time_series_plots.py:136]-数据降采样: 1600000 -> 50000 点
2025-11-24 13:50:49-INFO-[time_series_plots.py:179]-时序图已保存: D:\Lab\results\2025.11.11\time\20251111161748.533627\channel_time_series.png
2025-11-24 13:50:49-INFO-[time_series_plots.py:188]-开始绘制信号稳定性分析图
2025-11-24 13:50:50-INFO-[time_series_plots.py:241]-稳定性分析图已保存: D:\Lab\results\2025.11.11\time\20251111161748.533627\signal_stability_analysis.png
2025-11-24 13:50:50-INFO-[time_series_plots.py:250]-开始绘制通道一致性对比图
2025-11-24 13:50:51-INFO-[time_series_plots.py:310]-通道一致性图已保存: D:\Lab\results\2025.11.11\time\20251111161748.533627\channel_consistency.png
2025-11-24 13:50:51-INFO-[time_series_plots.py:319]-开始生成分析报告
2025-11-24 13:50:51-ERROR-[time_series_plots.py:401]-生成分析报告失败: name 'channels' is not defined
2025-11-24 13:50:51-ERROR-[time_series_plots.py:444]-分析文件失败 D:\Lab\process\2025.11.11\time\GROUP1\20251111161748.533627.csv: name 'channels' is not defined
2025-11-24 13:50:51-INFO-[time_series_plots.py:407]-开始分析文件: D:\Lab\process\2025.11.11\time\GROUP1\20251111161751.736184.csv
2025-11-24 13:50:51-INFO-[time_series_plots.py:43]-正在读取CSV文件: D:\Lab\process\2025.11.11\time\GROUP1\20251111161751.736184.csv
2025-11-24 13:50:52-INFO-[time_series_plots.py:56]-成功读取数据: 1600000 行, 8 个通道
2025-11-24 13:50:53-INFO-[time_series_plots.py:130]-开始绘制通道时序图
2025-11-24 13:50:53-INFO-[time_series_plots.py:136]-数据降采样: 1600000 -> 50000 点
2025-11-24 13:50:55-INFO-[time_series_plots.py:179]-时序图已保存: D:\Lab\results\2025.11.11\time\20251111161751.736184\channel_time_series.png
2025-11-24 13:50:55-INFO-[time_series_plots.py:188]-开始绘制信号稳定性分析图
2025-11-24 13:50:55-INFO-[time_series_plots.py:241]-稳定性分析图已保存: D:\Lab\results\2025.11.11\time\20251111161751.736184\signal_stability_analysis.png
2025-11-24 13:50:55-INFO-[time_series_plots.py:250]-开始绘制通道一致性对比图
2025-11-24 13:50:56-INFO-[time_series_plots.py:310]-通道一致性图已保存: D:\Lab\results\2025.11.11\time\20251111161751.736184\channel_consistency.png
2025-11-24 13:50:56-INFO-[time_series_plots.py:319]-开始生成分析报告
2025-11-24 13:50:56-ERROR-[time_series_plots.py:401]-生成分析报告失败: name 'channels' is not defined
2025-11-24 13:50:56-ERROR-[time_series_plots.py:444]-分析文件失败 D:\Lab\process\2025.11.11\time\GROUP1\20251111161751.736184.csv: name 'channels' is not defined
2025-11-24 13:50:56-INFO-[time_series_plots.py:407]-开始分析文件: D:\Lab\process\2025.11.11\time\GROUP1\20251111161754.935566.csv
2025-11-24 13:50:56-INFO-[time_series_plots.py:43]-正在读取CSV文件: D:\Lab\process\2025.11.11\time\GROUP1\20251111161754.935566.csv
2025-11-24 13:50:57-INFO-[time_series_plots.py:56]-成功读取数据: 1600000 行, 8 个通道
2025-11-24 13:50:59-INFO-[time_series_plots.py:130]-开始绘制通道时序图
2025-11-24 13:50:59-INFO-[time_series_plots.py:136]-数据降采样: 1600000 -> 50000 点
2025-11-24 13:51:00-INFO-[time_series_plots.py:179]-时序图已保存: D:\Lab\results\2025.11.11\time\20251111161754.935566\channel_time_series.png
2025-11-24 13:51:00-INFO-[time_series_plots.py:188]-开始绘制信号稳定性分析图
2025-11-24 13:51:01-INFO-[time_series_plots.py:241]-稳定性分析图已保存: D:\Lab\results\2025.11.11\time\20251111161754.935566\signal_stability_analysis.png
2025-11-24 13:51:01-INFO-[time_series_plots.py:250]-开始绘制通道一致性对比图
2025-11-24 13:51:02-INFO-[time_series_plots.py:310]-通道一致性图已保存: D:\Lab\results\2025.11.11\time\20251111161754.935566\channel_consistency.png
2025-11-24 13:51:02-INFO-[time_series_plots.py:319]-开始生成分析报告
2025-11-24 13:51:02-ERROR-[time_series_plots.py:401]-生成分析报告失败: name 'channels' is not defined
2025-11-24 13:51:02-ERROR-[time_series_plots.py:444]-分析文件失败 D:\Lab\process\2025.11.11\time\GROUP1\20251111161754.935566.csv: name 'channels' is not defined
2025-11-24 13:51:02-INFO-[time_series_plots.py:407]-开始分析文件: D:\Lab\process\2025.11.11\time\GROUP1\20251111161758.134829.csv
2025-11-24 13:51:02-INFO-[time_series_plots.py:43]-正在读取CSV文件: D:\Lab\process\2025.11.11\time\GROUP1\20251111161758.134829.csv
2025-11-24 13:51:02-INFO-[time_series_plots.py:56]-成功读取数据: 1600000 行, 8 个通道
2025-11-24 13:51:04-INFO-[time_series_plots.py:130]-开始绘制通道时序图
2025-11-24 13:51:04-INFO-[time_series_plots.py:136]-数据降采样: 1600000 -> 50000 点
2025-11-24 13:51:05-INFO-[time_series_plots.py:179]-时序图已保存: D:\Lab\results\2025.11.11\time\20251111161758.134829\channel_time_series.png
2025-11-24 13:51:05-INFO-[time_series_plots.py:188]-开始绘制信号稳定性分析图
2025-11-24 13:51:06-INFO-[time_series_plots.py:241]-稳定性分析图已保存: D:\Lab\results\2025.11.11\time\20251111161758.134829\signal_stability_analysis.png
2025-11-24 13:51:06-INFO-[time_series_plots.py:250]-开始绘制通道一致性对比图
2025-11-24 13:51:07-INFO-[time_series_plots.py:310]-通道一致性图已保存: D:\Lab\results\2025.11.11\time\20251111161758.134829\channel_consistency.png
2025-11-24 13:51:07-INFO-[time_series_plots.py:319]-开始生成分析报告
2025-11-24 13:51:07-ERROR-[time_series_plots.py:401]-生成分析报告失败: name 'channels' is not defined
2025-11-24 13:51:07-ERROR-[time_series_plots.py:444]-分析文件失败 D:\Lab\process\2025.11.11\time\GROUP1\20251111161758.134829.csv: name 'channels' is not defined
2025-11-24 13:51:07-INFO-[time_series_plots.py:407]-开始分析文件: D:\Lab\process\2025.11.11\time\GROUP1\20251111161801.333804.csv
2025-11-24 13:51:07-INFO-[time_series_plots.py:43]-正在读取CSV文件: D:\Lab\process\2025.11.11\time\GROUP1\20251111161801.333804.csv
2025-11-24 13:51:08-INFO-[time_series_plots.py:56]-成功读取数据: 1600000 行, 8 个通道
2025-11-24 13:51:09-INFO-[time_series_plots.py:130]-开始绘制通道时序图
2025-11-24 13:51:09-INFO-[time_series_plots.py:136]-数据降采样: 1600000 -> 50000 点
2025-11-24 13:51:11-INFO-[time_series_plots.py:179]-时序图已保存: D:\Lab\results\2025.11.11\time\20251111161801.333804\channel_time_series.png
2025-11-24 13:51:11-INFO-[time_series_plots.py:188]-开始绘制信号稳定性分析图
2025-11-24 13:51:12-INFO-[time_series_plots.py:241]-稳定性分析图已保存: D:\Lab\results\2025.11.11\time\20251111161801.333804\signal_stability_analysis.png
2025-11-24 13:51:12-INFO-[time_series_plots.py:250]-开始绘制通道一致性对比图
2025-11-24 13:51:12-INFO-[time_series_plots.py:310]-通道一致性图已保存: D:\Lab\results\2025.11.11\time\20251111161801.333804\channel_consistency.png
2025-11-24 13:51:12-INFO-[time_series_plots.py:319]-开始生成分析报告
2025-11-24 13:51:12-ERROR-[time_series_plots.py:401]-生成分析报告失败: name 'channels' is not defined
2025-11-24 13:51:12-ERROR-[time_series_plots.py:444]-分析文件失败 D:\Lab\process\2025.11.11\time\GROUP1\20251111161801.333804.csv: name 'channels' is not defined
2025-11-24 13:51:12-INFO-[time_series_plots.py:407]-开始分析文件: D:\Lab\process\2025.11.11\time\GROUP1\20251111161804.535129.csv
2025-11-24 13:51:12-INFO-[time_series_plots.py:43]-正在读取CSV文件: D:\Lab\process\2025.11.11\time\GROUP1\20251111161804.535129.csv
2025-11-24 13:51:13-INFO-[time_series_plots.py:56]-成功读取数据: 1600000 行, 8 个通道
2025-11-24 13:51:15-INFO-[time_series_plots.py:130]-开始绘制通道时序图
2025-11-24 13:51:15-INFO-[time_series_plots.py:136]-数据降采样: 1600000 -> 50000 点
2025-11-24 13:51:16-INFO-[time_series_plots.py:179]-时序图已保存: D:\Lab\results\2025.11.11\time\20251111161804.535129\channel_time_series.png
2025-11-24 13:51:16-INFO-[time_series_plots.py:188]-开始绘制信号稳定性分析图
2025-11-24 13:51:17-INFO-[time_series_plots.py:241]-稳定性分析图已保存: D:\Lab\results\2025.11.11\time\20251111161804.535129\signal_stability_analysis.png
2025-11-24 13:51:17-INFO-[time_series_plots.py:250]-开始绘制通道一致性对比图
2025-11-24 13:51:18-INFO-[time_series_plots.py:310]-通道一致性图已保存: D:\Lab\results\2025.11.11\time\20251111161804.535129\channel_consistency.png
2025-11-24 13:51:18-INFO-[time_series_plots.py:319]-开始生成分析报告
2025-11-24 13:51:18-ERROR-[time_series_plots.py:401]-生成分析报告失败: name 'channels' is not defined
2025-11-24 13:51:18-ERROR-[time_series_plots.py:444]-分析文件失败 D:\Lab\process\2025.11.11\time\GROUP1\20251111161804.535129.csv: name 'channels' is not defined
2025-11-24 13:51:18-INFO-[time_series_plots.py:407]-开始分析文件: D:\Lab\process\2025.11.11\time\GROUP1\20251111161807.734294.csv
2025-11-24 13:51:18-INFO-[time_series_plots.py:43]-正在读取CSV文件: D:\Lab\process\2025.11.11\time\GROUP1\20251111161807.734294.csv
2025-11-24 13:51:19-INFO-[time_series_plots.py:56]-成功读取数据: 1600000 行, 8 个通道
2025-11-24 13:51:20-INFO-[time_series_plots.py:130]-开始绘制通道时序图
2025-11-24 13:51:20-INFO-[time_series_plots.py:136]-数据降采样: 1600000 -> 50000 点
2025-11-24 13:51:22-INFO-[time_series_plots.py:179]-时序图已保存: D:\Lab\results\2025.11.11\time\20251111161807.734294\channel_time_series.png
2025-11-24 13:51:22-INFO-[time_series_plots.py:188]-开始绘制信号稳定性分析图
2025-11-24 13:51:22-INFO-[time_series_plots.py:241]-稳定性分析图已保存: D:\Lab\results\2025.11.11\time\20251111161807.734294\signal_stability_analysis.png
2025-11-24 13:51:22-INFO-[time_series_plots.py:250]-开始绘制通道一致性对比图
2025-11-24 13:51:23-INFO-[time_series_plots.py:310]-通道一致性图已保存: D:\Lab\results\2025.11.11\time\20251111161807.734294\channel_consistency.png
2025-11-24 13:51:23-INFO-[time_series_plots.py:319]-开始生成分析报告
2025-11-24 13:51:23-ERROR-[time_series_plots.py:401]-生成分析报告失败: name 'channels' is not defined
2025-11-24 13:51:23-ERROR-[time_series_plots.py:444]-分析文件失败 D:\Lab\process\2025.11.11\time\GROUP1\20251111161807.734294.csv: name 'channels' is not defined
2025-11-24 13:51:23-INFO-[time_series_plots.py:407]-开始分析文件: D:\Lab\process\2025.11.11\time\GROUP1\20251111161810.932971.csv
2025-11-24 13:51:23-INFO-[time_series_plots.py:43]-正在读取CSV文件: D:\Lab\process\2025.11.11\time\GROUP1\20251111161810.932971.csv
2025-11-24 13:51:23-INFO-[time_series_plots.py:56]-成功读取数据: 500000 行, 8 个通道
2025-11-24 13:51:24-INFO-[time_series_plots.py:130]-开始绘制通道时序图
2025-11-24 13:51:24-INFO-[time_series_plots.py:136]-数据降采样: 500000 -> 50000 点
2025-11-24 13:51:25-INFO-[time_series_plots.py:179]-时序图已保存: D:\Lab\results\2025.11.11\time\20251111161810.932971\channel_time_series.png
2025-11-24 13:51:25-INFO-[time_series_plots.py:188]-开始绘制信号稳定性分析图
2025-11-24 13:51:26-INFO-[time_series_plots.py:241]-稳定性分析图已保存: D:\Lab\results\2025.11.11\time\20251111161810.932971\signal_stability_analysis.png
2025-11-24 13:51:26-INFO-[time_series_plots.py:250]-开始绘制通道一致性对比图
2025-11-24 13:51:27-INFO-[time_series_plots.py:310]-通道一致性图已保存: D:\Lab\results\2025.11.11\time\20251111161810.932971\channel_consistency.png
2025-11-24 13:51:27-INFO-[time_series_plots.py:319]-开始生成分析报告
2025-11-24 13:51:27-ERROR-[time_series_plots.py:401]-生成分析报告失败: name 'channels' is not defined
2025-11-24 13:51:27-ERROR-[time_series_plots.py:444]-分析文件失败 D:\Lab\process\2025.11.11\time\GROUP1\20251111161810.932971.csv: name 'channels' is not defined
2025-11-24 13:51:27-INFO-[time_series_plots.py:407]-开始分析文件: D:\Lab\process\2025.11.11\time\GROUP2\20251111162727.536629.csv
2025-11-24 13:51:27-INFO-[time_series_plots.py:43]-正在读取CSV文件: D:\Lab\process\2025.11.11\time\GROUP2\20251111162727.536629.csv
2025-11-24 13:51:28-INFO-[time_series_plots.py:56]-成功读取数据: 1600000 行, 8 个通道
2025-11-24 13:51:29-INFO-[time_series_plots.py:130]-开始绘制通道时序图
2025-11-24 13:51:29-INFO-[time_series_plots.py:136]-数据降采样: 1600000 -> 50000 点
2025-11-24 13:51:31-INFO-[time_series_plots.py:179]-时序图已保存: D:\Lab\results\2025.11.11\time\20251111162727.536629\channel_time_series.png
2025-11-24 13:51:31-INFO-[time_series_plots.py:188]-开始绘制信号稳定性分析图
2025-11-24 13:51:32-INFO-[time_series_plots.py:241]-稳定性分析图已保存: D:\Lab\results\2025.11.11\time\20251111162727.536629\signal_stability_analysis.png
2025-11-24 13:51:32-INFO-[time_series_plots.py:250]-开始绘制通道一致性对比图
2025-11-24 13:51:33-INFO-[time_series_plots.py:310]-通道一致性图已保存: D:\Lab\results\2025.11.11\time\20251111162727.536629\channel_consistency.png
2025-11-24 13:51:33-INFO-[time_series_plots.py:319]-开始生成分析报告
2025-11-24 13:51:33-ERROR-[time_series_plots.py:401]-生成分析报告失败: name 'channels' is not defined
2025-11-24 13:51:33-ERROR-[time_series_plots.py:444]-分析文件失败 D:\Lab\process\2025.11.11\time\GROUP2\20251111162727.536629.csv: name 'channels' is not defined
2025-11-24 13:51:33-INFO-[time_series_plots.py:407]-开始分析文件: D:\Lab\process\2025.11.11\time\GROUP2\20251111162730.736447.csv
2025-11-24 13:51:33-INFO-[time_series_plots.py:43]-正在读取CSV文件: D:\Lab\process\2025.11.11\time\GROUP2\20251111162730.736447.csv
2025-11-24 13:51:34-INFO-[time_series_plots.py:56]-成功读取数据: 1600000 行, 8 个通道
2025-11-24 13:51:35-INFO-[time_series_plots.py:130]-开始绘制通道时序图
2025-11-24 13:51:35-INFO-[time_series_plots.py:136]-数据降采样: 1600000 -> 50000 点
2025-11-24 13:51:37-INFO-[time_series_plots.py:179]-时序图已保存: D:\Lab\results\2025.11.11\time\20251111162730.736447\channel_time_series.png
2025-11-24 13:51:37-INFO-[time_series_plots.py:188]-开始绘制信号稳定性分析图
2025-11-24 13:51:37-INFO-[time_series_plots.py:241]-稳定性分析图已保存: D:\Lab\results\2025.11.11\time\20251111162730.736447\signal_stability_analysis.png
2025-11-24 13:51:37-INFO-[time_series_plots.py:250]-开始绘制通道一致性对比图
2025-11-24 13:51:38-INFO-[time_series_plots.py:310]-通道一致性图已保存: D:\Lab\results\2025.11.11\time\20251111162730.736447\channel_consistency.png
2025-11-24 13:51:38-INFO-[time_series_plots.py:319]-开始生成分析报告
2025-11-24 13:51:38-ERROR-[time_series_plots.py:401]-生成分析报告失败: name 'channels' is not defined
2025-11-24 13:51:38-ERROR-[time_series_plots.py:444]-分析文件失败 D:\Lab\process\2025.11.11\time\GROUP2\20251111162730.736447.csv: name 'channels' is not defined
2025-11-24 13:51:38-INFO-[time_series_plots.py:407]-开始分析文件: D:\Lab\process\2025.11.11\time\GROUP2\20251111162733.934607.csv
2025-11-24 13:51:38-INFO-[time_series_plots.py:43]-正在读取CSV文件: D:\Lab\process\2025.11.11\time\GROUP2\20251111162733.934607.csv
2025-11-24 13:51:39-INFO-[time_series_plots.py:56]-成功读取数据: 1600000 行, 8 个通道
2025-11-24 13:51:41-INFO-[time_series_plots.py:130]-开始绘制通道时序图
2025-11-24 13:51:41-INFO-[time_series_plots.py:136]-数据降采样: 1600000 -> 50000 点
2025-11-24 13:51:42-INFO-[time_series_plots.py:179]-时序图已保存: D:\Lab\results\2025.11.11\time\20251111162733.934607\channel_time_series.png
2025-11-24 13:51:42-INFO-[time_series_plots.py:188]-开始绘制信号稳定性分析图
2025-11-24 13:51:43-INFO-[time_series_plots.py:241]-稳定性分析图已保存: D:\Lab\results\2025.11.11\time\20251111162733.934607\signal_stability_analysis.png
2025-11-24 13:51:43-INFO-[time_series_plots.py:250]-开始绘制通道一致性对比图
2025-11-24 13:51:44-INFO-[time_series_plots.py:310]-通道一致性图已保存: D:\Lab\results\2025.11.11\time\20251111162733.934607\channel_consistency.png
2025-11-24 13:51:44-INFO-[time_series_plots.py:319]-开始生成分析报告
2025-11-24 13:51:44-ERROR-[time_series_plots.py:401]-生成分析报告失败: name 'channels' is not defined
2025-11-24 13:51:44-ERROR-[time_series_plots.py:444]-分析文件失败 D:\Lab\process\2025.11.11\time\GROUP2\20251111162733.934607.csv: name 'channels' is not defined
2025-11-24 13:51:44-INFO-[time_series_plots.py:407]-开始分析文件: D:\Lab\process\2025.11.11\time\GROUP2\20251111162737.136395.csv
2025-11-24 13:51:44-INFO-[time_series_plots.py:43]-正在读取CSV文件: D:\Lab\process\2025.11.11\time\GROUP2\20251111162737.136395.csv
2025-11-24 13:51:45-INFO-[time_series_plots.py:56]-成功读取数据: 1600000 行, 8 个通道
2025-11-24 13:51:46-INFO-[time_series_plots.py:130]-开始绘制通道时序图
2025-11-24 13:51:46-INFO-[time_series_plots.py:136]-数据降采样: 1600000 -> 50000 点
2025-11-24 13:51:48-INFO-[time_series_plots.py:179]-时序图已保存: D:\Lab\results\2025.11.11\time\20251111162737.136395\channel_time_series.png
2025-11-24 13:51:48-INFO-[time_series_plots.py:188]-开始绘制信号稳定性分析图
2025-11-24 13:51:49-INFO-[time_series_plots.py:241]-稳定性分析图已保存: D:\Lab\results\2025.11.11\time\20251111162737.136395\signal_stability_analysis.png
2025-11-24 13:51:49-INFO-[time_series_plots.py:250]-开始绘制通道一致性对比图
2025-11-24 13:51:50-INFO-[time_series_plots.py:310]-通道一致性图已保存: D:\Lab\results\2025.11.11\time\20251111162737.136395\channel_consistency.png
2025-11-24 13:51:50-INFO-[time_series_plots.py:319]-开始生成分析报告
2025-11-24 13:51:50-ERROR-[time_series_plots.py:401]-生成分析报告失败: name 'channels' is not defined
2025-11-24 13:51:50-ERROR-[time_series_plots.py:444]-分析文件失败 D:\Lab\process\2025.11.11\time\GROUP2\20251111162737.136395.csv: name 'channels' is not defined
2025-11-24 13:51:50-INFO-[time_series_plots.py:407]-开始分析文件: D:\Lab\process\2025.11.11\time\GROUP2\20251111162740.336186.csv
2025-11-24 13:51:50-INFO-[time_series_plots.py:43]-正在读取CSV文件: D:\Lab\process\2025.11.11\time\GROUP2\20251111162740.336186.csv
2025-11-24 13:51:50-INFO-[time_series_plots.py:56]-成功读取数据: 1600000 行, 8 个通道
2025-11-24 13:51:52-INFO-[time_series_plots.py:130]-开始绘制通道时序图
2025-11-24 13:51:52-INFO-[time_series_plots.py:136]-数据降采样: 1600000 -> 50000 点
2025-11-24 13:51:53-INFO-[time_series_plots.py:179]-时序图已保存: D:\Lab\results\2025.11.11\time\20251111162740.336186\channel_time_series.png
2025-11-24 13:51:53-INFO-[time_series_plots.py:188]-开始绘制信号稳定性分析图
2025-11-24 13:51:54-INFO-[time_series_plots.py:241]-稳定性分析图已保存: D:\Lab\results\2025.11.11\time\20251111162740.336186\signal_stability_analysis.png
2025-11-24 13:51:54-INFO-[time_series_plots.py:250]-开始绘制通道一致性对比图
2025-11-24 13:51:55-INFO-[time_series_plots.py:310]-通道一致性图已保存: D:\Lab\results\2025.11.11\time\20251111162740.336186\channel_consistency.png
2025-11-24 13:51:55-INFO-[time_series_plots.py:319]-开始生成分析报告
2025-11-24 13:51:55-ERROR-[time_series_plots.py:401]-生成分析报告失败: name 'channels' is not defined
2025-11-24 13:51:55-ERROR-[time_series_plots.py:444]-分析文件失败 D:\Lab\process\2025.11.11\time\GROUP2\20251111162740.336186.csv: name 'channels' is not defined
2025-11-24 13:51:55-INFO-[time_series_plots.py:407]-开始分析文件: D:\Lab\process\2025.11.11\time\GROUP2\20251111162743.537230.csv
2025-11-24 13:51:55-INFO-[time_series_plots.py:43]-正在读取CSV文件: D:\Lab\process\2025.11.11\time\GROUP2\20251111162743.537230.csv
2025-11-24 13:51:56-INFO-[time_series_plots.py:56]-成功读取数据: 1600000 行, 8 个通道
2025-11-24 13:51:57-INFO-[time_series_plots.py:130]-开始绘制通道时序图
2025-11-24 13:51:57-INFO-[time_series_plots.py:136]-数据降采样: 1600000 -> 50000 点
2025-11-24 13:51:59-INFO-[time_series_plots.py:179]-时序图已保存: D:\Lab\results\2025.11.11\time\20251111162743.537230\channel_time_series.png
2025-11-24 13:51:59-INFO-[time_series_plots.py:188]-开始绘制信号稳定性分析图
2025-11-24 13:51:59-INFO-[time_series_plots.py:241]-稳定性分析图已保存: D:\Lab\results\2025.11.11\time\20251111162743.537230\signal_stability_analysis.png
2025-11-24 13:51:59-INFO-[time_series_plots.py:250]-开始绘制通道一致性对比图
2025-11-24 13:52:00-INFO-[time_series_plots.py:310]-通道一致性图已保存: D:\Lab\results\2025.11.11\time\20251111162743.537230\channel_consistency.png
2025-11-24 13:52:00-INFO-[time_series_plots.py:319]-开始生成分析报告
2025-11-24 13:52:00-ERROR-[time_series_plots.py:401]-生成分析报告失败: name 'channels' is not defined
2025-11-24 13:52:00-ERROR-[time_series_plots.py:444]-分析文件失败 D:\Lab\process\2025.11.11\time\GROUP2\20251111162743.537230.csv: name 'channels' is not defined
2025-11-24 13:52:00-INFO-[time_series_plots.py:407]-开始分析文件: D:\Lab\process\2025.11.11\time\GROUP2\20251111162746.733035.csv
2025-11-24 13:52:00-INFO-[time_series_plots.py:43]-正在读取CSV文件: D:\Lab\process\2025.11.11\time\GROUP2\20251111162746.733035.csv
2025-11-24 13:52:01-INFO-[time_series_plots.py:56]-成功读取数据: 1600000 行, 8 个通道
2025-11-24 13:52:03-INFO-[time_series_plots.py:130]-开始绘制通道时序图
2025-11-24 13:52:03-INFO-[time_series_plots.py:136]-数据降采样: 1600000 -> 50000 点
2025-11-24 13:52:04-INFO-[time_series_plots.py:179]-时序图已保存: D:\Lab\results\2025.11.11\time\20251111162746.733035\channel_time_series.png
2025-11-24 13:52:04-INFO-[time_series_plots.py:188]-开始绘制信号稳定性分析图
2025-11-24 13:52:05-INFO-[time_series_plots.py:241]-稳定性分析图已保存: D:\Lab\results\2025.11.11\time\20251111162746.733035\signal_stability_analysis.png
2025-11-24 13:52:05-INFO-[time_series_plots.py:250]-开始绘制通道一致性对比图
2025-11-24 13:52:06-INFO-[time_series_plots.py:310]-通道一致性图已保存: D:\Lab\results\2025.11.11\time\20251111162746.733035\channel_consistency.png
2025-11-24 13:52:06-INFO-[time_series_plots.py:319]-开始生成分析报告
2025-11-24 13:52:06-ERROR-[time_series_plots.py:401]-生成分析报告失败: name 'channels' is not defined
2025-11-24 13:52:06-ERROR-[time_series_plots.py:444]-分析文件失败 D:\Lab\process\2025.11.11\time\GROUP2\20251111162746.733035.csv: name 'channels' is not defined
2025-11-24 13:52:06-INFO-[time_series_plots.py:407]-开始分析文件: D:\Lab\process\2025.11.11\time\GROUP2\20251111162749.933710.csv
2025-11-24 13:52:06-INFO-[time_series_plots.py:43]-正在读取CSV文件: D:\Lab\process\2025.11.11\time\GROUP2\20251111162749.933710.csv
2025-11-24 13:52:06-INFO-[time_series_plots.py:56]-成功读取数据: 1600000 行, 8 个通道
2025-11-24 13:52:08-INFO-[time_series_plots.py:130]-开始绘制通道时序图
2025-11-24 13:52:08-INFO-[time_series_plots.py:136]-数据降采样: 1600000 -> 50000 点
2025-11-24 13:52:09-INFO-[time_series_plots.py:179]-时序图已保存: D:\Lab\results\2025.11.11\time\20251111162749.933710\channel_time_series.png
2025-11-24 13:52:09-INFO-[time_series_plots.py:188]-开始绘制信号稳定性分析图
2025-11-24 13:52:10-INFO-[time_series_plots.py:241]-稳定性分析图已保存: D:\Lab\results\2025.11.11\time\20251111162749.933710\signal_stability_analysis.png
2025-11-24 13:52:10-INFO-[time_series_plots.py:250]-开始绘制通道一致性对比图
2025-11-24 13:52:11-INFO-[time_series_plots.py:310]-通道一致性图已保存: D:\Lab\results\2025.11.11\time\20251111162749.933710\channel_consistency.png
2025-11-24 13:52:11-INFO-[time_series_plots.py:319]-开始生成分析报告
2025-11-24 13:52:11-ERROR-[time_series_plots.py:401]-生成分析报告失败: name 'channels' is not defined
2025-11-24 13:52:11-ERROR-[time_series_plots.py:444]-分析文件失败 D:\Lab\process\2025.11.11\time\GROUP2\20251111162749.933710.csv: name 'channels' is not defined
2025-11-24 13:52:11-INFO-[time_series_plots.py:407]-开始分析文件: D:\Lab\process\2025.11.11\time\GROUP2\20251111162753.132526.csv
2025-11-24 13:52:11-INFO-[time_series_plots.py:43]-正在读取CSV文件: D:\Lab\process\2025.11.11\time\GROUP2\20251111162753.132526.csv
2025-11-24 13:52:12-INFO-[time_series_plots.py:56]-成功读取数据: 1600000 行, 8 个通道
2025-11-24 13:52:13-INFO-[time_series_plots.py:130]-开始绘制通道时序图
2025-11-24 13:52:13-INFO-[time_series_plots.py:136]-数据降采样: 1600000 -> 50000 点
2025-11-24 13:52:15-INFO-[time_series_plots.py:179]-时序图已保存: D:\Lab\results\2025.11.11\time\20251111162753.132526\channel_time_series.png
2025-11-24 13:52:15-INFO-[time_series_plots.py:188]-开始绘制信号稳定性分析图
2025-11-24 13:52:15-INFO-[time_series_plots.py:241]-稳定性分析图已保存: D:\Lab\results\2025.11.11\time\20251111162753.132526\signal_stability_analysis.png
2025-11-24 13:52:15-INFO-[time_series_plots.py:250]-开始绘制通道一致性对比图
2025-11-24 13:52:16-INFO-[time_series_plots.py:310]-通道一致性图已保存: D:\Lab\results\2025.11.11\time\20251111162753.132526\channel_consistency.png
2025-11-24 13:52:16-INFO-[time_series_plots.py:319]-开始生成分析报告
2025-11-24 13:52:16-ERROR-[time_series_plots.py:401]-生成分析报告失败: name 'channels' is not defined
2025-11-24 13:52:16-ERROR-[time_series_plots.py:444]-分析文件失败 D:\Lab\process\2025.11.11\time\GROUP2\20251111162753.132526.csv: name 'channels' is not defined
2025-11-24 13:52:16-INFO-[time_series_plots.py:407]-开始分析文件: D:\Lab\process\2025.11.11\time\GROUP2\20251111162756.337381.csv
2025-11-24 13:52:16-INFO-[time_series_plots.py:43]-正在读取CSV文件: D:\Lab\process\2025.11.11\time\GROUP2\20251111162756.337381.csv
2025-11-24 13:52:17-INFO-[time_series_plots.py:56]-成功读取数据: 1600000 行, 8 个通道
2025-11-24 13:52:19-INFO-[time_series_plots.py:130]-开始绘制通道时序图
2025-11-24 13:52:19-INFO-[time_series_plots.py:136]-数据降采样: 1600000 -> 50000 点
2025-11-24 13:52:20-INFO-[time_series_plots.py:179]-时序图已保存: D:\Lab\results\2025.11.11\time\20251111162756.337381\channel_time_series.png
2025-11-24 13:52:20-INFO-[time_series_plots.py:188]-开始绘制信号稳定性分析图
2025-11-24 13:52:21-INFO-[time_series_plots.py:241]-稳定性分析图已保存: D:\Lab\results\2025.11.11\time\20251111162756.337381\signal_stability_analysis.png
2025-11-24 13:52:21-INFO-[time_series_plots.py:250]-开始绘制通道一致性对比图
2025-11-24 13:52:22-INFO-[time_series_plots.py:310]-通道一致性图已保存: D:\Lab\results\2025.11.11\time\20251111162756.337381\channel_consistency.png
2025-11-24 13:52:22-INFO-[time_series_plots.py:319]-开始生成分析报告
2025-11-24 13:52:22-ERROR-[time_series_plots.py:401]-生成分析报告失败: name 'channels' is not defined
2025-11-24 13:52:22-ERROR-[time_series_plots.py:444]-分析文件失败 D:\Lab\process\2025.11.11\time\GROUP2\20251111162756.337381.csv: name 'channels' is not defined
2025-11-24 13:52:22-INFO-[time_series_plots.py:407]-开始分析文件: D:\Lab\process\2025.11.11\time\GROUP2\20251111162759.532624.csv
2025-11-24 13:52:22-INFO-[time_series_plots.py:43]-正在读取CSV文件: D:\Lab\process\2025.11.11\time\GROUP2\20251111162759.532624.csv
2025-11-24 13:52:22-INFO-[time_series_plots.py:56]-成功读取数据: 1600000 行, 8 个通道
2025-11-24 13:52:24-INFO-[time_series_plots.py:130]-开始绘制通道时序图
2025-11-24 13:52:24-INFO-[time_series_plots.py:136]-数据降采样: 1600000 -> 50000 点
2025-11-24 13:52:26-INFO-[time_series_plots.py:179]-时序图已保存: D:\Lab\results\2025.11.11\time\20251111162759.532624\channel_time_series.png
2025-11-24 13:52:26-INFO-[time_series_plots.py:188]-开始绘制信号稳定性分析图
2025-11-24 13:52:27-INFO-[time_series_plots.py:241]-稳定性分析图已保存: D:\Lab\results\2025.11.11\time\20251111162759.532624\signal_stability_analysis.png
2025-11-24 13:52:27-INFO-[time_series_plots.py:250]-开始绘制通道一致性对比图
2025-11-24 13:52:28-INFO-[time_series_plots.py:310]-通道一致性图已保存: D:\Lab\results\2025.11.11\time\20251111162759.532624\channel_consistency.png
2025-11-24 13:52:28-INFO-[time_series_plots.py:319]-开始生成分析报告
2025-11-24 13:52:28-ERROR-[time_series_plots.py:401]-生成分析报告失败: name 'channels' is not defined
2025-11-24 13:52:28-ERROR-[time_series_plots.py:444]-分析文件失败 D:\Lab\process\2025.11.11\time\GROUP2\20251111162759.532624.csv: name 'channels' is not defined
2025-11-24 13:52:28-INFO-[time_series_plots.py:407]-开始分析文件: D:\Lab\process\2025.11.11\time\GROUP2\20251111162802.737400.csv
2025-11-24 13:52:28-INFO-[time_series_plots.py:43]-正在读取CSV文件: D:\Lab\process\2025.11.11\time\GROUP2\20251111162802.737400.csv
2025-11-24 13:52:28-INFO-[time_series_plots.py:56]-成功读取数据: 1600000 行, 8 个通道
2025-11-24 13:52:30-INFO-[time_series_plots.py:130]-开始绘制通道时序图
2025-11-24 13:52:30-INFO-[time_series_plots.py:136]-数据降采样: 1600000 -> 50000 点
2025-11-24 13:52:31-INFO-[time_series_plots.py:179]-时序图已保存: D:\Lab\results\2025.11.11\time\20251111162802.737400\channel_time_series.png
2025-11-24 13:52:31-INFO-[time_series_plots.py:188]-开始绘制信号稳定性分析图
2025-11-24 13:52:32-INFO-[time_series_plots.py:241]-稳定性分析图已保存: D:\Lab\results\2025.11.11\time\20251111162802.737400\signal_stability_analysis.png
2025-11-24 13:52:32-INFO-[time_series_plots.py:250]-开始绘制通道一致性对比图
2025-11-24 13:52:33-INFO-[time_series_plots.py:310]-通道一致性图已保存: D:\Lab\results\2025.11.11\time\20251111162802.737400\channel_consistency.png
2025-11-24 13:52:33-INFO-[time_series_plots.py:319]-开始生成分析报告
2025-11-24 13:52:33-ERROR-[time_series_plots.py:401]-生成分析报告失败: name 'channels' is not defined
2025-11-24 13:52:33-ERROR-[time_series_plots.py:444]-分析文件失败 D:\Lab\process\2025.11.11\time\GROUP2\20251111162802.737400.csv: name 'channels' is not defined
2025-11-24 13:52:33-INFO-[time_series_plots.py:407]-开始分析文件: D:\Lab\process\2025.11.11\time\GROUP2\20251111162805.935394.csv
2025-11-24 13:52:33-INFO-[time_series_plots.py:43]-正在读取CSV文件: D:\Lab\process\2025.11.11\time\GROUP2\20251111162805.935394.csv
2025-11-24 13:52:34-INFO-[time_series_plots.py:56]-成功读取数据: 1600000 行, 8 个通道
2025-11-24 13:52:35-INFO-[time_series_plots.py:130]-开始绘制通道时序图
2025-11-24 13:52:35-INFO-[time_series_plots.py:136]-数据降采样: 1600000 -> 50000 点
2025-11-24 13:52:37-INFO-[time_series_plots.py:179]-时序图已保存: D:\Lab\results\2025.11.11\time\20251111162805.935394\channel_time_series.png
2025-11-24 13:52:37-INFO-[time_series_plots.py:188]-开始绘制信号稳定性分析图
2025-11-24 13:52:38-INFO-[time_series_plots.py:241]-稳定性分析图已保存: D:\Lab\results\2025.11.11\time\20251111162805.935394\signal_stability_analysis.png
2025-11-24 13:52:38-INFO-[time_series_plots.py:250]-开始绘制通道一致性对比图
2025-11-24 13:59:07-INFO-[main.py:33]--------------------------启动数据分析系统-------------------------
2025-11-24 13:59:07-INFO-[file_utils.py:39]-paths.yaml 生成成功: C:\Users\17584\Documents\ALearning\Project\tools\DataProcess\config\paths.yaml
2025-11-24 13:59:07-INFO-[time_series_plots.py:35]-配置文件加载成功: C:\Users\17584\Documents\ALearning\Project\tools\DataProcess\config\paths.yaml
2025-11-24 13:59:07-INFO-[time_series_plots.py:571]-输入目录: D:/Lab/process/2025.11.11/time
2025-11-24 13:59:07-INFO-[time_series_plots.py:572]-输出目录: D:/Lab/results/2025.11.11/time
2025-11-24 13:59:07-INFO-[time_series_plots.py:584]-找到 80 个CSV文件
2025-11-24 13:59:07-INFO-[time_series_plots.py:594]-找到 2 个组: ['GROUP1', 'GROUP2']
2025-11-24 13:59:07-INFO-[time_series_plots.py:599]-分析组 GROUP1, 包含 31 个文件
2025-11-24 13:59:07-INFO-[time_series_plots.py:499]-开始分析组，包含 31 个文件
2025-11-24 13:59:07-INFO-[time_series_plots.py:41]-正在读取CSV文件: D:\Lab\process\2025.11.11\time\GROUP1\20251111161634.934035.csv
2025-11-24 13:59:08-INFO-[time_series_plots.py:54]-成功读取数据: 1600000 行, 8 个通道
2025-11-24 13:59:10-INFO-[time_series_plots.py:41]-正在读取CSV文件: D:\Lab\process\2025.11.11\time\GROUP1\20251111161638.134949.csv
2025-11-24 13:59:10-ERROR-[time_series_plots.py:58]-读取CSV文件失败 D:\Lab\process\2025.11.11\time\GROUP1\20251111161638.134949.csv: Error tokenizing data. C error: Calling read(nbytes) on source failed. Try engine='python'.
2025-11-24 13:59:10-ERROR-[time_series_plots.py:531]-处理文件 D:\Lab\process\2025.11.11\time\GROUP1\20251111161638.134949.csv 时出错: Error tokenizing data. C error: Calling read(nbytes) on source failed. Try engine='python'.
2025-11-24 13:59:10-INFO-[time_series_plots.py:41]-正在读取CSV文件: D:\Lab\process\2025.11.11\time\GROUP1\20251111161641.335227.csv
2025-11-24 13:59:10-INFO-[time_series_plots.py:54]-成功读取数据: 1600000 行, 8 个通道
2025-11-24 13:59:12-INFO-[time_series_plots.py:41]-正在读取CSV文件: D:\Lab\process\2025.11.11\time\GROUP1\20251111161644.534299.csv
2025-11-24 13:59:13-INFO-[time_series_plots.py:54]-成功读取数据: 1600000 行, 8 个通道
2025-11-24 13:59:14-INFO-[time_series_plots.py:41]-正在读取CSV文件: D:\Lab\process\2025.11.11\time\GROUP1\20251111161647.733148.csv
2025-11-24 13:59:14-ERROR-[time_series_plots.py:58]-读取CSV文件失败 D:\Lab\process\2025.11.11\time\GROUP1\20251111161647.733148.csv: Error tokenizing data. C error: Calling read(nbytes) on source failed. Try engine='python'.
2025-11-24 13:59:14-ERROR-[time_series_plots.py:531]-处理文件 D:\Lab\process\2025.11.11\time\GROUP1\20251111161647.733148.csv 时出错: Error tokenizing data. C error: Calling read(nbytes) on source failed. Try engine='python'.
2025-11-24 13:59:14-INFO-[time_series_plots.py:41]-正在读取CSV文件: D:\Lab\process\2025.11.11\time\GROUP1\20251111161650.936288.csv
2025-11-24 13:59:15-INFO-[time_series_plots.py:54]-成功读取数据: 1600000 行, 8 个通道
2025-11-24 13:59:26-INFO-[main.py:33]--------------------------启动数据分析系统-------------------------
2025-11-24 13:59:26-INFO-[file_utils.py:39]-paths.yaml 生成成功: C:\Users\17584\Documents\ALearning\Project\tools\DataProcess\config\paths.yaml
2025-11-24 13:59:26-INFO-[time_series_plots.py:35]-配置文件加载成功: C:\Users\17584\Documents\ALearning\Project\tools\DataProcess\config\paths.yaml
2025-11-24 13:59:26-INFO-[time_series_plots.py:571]-输入目录: D:/Lab/process/2025.11.11/time
2025-11-24 13:59:26-INFO-[time_series_plots.py:572]-输出目录: D:/Lab/results/2025.11.11/time
2025-11-24 13:59:26-INFO-[time_series_plots.py:584]-找到 80 个CSV文件
2025-11-24 13:59:26-INFO-[time_series_plots.py:594]-找到 2 个组: ['GROUP1', 'GROUP2']
2025-11-24 13:59:26-INFO-[time_series_plots.py:599]-分析组 GROUP1, 包含 31 个文件
2025-11-24 13:59:26-INFO-[time_series_plots.py:499]-开始分析组，包含 31 个文件
2025-11-24 13:59:26-INFO-[time_series_plots.py:41]-正在读取CSV文件: D:\Lab\process\2025.11.11\time\GROUP1\20251111161634.934035.csv
2025-11-24 13:59:27-INFO-[time_series_plots.py:54]-成功读取数据: 1600000 行, 8 个通道
2025-11-24 13:59:28-INFO-[time_series_plots.py:41]-正在读取CSV文件: D:\Lab\process\2025.11.11\time\GROUP1\20251111161638.134949.csv
2025-11-24 13:59:29-INFO-[time_series_plots.py:54]-成功读取数据: 1600000 行, 8 个通道
2025-11-24 13:59:31-INFO-[time_series_plots.py:41]-正在读取CSV文件: D:\Lab\process\2025.11.11\time\GROUP1\20251111161641.335227.csv
2025-11-24 13:59:31-INFO-[time_series_plots.py:54]-成功读取数据: 1600000 行, 8 个通道
2025-11-24 13:59:33-INFO-[time_series_plots.py:41]-正在读取CSV文件: D:\Lab\process\2025.11.11\time\GROUP1\20251111161644.534299.csv
2025-11-24 13:59:34-INFO-[time_series_plots.py:54]-成功读取数据: 1600000 行, 8 个通道
2025-11-24 13:59:35-INFO-[time_series_plots.py:41]-正在读取CSV文件: D:\Lab\process\2025.11.11\time\GROUP1\20251111161647.733148.csv
2025-11-24 13:59:36-INFO-[time_series_plots.py:54]-成功读取数据: 1600000 行, 8 个通道
2025-11-24 13:59:37-INFO-[time_series_plots.py:41]-正在读取CSV文件: D:\Lab\process\2025.11.11\time\GROUP1\20251111161650.936288.csv
2025-11-24 13:59:38-INFO-[time_series_plots.py:54]-成功读取数据: 1600000 行, 8 个通道
2025-11-24 13:59:40-INFO-[time_series_plots.py:41]-正在读取CSV文件: D:\Lab\process\2025.11.11\time\GROUP1\20251111161654.133815.csv
2025-11-24 13:59:41-INFO-[time_series_plots.py:54]-成功读取数据: 1600000 行, 8 个通道
2025-11-24 13:59:43-INFO-[time_series_plots.py:41]-正在读取CSV文件: D:\Lab\process\2025.11.11\time\GROUP1\20251111161657.332589.csv
2025-11-24 13:59:43-INFO-[time_series_plots.py:54]-成功读取数据: 1600000 行, 8 个通道
2025-11-24 13:59:46-INFO-[time_series_plots.py:41]-正在读取CSV文件: D:\Lab\process\2025.11.11\time\GROUP1\20251111161700.535144.csv
2025-11-24 13:59:48-INFO-[time_series_plots.py:54]-成功读取数据: 1600000 行, 8 个通道
2025-11-24 13:59:51-INFO-[time_series_plots.py:41]-正在读取CSV文件: D:\Lab\process\2025.11.11\time\GROUP1\20251111161703.736152.csv
2025-11-24 13:59:52-INFO-[time_series_plots.py:54]-成功读取数据: 1600000 行, 8 个通道
2025-11-24 13:59:56-INFO-[time_series_plots.py:41]-正在读取CSV文件: D:\Lab\process\2025.11.11\time\GROUP1\20251111161706.936906.csv
2025-11-24 13:59:57-INFO-[time_series_plots.py:54]-成功读取数据: 1600000 行, 8 个通道
2025-11-24 14:00:00-INFO-[time_series_plots.py:41]-正在读取CSV文件: D:\Lab\process\2025.11.11\time\GROUP1\20251111161710.134401.csv
2025-11-24 14:00:02-INFO-[time_series_plots.py:54]-成功读取数据: 1600000 行, 8 个通道
2025-11-24 14:00:05-INFO-[time_series_plots.py:41]-正在读取CSV文件: D:\Lab\process\2025.11.11\time\GROUP1\20251111161713.334197.csv
2025-11-24 14:00:06-INFO-[time_series_plots.py:54]-成功读取数据: 1600000 行, 8 个通道
2025-11-24 14:00:09-INFO-[time_series_plots.py:41]-正在读取CSV文件: D:\Lab\process\2025.11.11\time\GROUP1\20251111161716.534160.csv
2025-11-24 14:00:11-INFO-[time_series_plots.py:54]-成功读取数据: 1600000 行, 8 个通道
2025-11-24 14:00:14-INFO-[time_series_plots.py:41]-正在读取CSV文件: D:\Lab\process\2025.11.11\time\GROUP1\20251111161719.736773.csv
2025-11-24 14:00:15-INFO-[time_series_plots.py:54]-成功读取数据: 1600000 行, 8 个通道
2025-11-24 14:00:19-INFO-[time_series_plots.py:41]-正在读取CSV文件: D:\Lab\process\2025.11.11\time\GROUP1\20251111161722.937210.csv
2025-11-24 14:00:20-INFO-[time_series_plots.py:54]-成功读取数据: 1600000 行, 8 个通道
2025-11-24 14:00:23-INFO-[time_series_plots.py:41]-正在读取CSV文件: D:\Lab\process\2025.11.11\time\GROUP1\20251111161726.134814.csv
2025-11-24 14:00:25-INFO-[time_series_plots.py:54]-成功读取数据: 1600000 行, 8 个通道
2025-11-24 14:00:28-INFO-[time_series_plots.py:41]-正在读取CSV文件: D:\Lab\process\2025.11.11\time\GROUP1\20251111161729.334125.csv
2025-11-24 14:00:30-INFO-[time_series_plots.py:54]-成功读取数据: 1600000 行, 8 个通道
2025-11-24 14:00:33-INFO-[time_series_plots.py:41]-正在读取CSV文件: D:\Lab\process\2025.11.11\time\GROUP1\20251111161732.536553.csv
2025-11-24 14:00:34-INFO-[time_series_plots.py:54]-成功读取数据: 1600000 行, 8 个通道
2025-11-24 14:00:37-INFO-[time_series_plots.py:41]-正在读取CSV文件: D:\Lab\process\2025.11.11\time\GROUP1\20251111161735.737496.csv
2025-11-24 14:00:39-INFO-[time_series_plots.py:54]-成功读取数据: 1600000 行, 8 个通道
2025-11-24 14:00:42-INFO-[time_series_plots.py:41]-正在读取CSV文件: D:\Lab\process\2025.11.11\time\GROUP1\20251111161738.935403.csv
2025-11-24 14:00:44-INFO-[time_series_plots.py:54]-成功读取数据: 1600000 行, 8 个通道
2025-11-24 14:00:47-INFO-[time_series_plots.py:41]-正在读取CSV文件: D:\Lab\process\2025.11.11\time\GROUP1\20251111161742.134913.csv
2025-11-24 14:00:48-INFO-[time_series_plots.py:54]-成功读取数据: 1600000 行, 8 个通道
2025-11-24 14:00:52-INFO-[time_series_plots.py:41]-正在读取CSV文件: D:\Lab\process\2025.11.11\time\GROUP1\20251111161745.334812.csv
2025-11-24 14:00:53-INFO-[time_series_plots.py:54]-成功读取数据: 1600000 行, 8 个通道
2025-11-24 14:00:56-INFO-[time_series_plots.py:41]-正在读取CSV文件: D:\Lab\process\2025.11.11\time\GROUP1\20251111161748.533627.csv
2025-11-24 14:00:58-INFO-[time_series_plots.py:54]-成功读取数据: 1600000 行, 8 个通道
2025-11-24 14:01:01-INFO-[time_series_plots.py:41]-正在读取CSV文件: D:\Lab\process\2025.11.11\time\GROUP1\20251111161751.736184.csv
2025-11-24 14:01:03-INFO-[time_series_plots.py:54]-成功读取数据: 1600000 行, 8 个通道
2025-11-24 14:01:06-INFO-[time_series_plots.py:41]-正在读取CSV文件: D:\Lab\process\2025.11.11\time\GROUP1\20251111161754.935566.csv
2025-11-24 14:01:08-INFO-[time_series_plots.py:54]-成功读取数据: 1600000 行, 8 个通道
2025-11-24 14:01:11-INFO-[time_series_plots.py:41]-正在读取CSV文件: D:\Lab\process\2025.11.11\time\GROUP1\20251111161758.134829.csv
2025-11-24 14:01:12-INFO-[time_series_plots.py:54]-成功读取数据: 1600000 行, 8 个通道
2025-11-24 14:01:16-INFO-[time_series_plots.py:41]-正在读取CSV文件: D:\Lab\process\2025.11.11\time\GROUP1\20251111161801.333804.csv
2025-11-24 14:01:17-INFO-[time_series_plots.py:54]-成功读取数据: 1600000 行, 8 个通道
2025-11-24 14:01:20-INFO-[time_series_plots.py:41]-正在读取CSV文件: D:\Lab\process\2025.11.11\time\GROUP1\20251111161804.535129.csv
2025-11-24 14:01:22-INFO-[time_series_plots.py:54]-成功读取数据: 1600000 行, 8 个通道
2025-11-24 14:01:25-INFO-[time_series_plots.py:41]-正在读取CSV文件: D:\Lab\process\2025.11.11\time\GROUP1\20251111161807.734294.csv
2025-11-24 14:01:26-INFO-[time_series_plots.py:54]-成功读取数据: 1600000 行, 8 个通道
2025-11-24 14:01:30-INFO-[time_series_plots.py:41]-正在读取CSV文件: D:\Lab\process\2025.11.11\time\GROUP1\20251111161810.932971.csv
2025-11-24 14:01:30-INFO-[time_series_plots.py:54]-成功读取数据: 500000 行, 8 个通道
2025-11-24 14:01:31-INFO-[time_series_plots.py:128]-开始绘制组时序图
2025-11-24 14:01:34-INFO-[time_series_plots.py:192]-组时序图已保存: D:\Lab\results\2025.11.11\time\GROUP1\group_time_series.png
2025-11-24 14:01:35-INFO-[time_series_plots.py:201]-开始绘制组统计量对比图
2025-11-24 14:01:37-INFO-[time_series_plots.py:274]-组统计量对比图已保存: D:\Lab\results\2025.11.11\time\GROUP1\group_statistics_comparison.png
2025-11-24 14:01:37-INFO-[time_series_plots.py:283]-开始绘制组稳定性分析图
2025-11-24 14:01:41-INFO-[time_series_plots.py:371]-组稳定性分析图已保存: D:\Lab\results\2025.11.11\time\GROUP1\group_stability_analysis.png
2025-11-24 14:01:41-INFO-[time_series_plots.py:380]-开始生成组分析报告
2025-11-24 14:01:41-INFO-[time_series_plots.py:488]-组分析报告已保存: D:\Lab\results\2025.11.11\time\GROUP1\group_analysis_report.json
2025-11-24 14:01:41-INFO-[time_series_plots.py:547]-组分析完成: GROUP1
2025-11-24 14:01:41-INFO-[time_series_plots.py:599]-分析组 GROUP2, 包含 49 个文件
2025-11-24 14:01:41-INFO-[time_series_plots.py:499]-开始分析组，包含 49 个文件
2025-11-24 14:01:41-INFO-[time_series_plots.py:41]-正在读取CSV文件: D:\Lab\process\2025.11.11\time\GROUP2\20251111162727.536629.csv
2025-11-24 14:01:43-INFO-[time_series_plots.py:54]-成功读取数据: 1600000 行, 8 个通道
2025-11-24 14:01:45-INFO-[time_series_plots.py:41]-正在读取CSV文件: D:\Lab\process\2025.11.11\time\GROUP2\20251111162730.736447.csv
2025-11-24 14:01:47-INFO-[time_series_plots.py:54]-成功读取数据: 1600000 行, 8 个通道
2025-11-24 14:01:49-INFO-[time_series_plots.py:41]-正在读取CSV文件: D:\Lab\process\2025.11.11\time\GROUP2\20251111162733.934607.csv
2025-11-24 14:01:51-INFO-[time_series_plots.py:54]-成功读取数据: 1600000 行, 8 个通道
2025-11-24 14:01:53-INFO-[time_series_plots.py:41]-正在读取CSV文件: D:\Lab\process\2025.11.11\time\GROUP2\20251111162737.136395.csv
2025-11-24 14:01:54-INFO-[time_series_plots.py:54]-成功读取数据: 1600000 行, 8 个通道
2025-11-24 14:01:57-INFO-[time_series_plots.py:41]-正在读取CSV文件: D:\Lab\process\2025.11.11\time\GROUP2\20251111162740.336186.csv
2025-11-24 14:01:58-INFO-[time_series_plots.py:54]-成功读取数据: 1600000 行, 8 个通道
2025-11-24 14:02:01-INFO-[time_series_plots.py:41]-正在读取CSV文件: D:\Lab\process\2025.11.11\time\GROUP2\20251111162743.537230.csv
2025-11-24 14:02:02-INFO-[time_series_plots.py:54]-成功读取数据: 1600000 行, 8 个通道
2025-11-24 14:02:04-INFO-[time_series_plots.py:41]-正在读取CSV文件: D:\Lab\process\2025.11.11\time\GROUP2\20251111162746.733035.csv
2025-11-24 14:02:06-INFO-[time_series_plots.py:54]-成功读取数据: 1600000 行, 8 个通道
2025-11-24 14:02:08-INFO-[time_series_plots.py:41]-正在读取CSV文件: D:\Lab\process\2025.11.11\time\GROUP2\20251111162749.933710.csv
2025-11-24 14:02:10-INFO-[time_series_plots.py:54]-成功读取数据: 1600000 行, 8 个通道
2025-11-24 14:02:12-INFO-[time_series_plots.py:41]-正在读取CSV文件: D:\Lab\process\2025.11.11\time\GROUP2\20251111162753.132526.csv
2025-11-24 14:02:14-INFO-[time_series_plots.py:54]-成功读取数据: 1600000 行, 8 个通道
2025-11-24 14:02:16-INFO-[time_series_plots.py:41]-正在读取CSV文件: D:\Lab\process\2025.11.11\time\GROUP2\20251111162756.337381.csv
2025-11-24 14:02:17-INFO-[time_series_plots.py:54]-成功读取数据: 1600000 行, 8 个通道
2025-11-24 14:02:20-INFO-[time_series_plots.py:41]-正在读取CSV文件: D:\Lab\process\2025.11.11\time\GROUP2\20251111162759.532624.csv
2025-11-24 14:02:21-INFO-[time_series_plots.py:54]-成功读取数据: 1600000 行, 8 个通道
2025-11-24 14:02:24-INFO-[time_series_plots.py:41]-正在读取CSV文件: D:\Lab\process\2025.11.11\time\GROUP2\20251111162802.737400.csv
2025-11-24 14:02:25-INFO-[time_series_plots.py:54]-成功读取数据: 1600000 行, 8 个通道
2025-11-24 14:02:27-INFO-[time_series_plots.py:41]-正在读取CSV文件: D:\Lab\process\2025.11.11\time\GROUP2\20251111162805.935394.csv
2025-11-24 14:02:29-INFO-[time_series_plots.py:54]-成功读取数据: 1600000 行, 8 个通道
2025-11-24 14:02:31-INFO-[time_series_plots.py:41]-正在读取CSV文件: D:\Lab\process\2025.11.11\time\GROUP2\20251111162809.135176.csv
2025-11-24 14:02:33-INFO-[time_series_plots.py:54]-成功读取数据: 1600000 行, 8 个通道
2025-11-24 14:02:35-INFO-[time_series_plots.py:41]-正在读取CSV文件: D:\Lab\process\2025.11.11\time\GROUP2\20251111162812.336424.csv
2025-11-24 14:02:37-INFO-[time_series_plots.py:54]-成功读取数据: 1600000 行, 8 个通道
2025-11-24 14:02:39-INFO-[time_series_plots.py:41]-正在读取CSV文件: D:\Lab\process\2025.11.11\time\GROUP2\20251111162815.532723.csv
2025-11-24 14:02:40-INFO-[time_series_plots.py:54]-成功读取数据: 1600000 行, 8 个通道
2025-11-24 14:02:42-INFO-[time_series_plots.py:41]-正在读取CSV文件: D:\Lab\process\2025.11.11\time\GROUP2\20251111162818.736491.csv
2025-11-24 14:02:43-INFO-[time_series_plots.py:54]-成功读取数据: 1600000 行, 8 个通道
2025-11-24 14:02:45-INFO-[time_series_plots.py:41]-正在读取CSV文件: D:\Lab\process\2025.11.11\time\GROUP2\20251111162821.935331.csv
2025-11-24 14:02:45-INFO-[time_series_plots.py:54]-成功读取数据: 1600000 行, 8 个通道
2025-11-24 14:02:47-INFO-[time_series_plots.py:41]-正在读取CSV文件: D:\Lab\process\2025.11.11\time\GROUP2\20251111162825.134459.csv
2025-11-24 14:02:48-INFO-[time_series_plots.py:54]-成功读取数据: 1600000 行, 8 个通道
2025-11-24 14:02:49-INFO-[time_series_plots.py:41]-正在读取CSV文件: D:\Lab\process\2025.11.11\time\GROUP2\20251111162828.335829.csv
2025-11-24 14:02:50-INFO-[time_series_plots.py:54]-成功读取数据: 1600000 行, 8 个通道
2025-11-24 14:02:51-INFO-[time_series_plots.py:41]-正在读取CSV文件: D:\Lab\process\2025.11.11\time\GROUP2\20251111162831.533051.csv
2025-11-24 14:02:52-INFO-[time_series_plots.py:54]-成功读取数据: 1600000 行, 8 个通道
2025-11-24 14:02:54-INFO-[time_series_plots.py:41]-正在读取CSV文件: D:\Lab\process\2025.11.11\time\GROUP2\20251111162834.736376.csv
2025-11-24 14:02:54-INFO-[time_series_plots.py:54]-成功读取数据: 1600000 行, 8 个通道
2025-11-24 14:02:56-INFO-[time_series_plots.py:41]-正在读取CSV文件: D:\Lab\process\2025.11.11\time\GROUP2\20251111162837.934603.csv
2025-11-24 14:02:57-INFO-[time_series_plots.py:54]-成功读取数据: 1600000 行, 8 个通道
2025-11-24 14:02:58-INFO-[time_series_plots.py:41]-正在读取CSV文件: D:\Lab\process\2025.11.11\time\GROUP2\20251111162841.136283.csv
2025-11-24 14:02:59-INFO-[time_series_plots.py:54]-成功读取数据: 1600000 行, 8 个通道
2025-11-24 14:03:01-INFO-[time_series_plots.py:41]-正在读取CSV文件: D:\Lab\process\2025.11.11\time\GROUP2\20251111162844.334724.csv
2025-11-24 14:03:02-INFO-[time_series_plots.py:54]-成功读取数据: 1600000 行, 8 个通道
2025-11-24 14:03:03-INFO-[time_series_plots.py:41]-正在读取CSV文件: D:\Lab\process\2025.11.11\time\GROUP2\20251111162847.534959.csv
2025-11-24 14:03:04-INFO-[time_series_plots.py:54]-成功读取数据: 1600000 行, 8 个通道
2025-11-24 14:03:06-INFO-[time_series_plots.py:41]-正在读取CSV文件: D:\Lab\process\2025.11.11\time\GROUP2\20251111162850.736415.csv
2025-11-24 14:03:07-INFO-[time_series_plots.py:54]-成功读取数据: 1600000 行, 8 个通道
2025-11-24 14:03:09-INFO-[time_series_plots.py:41]-正在读取CSV文件: D:\Lab\process\2025.11.11\time\GROUP2\20251111162853.933152.csv
2025-11-24 14:03:09-INFO-[time_series_plots.py:54]-成功读取数据: 1600000 行, 8 个通道
2025-11-24 14:03:11-INFO-[time_series_plots.py:41]-正在读取CSV文件: D:\Lab\process\2025.11.11\time\GROUP2\20251111162857.133858.csv
2025-11-24 14:03:12-INFO-[time_series_plots.py:54]-成功读取数据: 1600000 行, 8 个通道
2025-11-24 14:03:14-INFO-[time_series_plots.py:41]-正在读取CSV文件: D:\Lab\process\2025.11.11\time\GROUP2\20251111162900.335079.csv
2025-11-24 14:03:14-INFO-[time_series_plots.py:54]-成功读取数据: 1600000 行, 8 个通道
2025-11-24 14:03:16-INFO-[time_series_plots.py:41]-正在读取CSV文件: D:\Lab\process\2025.11.11\time\GROUP2\20251111162903.533095.csv
2025-11-24 14:03:17-INFO-[time_series_plots.py:54]-成功读取数据: 1600000 行, 8 个通道
2025-11-24 14:03:19-INFO-[time_series_plots.py:41]-正在读取CSV文件: D:\Lab\process\2025.11.11\time\GROUP2\20251111162906.736537.csv
2025-11-24 14:03:19-INFO-[time_series_plots.py:54]-成功读取数据: 1600000 行, 8 个通道
2025-11-24 14:03:21-INFO-[time_series_plots.py:41]-正在读取CSV文件: D:\Lab\process\2025.11.11\time\GROUP2\20251111162909.933040.csv
2025-11-24 14:03:22-INFO-[time_series_plots.py:54]-成功读取数据: 1600000 行, 8 个通道
2025-11-24 14:03:24-INFO-[time_series_plots.py:41]-正在读取CSV文件: D:\Lab\process\2025.11.11\time\GROUP2\20251111162913.134751.csv
2025-11-24 14:03:24-INFO-[time_series_plots.py:54]-成功读取数据: 1600000 行, 8 个通道
2025-11-24 14:03:26-INFO-[time_series_plots.py:41]-正在读取CSV文件: D:\Lab\process\2025.11.11\time\GROUP2\20251111162916.334492.csv
2025-11-24 14:03:27-INFO-[time_series_plots.py:54]-成功读取数据: 1600000 行, 8 个通道
2025-11-24 14:03:29-INFO-[time_series_plots.py:41]-正在读取CSV文件: D:\Lab\process\2025.11.11\time\GROUP2\20251111162919.534518.csv
2025-11-24 14:03:29-INFO-[time_series_plots.py:54]-成功读取数据: 1600000 行, 8 个通道
2025-11-24 14:03:31-INFO-[time_series_plots.py:41]-正在读取CSV文件: D:\Lab\process\2025.11.11\time\GROUP2\20251111162922.737775.csv
2025-11-24 14:03:32-INFO-[time_series_plots.py:54]-成功读取数据: 1600000 行, 8 个通道
2025-11-24 14:03:34-INFO-[time_series_plots.py:41]-正在读取CSV文件: D:\Lab\process\2025.11.11\time\GROUP2\20251111162925.935060.csv
2025-11-24 14:03:34-INFO-[time_series_plots.py:54]-成功读取数据: 1600000 行, 8 个通道
2025-11-24 14:03:36-INFO-[time_series_plots.py:41]-正在读取CSV文件: D:\Lab\process\2025.11.11\time\GROUP2\20251111162929.135450.csv
2025-11-24 14:03:37-INFO-[time_series_plots.py:54]-成功读取数据: 1600000 行, 8 个通道
2025-11-24 14:03:39-INFO-[time_series_plots.py:41]-正在读取CSV文件: D:\Lab\process\2025.11.11\time\GROUP2\20251111162932.334040.csv
2025-11-24 14:03:39-INFO-[time_series_plots.py:54]-成功读取数据: 1600000 行, 8 个通道
2025-11-24 14:03:41-INFO-[time_series_plots.py:41]-正在读取CSV文件: D:\Lab\process\2025.11.11\time\GROUP2\20251111162935.537338.csv
2025-11-24 14:03:42-INFO-[time_series_plots.py:54]-成功读取数据: 1600000 行, 8 个通道
2025-11-24 14:03:44-INFO-[time_series_plots.py:41]-正在读取CSV文件: D:\Lab\process\2025.11.11\time\GROUP2\20251111162938.734941.csv
2025-11-24 14:03:44-INFO-[time_series_plots.py:54]-成功读取数据: 1600000 行, 8 个通道
2025-11-24 14:03:46-INFO-[time_series_plots.py:41]-正在读取CSV文件: D:\Lab\process\2025.11.11\time\GROUP2\20251111162941.936832.csv
2025-11-24 14:03:47-INFO-[time_series_plots.py:54]-成功读取数据: 1600000 行, 8 个通道
2025-11-24 14:03:49-INFO-[time_series_plots.py:41]-正在读取CSV文件: D:\Lab\process\2025.11.11\time\GROUP2\20251111162945.132579.csv
2025-11-24 14:03:49-INFO-[time_series_plots.py:54]-成功读取数据: 1600000 行, 8 个通道
2025-11-24 14:03:51-INFO-[time_series_plots.py:41]-正在读取CSV文件: D:\Lab\process\2025.11.11\time\GROUP2\20251111162948.333959.csv
2025-11-24 14:03:52-INFO-[time_series_plots.py:54]-成功读取数据: 1600000 行, 8 个通道
2025-11-24 14:03:54-INFO-[time_series_plots.py:41]-正在读取CSV文件: D:\Lab\process\2025.11.11\time\GROUP2\20251111162951.535988.csv
2025-11-24 14:03:54-INFO-[time_series_plots.py:54]-成功读取数据: 1600000 行, 8 个通道
2025-11-24 14:03:56-INFO-[time_series_plots.py:41]-正在读取CSV文件: D:\Lab\process\2025.11.11\time\GROUP2\20251111162954.733310.csv
2025-11-24 14:03:57-INFO-[time_series_plots.py:54]-成功读取数据: 1600000 行, 8 个通道
2025-11-24 14:03:59-INFO-[time_series_plots.py:41]-正在读取CSV文件: D:\Lab\process\2025.11.11\time\GROUP2\20251111162957.934569.csv
2025-11-24 14:03:59-INFO-[time_series_plots.py:54]-成功读取数据: 1600000 行, 8 个通道
2025-11-24 14:04:01-INFO-[time_series_plots.py:41]-正在读取CSV文件: D:\Lab\process\2025.11.11\time\GROUP2\20251111163001.136524.csv
2025-11-24 14:04:01-INFO-[time_series_plots.py:54]-成功读取数据: 100000 行, 8 个通道
2025-11-24 14:04:01-INFO-[time_series_plots.py:128]-开始绘制组时序图
2025-11-24 14:04:04-INFO-[time_series_plots.py:192]-组时序图已保存: D:\Lab\results\2025.11.11\time\GROUP2\group_time_series.png
2025-11-24 14:04:04-INFO-[time_series_plots.py:201]-开始绘制组统计量对比图
2025-11-24 14:04:05-INFO-[time_series_plots.py:274]-组统计量对比图已保存: D:\Lab\results\2025.11.11\time\GROUP2\group_statistics_comparison.png
2025-11-24 14:04:05-INFO-[time_series_plots.py:283]-开始绘制组稳定性分析图
2025-11-24 14:04:08-INFO-[time_series_plots.py:371]-组稳定性分析图已保存: D:\Lab\results\2025.11.11\time\GROUP2\group_stability_analysis.png
2025-11-24 14:04:08-INFO-[time_series_plots.py:380]-开始生成组分析报告
2025-11-24 14:04:08-INFO-[time_series_plots.py:488]-组分析报告已保存: D:\Lab\results\2025.11.11\time\GROUP2\group_analysis_report.json
2025-11-24 14:04:08-INFO-[time_series_plots.py:547]-组分析完成: GROUP2
2025-11-24 14:04:08-ERROR-[time_series_plots.py:632]-时域分析主程序失败: Object of type WindowsPath is not JSON serializable
