2025-11-24 14:13:40-INFO-[main.py:33]--------------------------启动数据分析系统-------------------------
2025-11-24 14:13:40-INFO-[file_utils.py:39]-paths.yaml 生成成功: C:\Users\17584\Documents\ALearning\Project\tools\DataProcess\config\paths.yaml
2025-11-24 14:13:40-INFO-[time_series_plots.py:35]-配置文件加载成功: C:\Users\17584\Documents\ALearning\Project\tools\DataProcess\config\paths.yaml
2025-11-24 14:13:40-INFO-[time_series_plots.py:667]-输入目录: D:/Lab/process/2025.11.11/time
2025-11-24 14:13:40-INFO-[time_series_plots.py:668]-输出目录: D:/Lab/results/2025.11.11/time
2025-11-24 14:13:40-INFO-[time_series_plots.py:680]-找到 80 个CSV文件
2025-11-24 14:13:40-INFO-[time_series_plots.py:690]-找到 2 个组: ['GROUP1', 'GROUP2']
2025-11-24 14:13:40-INFO-[time_series_plots.py:695]-分析组 GROUP1, 包含 31 个文件
2025-11-24 14:13:40-INFO-[time_series_plots.py:593]-开始分析组，包含 31 个文件
2025-11-24 14:13:40-INFO-[time_series_plots.py:41]-正在读取CSV文件: D:\Lab\process\2025.11.11\time\GROUP1\20251111161634.934035.csv
2025-11-24 14:13:41-INFO-[time_series_plots.py:83]-成功读取数据: 1600000 行, 8 个通道
2025-11-24 14:13:43-INFO-[time_series_plots.py:41]-正在读取CSV文件: D:\Lab\process\2025.11.11\time\GROUP1\20251111161638.134949.csv
2025-11-24 14:13:44-INFO-[time_series_plots.py:83]-成功读取数据: 1600000 行, 8 个通道
2025-11-24 14:13:45-INFO-[time_series_plots.py:41]-正在读取CSV文件: D:\Lab\process\2025.11.11\time\GROUP1\20251111161641.335227.csv
2025-11-24 14:13:46-INFO-[time_series_plots.py:83]-成功读取数据: 1600000 行, 8 个通道
2025-11-24 14:13:48-INFO-[time_series_plots.py:41]-正在读取CSV文件: D:\Lab\process\2025.11.11\time\GROUP1\20251111161644.534299.csv
2025-11-24 14:13:49-INFO-[time_series_plots.py:83]-成功读取数据: 1600000 行, 8 个通道
2025-11-24 14:13:52-INFO-[time_series_plots.py:41]-正在读取CSV文件: D:\Lab\process\2025.11.11\time\GROUP1\20251111161647.733148.csv
2025-11-24 14:13:53-INFO-[time_series_plots.py:83]-成功读取数据: 1600000 行, 8 个通道
2025-11-24 14:13:55-INFO-[time_series_plots.py:41]-正在读取CSV文件: D:\Lab\process\2025.11.11\time\GROUP1\20251111161650.936288.csv
2025-11-24 14:13:57-INFO-[time_series_plots.py:83]-成功读取数据: 1600000 行, 8 个通道
2025-11-24 14:14:00-INFO-[time_series_plots.py:41]-正在读取CSV文件: D:\Lab\process\2025.11.11\time\GROUP1\20251111161654.133815.csv
2025-11-24 14:14:01-INFO-[time_series_plots.py:83]-成功读取数据: 1600000 行, 8 个通道
2025-11-24 14:14:03-INFO-[time_series_plots.py:41]-正在读取CSV文件: D:\Lab\process\2025.11.11\time\GROUP1\20251111161657.332589.csv
2025-11-24 14:14:05-INFO-[time_series_plots.py:83]-成功读取数据: 1600000 行, 8 个通道
2025-11-24 14:14:07-INFO-[time_series_plots.py:41]-正在读取CSV文件: D:\Lab\process\2025.11.11\time\GROUP1\20251111161700.535144.csv
2025-11-24 14:14:09-INFO-[time_series_plots.py:83]-成功读取数据: 1600000 行, 8 个通道
2025-11-24 14:14:12-INFO-[time_series_plots.py:41]-正在读取CSV文件: D:\Lab\process\2025.11.11\time\GROUP1\20251111161703.736152.csv
2025-11-24 14:14:13-INFO-[time_series_plots.py:83]-成功读取数据: 1600000 行, 8 个通道
2025-11-24 14:14:16-INFO-[time_series_plots.py:41]-正在读取CSV文件: D:\Lab\process\2025.11.11\time\GROUP1\20251111161706.936906.csv
2025-11-24 14:14:17-INFO-[time_series_plots.py:83]-成功读取数据: 1600000 行, 8 个通道
2025-11-24 14:14:20-INFO-[time_series_plots.py:41]-正在读取CSV文件: D:\Lab\process\2025.11.11\time\GROUP1\20251111161710.134401.csv
2025-11-24 14:14:21-INFO-[time_series_plots.py:83]-成功读取数据: 1600000 行, 8 个通道
2025-11-24 14:14:23-INFO-[time_series_plots.py:41]-正在读取CSV文件: D:\Lab\process\2025.11.11\time\GROUP1\20251111161713.334197.csv
2025-11-24 14:14:25-INFO-[time_series_plots.py:83]-成功读取数据: 1600000 行, 8 个通道
2025-11-24 14:14:27-INFO-[time_series_plots.py:41]-正在读取CSV文件: D:\Lab\process\2025.11.11\time\GROUP1\20251111161716.534160.csv
2025-11-24 14:14:29-INFO-[time_series_plots.py:83]-成功读取数据: 1600000 行, 8 个通道
2025-11-24 14:14:31-INFO-[time_series_plots.py:41]-正在读取CSV文件: D:\Lab\process\2025.11.11\time\GROUP1\20251111161719.736773.csv
2025-11-24 14:14:33-INFO-[time_series_plots.py:83]-成功读取数据: 1600000 行, 8 个通道
2025-11-24 14:14:35-INFO-[time_series_plots.py:41]-正在读取CSV文件: D:\Lab\process\2025.11.11\time\GROUP1\20251111161722.937210.csv
2025-11-24 14:14:37-INFO-[time_series_plots.py:83]-成功读取数据: 1600000 行, 8 个通道
2025-11-24 14:14:39-INFO-[time_series_plots.py:41]-正在读取CSV文件: D:\Lab\process\2025.11.11\time\GROUP1\20251111161726.134814.csv
2025-11-24 14:14:40-INFO-[time_series_plots.py:83]-成功读取数据: 1600000 行, 8 个通道
2025-11-24 14:14:43-INFO-[time_series_plots.py:41]-正在读取CSV文件: D:\Lab\process\2025.11.11\time\GROUP1\20251111161729.334125.csv
2025-11-24 14:14:44-INFO-[time_series_plots.py:83]-成功读取数据: 1600000 行, 8 个通道
2025-11-24 14:14:47-INFO-[time_series_plots.py:41]-正在读取CSV文件: D:\Lab\process\2025.11.11\time\GROUP1\20251111161732.536553.csv
2025-11-24 14:14:48-INFO-[time_series_plots.py:83]-成功读取数据: 1600000 行, 8 个通道
2025-11-24 14:14:51-INFO-[time_series_plots.py:41]-正在读取CSV文件: D:\Lab\process\2025.11.11\time\GROUP1\20251111161735.737496.csv
2025-11-24 14:14:53-INFO-[time_series_plots.py:83]-成功读取数据: 1600000 行, 8 个通道
2025-11-24 14:14:56-INFO-[time_series_plots.py:41]-正在读取CSV文件: D:\Lab\process\2025.11.11\time\GROUP1\20251111161738.935403.csv
2025-11-24 14:14:58-INFO-[time_series_plots.py:83]-成功读取数据: 1600000 行, 8 个通道
2025-11-24 14:15:01-INFO-[time_series_plots.py:41]-正在读取CSV文件: D:\Lab\process\2025.11.11\time\GROUP1\20251111161742.134913.csv
2025-11-24 14:15:02-INFO-[time_series_plots.py:83]-成功读取数据: 1600000 行, 8 个通道
2025-11-24 14:15:06-INFO-[time_series_plots.py:41]-正在读取CSV文件: D:\Lab\process\2025.11.11\time\GROUP1\20251111161745.334812.csv
2025-11-24 14:15:07-INFO-[time_series_plots.py:83]-成功读取数据: 1600000 行, 8 个通道
2025-11-24 14:15:11-INFO-[time_series_plots.py:41]-正在读取CSV文件: D:\Lab\process\2025.11.11\time\GROUP1\20251111161748.533627.csv
2025-11-24 14:15:12-INFO-[time_series_plots.py:83]-成功读取数据: 1600000 行, 8 个通道
2025-11-24 14:15:15-INFO-[time_series_plots.py:41]-正在读取CSV文件: D:\Lab\process\2025.11.11\time\GROUP1\20251111161751.736184.csv
2025-11-24 14:15:16-INFO-[time_series_plots.py:83]-成功读取数据: 1600000 行, 8 个通道
2025-11-24 14:15:18-INFO-[time_series_plots.py:41]-正在读取CSV文件: D:\Lab\process\2025.11.11\time\GROUP1\20251111161754.935566.csv
2025-11-24 14:15:19-INFO-[time_series_plots.py:83]-成功读取数据: 1600000 行, 8 个通道
2025-11-24 14:15:21-INFO-[time_series_plots.py:41]-正在读取CSV文件: D:\Lab\process\2025.11.11\time\GROUP1\20251111161758.134829.csv
2025-11-24 14:15:22-INFO-[time_series_plots.py:83]-成功读取数据: 1600000 行, 8 个通道
2025-11-24 14:15:24-INFO-[time_series_plots.py:41]-正在读取CSV文件: D:\Lab\process\2025.11.11\time\GROUP1\20251111161801.333804.csv
2025-11-24 14:15:25-INFO-[time_series_plots.py:83]-成功读取数据: 1600000 行, 8 个通道
2025-11-24 14:15:26-INFO-[time_series_plots.py:41]-正在读取CSV文件: D:\Lab\process\2025.11.11\time\GROUP1\20251111161804.535129.csv
2025-11-24 14:15:27-INFO-[time_series_plots.py:83]-成功读取数据: 1600000 行, 8 个通道
2025-11-24 14:15:29-INFO-[time_series_plots.py:41]-正在读取CSV文件: D:\Lab\process\2025.11.11\time\GROUP1\20251111161807.734294.csv
2025-11-24 14:15:30-INFO-[time_series_plots.py:83]-成功读取数据: 1600000 行, 8 个通道
2025-11-24 14:15:32-INFO-[time_series_plots.py:41]-正在读取CSV文件: D:\Lab\process\2025.11.11\time\GROUP1\20251111161810.932971.csv
2025-11-24 14:15:32-INFO-[time_series_plots.py:83]-成功读取数据: 500000 行, 8 个通道
2025-11-24 14:15:33-INFO-[time_series_plots.py:183]-开始绘制组时序图
2025-11-24 14:15:35-INFO-[time_series_plots.py:256]-组时序图已保存: D:\Lab\results\2025.11.11\time\GROUP1\group_time_series.png
2025-11-24 14:15:35-INFO-[time_series_plots.py:266]-开始绘制组统计量对比图
2025-11-24 14:15:36-INFO-[time_series_plots.py:347]-组统计量对比图已保存: D:\Lab\results\2025.11.11\time\GROUP1\group_statistics_comparison.png
2025-11-24 14:15:36-INFO-[time_series_plots.py:357]-开始绘制组稳定性分析图
2025-11-24 14:15:38-INFO-[time_series_plots.py:453]-组稳定性分析图已保存: D:\Lab\results\2025.11.11\time\GROUP1\group_stability_analysis.png
2025-11-24 14:15:38-INFO-[time_series_plots.py:463]-开始生成组分析报告
2025-11-24 14:15:38-INFO-[time_series_plots.py:580]-组分析报告已保存: D:\Lab\results\2025.11.11\time\GROUP1\group_analysis_report.json
2025-11-24 14:15:38-INFO-[time_series_plots.py:641]-组分析完成: GROUP1
2025-11-24 14:15:38-INFO-[time_series_plots.py:695]-分析组 GROUP2, 包含 49 个文件
2025-11-24 14:15:38-INFO-[time_series_plots.py:593]-开始分析组，包含 49 个文件
2025-11-24 14:15:38-INFO-[time_series_plots.py:41]-正在读取CSV文件: D:\Lab\process\2025.11.11\time\GROUP2\20251111162727.536629.csv
2025-11-24 14:15:39-INFO-[time_series_plots.py:83]-成功读取数据: 1600000 行, 8 个通道
2025-11-24 14:15:40-INFO-[time_series_plots.py:41]-正在读取CSV文件: D:\Lab\process\2025.11.11\time\GROUP2\20251111162730.736447.csv
2025-11-24 14:15:41-INFO-[time_series_plots.py:83]-成功读取数据: 1600000 行, 8 个通道
2025-11-24 14:15:42-INFO-[time_series_plots.py:41]-正在读取CSV文件: D:\Lab\process\2025.11.11\time\GROUP2\20251111162733.934607.csv
2025-11-24 14:15:43-INFO-[time_series_plots.py:83]-成功读取数据: 1600000 行, 8 个通道
2025-11-24 14:15:45-INFO-[time_series_plots.py:41]-正在读取CSV文件: D:\Lab\process\2025.11.11\time\GROUP2\20251111162737.136395.csv
2025-11-24 14:15:46-INFO-[time_series_plots.py:83]-成功读取数据: 1600000 行, 8 个通道
2025-11-24 14:15:47-INFO-[time_series_plots.py:41]-正在读取CSV文件: D:\Lab\process\2025.11.11\time\GROUP2\20251111162740.336186.csv
2025-11-24 14:15:48-INFO-[time_series_plots.py:83]-成功读取数据: 1600000 行, 8 个通道
2025-11-24 14:15:49-INFO-[time_series_plots.py:41]-正在读取CSV文件: D:\Lab\process\2025.11.11\time\GROUP2\20251111162743.537230.csv
2025-11-24 14:15:50-INFO-[time_series_plots.py:83]-成功读取数据: 1600000 行, 8 个通道
2025-11-24 14:15:52-INFO-[time_series_plots.py:41]-正在读取CSV文件: D:\Lab\process\2025.11.11\time\GROUP2\20251111162746.733035.csv
2025-11-24 14:15:53-INFO-[time_series_plots.py:83]-成功读取数据: 1600000 行, 8 个通道
2025-11-24 14:15:54-INFO-[time_series_plots.py:41]-正在读取CSV文件: D:\Lab\process\2025.11.11\time\GROUP2\20251111162749.933710.csv
2025-11-24 14:15:55-INFO-[time_series_plots.py:83]-成功读取数据: 1600000 行, 8 个通道
2025-11-24 14:15:57-INFO-[time_series_plots.py:41]-正在读取CSV文件: D:\Lab\process\2025.11.11\time\GROUP2\20251111162753.132526.csv
2025-11-24 14:15:57-INFO-[time_series_plots.py:83]-成功读取数据: 1600000 行, 8 个通道
2025-11-24 14:15:59-INFO-[time_series_plots.py:41]-正在读取CSV文件: D:\Lab\process\2025.11.11\time\GROUP2\20251111162756.337381.csv
2025-11-24 14:16:00-INFO-[time_series_plots.py:83]-成功读取数据: 1600000 行, 8 个通道
2025-11-24 14:16:01-INFO-[time_series_plots.py:41]-正在读取CSV文件: D:\Lab\process\2025.11.11\time\GROUP2\20251111162759.532624.csv
2025-11-24 14:16:02-INFO-[time_series_plots.py:83]-成功读取数据: 1600000 行, 8 个通道
2025-11-24 14:16:03-INFO-[time_series_plots.py:41]-正在读取CSV文件: D:\Lab\process\2025.11.11\time\GROUP2\20251111162802.737400.csv
2025-11-24 14:16:04-INFO-[time_series_plots.py:83]-成功读取数据: 1600000 行, 8 个通道
2025-11-24 14:16:06-INFO-[time_series_plots.py:41]-正在读取CSV文件: D:\Lab\process\2025.11.11\time\GROUP2\20251111162805.935394.csv
2025-11-24 14:16:06-INFO-[time_series_plots.py:83]-成功读取数据: 1600000 行, 8 个通道
2025-11-24 14:16:08-INFO-[time_series_plots.py:41]-正在读取CSV文件: D:\Lab\process\2025.11.11\time\GROUP2\20251111162809.135176.csv
2025-11-24 14:16:09-INFO-[time_series_plots.py:83]-成功读取数据: 1600000 行, 8 个通道
2025-11-24 14:16:10-INFO-[time_series_plots.py:41]-正在读取CSV文件: D:\Lab\process\2025.11.11\time\GROUP2\20251111162812.336424.csv
2025-11-24 14:16:11-INFO-[time_series_plots.py:83]-成功读取数据: 1600000 行, 8 个通道
2025-11-24 14:16:13-INFO-[time_series_plots.py:41]-正在读取CSV文件: D:\Lab\process\2025.11.11\time\GROUP2\20251111162815.532723.csv
2025-11-24 14:16:14-INFO-[time_series_plots.py:83]-成功读取数据: 1600000 行, 8 个通道
2025-11-24 14:16:16-INFO-[time_series_plots.py:41]-正在读取CSV文件: D:\Lab\process\2025.11.11\time\GROUP2\20251111162818.736491.csv
2025-11-24 14:16:16-INFO-[time_series_plots.py:83]-成功读取数据: 1600000 行, 8 个通道
2025-11-24 14:16:18-INFO-[time_series_plots.py:41]-正在读取CSV文件: D:\Lab\process\2025.11.11\time\GROUP2\20251111162821.935331.csv
2025-11-24 14:16:19-INFO-[time_series_plots.py:83]-成功读取数据: 1600000 行, 8 个通道
2025-11-24 14:16:21-INFO-[time_series_plots.py:41]-正在读取CSV文件: D:\Lab\process\2025.11.11\time\GROUP2\20251111162825.134459.csv
2025-11-24 14:16:22-INFO-[time_series_plots.py:83]-成功读取数据: 1600000 行, 8 个通道
2025-11-24 14:16:23-INFO-[time_series_plots.py:41]-正在读取CSV文件: D:\Lab\process\2025.11.11\time\GROUP2\20251111162828.335829.csv
2025-11-24 14:16:24-INFO-[time_series_plots.py:83]-成功读取数据: 1600000 行, 8 个通道
2025-11-24 14:16:26-INFO-[time_series_plots.py:41]-正在读取CSV文件: D:\Lab\process\2025.11.11\time\GROUP2\20251111162831.533051.csv
2025-11-24 14:16:27-INFO-[time_series_plots.py:83]-成功读取数据: 1600000 行, 8 个通道
2025-11-24 14:16:29-INFO-[time_series_plots.py:41]-正在读取CSV文件: D:\Lab\process\2025.11.11\time\GROUP2\20251111162834.736376.csv
2025-11-24 14:16:30-INFO-[time_series_plots.py:83]-成功读取数据: 1600000 行, 8 个通道
2025-11-24 14:16:31-INFO-[time_series_plots.py:41]-正在读取CSV文件: D:\Lab\process\2025.11.11\time\GROUP2\20251111162837.934603.csv
2025-11-24 14:16:32-INFO-[time_series_plots.py:83]-成功读取数据: 1600000 行, 8 个通道
2025-11-24 14:16:34-INFO-[time_series_plots.py:41]-正在读取CSV文件: D:\Lab\process\2025.11.11\time\GROUP2\20251111162841.136283.csv
2025-11-24 14:16:35-INFO-[time_series_plots.py:83]-成功读取数据: 1600000 行, 8 个通道
2025-11-24 14:16:37-INFO-[time_series_plots.py:41]-正在读取CSV文件: D:\Lab\process\2025.11.11\time\GROUP2\20251111162844.334724.csv
2025-11-24 14:16:38-INFO-[time_series_plots.py:83]-成功读取数据: 1600000 行, 8 个通道
2025-11-24 14:16:39-INFO-[time_series_plots.py:41]-正在读取CSV文件: D:\Lab\process\2025.11.11\time\GROUP2\20251111162847.534959.csv
2025-11-24 14:16:40-INFO-[time_series_plots.py:83]-成功读取数据: 1600000 行, 8 个通道
2025-11-24 14:16:42-INFO-[time_series_plots.py:41]-正在读取CSV文件: D:\Lab\process\2025.11.11\time\GROUP2\20251111162850.736415.csv
2025-11-24 14:16:43-INFO-[time_series_plots.py:83]-成功读取数据: 1600000 行, 8 个通道
2025-11-24 14:16:45-INFO-[time_series_plots.py:41]-正在读取CSV文件: D:\Lab\process\2025.11.11\time\GROUP2\20251111162853.933152.csv
2025-11-24 14:16:45-INFO-[time_series_plots.py:83]-成功读取数据: 1600000 行, 8 个通道
2025-11-24 14:16:47-INFO-[time_series_plots.py:41]-正在读取CSV文件: D:\Lab\process\2025.11.11\time\GROUP2\20251111162857.133858.csv
2025-11-24 14:16:48-INFO-[time_series_plots.py:83]-成功读取数据: 1600000 行, 8 个通道
2025-11-24 14:16:50-INFO-[time_series_plots.py:41]-正在读取CSV文件: D:\Lab\process\2025.11.11\time\GROUP2\20251111162900.335079.csv
2025-11-24 14:16:51-INFO-[time_series_plots.py:83]-成功读取数据: 1600000 行, 8 个通道
2025-11-24 14:16:52-INFO-[time_series_plots.py:41]-正在读取CSV文件: D:\Lab\process\2025.11.11\time\GROUP2\20251111162903.533095.csv
2025-11-24 14:16:53-INFO-[time_series_plots.py:83]-成功读取数据: 1600000 行, 8 个通道
2025-11-24 14:16:55-INFO-[time_series_plots.py:41]-正在读取CSV文件: D:\Lab\process\2025.11.11\time\GROUP2\20251111162906.736537.csv
2025-11-24 14:16:56-INFO-[time_series_plots.py:83]-成功读取数据: 1600000 行, 8 个通道
2025-11-24 14:16:58-INFO-[time_series_plots.py:41]-正在读取CSV文件: D:\Lab\process\2025.11.11\time\GROUP2\20251111162909.933040.csv
2025-11-24 14:16:58-INFO-[time_series_plots.py:83]-成功读取数据: 1600000 行, 8 个通道
2025-11-24 14:17:00-INFO-[time_series_plots.py:41]-正在读取CSV文件: D:\Lab\process\2025.11.11\time\GROUP2\20251111162913.134751.csv
2025-11-24 14:17:01-INFO-[time_series_plots.py:83]-成功读取数据: 1600000 行, 8 个通道
2025-11-24 14:17:03-INFO-[time_series_plots.py:41]-正在读取CSV文件: D:\Lab\process\2025.11.11\time\GROUP2\20251111162916.334492.csv
2025-11-24 14:17:04-INFO-[time_series_plots.py:83]-成功读取数据: 1600000 行, 8 个通道
2025-11-24 14:17:06-INFO-[time_series_plots.py:41]-正在读取CSV文件: D:\Lab\process\2025.11.11\time\GROUP2\20251111162919.534518.csv
2025-11-24 14:17:07-INFO-[time_series_plots.py:83]-成功读取数据: 1600000 行, 8 个通道
2025-11-24 14:17:09-INFO-[time_series_plots.py:41]-正在读取CSV文件: D:\Lab\process\2025.11.11\time\GROUP2\20251111162922.737775.csv
2025-11-24 14:17:10-INFO-[time_series_plots.py:83]-成功读取数据: 1600000 行, 8 个通道
2025-11-24 14:17:12-INFO-[time_series_plots.py:41]-正在读取CSV文件: D:\Lab\process\2025.11.11\time\GROUP2\20251111162925.935060.csv
2025-11-24 14:17:13-INFO-[time_series_plots.py:83]-成功读取数据: 1600000 行, 8 个通道
2025-11-24 14:17:14-INFO-[time_series_plots.py:41]-正在读取CSV文件: D:\Lab\process\2025.11.11\time\GROUP2\20251111162929.135450.csv
2025-11-24 14:17:15-INFO-[time_series_plots.py:83]-成功读取数据: 1600000 行, 8 个通道
2025-11-24 14:17:17-INFO-[time_series_plots.py:41]-正在读取CSV文件: D:\Lab\process\2025.11.11\time\GROUP2\20251111162932.334040.csv
2025-11-24 14:17:17-INFO-[time_series_plots.py:83]-成功读取数据: 1600000 行, 8 个通道
2025-11-24 14:17:19-INFO-[time_series_plots.py:41]-正在读取CSV文件: D:\Lab\process\2025.11.11\time\GROUP2\20251111162935.537338.csv
2025-11-24 14:17:20-INFO-[time_series_plots.py:83]-成功读取数据: 1600000 行, 8 个通道
2025-11-24 14:17:22-INFO-[time_series_plots.py:41]-正在读取CSV文件: D:\Lab\process\2025.11.11\time\GROUP2\20251111162938.734941.csv
2025-11-24 14:17:23-INFO-[time_series_plots.py:83]-成功读取数据: 1600000 行, 8 个通道
2025-11-24 14:17:25-INFO-[time_series_plots.py:41]-正在读取CSV文件: D:\Lab\process\2025.11.11\time\GROUP2\20251111162941.936832.csv
2025-11-24 14:17:25-INFO-[time_series_plots.py:83]-成功读取数据: 1600000 行, 8 个通道
2025-11-24 14:17:28-INFO-[time_series_plots.py:41]-正在读取CSV文件: D:\Lab\process\2025.11.11\time\GROUP2\20251111162945.132579.csv
2025-11-24 14:17:30-INFO-[time_series_plots.py:83]-成功读取数据: 1600000 行, 8 个通道
2025-11-24 14:17:33-INFO-[time_series_plots.py:41]-正在读取CSV文件: D:\Lab\process\2025.11.11\time\GROUP2\20251111162948.333959.csv
2025-11-24 14:17:34-INFO-[time_series_plots.py:83]-成功读取数据: 1600000 行, 8 个通道
2025-11-24 14:17:38-INFO-[time_series_plots.py:41]-正在读取CSV文件: D:\Lab\process\2025.11.11\time\GROUP2\20251111162951.535988.csv
2025-11-24 14:17:39-INFO-[time_series_plots.py:83]-成功读取数据: 1600000 行, 8 个通道
2025-11-24 14:17:42-INFO-[time_series_plots.py:41]-正在读取CSV文件: D:\Lab\process\2025.11.11\time\GROUP2\20251111162954.733310.csv
2025-11-24 14:17:44-INFO-[time_series_plots.py:83]-成功读取数据: 1600000 行, 8 个通道
2025-11-24 14:17:46-INFO-[time_series_plots.py:41]-正在读取CSV文件: D:\Lab\process\2025.11.11\time\GROUP2\20251111162957.934569.csv
2025-11-24 14:17:48-INFO-[time_series_plots.py:83]-成功读取数据: 1600000 行, 8 个通道
2025-11-24 14:17:51-INFO-[time_series_plots.py:41]-正在读取CSV文件: D:\Lab\process\2025.11.11\time\GROUP2\20251111163001.136524.csv
2025-11-24 14:17:51-INFO-[time_series_plots.py:83]-成功读取数据: 100000 行, 8 个通道
2025-11-24 14:17:51-INFO-[time_series_plots.py:183]-开始绘制组时序图
2025-11-24 14:17:57-INFO-[time_series_plots.py:256]-组时序图已保存: D:\Lab\results\2025.11.11\time\GROUP2\group_time_series.png
2025-11-24 14:17:57-INFO-[time_series_plots.py:266]-开始绘制组统计量对比图
2025-11-24 14:17:59-INFO-[time_series_plots.py:347]-组统计量对比图已保存: D:\Lab\results\2025.11.11\time\GROUP2\group_statistics_comparison.png
2025-11-24 14:17:59-INFO-[time_series_plots.py:357]-开始绘制组稳定性分析图
2025-11-24 14:18:02-INFO-[time_series_plots.py:453]-组稳定性分析图已保存: D:\Lab\results\2025.11.11\time\GROUP2\group_stability_analysis.png
2025-11-24 14:18:02-INFO-[time_series_plots.py:463]-开始生成组分析报告
2025-11-24 14:18:02-INFO-[time_series_plots.py:580]-组分析报告已保存: D:\Lab\results\2025.11.11\time\GROUP2\group_analysis_report.json
2025-11-24 14:18:02-INFO-[time_series_plots.py:641]-组分析完成: GROUP2
2025-11-24 14:18:03-INFO-[time_series_plots.py:724]-时域分析完成! 成功分析 2 个组
2025-11-24 14:18:03-INFO-[time_series_plots.py:725]-总体报告: D:\Lab\results\2025.11.11\time\analysis_summary.json
2025-11-24 14:18:03-INFO-[main.py:54]------------------------------执行完成-----------------------------
