2026-02-25 15:29:03-INFO-[tdms_reader_frequency.py:76]-开始处理文件: D:/Lab/process/2025.11.11/time\GROUP1\20251111161634.934035.csv
2026-02-25 15:29:03-INFO-[tdms_reader_frequency.py:84]-使用元数据采样率: 50000 Hz
2026-02-25 15:29:03-INFO-[tdms_reader_frequency.py:76]-开始处理文件: D:/Lab/process/2025.11.11/time\GROUP1\20251111161638.134949.csv
2026-02-25 15:29:03-INFO-[tdms_reader_frequency.py:84]-使用元数据采样率: 50000 Hz
2026-02-25 15:29:03-INFO-[tdms_reader_frequency.py:76]-开始处理文件: D:/Lab/process/2025.11.11/time\GROUP1\20251111161641.335227.csv
2026-02-25 15:29:03-INFO-[tdms_reader_frequency.py:84]-使用元数据采样率: 50000 Hz
2026-02-25 15:29:03-INFO-[tdms_reader_frequency.py:76]-开始处理文件: D:/Lab/process/2025.11.11/time\GROUP1\20251111161644.534299.csv
2026-02-25 15:29:03-INFO-[tdms_reader_frequency.py:84]-使用元数据采样率: 50000 Hz
2026-02-25 15:29:03-INFO-[tdms_reader_frequency.py:76]-开始处理文件: D:/Lab/process/2025.11.11/time\GROUP1\20251111161650.936288.csv
2026-02-25 15:29:03-INFO-[tdms_reader_frequency.py:76]-开始处理文件: D:/Lab/process/2025.11.11/time\GROUP1\20251111161647.733148.csv
2026-02-25 15:29:03-INFO-[tdms_reader_frequency.py:84]-使用元数据采样率: 50000 Hz
2026-02-25 15:29:03-INFO-[tdms_reader_frequency.py:84]-使用元数据采样率: 50000 Hz
2026-02-25 15:29:03-INFO-[tdms_reader_frequency.py:76]-开始处理文件: D:/Lab/process/2025.11.11/time\GROUP1\20251111161654.133815.csv
2026-02-25 15:29:03-INFO-[tdms_reader_frequency.py:84]-使用元数据采样率: 50000 Hz
2026-02-25 15:29:03-INFO-[tdms_reader_frequency.py:76]-开始处理文件: D:/Lab/process/2025.11.11/time\GROUP1\20251111161657.332589.csv
2026-02-25 15:29:03-INFO-[tdms_reader_frequency.py:76]-开始处理文件: D:/Lab/process/2025.11.11/time\GROUP1\20251111161700.535144.csv
2026-02-25 15:29:03-INFO-[tdms_reader_frequency.py:84]-使用元数据采样率: 50000 Hz
2026-02-25 15:29:03-INFO-[tdms_reader_frequency.py:84]-使用元数据采样率: 50000 Hz
2026-02-25 15:29:03-INFO-[tdms_reader_frequency.py:76]-开始处理文件: D:/Lab/process/2025.11.11/time\GROUP1\20251111161703.736152.csv
2026-02-25 15:29:03-INFO-[tdms_reader_frequency.py:84]-使用元数据采样率: 50000 Hz
2026-02-25 15:29:03-INFO-[tdms_reader_frequency.py:76]-开始处理文件: D:/Lab/process/2025.11.11/time\GROUP1\20251111161706.936906.csv
2026-02-25 15:29:03-INFO-[tdms_reader_frequency.py:84]-使用元数据采样率: 50000 Hz
2026-02-25 15:29:03-INFO-[tdms_reader_frequency.py:76]-开始处理文件: D:/Lab/process/2025.11.11/time\GROUP1\20251111161710.134401.csv
2026-02-25 15:29:03-INFO-[tdms_reader_frequency.py:84]-使用元数据采样率: 50000 Hz
2026-02-25 15:29:03-INFO-[tdms_reader_frequency.py:76]-开始处理文件: D:/Lab/process/2025.11.11/time\GROUP1\20251111161713.334197.csv
2026-02-25 15:29:03-INFO-[tdms_reader_frequency.py:76]-开始处理文件: D:/Lab/process/2025.11.11/time\GROUP1\20251111161716.534160.csv
2026-02-25 15:29:03-INFO-[tdms_reader_frequency.py:84]-使用元数据采样率: 50000 Hz
2026-02-25 15:29:03-INFO-[tdms_reader_frequency.py:84]-使用元数据采样率: 50000 Hz
2026-02-25 15:29:03-INFO-[tdms_reader_frequency.py:76]-开始处理文件: D:/Lab/process/2025.11.11/time\GROUP1\20251111161719.736773.csv
2026-02-25 15:29:03-INFO-[tdms_reader_frequency.py:84]-使用元数据采样率: 50000 Hz
2026-02-25 15:29:03-INFO-[tdms_reader_frequency.py:76]-开始处理文件: D:/Lab/process/2025.11.11/time\GROUP1\20251111161722.937210.csv
2026-02-25 15:29:03-INFO-[tdms_reader_frequency.py:84]-使用元数据采样率: 50000 Hz
2026-02-25 15:29:03-INFO-[tdms_reader_frequency.py:76]-开始处理文件: D:/Lab/process/2025.11.11/time\GROUP1\20251111161726.134814.csv
2026-02-25 15:29:03-INFO-[tdms_reader_frequency.py:84]-使用元数据采样率: 50000 Hz
2026-02-25 15:29:03-INFO-[tdms_reader_frequency.py:76]-开始处理文件: D:/Lab/process/2025.11.11/time\GROUP1\20251111161729.334125.csv
2026-02-25 15:29:03-INFO-[tdms_reader_frequency.py:84]-使用元数据采样率: 50000 Hz
2026-02-25 15:29:03-INFO-[tdms_reader_frequency.py:76]-开始处理文件: D:/Lab/process/2025.11.11/time\GROUP1\20251111161732.536553.csv
2026-02-25 15:29:03-INFO-[tdms_reader_frequency.py:84]-使用元数据采样率: 50000 Hz
2026-02-25 15:29:03-INFO-[tdms_reader_frequency.py:76]-开始处理文件: D:/Lab/process/2025.11.11/time\GROUP1\20251111161738.935403.csv
2026-02-25 15:29:03-INFO-[tdms_reader_frequency.py:76]-开始处理文件: D:/Lab/process/2025.11.11/time\GROUP1\20251111161735.737496.csv
2026-02-25 15:29:03-INFO-[tdms_reader_frequency.py:84]-使用元数据采样率: 50000 Hz
2026-02-25 15:29:03-INFO-[tdms_reader_frequency.py:84]-使用元数据采样率: 50000 Hz
2026-02-25 15:29:03-INFO-[tdms_reader_frequency.py:76]-开始处理文件: D:/Lab/process/2025.11.11/time\GROUP1\20251111161742.134913.csv
2026-02-25 15:29:03-INFO-[tdms_reader_frequency.py:84]-使用元数据采样率: 50000 Hz
2026-02-25 15:29:03-INFO-[tdms_reader_frequency.py:76]-开始处理文件: D:/Lab/process/2025.11.11/time\GROUP1\20251111161745.334812.csv
2026-02-25 15:29:03-INFO-[tdms_reader_frequency.py:84]-使用元数据采样率: 50000 Hz
2026-02-25 15:29:03-INFO-[tdms_reader_frequency.py:76]-开始处理文件: D:/Lab/process/2025.11.11/time\GROUP1\20251111161748.533627.csv
2026-02-25 15:29:03-INFO-[tdms_reader_frequency.py:84]-使用元数据采样率: 50000 Hz
2026-02-25 15:29:03-INFO-[tdms_reader_frequency.py:76]-开始处理文件: D:/Lab/process/2025.11.11/time\GROUP1\20251111161751.736184.csv
2026-02-25 15:29:03-INFO-[tdms_reader_frequency.py:84]-使用元数据采样率: 50000 Hz
2026-02-25 15:29:03-INFO-[tdms_reader_frequency.py:76]-开始处理文件: D:/Lab/process/2025.11.11/time\GROUP1\20251111161754.935566.csv
2026-02-25 15:29:03-INFO-[tdms_reader_frequency.py:84]-使用元数据采样率: 50000 Hz
2026-02-25 15:29:03-INFO-[tdms_reader_frequency.py:76]-开始处理文件: D:/Lab/process/2025.11.11/time\GROUP1\20251111161758.134829.csv
2026-02-25 15:29:03-INFO-[tdms_reader_frequency.py:84]-使用元数据采样率: 50000 Hz
2026-02-25 15:29:03-INFO-[tdms_reader_frequency.py:76]-开始处理文件: D:/Lab/process/2025.11.11/time\GROUP1\20251111161801.333804.csv
2026-02-25 15:29:03-INFO-[tdms_reader_frequency.py:84]-使用元数据采样率: 50000 Hz
2026-02-25 15:29:06-INFO-[tdms_reader_frequency.py:91]-成功读取文件: 20251111161634.934035.csv, 数据长度: 1600000
2026-02-25 15:29:07-INFO-[tdms_reader_frequency.py:101]-处理文件: 20251111161634.934035.csv, 通道数: 8
2026-02-25 15:29:07-INFO-[tdms_reader_frequency.py:91]-成功读取文件: 20251111161654.133815.csv, 数据长度: 1600000
2026-02-25 15:29:07-INFO-[tdms_reader_frequency.py:91]-成功读取文件: 20251111161644.534299.csv, 数据长度: 1600000
2026-02-25 15:29:07-INFO-[tdms_reader_frequency.py:91]-成功读取文件: 20251111161710.134401.csv, 数据长度: 1600000
2026-02-25 15:29:07-INFO-[tdms_reader_frequency.py:101]-处理文件: 20251111161713.334197.csv, 通道数: 8
2026-02-25 15:29:07-INFO-[tdms_reader_frequency.py:101]-处理文件: 20251111161641.335227.csv, 通道数: 8
2026-02-25 15:29:07-INFO-[tdms_reader_frequency.py:101]-处理文件: 20251111161638.134949.csv, 通道数: 8
2026-02-25 15:29:07-INFO-[tdms_reader_frequency.py:101]-处理文件: 20251111161647.733148.csv, 通道数: 8
2026-02-25 15:29:07-INFO-[tdms_reader_frequency.py:101]-处理文件: 20251111161644.534299.csv, 通道数: 8
2026-02-25 15:29:07-INFO-[tdms_reader_frequency.py:91]-成功读取文件: 20251111161657.332589.csv, 数据长度: 1600000
2026-02-25 15:29:07-INFO-[tdms_reader_frequency.py:101]-处理文件: 20251111161657.332589.csv, 通道数: 8
2026-02-25 15:29:07-INFO-[tdms_reader_frequency.py:91]-成功读取文件: 20251111161650.936288.csv, 数据长度: 1600000
2026-02-25 15:29:07-INFO-[tdms_reader_frequency.py:101]-处理文件: 20251111161650.936288.csv, 通道数: 8
2026-02-25 15:29:07-INFO-[tdms_reader_frequency.py:91]-成功读取文件: 20251111161716.534160.csv, 数据长度: 1600000
2026-02-25 15:29:07-INFO-[tdms_reader_frequency.py:101]-处理文件: 20251111161716.534160.csv, 通道数: 8
2026-02-25 15:29:07-INFO-[tdms_reader_frequency.py:91]-成功读取文件: 20251111161754.935566.csv, 数据长度: 1600000
2026-02-25 15:29:07-INFO-[tdms_reader_frequency.py:101]-处理文件: 20251111161754.935566.csv, 通道数: 8
2026-02-25 15:29:08-INFO-[tdms_reader_frequency.py:91]-成功读取文件: 20251111161703.736152.csv, 数据长度: 1600000
2026-02-25 15:29:08-INFO-[tdms_reader_frequency.py:101]-处理文件: 20251111161703.736152.csv, 通道数: 8
2026-02-25 15:29:08-INFO-[tdms_reader_frequency.py:91]-成功读取文件: 20251111161700.535144.csv, 数据长度: 1600000
2026-02-25 15:29:08-INFO-[tdms_reader_frequency.py:101]-处理文件: 20251111161700.535144.csv, 通道数: 8
2026-02-25 15:29:08-INFO-[tdms_reader_frequency.py:91]-成功读取文件: 20251111161729.334125.csv, 数据长度: 1600000
2026-02-25 15:29:08-INFO-[tdms_reader_frequency.py:101]-处理文件: 20251111161729.334125.csv, 通道数: 8
2026-02-25 15:29:08-INFO-[tdms_reader_frequency.py:91]-成功读取文件: 20251111161751.736184.csv, 数据长度: 1600000
2026-02-25 15:29:08-INFO-[tdms_reader_frequency.py:91]-成功读取文件: 20251111161748.533627.csv, 数据长2026-02-25 15:29:08-INFO-[tdms_reader_frequency.py:101]-处理文件: 20251111161801.333804.csv, 通道数: 8
2026-02-25 15:29:08-INFO-[tdms_reader_frequency.py:101]-处理文件: 20251111161751.736184.csv, 通道数: 8
2026-02-25 15:29:08-INFO-[tdms_reader_frequency.py:91]-成功读取文件: 20251111161722.937210.csv, 数据长度: 1600000
2026-02-25 15:29:08-INFO-[tdms_reader_frequency.py:101]-处理文件: 20251111161748.533627.csv, 通道数: 8
2026-02-25 15:29:08-INFO-[tdms_reader_frequency.py:101]-处理文件: 20251111161722.937210.csv, 通道数: 8
2026-02-25 15:29:08-INFO-[tdms_reader_frequency.py:91]-成功读取文件: 20251111161726.134814.csv, 数据长度: 1600000
2026-02-25 15:29:08-INFO-[tdms_reader_frequency.py:101]-处理文件: 20251111161726.134814.csv, 通道数: 8
2026-02-25 15:29:08-INFO-[tdms_reader_frequency.py:91]-成功读取文件: 20251111161706.936906.csv, 数据长度: 1600000
2026-02-25 15:29:08-INFO-[tdms_reader_frequency.py:101]-处理文件: 20251111161706.936906.csv, 通道数: 8
2026-02-25 15:29:08-INFO-[tdms_reader_frequency.py:91]-成功读取文件: 20251111161719.736773.csv, 数据长度: 1600000
2026-02-25 15:29:08-INFO-[tdms_reader_frequency.py:101]-处理文件: 20251111161719.736773.csv, 通道数: 8
2026-02-25 15:29:08-INFO-[tdms_reader_frequency.py:91]-成功读取文件: 20251111161732.536553.csv, 数据长度: 1600000
2026-02-25 15:29:08-INFO-[tdms_reader_frequency.py:101]-处理文件: 20251111161732.536553.csv, 通道数: 8
2026-02-25 15:29:08-INFO-[tdms_reader_frequency.py:91]-成功读取文件: 20251111161738.935403.csv, 数据长度: 1600000
2026-02-25 15:29:08-INFO-[tdms_reader_frequency.py:101]-处理文件: 20251111161738.935403.csv, 通道数: 8
2026-02-25 15:29:08-INFO-[tdms_reader_frequency.py:91]-成功读取文件: 20251111161745.334812.csv, 数据长度: 1600000
2026-02-25 15:29:08-INFO-[tdms_reader_frequency.py:101]-处理文件: 20251111161745.334812.csv, 通道数: 8
2026-02-25 15:29:08-INFO-[tdms_reader_frequency.py:91]-成功读取文件: 20251111161735.737496.csv, 数据长度: 1600000
2026-02-25 15:29:08-INFO-[tdms_reader_frequency.py:101]-处理文件: 20251111161735.737496.csv, 通道数: 8
2026-02-25 15:29:08-INFO-[tdms_reader_frequency.py:91]-成功读取文件: 20251111161742.134913.csv, 数据长度: 1600000
2026-02-25 15:29:08-INFO-[tdms_reader_frequency.py:101]-处理文件: 20251111161742.134913.csv, 通道数: 8
2026-02-25 15:29:14-INFO-[tdms_reader_frequency.py:147]-  已写入 100000/799999 行FFT数据
2026-02-25 15:29:14-INFO-[tdms_reader_frequency.py:147]-  已写入 100000/799999 行FFT数据
2026-02-25 15:29:15-INFO-[tdms_reader_frequency.py:147]-  已写入 100000/799999 行FFT数据
2026-02-25 15:29:15-INFO-[tdms_reader_frequency.py:147]-  已写入 100000/799999 行FFT数据
2026-02-25 15:29:15-INFO-[tdms_reader_frequency.py:147]-  已写入 100000/799999 行FFT数据
2026-02-25 15:29:15-INFO-[tdms_reader_frequency.py:147]-  已写入 100000/799999 行FFT数据
2026-02-25 15:29:15-INFO-[tdms_reader_frequency.py:147]-  已写入 100000/799999 行FFT数据
2026-02-25 15:29:15-INFO-[tdms_reader_frequency.py:147]-  已写入 100000/799999 行FFT数据
2026-02-25 15:29:15-INFO-[tdms_reader_frequency.py:147]-  已写入 100000/799999 行FFT数据
2026-02-25 15:29:15-INFO-[tdms_reader_frequency.py:147]-  已写入 100000/799999 行FFT数据
2026-02-25 15:29:15-INFO-[tdms_reader_frequency.py:147]-  已写入 100000/799999 行FFT数据
2026-02-25 15:29:15-INFO-[tdms_reader_frequency.py:147]-  已写入 100000/799999 行FFT数据
2026-02-25 15:29:15-INFO-[tdms_reader_frequency.py:147]-  已写入 100000/799999 行FFT数据
2026-02-25 15:29:15-INFO-[tdms_reader_frequency.py:147]-  已写入 100000/799999 行FFT数据
2026-02-25 15:29:15-INFO-[tdms_reader_frequency.py:147]-  已写入 100000/799999 行FFT数据
2026-02-25 15:29:15-INFO-[tdms_reader_frequency.py:147]-  已写入 100000/799999 行FFT数据
2026-02-25 15:29:15-INFO-[tdms_reader_frequency.py:147]-  已写入 100000/799999 行FFT数据
2026-02-25 15:29:15-INFO-[tdms_reader_frequency.py:147]-  已写入 100000/799999 行FFT数据
2026-02-25 15:29:15-INFO-[tdms_reader_frequency.py:147]-  已写入 100000/799999 行FFT数据
2026-02-25 15:29:15-INFO-[tdms_reader_frequency.py:147]-  已写入 100000/799999 行FFT数据
2026-02-25 15:29:15-INFO-[tdms_reader_frequency.py:147]-  已写入 100000/799999 行FFT数据
2026-02-25 15:29:15-INFO-[tdms_reader_frequency.py:147]-  已写入 100000/799999 行FFT数据
2026-02-25 15:29:15-INFO-[tdms_reader_frequency.py:147]-  已写入 100000/799999 行FFT数据
2026-02-25 15:29:15-INFO-[tdms_reader_frequency.py:147]-  已写入 100000/799999 行FFT数据
2026-02-25 15:29:15-INFO-[tdms_reader_frequency.py:147]-  已写入 100000/799999 行FFT数据
2026-02-25 15:29:15-INFO-[tdms_reader_frequency.py:147]-  已写入 100000/799999 行FFT数据
2026-02-25 15:29:15-INFO-[tdms_reader_frequency.py:147]-  已写入 100000/799999 行FFT数据
2026-02-25 15:29:15-INFO-[tdms_reader_frequency.py:147]-  已写入 100000/799999 行FFT数据
2026-02-25 15:29:17-INFO-[tdms_reader_frequency.py:147]-  已写入 200000/799999 行FFT数据
2026-02-25 15:29:17-INFO-[tdms_reader_frequency.py:147]-  已写入 200000/799999 行FFT数据
2026-02-25 15:29:17-INFO-[tdms_reader_frequency.py:147]-  已写入 200000/799999 行FFT数据
2026-02-25 15:29:17-INFO-[tdms_reader_frequency.py:147]-  已写入 200000/799999 行FFT数据
2026-02-25 15:29:17-INFO-[tdms_reader_frequency.py:147]-  已写入 200000/799999 行FFT数据
2026-02-25 15:29:17-INFO-[tdms_reader_frequency.py:147]-  已写入 200000/799999 行FFT数据
2026-02-25 15:29:17-INFO-[tdms_reader_frequency.py:147]-  已写入 200000/799999 行FFT数据
2026-02-25 15:29:17-INFO-[tdms_reader_frequency.py:147]-  已写入 200000/799999 行FFT数据
2026-02-25 15:29:17-INFO-[tdms_reader_frequency.py:147]-  已写入 200000/799999 行FFT数据
2026-02-25 15:29:17-INFO-[tdms_reader_frequency.py:147]-  已写入 200000/799999 行FFT数据
2026-02-25 15:29:17-INFO-[tdms_reader_frequency.py:147]-  已写入 200000/799999 行FFT数据
2026-02-25 15:29:17-INFO-[tdms_reader_frequency.py:147]-  已写入 200000/799999 行FFT数据
2026-02-25 15:29:17-INFO-[tdms_reader_frequency.py:147]-  已写入 200000/799999 行FFT数据
2026-02-25 15:29:18-INFO-[tdms_reader_frequency.py:147]-  已写入 200000/799999 行FFT数据
2026-02-25 15:29:18-INFO-[tdms_reader_frequency.py:147]-  已写入 200000/799999 行FFT数据
2026-02-25 15:29:18-INFO-[tdms_reader_frequency.py:147]-  已写入 200000/799999 行FFT数据
2026-02-25 15:29:18-INFO-[tdms_reader_frequency.py:147]-  已写入 200000/799999 行FFT数据
2026-02-25 15:29:18-INFO-[tdms_reader_frequency.py:147]-  已写入 200000/799999 行FFT数据
2026-02-25 15:29:18-INFO-[tdms_reader_frequency.py:147]-  已写入 200000/799999 行FFT数据
2026-02-25 15:29:18-INFO-[tdms_reader_frequency.py:147]-  已写入 200000/799999 行FFT数据
2026-02-25 15:29:18-INFO-[tdms_reader_frequency.py:147]-  已写入 200000/799999 行FFT数据
2026-02-25 15:29:18-INFO-[tdms_reader_frequency.py:147]-  已写入 200000/799999 行FFT数据
2026-02-25 15:29:18-INFO-[tdms_reader_frequency.py:147]-  已写入 200000/799999 行FFT数据
2026-02-25 15:29:18-INFO-[tdms_reader_frequency.py:147]-  已写入 200000/799999 行FFT数据
2026-02-25 15:29:18-INFO-[tdms_reader_frequency.py:147]-  已写入 200000/799999 行FFT数据
2026-02-25 15:29:18-INFO-[tdms_reader_frequency.py:147]-  已写入 200000/799999 行FFT数据
2026-02-25 15:29:18-INFO-[tdms_reader_frequency.py:147]-  已写入 200000/799999 行FFT数据
2026-02-25 15:29:20-INFO-[tdms_reader_frequency.py:147]-  已写入 300000/799999 行FFT数据
2026-02-25 15:29:20-INFO-[tdms_reader_frequency.py:147]-  已写入 300000/799999 行FFT数据
2026-02-25 15:29:20-INFO-[tdms_reader_frequency.py:147]-  已写入 300000/799999 行FFT数据
2026-02-25 15:29:20-INFO-[tdms_reader_frequency.py:147]-  已写入 300000/799999 行FFT数据
2026-02-25 15:29:20-INFO-[tdms_reader_frequency.py:147]-  已写入 300000/799999 行FFT数据
2026-02-25 15:29:20-INFO-[tdms_reader_frequency.py:147]-  已写入 300000/799999 行FFT数据
2026-02-25 15:29:20-INFO-[tdms_reader_frequency.py:147]-  已写入 300000/799999 行FFT数据
2026-02-25 15:29:20-INFO-[tdms_reader_frequency.py:147]-  已写入 300000/799999 行FFT数据
2026-02-25 15:29:20-INFO-[tdms_reader_frequency.py:147]-  已写入 300000/799999 行FFT数据
2026-02-25 15:29:20-INFO-[tdms_reader_frequency.py:147]-  已写入 300000/799999 行FFT数据
2026-02-25 15:29:20-INFO-[tdms_reader_frequency.py:147]-  已写入 300000/799999 行FFT数据
2026-02-25 15:29:20-INFO-[tdms_reader_frequency.py:147]-  已写入 300000/799999 行FFT数据
2026-02-25 15:29:20-INFO-[tdms_reader_frequency.py:147]-  已写入 300000/799999 行FFT数据
2026-02-25 15:29:20-INFO-[tdms_reader_frequency.py:147]-  已写入 300000/799999 行FFT数据
2026-02-25 15:29:20-INFO-[tdms_reader_frequency.py:147]-  已写入 300000/799999 行FFT数据
2026-02-25 15:29:20-INFO-[tdms_reader_frequency.py:147]-  已写入 300000/799999 行FFT数据
2026-02-25 15:29:20-INFO-[tdms_reader_frequency.py:147]-  已写入 300000/799999 行FFT数据
2026-02-25 15:29:20-INFO-[tdms_reader_frequency.py:147]-  已写入 300000/799999 行FFT数据
2026-02-25 15:29:20-INFO-[tdms_reader_frequency.py:147]-  已写入 300000/799999 行FFT数据
2026-02-25 15:29:20-INFO-[tdms_reader_frequency.py:147]-  已写入 300000/799999 行FFT数据
2026-02-25 15:29:20-INFO-[tdms_reader_frequency.py:147]-  已写入 300000/799999 行FFT数据
2026-02-25 15:29:20-INFO-[tdms_reader_frequency.py:147]-  已写入 300000/799999 行FFT数据
2026-02-25 15:29:20-INFO-[tdms_reader_frequency.py:147]-  已写入 300000/799999 行FFT数据
2026-02-25 15:29:20-INFO-[tdms_reader_frequency.py:147]-  已写入 300000/799999 行FFT数据
2026-02-25 15:29:20-INFO-[tdms_reader_frequency.py:147]-  已写入 300000/799999 行FFT数据
2026-02-25 15:29:21-INFO-[tdms_reader_frequency.py:147]-  已写入 300000/799999 行FFT数据
2026-02-25 15:29:21-INFO-[tdms_reader_frequency.py:147]-  已写入 300000/799999 行FFT数据
2026-02-25 15:29:21-INFO-[tdms_reader_frequency.py:147]-  已写入 300000/799999 行FFT数据
2026-02-25 15:29:22-INFO-[tdms_reader_frequency.py:147]-  已写入 400000/799999 行FFT数据
2026-02-25 15:29:22-INFO-[tdms_reader_frequency.py:147]-  已写入 400000/799999 行FFT数据
2026-02-25 15:29:22-INFO-[tdms_reader_frequency.py:147]-  已写入 400000/799999 行FFT数据
2026-02-25 15:29:22-INFO-[tdms_reader_frequency.py:147]-  已写入 400000/799999 行FFT数据
2026-02-25 15:29:22-INFO-[tdms_reader_frequency.py:147]-  已写入 400000/799999 行FFT数据
2026-02-25 15:29:23-INFO-[tdms_reader_frequency.py:147]-  已写入 400000/799999 行FFT数据
2026-02-25 15:29:23-INFO-[tdms_reader_frequency.py:147]-  已写入 400000/799999 行FFT数据
2026-02-25 15:29:23-INFO-[tdms_reader_frequency.py:147]-  已写入 400000/799999 行FFT数据
2026-02-25 15:29:23-INFO-[tdms_reader_frequency.py:147]-  已写入 400000/799999 行FFT数据
2026-02-25 15:29:23-INFO-[tdms_reader_frequency.py:147]-  已写入 400000/799999 行FFT数据
2026-02-25 15:29:23-INFO-[tdms_reader_frequency.py:147]-  已写入 400000/799999 行FFT数据
2026-02-25 15:29:23-INFO-[tdms_reader_frequency.py:147]-  已写入 400000/799999 行FFT数据
2026-02-25 15:29:23-INFO-[tdms_reader_frequency.py:147]-  已写入 400000/799999 行FFT数据
2026-02-25 15:29:23-INFO-[tdms_reader_frequency.py:147]-  已写入 400000/799999 行FFT数据
2026-02-25 15:29:23-INFO-[tdms_reader_frequency.py:147]-  已写入 400000/799999 行FFT数据
2026-02-25 15:29:23-INFO-[tdms_reader_frequency.py:147]-  已写入 400000/799999 行FFT数据
2026-02-25 15:29:23-INFO-[tdms_reader_frequency.py:147]-  已写入 400000/799999 行FFT数据
2026-02-25 15:29:23-INFO-[tdms_reader_frequency.py:147]-  已写入 400000/799999 行FFT数据
2026-02-25 15:29:23-INFO-[tdms_reader_frequency.py:147]-  已写入 400000/799999 行FFT数据
2026-02-25 15:29:23-INFO-[tdms_reader_frequency.py:147]-  已写入 400000/799999 行FFT数据
2026-02-25 15:29:23-INFO-[tdms_reader_frequency.py:147]-  已写入 400000/799999 行FFT数据
2026-02-25 15:29:23-INFO-[tdms_reader_frequency.py:147]-  已写入 400000/799999 行FFT数据
2026-02-25 15:29:23-INFO-[tdms_reader_frequency.py:147]-  已写入 400000/799999 行FFT数据
2026-02-25 15:29:23-INFO-[tdms_reader_frequency.py:147]-  已写入 400000/799999 行FFT数据
2026-02-25 15:29:23-INFO-[tdms_reader_frequency.py:147]-  已写入 400000/799999 行FFT数据
2026-02-25 15:29:23-INFO-[tdms_reader_frequency.py:147]-  已写入 400000/799999 行FFT数据
2026-02-25 15:29:23-INFO-[tdms_reader_frequency.py:147]-  已写入 400000/799999 行FFT数据
2026-02-25 15:29:23-INFO-[tdms_reader_frequency.py:147]-  已写入 400000/799999 行FFT数据
2026-02-25 15:29:25-INFO-[tdms_reader_frequency.py:147]-  已写入 500000/799999 行FFT数据
2026-02-25 15:29:25-INFO-[tdms_reader_frequency.py:147]-  已写入 500000/799999 行FFT数据
2026-02-25 15:29:25-INFO-[tdms_reader_frequency.py:147]-  已写入 500000/799999 行FFT数据
2026-02-25 15:29:25-INFO-[tdms_reader_frequency.py:147]-  已写入 500000/799999 行FFT数据
2026-02-25 15:29:25-INFO-[tdms_reader_frequency.py:147]-  已写入 500000/799999 行FFT数据
2026-02-25 15:29:25-INFO-[tdms_reader_frequency.py:147]-  已写入 500000/799999 行FFT数据
2026-02-25 15:29:25-INFO-[tdms_reader_frequency.py:147]-  已写入 500000/799999 行FFT数据
2026-02-25 15:29:25-INFO-[tdms_reader_frequency.py:147]-  已写入 500000/799999 行FFT数据
2026-02-25 15:29:25-INFO-[tdms_reader_frequency.py:147]-  已写入 500000/799999 行FFT数据
2026-02-25 15:29:25-INFO-[tdms_reader_frequency.py:147]-  已写入 500000/799999 行FFT数据
2026-02-25 15:29:25-INFO-[tdms_reader_frequency.py:147]-  已写入 500000/799999 行FFT数据
2026-02-25 15:29:25-INFO-[tdms_reader_frequency.py:147]-  已写入 500000/799999 行FFT数据
2026-02-25 15:29:25-INFO-[tdms_reader_frequency.py:147]-  已写入 500000/799999 行FFT数据
2026-02-25 15:29:25-INFO-[tdms_reader_frequency.py:147]-  已写入 500000/799999 行FFT数据
2026-02-25 15:29:25-INFO-[tdms_reader_frequency.py:147]-  已写入 500000/799999 行FFT数据
2026-02-25 15:29:26-INFO-[tdms_reader_frequency.py:147]-  已写入 500000/799999 行FFT数据
2026-02-25 15:29:26-INFO-[tdms_reader_frequency.py:147]-  已写入 500000/799999 行FFT数据
2026-02-25 15:29:26-INFO-[tdms_reader_frequency.py:147]-  已写入 500000/799999 行FFT数据
2026-02-25 15:29:26-INFO-[tdms_reader_frequency.py:147]-  已写入 500000/799999 行FFT数据
2026-02-25 15:29:26-INFO-[tdms_reader_frequency.py:147]-  已写入 500000/799999 行FFT数据
2026-02-25 15:29:26-INFO-[tdms_reader_frequency.py:147]-  已写入 500000/799999 行FFT数据
2026-02-25 15:29:26-INFO-[tdms_reader_frequency.py:147]-  已写入 500000/799999 行FFT数据
2026-02-25 15:29:26-INFO-[tdms_reader_frequency.py:147]-  已写入 500000/799999 行FFT数据
2026-02-25 15:29:26-INFO-[tdms_reader_frequency.py:147]-  已写入 500000/799999 行FFT数据
2026-02-25 15:29:26-INFO-[tdms_reader_frequency.py:147]-  已写入 500000/799999 行FFT数据
2026-02-25 15:29:26-INFO-[tdms_reader_frequency.py:147]-  已写入 500000/799999 行FFT数据
2026-02-25 15:29:26-INFO-[tdms_reader_frequency.py:147]-  已写入 500000/799999 行FFT数据
2026-02-25 15:29:26-INFO-[tdms_reader_frequency.py:147]-  已写入 500000/799999 行FFT数据
2026-02-25 15:29:27-INFO-[tdms_reader_frequency.py:147]-  已写入 600000/799999 行FFT数据
2026-02-25 15:29:28-INFO-[tdms_reader_frequency.py:147]-  已写入 600000/799999 行FFT数据
2026-02-25 15:29:28-INFO-[tdms_reader_frequency.py:147]-  已写入 600000/799999 行FFT数据
2026-02-25 15:29:28-INFO-[tdms_reader_frequency.py:147]-  已写入 600000/799999 行FFT数据
2026-02-25 15:29:28-INFO-[tdms_reader_frequency.py:147]-  已写入 600000/799999 行FFT数据
2026-02-25 15:29:28-INFO-[tdms_reader_frequency.py:147]-  已写入 600000/799999 行FFT数据
2026-02-25 15:29:28-INFO-[tdms_reader_frequency.py:147]-  已写入 600000/799999 行FFT数据
2026-02-25 15:29:28-INFO-[tdms_reader_frequency.py:147]-  已写入 600000/799999 行FFT数据
2026-02-25 15:29:28-INFO-[tdms_reader_frequency.py:147]-  已写入 600000/799999 行FFT数据
2026-02-25 15:29:28-INFO-[tdms_reader_frequency.py:147]-  已写入 600000/799999 行FFT数据
2026-02-25 15:29:28-INFO-[tdms_reader_frequency.py:147]-  已写入 600000/799999 行FFT数据
2026-02-25 15:29:28-INFO-[tdms_reader_frequency.py:147]-  已写入 600000/799999 行FFT数据
2026-02-25 15:29:28-INFO-[tdms_reader_frequency.py:147]-  已写入 600000/799999 行FFT数据
2026-02-25 15:29:28-INFO-[tdms_reader_frequency.py:147]-  已写入 600000/799999 行FFT数据
2026-02-25 15:29:28-INFO-[tdms_reader_frequency.py:147]-  已写入 600000/799999 行FFT数据
2026-02-25 15:29:28-INFO-[tdms_reader_frequency.py:147]-  已写入 600000/799999 行FFT数据
2026-02-25 15:29:28-INFO-[tdms_reader_frequency.py:147]-  已写入 600000/799999 行FFT数据
2026-02-25 15:29:29-INFO-[tdms_reader_frequency.py:147]-  已写入 600000/799999 行FFT数据
2026-02-25 15:29:29-INFO-[tdms_reader_frequency.py:147]-  已写入 600000/799999 行FFT数据
2026-02-25 15:29:29-INFO-[tdms_reader_frequency.py:147]-  已写入 600000/799999 行FFT数据
2026-02-25 15:29:29-INFO-[tdms_reader_frequency.py:147]-  已写入 600000/799999 行FFT数据
2026-02-25 15:29:29-INFO-[tdms_reader_frequency.py:147]-  已写入 600000/799999 行FFT数据
2026-02-25 15:29:29-INFO-[tdms_reader_frequency.py:147]-  已写入 600000/799999 行FFT数据
2026-02-25 15:29:29-INFO-[tdms_reader_frequency.py:147]-  已写入 600000/799999 行FFT数据
2026-02-25 15:29:29-INFO-[tdms_reader_frequency.py:147]-  已写入 600000/799999 行FFT数据
2026-02-25 15:29:29-INFO-[tdms_reader_frequency.py:147]-  已写入 600000/799999 行FFT数据
2026-02-25 15:29:30-INFO-[tdms_reader_frequency.py:147]-  已写入 600000/799999 行FFT数据
2026-02-25 15:29:30-INFO-[tdms_reader_frequency.py:147]-  已写入 600000/799999 行FFT数据
2026-02-25 15:29:34-INFO-[tdms_reader_frequency.py:147]-  已写入 700000/799999 行FFT数据
2026-02-25 15:29:34-INFO-[tdms_reader_frequency.py:147]-  已写入 700000/799999 行FFT数据
2026-02-25 15:29:34-INFO-[tdms_reader_frequency.py:147]-  已写入 700000/799999 行FFT数据
2026-02-25 15:29:34-INFO-[tdms_reader_frequency.py:147]-  已写入 700000/799999 行FFT数据
2026-02-25 15:29:34-INFO-[tdms_reader_frequency.py:147]-  已写入 700000/799999 行FFT数据
2026-02-25 15:29:34-INFO-[tdms_reader_frequency.py:147]-  已写入 700000/799999 行FFT数据
2026-02-25 15:29:34-INFO-[tdms_reader_frequency.py:147]-  已写入 700000/799999 行FFT数据
2026-02-25 15:29:34-INFO-[tdms_reader_frequency.py:147]-  已写入 700000/799999 行FFT数据
2026-02-25 15:29:34-INFO-[tdms_reader_frequency.py:147]-  已写入 700000/799999 行FFT数据
2026-02-25 15:29:34-INFO-[tdms_reader_frequency.py:147]-  已写入 700000/799999 行FFT数据
2026-02-25 15:29:34-INFO-[tdms_reader_frequency.py:147]-  已写入 700000/799999 行FFT数据
2026-02-25 15:29:34-INFO-[tdms_reader_frequency.py:147]-  已写入 700000/799999 行FFT数据
2026-02-25 15:29:35-INFO-[tdms_reader_frequency.py:147]-  已写入 700000/799999 行FFT数据
2026-02-25 15:29:35-INFO-[tdms_reader_frequency.py:147]-  已写入 700000/799999 行FFT数据
2026-02-25 15:29:35-INFO-[tdms_reader_frequency.py:147]-  已写入 700000/799999 行FFT数据
2026-02-25 15:29:35-INFO-[tdms_reader_frequency.py:147]-  已写入 700000/799999 行FFT数据
2026-02-25 15:29:35-INFO-[tdms_reader_frequency.py:147]-  已写入 700000/799999 行FFT数据
2026-02-25 15:29:35-INFO-[tdms_reader_frequency.py:147]-  已写入 700000/799999 行FFT数据
2026-02-25 15:29:35-INFO-[tdms_reader_frequency.py:147]-  已写入 700000/799999 行FFT数据
2026-02-25 15:29:35-INFO-[tdms_reader_frequency.py:147]-  已写入 700000/799999 行FFT数据
2026-02-25 15:29:35-INFO-[tdms_reader_frequency.py:147]-  已写入 700000/799999 行FFT数据
2026-02-25 15:29:35-INFO-[tdms_reader_frequency.py:147]-  已写入 700000/799999 行FFT数据
2026-02-25 15:29:35-INFO-[tdms_reader_frequency.py:147]-  已写入 700000/799999 行FFT数据
2026-02-25 15:29:35-INFO-[tdms_reader_frequency.py:147]-  已写入 700000/799999 行FFT数据
2026-02-25 15:29:35-INFO-[tdms_reader_frequency.py:147]-  已写入 700000/799999 行FFT数据
2026-02-25 15:29:35-INFO-[tdms_reader_frequency.py:147]-  已写入 700000/799999 行FFT数据
2026-02-25 15:29:35-INFO-[tdms_reader_frequency.py:147]-  已写入 700000/799999 行FFT数据
2026-02-25 15:29:35-INFO-[tdms_reader_frequency.py:147]-  已写入 700000/799999 行FFT数据
2026-02-25 15:29:36-INFO-[tdms_reader_frequency.py:147]-  已写入 799999/799999 行FFT数据
2026-02-25 15:29:36-INFO-[tdms_reader_frequency.py:149]-已处理: 20251111161710.134401.csv -> D:/Lab/process/2025.11.11/frequency\GROUP1\FFT_20251111161710.134401.csv
2026-02-25 15:29:37-INFO-[tdms_reader_frequency.py:76]-开始处理文件: D:/Lab/process/2025.11.11/time\GROUP1\20251111161804.535129.csv
2026-02-25 15:29:37-INFO-[tdms_reader_frequency.py:84]-使用元数据采样率: 50000 Hz
2026-02-25 15:29:37-INFO-[tdms_reader_frequency.py:147]-  已写入 799999/799999 行FFT数据
2026-02-25 15:29:37-INFO-[tdms_reader_frequency.py:149]-已处理: 20251111161654.133815.csv -> D:/Lab/process/2025.11.11/frequency\GROUP1\FFT_20251111161654.133815.csv
2026-02-25 15:29:37-INFO-[tdms_reader_frequency.py:147]-  已写入 799999/799999 行FFT数据
2026-02-25 15:29:37-INFO-[tdms_reader_frequency.py:149]-已处理: 20251111161703.736152.csv -> D:/Lab/process/2025.11.11/frequency\GROUP1\FFT_20251111161703.736152.csv
2026-02-25 15:29:37-INFO-[tdms_reader_frequency.py:76]-开始处理文件: D:/Lab/process/2025.11.11/time\GROUP1\20251111161807.734294.csv
2026-02-25 15:29:37-INFO-[tdms_reader_frequency.py:84]-使用元数据采样率: 50000 Hz
2026-02-25 15:29:37-INFO-[tdms_reader_frequency.py:76]-开始处理文件: D:/Lab/process/2025.11.11/time\GROUP1\20251111161810.932971.csv
2026-02-25 15:29:37-INFO-[tdms_reader_frequency.py:84]-使用元数据采样率: 50000 Hz
2026-02-25 15:29:37-INFO-[tdms_reader_frequency.py:147]-  已写入 799999/799999 行FFT数据
2026-02-25 15:29:37-INFO-[tdms_reader_frequency.py:149]-已处理: 20251111161716.534160.csv -> D:/Lab/process/2025.11.11/frequency\GROUP1\FFT_20251111161716.534160.csv
2026-02-25 15:29:37-INFO-[tdms_reader_frequency.py:76]-开始处理文件: D:/Lab/process/2025.11.11/time\GROUP2\20251111162727.536629.csv
2026-02-25 15:29:37-INFO-[tdms_reader_frequency.py:84]-使用元数据采样率: 50000 Hz
2026-02-25 15:29:37-INFO-[tdms_reader_frequency.py:147]-  已写入 799999/799999 行FFT数据
2026-02-25 15:29:37-INFO-[tdms_reader_frequency.py:149]-已处理: 20251111161726.134814.csv -> D:/Lab/process/2025.11.11/frequency\GROUP1\FFT_20251111161726.134814.csv
2026-02-25 15:29:37-INFO-[tdms_reader_frequency.py:147]-  已写入 799999/799999 行FFT数据
2026-02-25 15:29:37-INFO-[tdms_reader_frequency.py:149]-已处理: 20251111161751.736184.csv -> D:/Lab/process/2025.11.11/frequency\GROUP1\FFT_20251111161751.736184.csv
2026-02-25 15:29:37-INFO-[tdms_reader_frequency.py:147]-  已写入 799999/799999 行FFT数据
2026-02-25 15:29:37-INFO-[tdms_reader_frequency.py:149]-已处理: 20251111161801.333804.csv -> D:/Lab/process/2025.11.11/frequency\GROUP1\FFT_20251111161801.333804.csv
2026-02-25 15:29:37-INFO-[tdms_reader_frequency.py:76]-开始处理文件: D:/Lab/process/2025.11.11/time\GROUP2\20251111162730.736447.csv
2026-02-25 15:29:37-INFO-[tdms_reader_frequency.py:147]-  已写入 799999/799999 行FFT数据
2026-02-25 15:29:37-INFO-[tdms_reader_frequency.py:149]-已处理: 20251111161706.936906.csv -> D:/Lab/process/2025.11.11/frequency\GROUP1\FFT_20251111161706.936906.csv
2026-02-25 15:29:37-INFO-[tdms_reader_frequency.py:84]-使用元数据采样率: 50000 Hz
2026-02-25 15:29:37-INFO-[tdms_reader_frequency.py:76]-开始处理文件: D:/Lab/process/2025.11.11/time\GROUP2\20251111162733.934607.csv
2026-02-25 15:29:37-INFO-[tdms_reader_frequency.py:84]-使用元数据采样率: 50000 Hz
2026-02-25 15:29:37-INFO-[tdms_reader_frequency.py:76]-开始处理文件: D:/Lab/process/2025.11.11/time\GROUP2\20251111162737.136395.csv
2026-02-25 15:29:37-INFO-[tdms_reader_frequency.py:84]-使用元数据采样率: 50000 Hz
2026-02-25 15:29:37-INFO-[tdms_reader_frequency.py:76]-开始处理文件: D:/Lab/process/2025.11.11/time\GROUP2\20251111162740.336186.csv
2026-02-25 15:29:37-INFO-[tdms_reader_frequency.py:84]-使用元数据采样率: 50000 Hz
2026-02-25 15:29:37-INFO-[tdms_reader_frequency.py:147]-  已写入 799999/799999 行FFT数据
2026-02-25 15:29:37-INFO-[tdms_reader_frequency.py:149]-已处理: 20251111161722.937210.csv -> D:/Lab/process/2025.11.11/frequency\GROUP1\FFT_20251111161722.937210.csv
2026-02-25 15:29:37-INFO-[tdms_reader_frequency.py:147]-  已写入 799999/799999 行FFT数据
2026-02-25 15:29:37-INFO-[tdms_reader_frequency.py:149]-已处理: 20251111161758.134829.csv -> D:/Lab/process/2025.11.11/frequency\GROUP1\FFT_20251111161758.134829.csv
2026-02-25 15:29:37-INFO-[tdms_reader_frequency.py:76]-开始处理文件: D:/Lab/process/2025.11.11/time\GROUP2\20251111162743.537230.csv
2026-02-25 15:29:37-INFO-[tdms_reader_frequency.py:84]-使用元数据采样率: 50000 Hz
2026-02-25 15:29:37-INFO-[tdms_reader_frequency.py:147]-  已写入 799999/799999 行FFT数据
2026-02-25 15:29:37-INFO-[tdms_reader_frequency.py:149]-已处理: 20251111161735.737496.csv -> D:/Lab/process/2025.11.11/frequency\GROUP1\FFT_20251111161735.737496.csv
2026-02-25 15:29:37-INFO-[tdms_reader_frequency.py:147]-  已写入 799999/799999 行FFT数据
2026-02-25 15:29:37-INFO-[tdms_reader_frequency.py:149]-已处理: 20251111161729.334125.csv -> D:/Lab/process/2025.11.11/frequency\GROUP1\FFT_20251111161729.334125.csv
2026-02-25 15:29:37-INFO-[tdms_reader_frequency.py:147]-  已写入 799999/799999 行FFT数据
2026-02-25 15:29:37-INFO-[tdms_reader_frequency.py:149]-已处理: 20251111161719.736773.csv -> D:/Lab/process/2025.11.11/frequency\GROUP1\FFT_20251111161719.736773.csv
2026-02-25 15:29:37-INFO-[tdms_reader_frequency.py:147]-  已写入 799999/799999 行FFT数据
2026-02-25 15:29:37-INFO-[tdms_reader_frequency.py:149]-已处理: 20251111161644.534299.csv -> D:/Lab/process/2025.11.11/frequency\GROUP1\FFT_20251111161644.534299.csv
2026-02-25 15:29:37-INFO-[tdms_reader_frequency.py:76]-开始处理文件: D:/Lab/process/2025.11.11/time\GROUP2\20251111162746.733035.csv
2026-02-25 15:29:37-INFO-[tdms_reader_frequency.py:84]-使用元数据采样率: 50000 Hz
2026-02-25 15:29:37-INFO-[tdms_reader_frequency.py:147]-  已写入 799999/799999 行FFT数据
2026-02-25 15:29:37-INFO-[tdms_reader_frequency.py:149]-已处理: 20251111161634.934035.csv -> D:/Lab/process/2025.11.11/frequency\GROUP1\FFT_20251111161634.934035.csv
2026-02-25 15:29:37-INFO-[tdms_reader_frequency.py:76]-开始处理文件: D:/Lab/process/2025.11.11/time\GROUP2\20251111162753.132526.csv
2026-02-25 15:29:37-INFO-[tdms_reader_frequency.py:84]-使用元数据采样率: 50000 Hz
2026-02-25 15:29:37-INFO-[tdms_reader_frequency.py:76]-开始处理文件: D:/Lab/process/2025.11.11/time\GROUP2\20251111162749.933710.csv
2026-02-25 15:29:37-INFO-[tdms_reader_frequency.py:84]-使用元数据采样率: 50000 Hz
2026-02-25 15:29:37-INFO-[tdms_reader_frequency.py:91]-成功读取文件: 20251111161810.932971.csv, 数据长度: 500000
2026-02-25 15:29:37-INFO-[tdms_reader_frequency.py:101]-处理文件: 20251111161810.932971.csv, 通道数: 8
2026-02-25 15:29:37-INFO-[tdms_reader_frequency.py:76]-开始处理文件: D:/Lab/process/2025.11.11/time\GROUP2\20251111162756.337381.csv
2026-02-25 15:29:37-INFO-[tdms_reader_frequency.py:84]-使用元数据采样率: 50000 Hz
2026-02-25 15:29:37-INFO-[tdms_reader_frequency.py:147]-  已写入 799999/799999 行FFT数据
2026-02-25 15:29:37-INFO-[tdms_reader_frequency.py:149]-已处理: 20251111161748.533627.csv -> D:/Lab/process/2025.11.11/frequency\GROUP1\FFT_20251111161748.533627.csv
2026-02-25 15:29:37-INFO-[tdms_reader_frequency.py:147]-  已写入 799999/799999 行FFT数据
2026-02-25 15:29:37-INFO-[tdms_reader_frequency.py:149]-已处理: 20251111161745.334812.csv -> D:/Lab/process/2025.11.11/frequency\GROUP1\FFT_20251111161745.334812.csv
2026-02-25 15:29:37-INFO-[tdms_reader_frequency.py:76]-开始处理文件: D:/Lab/process/2025.11.11/time\GROUP2\20251111162759.532624.csv
2026-02-25 15:29:37-INFO-[tdms_reader_frequency.py:84]-使用元数据采样率: 50000 Hz
2026-02-25 15:29:37-INFO-[tdms_reader_frequency.py:76]-开始处理文件: D:/Lab/process/2025.11.11/time\GROUP2\20251111162802.737400.csv
2026-02-25 15:29:37-INFO-[tdms_reader_frequency.py:147]-  已写入 799999/799999 行FFT数据
2026-02-25 15:29:37-INFO-[tdms_reader_frequency.py:84]-使用元数据采样率: 50000 Hz
2026-02-25 15:29:37-INFO-[tdms_reader_frequency.py:149]-已处理: 20251111161647.733148.csv -> D:/Lab/process/2025.11.11/frequency\GROUP1\FFT_20251111161647.733148.csv
2026-02-25 15:29:37-INFO-[tdms_reader_frequency.py:147]-  已写入 799999/799999 行FFT数据
2026-02-25 15:29:37-INFO-[tdms_reader_frequency.py:149]-已处理: 20251111161638.134949.csv -> D:/Lab/process/2025.11.11/frequency\GROUP1\FFT_20251111161638.134949.csv
2026-02-25 15:29:37-INFO-[tdms_reader_frequency.py:147]-  已写入 799999/799999 行FFT数据
2026-02-25 15:29:37-INFO-[tdms_reader_frequency.py:149]-已处理: 20251111161657.332589.csv -> D:/Lab/process/2025.11.11/frequency\GROUP1\FFT_20251111161657.332589.csv
2026-02-25 15:29:37-INFO-[tdms_reader_frequency.py:147]-  已写入 799999/799999 行FFT数据
2026-02-25 15:29:37-INFO-[tdms_reader_frequency.py:76]-开始处理文件: D:/Lab/process/2025.11.11/time\GROUP2\20251111162805.935394.csv
2026-02-25 15:29:37-INFO-[tdms_reader_frequency.py:76]-开始处理文件: D:/Lab/process/2025.11.11/time\GROUP2\20251111162809.135176.csv
2026-02-25 15:29:37-INFO-[tdms_reader_frequency.py:149]-已处理: 20251111161700.535144.csv -> D:/Lab/process/2025.11.11/frequency\GROUP1\FFT_20251111161700.535144.csv
2026-02-25 15:29:37-INFO-[tdms_reader_frequency.py:84]-使用元数据采样率: 50000 Hz
2026-02-25 15:29:37-INFO-[tdms_reader_frequency.py:147]-  已写入 799999/799999 行FFT数据
2026-02-25 15:29:37-INFO-[tdms_reader_frequency.py:149]-已处理: 20251111161754.935566.csv -> D:/Lab/process/2025.11.11/frequency\GROUP1\FFT_20251111161754.935566.csv
2026-02-25 15:29:37-INFO-[tdms_reader_frequency.py:76]-开始处理文件: D:/Lab/process/2025.11.11/time\GROUP2\20251111162812.336424.csv
2026-02-25 15:29:37-INFO-[tdms_reader_frequency.py:84]-使用元数据采样率: 50000 Hz
2026-02-25 15:29:37-INFO-[tdms_reader_frequency.py:147]-  已写入 799999/799999 行FFT数据
2026-02-25 15:29:37-INFO-[tdms_reader_frequency.py:149]-已处理: 20251111161732.536553.csv -> D:/Lab/process/2025.11.11/frequency\GROUP1\FFT_20251111161732.536553.csv
2026-02-25 15:29:37-INFO-[tdms_reader_frequency.py:76]-开始处理文件: D:/Lab/process/2025.11.11/time\GROUP2\20251111162815.532723.csv
2026-02-25 15:29:37-INFO-[tdms_reader_frequency.py:84]-使用元数据采样率: 50000 Hz
2026-02-25 15:29:37-INFO-[tdms_reader_frequency.py:76]-开始处理文件: D:/Lab/process/2025.11.11/time\GROUP2\20251111162818.736491.csv
2026-02-25 15:29:37-INFO-[tdms_reader_frequency.py:84]-使用元数据采样率: 50000 Hz
2026-02-25 15:29:37-INFO-[tdms_reader_frequency.py:76]-开始处理文件: D:/Lab/process/2025.11.11/time\GROUP2\20251111162821.935331.csv
2026-02-25 15:29:37-INFO-[tdms_reader_frequency.py:84]-使用元数据采样率: 50000 Hz
2026-02-25 15:29:37-INFO-[tdms_reader_frequency.py:76]-开始处理文件: D:/Lab/process/2025.11.11/time\GROUP2\20251111162825.134459.csv
2026-02-25 15:29:37-INFO-[tdms_reader_frequency.py:84]-使用元数据采样率: 50000 Hz
2026-02-25 15:29:37-INFO-[tdms_reader_frequency.py:147]-  已写入 799999/799999 行FFT数据
2026-02-25 15:29:37-INFO-[tdms_reader_frequency.py:149]-已处理: 20251111161713.334197.csv -> D:/Lab/process/2025.11.11/frequency\GROUP1\FFT_20251111161713.334197.csv
2026-02-25 15:29:37-INFO-[tdms_reader_frequency.py:76]-开始处理文件: D:/Lab/process/2025.11.11/time\GROUP2\20251111162828.335829.csv
2026-02-25 15:29:37-INFO-[tdms_reader_frequency.py:84]-使用元数据采样率: 50000 Hz
2026-02-25 15:29:38-INFO-[tdms_reader_frequency.py:147]-  已写入 799999/799999 行FFT数据
2026-02-25 15:29:38-INFO-[tdms_reader_frequency.py:149]-已处理: 20251111161650.936288.csv -> D:/Lab/process/2025.11.11/frequency\GROUP1\FFT_20251111161650.936288.csv
2026-02-25 15:29:38-INFO-[tdms_reader_frequency.py:147]-  已写入 799999/799999 行FFT数据
2026-02-25 15:29:38-INFO-[tdms_reader_frequency.py:149]-已处理: 20251111161641.335227.csv -> D:/Lab/process/2025.11.11/frequency\GROUP1\FFT_20251111161641.335227.csv
2026-02-25 15:29:38-INFO-[tdms_reader_frequency.py:76]-开始处理文件: D:/Lab/process/2025.11.11/time\GROUP2\20251111162831.533051.csv
2026-02-25 15:29:38-INFO-[tdms_reader_frequency.py:84]-使用元数据采样率: 50000 Hz
2026-02-25 15:29:38-INFO-[tdms_reader_frequency.py:147]-  已写入 799999/799999 行FFT数据
2026-02-25 15:29:38-INFO-[tdms_reader_frequency.py:149]-已处理: 20251111161738.935403.csv -> D:/Lab/process/2025.11.11/frequency\GROUP1\FFT_20251111161738.935403.csv
2026-02-25 15:29:38-INFO-[tdms_reader_frequency.py:76]-开始处理文件: D:/Lab/process/2025.11.11/time\GROUP2\20251111162834.736376.csv
2026-02-25 15:29:38-INFO-[tdms_reader_frequency.py:84]-使用元数据采样率: 50000 Hz
2026-02-25 15:29:38-INFO-[tdms_reader_frequency.py:76]-开始处理文件: D:/Lab/process/2025.11.11/time\GROUP2\20251111162837.934603.csv
2026-02-25 15:29:38-INFO-[tdms_reader_frequency.py:84]-使用元数据采样率: 50000 Hz
2026-02-25 15:29:38-INFO-[tdms_reader_frequency.py:76]-开始处理文件: D:/Lab/process/2025.11.11/time\GROUP2\20251111162841.136283.csv
2026-02-25 15:29:38-INFO-[tdms_reader_frequency.py:84]-使用元数据采样率: 50000 Hz
2026-02-25 15:29:38-INFO-[tdms_reader_frequency.py:147]-  已写入 799999/799999 行FFT数据
2026-02-25 15:29:38-INFO-[tdms_reader_frequency.py:149]-已处理: 20251111161742.134913.csv -> D:/Lab/process/2025.11.11/frequency\GROUP1\FFT_20251111161742.134913.csv
2026-02-25 15:29:38-INFO-[tdms_reader_frequency.py:76]-开始处理文件: D:/Lab/process/2025.11.11/time\GROUP2\20251111162844.334724.csv
2026-02-25 15:29:38-INFO-[tdms_reader_frequency.py:84]-使用元数据采样率: 50000 Hz
2026-02-25 15:29:39-INFO-[tdms_reader_frequency.py:91]-成功读取文件: 20251111161804.535129.csv, 数据长度: 1600000
2026-02-25 15:29:39-INFO-[tdms_reader_frequency.py:91]-成功读取文件: 20251111161807.734294.csv, 数据长度: 1600000
2026-02-25 15:29:40-INFO-[tdms_reader_frequency.py:101]-处理文件: 20251111162727.536629.csv, 通道数: 8
2026-02-25 15:29:40-INFO-[tdms_reader_frequency.py:101]-处理文件: 20251111161807.734294.csv, 通道数: 8
2026-02-25 15:29:40-INFO-[tdms_reader_frequency.py:91]-成功读取文件: 20251111162740.336186.csv, 数据长度: 1600000
2026-02-25 15:29:40-INFO-[tdms_reader_frequency.py:101]-处理文件: 20251111162740.336186.csv, 通道数: 8
2026-02-25 15:29:40-INFO-[tdms_reader_frequency.py:91]-成功读取文件: 20251111162733.934607.csv, 数据长度: 1600000
2026-02-25 15:29:40-INFO-[tdms_reader_frequency.py:101]-处理文件: 20251111162733.934607.csv, 通道数: 8
2026-02-25 15:29:40-INFO-[tdms_reader_frequency.py:91]-成功读取文件: 20251111162730.736447.csv, 数据长度: 1600000
2026-02-25 15:29:40-INFO-[tdms_reader_frequency.py:101]-处理文件: 20251111162730.736447.csv, 通道数: 8
2026-02-25 15:29:40-INFO-[tdms_reader_frequency.py:91]-成功读取文件: 20251111162737.136395.csv, 数据长度: 1600000
2026-02-25 15:29:40-INFO-[tdms_reader_frequency.py:101]-处理文件: 20251111162737.136395.csv, 通道数: 8
2026-02-25 15:29:40-INFO-[tdms_reader_frequency.py:91]-成功读取文件: 20251111162743.537230.csv, 数据长度: 1600000
2026-02-25 15:29:40-INFO-[tdms_reader_frequency.py:101]-处理文件: 20251111162743.537230.csv, 通道数: 8
2026-02-25 15:29:41-INFO-[tdms_reader_frequency.py:91]-成功读取文件: 20251111162749.933710.csv, 数据长度: 1600000
2026-02-25 15:29:41-INFO-[tdms_reader_frequency.py:101]-处理文件: 20251111162749.933710.csv, 通道数: 8
2026-02-25 15:29:41-INFO-[tdms_reader_frequency.py:91]-成功读取文件: 20251111162746.733035.csv, 数据长度: 1600000
2026-02-25 15:29:41-INFO-[tdms_reader_frequency.py:101]-处理文件: 20251111162746.733035.csv, 通道数: 8
2026-02-25 15:29:41-INFO-[tdms_reader_frequency.py:91]-成功读取文件: 20251111162753.132526.csv, 数据长度: 1600000
2026-02-25 15:29:41-INFO-[tdms_reader_frequency.py:101]-处理文件: 20251111162753.132526.csv, 通道数: 8
2026-02-25 15:29:41-INFO-[tdms_reader_frequency.py:91]-成功读取文件: 20251111162802.737400.csv, 数据长度: 1600000
2026-02-25 15:29:41-INFO-[tdms_reader_frequency.py:101]-处理文件: 20251111162802.737400.csv, 通道数: 8
2026-02-25 15:29:41-INFO-[tdms_reader_frequency.py:91]-成功读取文件: 20251111162756.337381.csv, 数据长度: 1600000
2026-02-25 15:29:41-INFO-[tdms_reader_frequency.py:101]-处理文件: 20251111162756.337381.csv, 通道数: 8
2026-02-25 15:29:41-INFO-[tdms_reader_frequency.py:91]-成功读取文件: 20251111162805.935394.csv, 数据长度: 1600000
2026-02-25 15:29:41-INFO-[tdms_reader_frequency.py:101]-处理文件: 20251111162805.935394.csv, 通道数: 8
2026-02-25 15:29:41-INFO-[tdms_reader_frequency.py:91]-成功读取文件: 20251111162759.532624.csv, 数据长度: 1600000
2026-02-25 15:29:41-INFO-[tdms_reader_frequency.py:101]-处理文件: 20251111162759.532624.csv, 通道数: 8
2026-02-25 15:29:41-INFO-[tdms_reader_frequency.py:91]-成功读取文件: 20251111162809.135176.csv, 数据长度: 1600000
2026-02-25 15:29:41-INFO-[tdms_reader_frequency.py:101]-处理文件: 20251111162809.135176.csv, 通道数: 8
2026-02-25 15:29:41-INFO-[tdms_reader_frequency.py:91]-成功读取文件: 20251111162812.336424.csv, 数据长度: 1600000
2026-02-25 15:29:41-INFO-[tdms_reader_frequency.py:101]-处理文件: 20251111162812.336424.csv, 通道数: 8
2026-02-25 15:29:41-INFO-[tdms_reader_frequency.py:91]-成功读取文件: 20251111162818.736491.csv, 数据长度: 1600000
2026-02-25 15:29:41-INFO-[tdms_reader_frequency.py:101]-处理文件: 20251111162818.736491.csv, 通道数: 8
2026-02-25 15:29:41-INFO-[tdms_reader_frequency.py:91]-成功读取文件: 20251111162825.134459.csv, 数据长度: 1600000
2026-02-25 15:29:41-INFO-[tdms_reader_frequency.py:101]-处理文件: 20251111162825.134459.csv, 通道数: 8
2026-02-25 15:29:41-INFO-[tdms_reader_frequency.py:91]-成功读取文件: 20251111162815.532723.csv, 数据长度: 1600000
2026-02-25 15:29:41-INFO-[tdms_reader_frequency.py:101]-处理文件: 20251111162815.532723.csv, 通道数: 8
2026-02-25 15:29:41-INFO-[tdms_reader_frequency.py:91]-成功读取文件: 20251111162828.335829.csv, 数据长度: 1600000
2026-02-25 15:29:41-INFO-[tdms_reader_frequency.py:101]-处理文件: 20251111162828.335829.csv, 通道数: 8
2026-02-25 15:29:41-INFO-[tdms_reader_frequency.py:91]-成功读取文件: 20251111162821.935331.csv, 数据长度: 1600000
2026-02-25 15:29:41-INFO-[tdms_reader_frequency.py:101]-处理文件: 20251111162821.935331.csv, 通道数: 8
2026-02-25 15:29:41-INFO-[tdms_reader_frequency.py:91]-成功读取文件: 20251111162831.533051.csv, 数据长度: 1600000
2026-02-25 15:29:41-INFO-[tdms_reader_frequency.py:101]-处理文件: 20251111162831.533051.csv, 通道数: 8
2026-02-25 15:29:41-INFO-[tdms_reader_frequency.py:91]-成功读取文件: 20251111162834.736376.csv, 数据长度: 1600000
2026-02-25 15:29:41-INFO-[tdms_reader_frequency.py:101]-处理文件: 20251111162834.736376.csv, 通道数: 8
2026-02-25 15:29:41-INFO-[tdms_reader_frequency.py:91]-成功读取文件: 20251111162837.934603.csv, 数据长度: 1600000
2026-02-25 15:29:41-INFO-[tdms_reader_frequency.py:101]-处理文件: 20251111162837.934603.csv, 通道数: 8
2026-02-25 15:29:41-INFO-[tdms_reader_frequency.py:91]-成功读取文件: 20251111162841.136283.csv, 数据长度: 1600000
2026-02-25 15:29:41-INFO-[tdms_reader_frequency.py:101]-处理文件: 20251111162841.136283.csv, 通道数: 8
2026-02-25 15:29:42-INFO-[tdms_reader_frequency.py:91]-成功读取文件: 20251111162844.334724.csv, 数据长度: 1600000
2026-02-25 15:29:42-INFO-[tdms_reader_frequency.py:101]-处理文件: 20251111162844.334724.csv, 通道数: 8
2026-02-25 15:29:44-INFO-[tdms_reader_frequency.py:147]-  已写入 200000/249999 行FFT数据
2026-02-25 15:29:46-INFO-[tdms_reader_frequency.py:147]-  已写入 249999/249999 行FFT数据
2026-02-25 15:29:46-INFO-[tdms_reader_frequency.py:149]-已处理: 20251111161810.932971.csv -> D:/Lab/process/2025.11.11/frequency\GROUP1\FFT_20251111161810.932971.csv
2026-02-25 15:29:46-INFO-[tdms_reader_frequency.py:76]-开始处理文件: D:/Lab/process/2025.11.11/time\GROUP2\20251111162847.534959.csv
2026-02-25 15:29:46-INFO-[tdms_reader_frequency.py:84]-使用元数据采样率: 50000 Hz
2026-02-25 15:29:47-INFO-[tdms_reader_frequency.py:147]-  已写入 100000/799999 行FFT数据
2026-02-25 15:29:47-INFO-[tdms_reader_frequency.py:147]-  已写入 100000/799999 行FFT数据
2026-02-25 15:29:47-INFO-[tdms_reader_frequency.py:147]-  已写入 100000/799999 行FFT数据
2026-02-25 15:29:47-INFO-[tdms_reader_frequency.py:147]-  已写入 100000/799999 行FFT数据
2026-02-25 15:29:48-INFO-[tdms_reader_frequency.py:147]-  已写入 100000/799999 行FFT数据
2026-02-25 15:29:48-INFO-[tdms_reader_frequency.py:147]-  已写入 100000/799999 行FFT数据
2026-02-25 15:29:48-INFO-[tdms_reader_frequency.py:147]-  已写入 100000/799999 行FFT数据
2026-02-25 15:29:48-INFO-[tdms_reader_frequency.py:147]-  已写入 100000/799999 行FFT数据
2026-02-25 15:29:48-INFO-[tdms_reader_frequency.py:147]-  已写入 100000/799999 行FFT数据
2026-02-25 15:29:48-INFO-[tdms_reader_frequency.py:147]-  已写入 100000/799999 行FFT数据
2026-02-25 15:29:48-INFO-[tdms_reader_frequency.py:147]-  已写入 100000/799999 行FFT数据
2026-02-25 15:29:48-INFO-[tdms_reader_frequency.py:147]-  已写入 100000/799999 行FFT数据
2026-02-25 15:29:48-INFO-[tdms_reader_frequency.py:147]-  已写入 100000/799999 行FFT数据
2026-02-25 15:29:49-INFO-[tdms_reader_frequency.py:147]-  已写入 100000/799999 行FFT数据
2026-02-25 15:29:49-INFO-[tdms_reader_frequency.py:147]-  已写入 100000/799999 行FFT数据
2026-02-25 15:29:50-INFO-[tdms_reader_frequency.py:147]-  已写入 100000/799999 行FFT数据
2026-02-25 15:29:50-INFO-[tdms_reader_frequency.py:147]-  已写入 100000/799999 行FFT数据
2026-02-25 15:29:50-INFO-[tdms_reader_frequency.py:147]-  已写入 100000/799999 行FFT数据
2026-02-25 15:29:50-INFO-[tdms_reader_frequency.py:91]-成功读取文件: 20251111162847.534959.csv, 数据长度: 1600000
2026-02-25 15:29:50-INFO-[tdms_reader_frequency.py:101]-处理文件: 20251111162847.534959.csv, 通道数: 8
2026-02-25 15:29:50-INFO-[tdms_reader_frequency.py:147]-  已写入 100000/799999 行FFT数据
2026-02-25 15:29:50-INFO-[tdms_reader_frequency.py:147]-  已写入 100000/799999 行FFT数据
2026-02-25 15:29:50-INFO-[tdms_reader_frequency.py:147]-  已写入 100000/799999 行FFT数据
2026-02-25 15:29:50-INFO-[tdms_reader_frequency.py:147]-  已写入 100000/799999 行FFT数据
2026-02-25 15:29:50-INFO-[tdms_reader_frequency.py:147]-  已写入 100000/799999 行FFT数据
2026-02-25 15:29:50-INFO-[tdms_reader_frequency.py:147]-  已写入 100000/799999 行FFT数据
2026-02-25 15:29:50-INFO-[tdms_reader_frequency.py:147]-  已写入 100000/799999 行FFT数据
2026-02-25 15:29:50-INFO-[tdms_reader_frequency.py:147]-  已写入 100000/799999 行FFT数据
2026-02-25 15:29:50-INFO-[tdms_reader_frequency.py:147]-  已写入 100000/799999 行FFT数据
2026-02-25 15:29:52-INFO-[tdms_reader_frequency.py:147]-  已写入 200000/799999 行FFT数据
2026-02-25 15:29:52-INFO-[tdms_reader_frequency.py:147]-  已写入 200000/799999 行FFT数据
2026-02-25 15:29:52-INFO-[tdms_reader_frequency.py:147]-  已写入 200000/799999 行FFT数据
2026-02-25 15:29:52-INFO-[tdms_reader_frequency.py:147]-  已写入 200000/799999 行FFT数据
2026-02-25 15:29:52-INFO-[tdms_reader_frequency.py:147]-  已写入 200000/799999 行FFT数据
2026-02-25 15:29:52-INFO-[tdms_reader_frequency.py:147]-  已写入 200000/799999 行FFT数据
2026-02-25 15:29:52-INFO-[tdms_reader_frequency.py:147]-  已写入 200000/799999 行FFT数据
2026-02-25 15:29:53-INFO-[tdms_reader_frequency.py:147]-  已写入 200000/799999 行FFT数据
2026-02-25 15:29:53-INFO-[tdms_reader_frequency.py:147]-  已写入 200000/799999 行FFT数据
2026-02-25 15:29:53-INFO-[tdms_reader_frequency.py:147]-  已写入 200000/799999 行FFT数据
2026-02-25 15:29:53-INFO-[tdms_reader_frequency.py:147]-  已写入 200000/799999 行FFT数据
2026-02-25 15:29:53-INFO-[tdms_reader_frequency.py:147]-  已写入 200000/799999 行FFT数据
2026-02-25 15:29:54-INFO-[tdms_reader_frequency.py:147]-  已写入 200000/799999 行FFT数据
2026-02-25 15:29:54-INFO-[tdms_reader_frequency.py:147]-  已写入 200000/799999 行FFT数据
2026-02-25 15:29:54-INFO-[tdms_reader_frequency.py:147]-  已写入 200000/799999 行FFT数据
2026-02-25 15:29:55-INFO-[tdms_reader_frequency.py:147]-  已写入 200000/799999 行FFT数据
2026-02-25 15:29:55-INFO-[tdms_reader_frequency.py:147]-  已写入 200000/799999 行FFT数据
2026-02-25 15:29:55-INFO-[tdms_reader_frequency.py:147]-  已写入 200000/799999 行FFT数据
2026-02-25 15:29:55-INFO-[tdms_reader_frequency.py:147]-  已写入 200000/799999 行FFT数据
2026-02-25 15:29:55-INFO-[tdms_reader_frequency.py:147]-  已写入 200000/799999 行FFT数据
2026-02-25 15:29:55-INFO-[tdms_reader_frequency.py:147]-  已写入 200000/799999 行FFT数据
2026-02-25 15:29:55-INFO-[tdms_reader_frequency.py:147]-  已写入 200000/799999 行FFT数据
2026-02-25 15:29:55-INFO-[tdms_reader_frequency.py:147]-  已写入 200000/799999 行FFT数据
2026-02-25 15:29:55-INFO-[tdms_reader_frequency.py:147]-  已写入 200000/799999 行FFT数据
2026-02-25 15:29:56-INFO-[tdms_reader_frequency.py:147]-  已写入 200000/799999 行FFT数据
2026-02-25 15:29:56-INFO-[tdms_reader_frequency.py:147]-  已写入 200000/799999 行FFT数据
2026-02-25 15:29:56-INFO-[tdms_reader_frequency.py:147]-  已写入 200000/799999 行FFT数据
2026-02-25 15:29:57-INFO-[tdms_reader_frequency.py:147]-  已写入 300000/799999 行FFT数据
2026-02-25 15:29:57-INFO-[tdms_reader_frequency.py:147]-  已写入 100000/799999 行FFT数据
2026-02-25 15:29:57-INFO-[tdms_reader_frequency.py:147]-  已写入 300000/799999 行FFT数据
2026-02-25 15:29:57-INFO-[tdms_reader_frequency.py:147]-  已写入 300000/799999 行FFT数据
2026-02-25 15:29:57-INFO-[tdms_reader_frequency.py:147]-  已写入 300000/799999 行FFT数据
2026-02-25 15:29:57-INFO-[tdms_reader_frequency.py:147]-  已写入 300000/799999 行FFT数据
2026-02-25 15:29:57-INFO-[tdms_reader_frequency.py:147]-  已写入 300000/799999 行FFT数据
2026-02-25 15:29:57-INFO-[tdms_reader_frequency.py:147]-  已写入 300000/799999 行FFT数据
2026-02-25 15:29:57-INFO-[tdms_reader_frequency.py:147]-  已写入 300000/799999 行FFT数据
2026-02-25 15:29:57-INFO-[tdms_reader_frequency.py:147]-  已写入 300000/799999 行FFT数据
2026-02-25 15:29:57-INFO-[tdms_reader_frequency.py:147]-  已写入 300000/799999 行FFT数据
2026-02-25 15:29:57-INFO-[tdms_reader_frequency.py:147]-  已写入 300000/799999 行FFT数据
2026-02-25 15:29:57-INFO-[tdms_reader_frequency.py:147]-  已写入 300000/799999 行FFT数据
2026-02-25 15:29:58-INFO-[tdms_reader_frequency.py:147]-  已写入 300000/799999 行FFT数据
2026-02-25 15:29:58-INFO-[tdms_reader_frequency.py:147]-  已写入 300000/799999 行FFT数据
2026-02-25 15:29:58-INFO-[tdms_reader_frequency.py:147]-  已写入 300000/799999 行FFT数据
2026-02-25 15:29:58-INFO-[tdms_reader_frequency.py:147]-  已写入 300000/799999 行FFT数据
2026-02-25 15:29:58-INFO-[tdms_reader_frequency.py:147]-  已写入 300000/799999 行FFT数据
2026-02-25 15:29:58-INFO-[tdms_reader_frequency.py:147]-  已写入 300000/799999 行FFT数据
2026-02-25 15:29:58-INFO-[tdms_reader_frequency.py:147]-  已写入 300000/799999 行FFT数据
2026-02-25 15:29:58-INFO-[tdms_reader_frequency.py:147]-  已写入 300000/799999 行FFT数据
2026-02-25 15:29:58-INFO-[tdms_reader_frequency.py:147]-  已写入 300000/799999 行FFT数据
2026-02-25 15:29:58-INFO-[tdms_reader_frequency.py:147]-  已写入 300000/799999 行FFT数据
2026-02-25 15:29:58-INFO-[tdms_reader_frequency.py:147]-  已写入 300000/799999 行FFT数据
2026-02-25 15:29:58-INFO-[tdms_reader_frequency.py:147]-  已写入 300000/799999 行FFT数据
2026-02-25 15:29:58-INFO-[tdms_reader_frequency.py:147]-  已写入 300000/799999 行FFT数据
2026-02-25 15:29:58-INFO-[tdms_reader_frequency.py:147]-  已写入 300000/799999 行FFT数据
2026-02-25 15:29:58-INFO-[tdms_reader_frequency.py:147]-  已写入 300000/799999 行FFT数据
2026-02-25 15:29:59-INFO-[tdms_reader_frequency.py:147]-  已写入 400000/799999 行FFT数据
2026-02-25 15:29:59-INFO-[tdms_reader_frequency.py:147]-  已写入 200000/799999 行FFT数据
2026-02-25 15:29:59-INFO-[tdms_reader_frequency.py:147]-  已写入 400000/799999 行FFT数据
2026-02-25 15:29:59-INFO-[tdms_reader_frequency.py:147]-  已写入 400000/799999 行FFT数据
2026-02-25 15:29:59-INFO-[tdms_reader_frequency.py:147]-  已写入 400000/799999 行FFT数据
2026-02-25 15:30:00-INFO-[tdms_reader_frequency.py:147]-  已写入 400000/799999 行FFT数据
2026-02-25 15:30:00-INFO-[tdms_reader_frequency.py:147]-  已写入 400000/799999 行FFT数据
2026-02-25 15:30:00-INFO-[tdms_reader_frequency.py:147]-  已写入 400000/799999 行FFT数据
2026-02-25 15:30:00-INFO-[tdms_reader_frequency.py:147]-  已写入 400000/799999 行FFT数据
2026-02-25 15:30:00-INFO-[tdms_reader_frequency.py:147]-  已写入 400000/799999 行FFT数据
2026-02-25 15:30:00-INFO-[tdms_reader_frequency.py:147]-  已写入 400000/799999 行FFT数据
2026-02-25 15:30:00-INFO-[tdms_reader_frequency.py:147]-  已写入 400000/799999 行FFT数据
2026-02-25 15:30:00-INFO-[tdms_reader_frequency.py:147]-  已写入 400000/799999 行FFT数据
2026-02-25 15:30:00-INFO-[tdms_reader_frequency.py:147]-  已写入 400000/799999 行FFT数据
2026-02-25 15:30:00-INFO-[tdms_reader_frequency.py:147]-  已写入 400000/799999 行FFT数据
2026-02-25 15:30:00-INFO-[tdms_reader_frequency.py:147]-  已写入 400000/799999 行FFT数据
2026-02-25 15:30:00-INFO-[tdms_reader_frequency.py:147]-  已写入 400000/799999 行FFT数据
2026-02-25 15:30:00-INFO-[tdms_reader_frequency.py:147]-  已写入 400000/799999 行FFT数据
2026-02-25 15:30:01-INFO-[tdms_reader_frequency.py:147]-  已写入 400000/799999 行FFT数据
2026-02-25 15:30:01-INFO-[tdms_reader_frequency.py:147]-  已写入 400000/799999 行FFT数据
2026-02-25 15:30:01-INFO-[tdms_reader_frequency.py:147]-  已写入 400000/799999 行FFT数据
2026-02-25 15:30:01-INFO-[tdms_reader_frequency.py:147]-  已写入 400000/799999 行FFT数据
2026-02-25 15:30:01-INFO-[tdms_reader_frequency.py:147]-  已写入 400000/799999 行FFT数据
2026-02-25 15:30:01-INFO-[tdms_reader_frequency.py:147]-  已写入 400000/799999 行FFT数据
2026-02-25 15:30:02-INFO-[tdms_reader_frequency.py:147]-  已写入 400000/799999 行FFT数据
2026-02-25 15:30:04-INFO-[tdms_reader_frequency.py:147]-  已写入 400000/799999 行FFT数据
2026-02-25 15:30:04-INFO-[tdms_reader_frequency.py:147]-  已写入 400000/799999 行FFT数据
2026-02-25 15:30:04-INFO-[tdms_reader_frequency.py:147]-  已写入 400000/799999 行FFT数据
2026-02-25 15:30:05-INFO-[tdms_reader_frequency.py:147]-  已写入 500000/799999 行FFT数据
2026-02-25 15:30:05-INFO-[tdms_reader_frequency.py:147]-  已写入 300000/799999 行FFT数据
2026-02-25 15:30:05-INFO-[tdms_reader_frequency.py:147]-  已写入 500000/799999 行FFT数据
2026-02-25 15:30:05-INFO-[tdms_reader_frequency.py:147]-  已写入 500000/799999 行FFT数据
2026-02-25 15:30:05-INFO-[tdms_reader_frequency.py:147]-  已写入 500000/799999 行FFT数据
2026-02-25 15:30:05-INFO-[tdms_reader_frequency.py:147]-  已写入 500000/799999 行FFT数据
2026-02-25 15:30:05-INFO-[tdms_reader_frequency.py:147]-  已写入 500000/799999 行FFT数据
2026-02-25 15:30:05-INFO-[tdms_reader_frequency.py:147]-  已写入 500000/799999 行FFT数据
2026-02-25 15:30:05-INFO-[tdms_reader_frequency.py:147]-  已写入 500000/799999 行FFT数据
2026-02-25 15:30:05-INFO-[tdms_reader_frequency.py:147]-  已写入 500000/799999 行FFT数据
2026-02-25 15:30:05-INFO-[tdms_reader_frequency.py:147]-  已写入 500000/799999 行FFT数据
2026-02-25 15:30:05-INFO-[tdms_reader_frequency.py:147]-  已写入 500000/799999 行FFT数据
2026-02-25 15:30:05-INFO-[tdms_reader_frequency.py:147]-  已写入 500000/799999 行FFT数据
2026-02-25 15:30:05-INFO-[tdms_reader_frequency.py:147]-  已写入 500000/799999 行FFT数据
2026-02-25 15:30:06-INFO-[tdms_reader_frequency.py:147]-  已写入 500000/799999 行FFT数据
2026-02-25 15:30:06-INFO-[tdms_reader_frequency.py:147]-  已写入 500000/799999 行FFT数据
2026-02-25 15:30:06-INFO-[tdms_reader_frequency.py:147]-  已写入 500000/799999 行FFT数据
2026-02-25 15:30:06-INFO-[tdms_reader_frequency.py:147]-  已写入 500000/799999 行FFT数据
2026-02-25 15:30:06-INFO-[tdms_reader_frequency.py:147]-  已写入 500000/799999 行FFT数据
2026-02-25 15:30:06-INFO-[tdms_reader_frequency.py:147]-  已写入 500000/799999 行FFT数据
2026-02-25 15:30:06-INFO-[tdms_reader_frequency.py:147]-  已写入 500000/799999 行FFT数据
2026-02-25 15:30:06-INFO-[tdms_reader_frequency.py:147]-  已写入 500000/799999 行FFT数据
2026-02-25 15:30:06-INFO-[tdms_reader_frequency.py:147]-  已写入 500000/799999 行FFT数据
2026-02-25 15:30:06-INFO-[tdms_reader_frequency.py:147]-  已写入 500000/799999 行FFT数据
2026-02-25 15:30:06-INFO-[tdms_reader_frequency.py:147]-  已写入 500000/799999 行FFT数据
2026-02-25 15:30:06-INFO-[tdms_reader_frequency.py:147]-  已写入 500000/799999 行FFT数据
2026-02-25 15:30:06-INFO-[tdms_reader_frequency.py:147]-  已写入 500000/799999 行FFT数据
2026-02-25 15:30:06-INFO-[tdms_reader_frequency.py:147]-  已写入 500000/799999 行FFT数据
2026-02-25 15:30:07-INFO-[tdms_reader_frequency.py:147]-  已写入 600000/799999 行FFT数据
2026-02-25 15:30:07-INFO-[tdms_reader_frequency.py:147]-  已写入 400000/799999 行FFT数据
2026-02-25 15:30:07-INFO-[tdms_reader_frequency.py:147]-  已写入 600000/799999 行FFT数据
2026-02-25 15:30:07-INFO-[tdms_reader_frequency.py:147]-  已写入 600000/799999 行FFT数据
2026-02-25 15:30:07-INFO-[tdms_reader_frequency.py:147]-  已写入 600000/799999 行FFT数据
2026-02-25 15:30:08-INFO-[tdms_reader_frequency.py:147]-  已写入 600000/799999 行FFT数据
2026-02-25 15:30:11-INFO-[tdms_reader_frequency.py:147]-  已写入 600000/799999 行FFT数据
2026-02-25 15:30:11-INFO-[tdms_reader_frequency.py:147]-  已写入 600000/799999 行FFT数据
2026-02-25 15:30:11-INFO-[tdms_reader_frequency.py:147]-  已写入 600000/799999 行FFT数据
2026-02-25 15:30:11-INFO-[tdms_reader_frequency.py:147]-  已写入 600000/799999 行FFT数据
2026-02-25 15:30:11-INFO-[tdms_reader_frequency.py:147]-  已写入 600000/799999 行FFT数据
2026-02-25 15:30:11-INFO-[tdms_reader_frequency.py:147]-  已写入 600000/799999 行FFT数据
2026-02-25 15:30:11-INFO-[tdms_reader_frequency.py:147]-  已写入 600000/799999 行FFT数据
2026-02-25 15:30:11-INFO-[tdms_reader_frequency.py:147]-  已写入 600000/799999 行FFT数据
2026-02-25 15:30:11-INFO-[tdms_reader_frequency.py:147]-  已写入 600000/799999 行FFT数据
2026-02-25 15:30:11-INFO-[tdms_reader_frequency.py:147]-  已写入 600000/799999 行FFT数据
2026-02-25 15:30:11-INFO-[tdms_reader_frequency.py:147]-  已写入 600000/799999 行FFT数据
2026-02-25 15:30:11-INFO-[tdms_reader_frequency.py:147]-  已写入 600000/799999 行FFT数据
2026-02-25 15:30:11-INFO-[tdms_reader_frequency.py:147]-  已写入 600000/799999 行FFT数据
2026-02-25 15:30:12-INFO-[tdms_reader_frequency.py:147]-  已写入 600000/799999 行FFT数据
2026-02-25 15:30:12-INFO-[tdms_reader_frequency.py:147]-  已写入 600000/799999 行FFT数据
2026-02-25 15:30:12-INFO-[tdms_reader_frequency.py:147]-  已写入 600000/799999 行FFT数据
2026-02-25 15:30:12-INFO-[tdms_reader_frequency.py:147]-  已写入 600000/799999 行FFT数据
2026-02-25 15:30:12-INFO-[tdms_reader_frequency.py:147]-  已写入 600000/799999 行FFT数据
2026-02-25 15:30:12-INFO-[tdms_reader_frequency.py:147]-  已写入 600000/799999 行FFT数据
2026-02-25 15:30:12-INFO-[tdms_reader_frequency.py:147]-  已写入 600000/799999 行FFT数据
2026-02-25 15:30:12-INFO-[tdms_reader_frequency.py:147]-  已写入 600000/799999 行FFT数据
2026-02-25 15:30:12-INFO-[tdms_reader_frequency.py:147]-  已写入 600000/799999 行FFT数据
2026-02-25 15:30:12-INFO-[tdms_reader_frequency.py:147]-  已写入 700000/799999 行FFT数据
2026-02-25 15:30:13-INFO-[tdms_reader_frequency.py:147]-  已写入 500000/799999 行FFT数据
2026-02-25 15:30:13-INFO-[tdms_reader_frequency.py:147]-  已写入 700000/799999 行FFT数据
2026-02-25 15:30:13-INFO-[tdms_reader_frequency.py:147]-  已写入 700000/799999 行FFT数据
2026-02-25 15:30:13-INFO-[tdms_reader_frequency.py:147]-  已写入 700000/799999 行FFT数据
2026-02-25 15:30:13-INFO-[tdms_reader_frequency.py:147]-  已写入 700000/799999 行FFT数据
2026-02-25 15:30:13-INFO-[tdms_reader_frequency.py:147]-  已写入 700000/799999 行FFT数据
2026-02-25 15:30:13-INFO-[tdms_reader_frequency.py:147]-  已写入 700000/799999 行FFT数据
2026-02-25 15:30:13-INFO-[tdms_reader_frequency.py:147]-  已写入 700000/799999 行FFT数据
2026-02-25 15:30:13-INFO-[tdms_reader_frequency.py:147]-  已写入 700000/799999 行FFT数据
2026-02-25 15:30:13-INFO-[tdms_reader_frequency.py:147]-  已写入 700000/799999 行FFT数据
2026-02-25 15:30:13-INFO-[tdms_reader_frequency.py:147]-  已写入 700000/799999 行FFT数据
2026-02-25 15:30:14-INFO-[tdms_reader_frequency.py:147]-  已写入 700000/799999 行FFT数据
2026-02-25 15:30:14-INFO-[tdms_reader_frequency.py:147]-  已写入 700000/799999 行FFT数据
2026-02-25 15:30:14-INFO-[tdms_reader_frequency.py:147]-  已写入 700000/799999 行FFT数据
2026-02-25 15:30:14-INFO-[tdms_reader_frequency.py:147]-  已写入 700000/799999 行FFT数据
2026-02-25 15:30:14-INFO-[tdms_reader_frequency.py:147]-  已写入 700000/799999 行FFT数据
2026-02-25 15:30:14-INFO-[tdms_reader_frequency.py:147]-  已写入 700000/799999 行FFT数据
2026-02-25 15:30:14-INFO-[tdms_reader_frequency.py:147]-  已写入 700000/799999 行FFT数据
2026-02-25 15:30:14-INFO-[tdms_reader_frequency.py:147]-  已写入 700000/799999 行FFT数据
2026-02-25 15:30:14-INFO-[tdms_reader_frequency.py:147]-  已写入 700000/799999 行FFT数据
2026-02-25 15:30:14-INFO-[tdms_reader_frequency.py:147]-  已写入 700000/799999 行FFT数据
2026-02-25 15:30:14-INFO-[tdms_reader_frequency.py:147]-  已写入 700000/799999 行FFT数据
2026-02-25 15:30:14-INFO-[tdms_reader_frequency.py:147]-  已写入 700000/799999 行FFT数据
2026-02-25 15:30:14-INFO-[tdms_reader_frequency.py:147]-  已写入 700000/799999 行FFT数据
2026-02-25 15:30:14-INFO-[tdms_reader_frequency.py:147]-  已写入 700000/799999 行FFT数据
2026-02-25 15:30:14-INFO-[tdms_reader_frequency.py:147]-  已写入 700000/799999 行FFT数据
2026-02-25 15:30:14-INFO-[tdms_reader_frequency.py:147]-  已写入 700000/799999 行FFT数据
2026-02-25 15:30:18-INFO-[tdms_reader_frequency.py:147]-  已写入 799999/799999 行FFT数据
2026-02-25 15:30:18-INFO-[tdms_reader_frequency.py:149]-已处理: 20251111162743.537230.csv -> D:/Lab/process/2025.11.11/frequency\GROUP2\FFT_20251111162743.537230.csv
2026-02-25 15:30:18-INFO-[tdms_reader_frequency.py:76]-开始处理文件: D:/Lab/process/2025.11.11/time\GROUP2\20251111162850.736415.csv
2026-02-25 15:30:18-INFO-[tdms_reader_frequency.py:84]-使用元数据采样率: 50000 Hz
2026-02-25 15:30:18-INFO-[tdms_reader_frequency.py:147]-  已写入 600000/799999 行FFT数据
2026-02-25 15:30:18-INFO-[tdms_reader_frequency.py:147]-  已写入 799999/799999 行FFT数据
2026-02-25 15:30:18-INFO-[tdms_reader_frequency.py:149]-已处理: 20251111161807.734294.csv -> D:/Lab/process/2025.11.11/frequency\GROUP1\FFT_20251111161807.734294.csv
2026-02-25 15:30:18-INFO-[tdms_reader_frequency.py:147]-  已写入 799999/799999 行FFT数据
2026-02-25 15:30:18-INFO-[tdms_reader_frequency.py:149]-已处理: 20251111161804.535129.csv -> D:/Lab/process/2025.11.11/frequency\GROUP1\FFT_20251111161804.535129.csv
2026-02-25 15:30:18-INFO-[tdms_reader_frequency.py:147]-  已写入 799999/799999 行FFT数据
2026-02-25 15:30:18-INFO-[tdms_reader_frequency.py:149]-已处理: 20251111162737.136395.csv -> D:/Lab/process/2025.11.11/frequency\GROUP2\FFT_20251111162737.136395.csv
2026-02-25 15:30:18-INFO-[tdms_reader_frequency.py:76]-开始处理文件: D:/Lab/process/2025.11.11/time\GROUP2\20251111162853.933152.csv
2026-02-25 15:30:18-INFO-[tdms_reader_frequency.py:84]-使用元数据采样率: 50000 Hz
2026-02-25 15:30:18-INFO-[tdms_reader_frequency.py:76]-开始处理文件: D:/Lab/process/2025.11.11/time\GROUP2\20251111162857.133858.csv
2026-02-25 15:30:18-INFO-[tdms_reader_frequency.py:84]-使用元数据采样率: 50000 Hz
2026-02-25 15:30:18-INFO-[tdms_reader_frequency.py:76]-开始处理文件: D:/Lab/process/2025.11.11/time\GROUP2\20251111162900.335079.csv
2026-02-25 15:30:18-INFO-[tdms_reader_frequency.py:84]-使用元数据采样率: 50000 Hz
2026-02-25 15:30:18-INFO-[tdms_reader_frequency.py:147]-  已写入 799999/799999 行FFT数据
2026-02-25 15:30:18-INFO-[tdms_reader_frequency.py:149]-已处理: 20251111162727.536629.csv -> D:/Lab/process/2025.11.11/frequency\GROUP2\FFT_20251111162727.536629.csv
2026-02-25 15:30:19-INFO-[tdms_reader_frequency.py:76]-开始处理文件: D:/Lab/process/2025.11.11/time\GROUP2\20251111162903.533095.csv
2026-02-25 15:30:19-INFO-[tdms_reader_frequency.py:84]-使用元数据采样率: 50000 Hz
2026-02-25 15:30:19-INFO-[tdms_reader_frequency.py:147]-  已写入 799999/799999 行FFT数据
2026-02-25 15:30:19-INFO-[tdms_reader_frequency.py:149]-已处理: 20251111162818.736491.csv -> D:/Lab/process/2025.11.11/frequency\GROUP2\FFT_20251111162818.736491.csv
2026-02-25 15:30:19-INFO-[tdms_reader_frequency.py:147]-  已写入 799999/799999 行FFT数据
2026-02-25 15:30:19-INFO-[tdms_reader_frequency.py:149]-已处理: 20251111162740.336186.csv -> D:/Lab/process/2025.11.11/frequency\GROUP2\FFT_20251111162740.336186.csv
2026-02-25 15:30:19-INFO-[tdms_reader_frequency.py:147]-  已写入 799999/799999 行FFT数据
2026-02-25 15:30:19-INFO-[tdms_reader_frequency.py:149]-已处理: 20251111162802.737400.csv -> D:/Lab/process/2025.11.11/frequency\GROUP2\FFT_20251111162802.737400.csv
2026-02-25 15:30:19-INFO-[tdms_reader_frequency.py:147]-  已写入 799999/799999 行FFT数据
2026-02-25 15:30:19-INFO-[tdms_reader_frequency.py:149]-已处理: 20251111162733.934607.csv -> D:/Lab/process/2025.11.11/frequency\GROUP2\FFT_20251111162733.934607.csv
2026-02-25 15:30:19-INFO-[tdms_reader_frequency.py:76]-开始处理文件: D:/Lab/process/2025.11.11/time\GROUP2\20251111162906.736537.csv
2026-02-25 15:30:19-INFO-[tdms_reader_frequency.py:84]-使用元数据采样率: 50000 Hz
2026-02-25 15:30:19-INFO-[tdms_reader_frequency.py:147]-  已写入 799999/799999 行FFT数据
2026-02-25 15:30:19-INFO-[tdms_reader_frequency.py:149]-已处理: 20251111162730.736447.csv -> D:/Lab/process/2025.11.11/frequency\GROUP2\FFT_20251111162730.736447.csv
2026-02-25 15:30:19-INFO-[tdms_reader_frequency.py:147]-  已写入 799999/799999 行FFT数据
2026-02-25 15:30:19-INFO-[tdms_reader_frequency.py:149]-已处理: 20251111162753.132526.csv -> D:/Lab/process/2025.11.11/frequency\GROUP2\FFT_20251111162753.132526.csv
2026-02-25 15:30:19-INFO-[tdms_reader_frequency.py:76]-开始处理文件: D:/Lab/process/2025.11.11/time\GROUP2\20251111162909.933040.csv
2026-02-25 15:30:19-INFO-[tdms_reader_frequency.py:84]-使用元数据采样率: 50000 Hz
2026-02-25 15:30:19-INFO-[tdms_reader_frequency.py:76]-开始处理文件: D:/Lab/process/2025.11.11/time\GROUP2\20251111162913.134751.csv
2026-02-25 15:30:19-INFO-[tdms_reader_frequency.py:84]-使用元数据采样率: 50000 Hz
2026-02-25 15:30:19-INFO-[tdms_reader_frequency.py:76]-开始处理文件: D:/Lab/process/2025.11.11/time\GROUP2\20251111162916.334492.csv
2026-02-25 15:30:19-INFO-[tdms_reader_frequency.py:84]-使用元数据采样率: 50000 Hz
2026-02-25 15:30:19-INFO-[tdms_reader_frequency.py:76]-开始处理文件: D:/Lab/process/2025.11.11/time\GROUP2\20251111162919.534518.csv
2026-02-25 15:30:19-INFO-[tdms_reader_frequency.py:84]-使用元数据采样率: 50000 Hz
2026-02-25 15:30:19-INFO-[tdms_reader_frequency.py:76]-开始处理文件: D:/Lab/process/2025.11.11/time\GROUP2\20251111162922.737775.csv
2026-02-25 15:30:19-INFO-[tdms_reader_frequency.py:84]-使用元数据采样率: 50000 Hz
2026-02-25 15:30:19-INFO-[tdms_reader_frequency.py:147]-  已写入 799999/799999 行FFT数据
2026-02-25 15:30:19-INFO-[tdms_reader_frequency.py:149]-已处理: 20251111162746.733035.csv -> D:/Lab/process/2025.11.11/frequency\GROUP2\FFT_20251111162746.733035.csv
2026-02-25 15:30:19-INFO-[tdms_reader_frequency.py:76]-开始处理文件: D:/Lab/process/2025.11.11/time\GROUP2\20251111162925.935060.csv
2026-02-25 15:30:19-INFO-[tdms_reader_frequency.py:84]-使用元数据采样率: 50000 Hz
2026-02-25 15:30:19-INFO-[tdms_reader_frequency.py:147]-  已写入 799999/799999 行FFT数据
2026-02-25 15:30:19-INFO-[tdms_reader_frequency.py:149]-已处理: 20251111162831.533051.csv -> D:/Lab/process/2025.11.11/frequency\GROUP2\FFT_20251111162831.533051.csv
2026-02-25 15:30:19-INFO-[tdms_reader_frequency.py:147]-  已写入 799999/799999 行FFT数据
2026-02-25 15:30:19-INFO-[tdms_reader_frequency.py:149]-已处理: 20251111162828.335829.csv -> D:/Lab/process/2025.11.11/frequency\GROUP2\FFT_20251111162828.335829.csv
2026-02-25 15:30:19-INFO-[tdms_reader_frequency.py:147]-  已写入 799999/799999 行FFT数据
2026-02-25 15:30:19-INFO-[tdms_reader_frequency.py:149]-已处理: 20251111162841.136283.csv -> D:/Lab/process/2025.11.11/frequency\GROUP2\FFT_20251111162841.136283.csv
2026-02-25 15:30:19-INFO-[tdms_reader_frequency.py:76]-开始处理文件: D:/Lab/process/2025.11.11/time\GROUP2\20251111162929.135450.csv
2026-02-25 15:30:19-INFO-[tdms_reader_frequency.py:84]-使用元数据采样率: 50000 Hz
2026-02-25 15:30:19-INFO-[tdms_reader_frequency.py:147]-  已写入 799999/799999 行FFT数据
2026-02-25 15:30:19-INFO-[tdms_reader_frequency.py:149]-已处理: 20251111162834.736376.csv -> D:/Lab/process/2025.11.11/frequency\GROUP2\FFT_20251111162834.736376.csv
2026-02-25 15:30:19-INFO-[tdms_reader_frequency.py:76]-开始处理文件: D:/Lab/process/2025.11.11/time\GROUP2\20251111162932.334040.csv
2026-02-25 15:30:19-INFO-[tdms_reader_frequency.py:84]-使用元数据采样率: 50000 Hz
2026-02-25 15:30:19-INFO-[tdms_reader_frequency.py:76]-开始处理文件: D:/Lab/process/2025.11.11/time\GROUP2\20251111162935.537338.csv
2026-02-25 15:30:19-INFO-[tdms_reader_frequency.py:84]-使用元数据采样率: 50000 Hz
2026-02-25 15:30:19-INFO-[tdms_reader_frequency.py:76]-开始处理文件: D:/Lab/process/2025.11.11/time\GROUP2\20251111162938.734941.csv
2026-02-25 15:30:19-INFO-[tdms_reader_frequency.py:84]-使用元数据采样率: 50000 Hz
2026-02-25 15:30:19-INFO-[tdms_reader_frequency.py:147]-  已写入 799999/799999 行FFT数据
2026-02-25 15:30:19-INFO-[tdms_reader_frequency.py:149]-已处理: 20251111162805.935394.csv -> D:/Lab/process/2025.11.11/frequency\GROUP2\FFT_20251111162805.935394.csv
2026-02-25 15:30:19-INFO-[tdms_reader_frequency.py:147]-  已写入 799999/799999 行FFT数据
2026-02-25 15:30:19-INFO-[tdms_reader_frequency.py:149]-已处理: 20251111162844.334724.csv -> D:/Lab/process/2025.11.11/frequency\GROUP2\FFT_20251111162844.334724.csv
2026-02-25 15:30:19-INFO-[tdms_reader_frequency.py:147]-  已写入 799999/799999 行FFT数据
2026-02-25 15:30:19-INFO-[tdms_reader_frequency.py:149]-已处理: 20251111162837.934603.csv -> D:/Lab/process/2025.11.11/frequency\GROUP2\FFT_20251111162837.934603.csv
2026-02-25 15:30:19-INFO-[tdms_reader_frequency.py:76]-开始处理文件: D:/Lab/process/2025.11.11/time\GROUP2\20251111162941.936832.csv
2026-02-25 15:30:19-INFO-[tdms_reader_frequency.py:84]-使用元数据采样率: 50000 Hz
2026-02-25 15:30:19-INFO-[tdms_reader_frequency.py:76]-开始处理文件: D:/Lab/process/2025.11.11/time\GROUP2\20251111162945.132579.csv
2026-02-25 15:30:19-INFO-[tdms_reader_frequency.py:84]-使用元数据采样率: 50000 Hz
2026-02-25 15:30:19-INFO-[tdms_reader_frequency.py:76]-开始处理文件: D:/Lab/process/2025.11.11/time\GROUP2\20251111162948.333959.csv
2026-02-25 15:30:19-INFO-[tdms_reader_frequency.py:84]-使用元数据采样率: 50000 Hz
2026-02-25 15:30:20-INFO-[tdms_reader_frequency.py:147]-  已写入 799999/799999 行FFT数据
2026-02-25 15:30:20-INFO-[tdms_reader_frequency.py:149]-已处理: 20251111162809.135176.csv -> D:/Lab/process/2025.11.11/frequency\GROUP2\FFT_20251111162809.135176.csv
2026-02-25 15:30:20-INFO-[tdms_reader_frequency.py:147]-  已写入 799999/799999 行FFT数据
2026-02-25 15:30:20-INFO-[tdms_reader_frequency.py:149]-已处理: 20251111162759.532624.csv -> D:/Lab/process/2025.11.11/frequency\GROUP2\FFT_20251111162759.532624.csv
2026-02-25 15:30:20-INFO-[tdms_reader_frequency.py:76]-开始处理文件: D:/Lab/process/2025.11.11/time\GROUP2\20251111162951.535988.csv
2026-02-25 15:30:20-INFO-[tdms_reader_frequency.py:84]-使用元数据采样率: 50000 Hz
2026-02-25 15:30:20-INFO-[tdms_reader_frequency.py:147]-  已写入 799999/799999 行FFT数据
2026-02-25 15:30:20-INFO-[tdms_reader_frequency.py:149]-已处理: 20251111162756.337381.csv -> D:/Lab/process/2025.11.11/frequency\GROUP2\FFT_20251111162756.337381.csv
2026-02-25 15:30:20-INFO-[tdms_reader_frequency.py:76]-开始处理文件: D:/Lab/process/2025.11.11/time\GROUP2\20251111162954.733310.csv
2026-02-25 15:30:20-INFO-[tdms_reader_frequency.py:84]-使用元数据采样率: 50000 Hz
2026-02-25 15:30:20-INFO-[tdms_reader_frequency.py:147]-  已写入 799999/799999 行FFT数据
2026-02-25 15:30:20-INFO-[tdms_reader_frequency.py:149]-已处理: 20251111162749.933710.csv -> D:/Lab/process/2025.11.11/frequency\GROUP2\FFT_20251111162749.933710.csv
2026-02-25 15:30:20-INFO-[tdms_reader_frequency.py:147]-  已写入 799999/799999 行FFT数据
2026-02-25 15:30:20-INFO-[tdms_reader_frequency.py:149]-已处理: 20251111162825.134459.csv -> D:/Lab/process/2025.11.11/frequency\GROUP2\FFT_20251111162825.134459.csv
2026-02-25 15:30:20-INFO-[tdms_reader_frequency.py:147]-  已写入 799999/799999 行FFT数据
2026-02-25 15:30:20-INFO-[tdms_reader_frequency.py:149]-已处理: 20251111162815.532723.csv -> D:/Lab/process/2025.11.11/frequency\GROUP2\FFT_20251111162815.532723.csv
2026-02-25 15:30:20-INFO-[tdms_reader_frequency.py:147]-  已写入 799999/799999 行FFT数据
2026-02-25 15:30:20-INFO-[tdms_reader_frequency.py:149]-已处理: 20251111162812.336424.csv -> D:/Lab/process/2025.11.11/frequency\GROUP2\FFT_20251111162812.336424.csv
2026-02-25 15:30:20-INFO-[tdms_reader_frequency.py:147]-  已写入 799999/799999 行FFT数据
2026-02-25 15:30:20-INFO-[tdms_reader_frequency.py:149]-已处理: 20251111162821.935331.csv -> D:/Lab/process/2025.11.11/frequency\GROUP2\FFT_20251111162821.935331.csv
2026-02-25 15:30:20-INFO-[tdms_reader_frequency.py:76]-开始处理文件: D:/Lab/process/2025.11.11/time\GROUP2\20251111162957.934569.csv
2026-02-25 15:30:20-INFO-[tdms_reader_frequency.py:84]-使用元数据采样率: 50000 Hz
2026-02-25 15:30:20-INFO-[tdms_reader_frequency.py:91]-成功读取文件: 20251111162850.736415.csv, 数据长度: 1600000
2026-02-25 15:30:20-INFO-[tdms_reader_frequency.py:101]-处理文件: 20251111162850.736415.csv, 通道数: 8
2026-02-25 15:30:20-INFO-[tdms_reader_frequency.py:76]-开始处理文件: D:/Lab/process/2025.11.11/time\GROUP2\20251111163001.136524.csv
2026-02-25 15:30:20-INFO-[tdms_reader_frequency.py:84]-使用元数据采样率: 50000 Hz
2026-02-25 15:30:20-INFO-[tdms_reader_frequency.py:91]-成功读取文件: 20251111163001.136524.csv, 数据长度: 100000
2026-02-25 15:30:20-INFO-[tdms_reader_frequency.py:101]-处理文件: 20251111163001.136524.csv, 通道数: 8
2026-02-25 15:30:20-INFO-[tdms_reader_frequency.py:91]-成功读取文件: 20251111162900.335079.csv, 数据长度: 1600000
2026-02-25 15:30:20-INFO-[tdms_reader_frequency.py:101]-处理文件: 20251111162900.335079.csv, 通道数: 8
2026-02-25 15:30:20-INFO-[tdms_reader_frequency.py:91]-成功读取文件: 20251111162853.933152.csv, 数据长度: 1600000
2026-02-25 15:30:20-INFO-[tdms_reader_frequency.py:101]-处理文件: 20251111162853.933152.csv, 通道数: 8
2026-02-25 15:30:20-INFO-[tdms_reader_frequency.py:91]-成功读取文件: 20251111162857.133858.csv, 数据长度: 1600000
2026-02-25 15:30:20-INFO-[tdms_reader_frequency.py:101]-处理文件: 20251111162857.133858.csv, 通道数: 8
2026-02-25 15:30:20-INFO-[tdms_reader_frequency.py:147]-  已写入 700000/799999 行FFT数据
2026-02-25 15:30:21-INFO-[tdms_reader_frequency.py:91]-成功读取文件: 20251111162903.533095.csv, 数据长度: 1600000
2026-02-25 15:30:21-INFO-[tdms_reader_frequency.py:101]-处理文件: 20251111162903.533095.csv, 通道数: 8
2026-02-25 15:30:21-INFO-[tdms_reader_frequency.py:91]-成功读取文件: 20251111162906.736537.csv, 数据长度: 1600000
2026-02-25 15:30:21-INFO-[tdms_reader_frequency.py:101]-处理文件: 20251111162906.736537.csv, 通道数: 8
2026-02-25 15:30:21-INFO-[tdms_reader_frequency.py:91]-成功读取文件: 20251111162913.134751.csv, 数据长度: 1600000
2026-02-25 15:30:21-INFO-[tdms_reader_frequency.py:101]-处理文件: 20251111162913.134751.csv, 通道数: 8
2026-02-25 15:30:21-INFO-[tdms_reader_frequency.py:91]-成功读取文件: 20251111162922.737775.csv, 数据长度: 1600000
2026-02-25 15:30:21-INFO-[tdms_reader_frequency.py:101]-处理文件: 20251111162922.737775.csv, 通道数: 8
2026-02-25 15:30:21-INFO-[tdms_reader_frequency.py:91]-成功读取文件: 20251111162909.933040.csv, 数据长度: 1600000
2026-02-25 15:30:21-INFO-[tdms_reader_frequency.py:101]-处理文件: 20251111162909.933040.csv, 通道数: 8
2026-02-25 15:30:21-INFO-[tdms_reader_frequency.py:91]-成功读取文件: 20251111162916.334492.csv, 数据长度: 1600000
2026-02-25 15:30:21-INFO-[tdms_reader_frequency.py:101]-处理文件: 20251111162916.334492.csv, 通道数: 8
2026-02-25 15:30:21-INFO-[tdms_reader_frequency.py:91]-成功读取文件: 20251111162919.534518.csv, 数据长度: 1600000
2026-02-25 15:30:21-INFO-[tdms_reader_frequency.py:101]-处理文件: 20251111162919.534518.csv, 通道数: 8
2026-02-25 15:30:22-INFO-[tdms_reader_frequency.py:91]-成功读取文件: 20251111162925.935060.csv, 数据长度: 1600000
2026-02-25 15:30:22-INFO-[tdms_reader_frequency.py:101]-处理文件: 20251111162925.935060.csv, 通道数: 8
2026-02-25 15:30:22-INFO-[tdms_reader_frequency.py:91]-成功读取文件: 20251111162932.334040.csv, 数据长度: 1600000
2026-02-25 15:30:22-INFO-[tdms_reader_frequency.py:101]-处理文件: 20251111162932.334040.csv, 通道数: 8
2026-02-25 15:30:22-INFO-[tdms_reader_frequency.py:91]-成功读取文件: 20251111162929.135450.csv, 数据长度: 1600000
2026-02-25 15:30:22-INFO-[tdms_reader_frequency.py:101]-处理文件: 20251111162929.135450.csv, 通道数: 8
2026-02-25 15:30:22-INFO-[tdms_reader_frequency.py:147]-  已写入 49999/49999 行FFT数据
2026-02-25 15:30:22-INFO-[tdms_reader_frequency.py:149]-已处理: 20251111163001.136524.csv -> D:/Lab/process/2025.11.11/frequency\GROUP2\FFT_20251111163001.136524.csv
2026-02-25 15:30:22-INFO-[tdms_reader_frequency.py:91]-成功读取文件: 20251111162935.537338.csv, 数据长度: 1600000
2026-02-25 15:30:22-INFO-[tdms_reader_frequency.py:101]-处理文件: 20251111162935.537338.csv, 通道数: 8
2026-02-25 15:30:22-INFO-[tdms_reader_frequency.py:91]-成功读取文件: 20251111162938.734941.csv, 数据长度: 1600000
2026-02-25 15:30:22-INFO-[tdms_reader_frequency.py:101]-处理文件: 20251111162938.734941.csv, 通道数: 8
2026-02-25 15:30:22-INFO-[tdms_reader_frequency.py:91]-成功读取文件: 20251111162945.132579.csv, 数据长度: 1600000
2026-02-25 15:30:22-INFO-[tdms_reader_frequency.py:101]-处理文件: 20251111162945.132579.csv, 通道数: 8
2026-02-25 15:30:22-INFO-[tdms_reader_frequency.py:91]-成功读取文件: 20251111162941.936832.csv, 数据长度: 1600000
2026-02-25 15:30:22-INFO-[tdms_reader_frequency.py:101]-处理文件: 20251111162941.936832.csv, 通道数: 8
2026-02-25 15:30:22-INFO-[tdms_reader_frequency.py:91]-成功读取文件: 20251111162948.333959.csv, 数据长度: 1600000
2026-02-25 15:30:22-INFO-[tdms_reader_frequency.py:101]-处理文件: 20251111162948.333959.csv, 通道数: 8
2026-02-25 15:30:22-INFO-[tdms_reader_frequency.py:91]-成功读取文件: 20251111162951.535988.csv, 数据长度: 1600000
2026-02-25 15:30:22-INFO-[tdms_reader_frequency.py:101]-处理文件: 20251111162951.535988.csv, 通道数: 8
2026-02-25 15:30:22-INFO-[tdms_reader_frequency.py:91]-成功读取文件: 20251111162954.733310.csv, 数据长度: 1600000
2026-02-25 15:30:22-INFO-[tdms_reader_frequency.py:101]-处理文件: 20251111162954.733310.csv, 通道数: 8
2026-02-25 15:30:22-INFO-[tdms_reader_frequency.py:91]-成功读取文件: 20251111162957.934569.csv, 数据长度: 1600000
2026-02-25 15:30:22-INFO-[tdms_reader_frequency.py:101]-处理文件: 20251111162957.934569.csv, 通道数: 8
2026-02-25 15:30:24-INFO-[tdms_reader_frequency.py:147]-  已写入 799999/799999 行FFT数据
2026-02-25 15:30:24-INFO-[tdms_reader_frequency.py:149]-已处理: 20251111162847.534959.csv -> D:/Lab/process/2025.11.11/frequency\GROUP2\FFT_20251111162847.534959.csv
2026-02-25 15:30:25-INFO-[tdms_reader_frequency.py:147]-  已写入 100000/799999 行FFT数据
2026-02-25 15:30:26-INFO-[tdms_reader_frequency.py:147]-  已写入 100000/799999 行FFT数据
2026-02-25 15:30:26-INFO-[tdms_reader_frequency.py:147]-  已写入 100000/799999 行FFT数据
2026-02-25 15:30:27-INFO-[tdms_reader_frequency.py:147]-  已写入 100000/799999 行FFT数据
2026-02-25 15:30:27-INFO-[tdms_reader_frequency.py:147]-  已写入 100000/799999 行FFT数据
2026-02-25 15:30:27-INFO-[tdms_reader_frequency.py:147]-  已写入 100000/799999 行FFT数据
2026-02-25 15:30:27-INFO-[tdms_reader_frequency.py:147]-  已写入 100000/799999 行FFT数据
2026-02-25 15:30:27-INFO-[tdms_reader_frequency.py:147]-  已写入 100000/799999 行FFT数据
2026-02-25 15:30:27-INFO-[tdms_reader_frequency.py:147]-  已写入 100000/799999 行FFT数据
2026-02-25 15:30:27-INFO-[tdms_reader_frequency.py:147]-  已写入 100000/799999 行FFT数据
2026-02-25 15:30:27-INFO-[tdms_reader_frequency.py:147]-  已写入 100000/799999 行FFT数据
2026-02-25 15:30:27-INFO-[tdms_reader_frequency.py:147]-  已写入 200000/799999 行FFT数据
2026-02-25 15:30:28-INFO-[tdms_reader_frequency.py:147]-  已写入 100000/799999 行FFT数据
2026-02-25 15:30:28-INFO-[tdms_reader_frequency.py:147]-  已写入 100000/799999 行FFT数据
2026-02-25 15:30:28-INFO-[tdms_reader_frequency.py:147]-  已写入 100000/799999 行FFT数据
2026-02-25 15:30:28-INFO-[tdms_reader_frequency.py:147]-  已写入 100000/799999 行FFT数据
2026-02-25 15:30:28-INFO-[tdms_reader_frequency.py:147]-  已写入 100000/799999 行FFT数据
2026-02-25 15:30:28-INFO-[tdms_reader_frequency.py:147]-  已写入 100000/799999 行FFT数据
2026-02-25 15:30:28-INFO-[tdms_reader_frequency.py:147]-  已写入 100000/799999 行FFT数据
2026-02-25 15:30:28-INFO-[tdms_reader_frequency.py:147]-  已写入 100000/799999 行FFT数据
2026-02-25 15:30:28-INFO-[tdms_reader_frequency.py:147]-  已写入 100000/799999 行FFT数据
2026-02-25 15:30:28-INFO-[tdms_reader_frequency.py:147]-  已写入 100000/799999 行FFT数据
2026-02-25 15:30:29-INFO-[tdms_reader_frequency.py:147]-  已写入 200000/799999 行FFT数据
2026-02-25 15:30:29-INFO-[tdms_reader_frequency.py:147]-  已写入 200000/799999 行FFT数据
2026-02-25 15:30:30-INFO-[tdms_reader_frequency.py:147]-  已写入 200000/799999 行FFT数据
2026-02-25 15:30:30-INFO-[tdms_reader_frequency.py:147]-  已写入 200000/799999 行FFT数据
2026-02-25 15:30:30-INFO-[tdms_reader_frequency.py:147]-  已写入 200000/799999 行FFT数据
2026-02-25 15:30:30-INFO-[tdms_reader_frequency.py:147]-  已写入 200000/799999 行FFT数据
2026-02-25 15:30:30-INFO-[tdms_reader_frequency.py:147]-  已写入 200000/799999 行FFT数据
2026-02-25 15:30:30-INFO-[tdms_reader_frequency.py:147]-  已写入 200000/799999 行FFT数据
2026-02-25 15:30:31-INFO-[tdms_reader_frequency.py:147]-  已写入 300000/799999 行FFT数据
2026-02-25 15:30:31-INFO-[tdms_reader_frequency.py:147]-  已写入 200000/799999 行FFT数据
2026-02-25 15:30:31-INFO-[tdms_reader_frequency.py:147]-  已写入 200000/799999 行FFT数据
2026-02-25 15:30:31-INFO-[tdms_reader_frequency.py:147]-  已写入 200000/799999 行FFT数据
2026-02-25 15:30:31-INFO-[tdms_reader_frequency.py:147]-  已写入 200000/799999 行FFT数据
2026-02-25 15:30:31-INFO-[tdms_reader_frequency.py:147]-  已写入 200000/799999 行FFT数据
2026-02-25 15:30:31-INFO-[tdms_reader_frequency.py:147]-  已写入 200000/799999 行FFT数据
2026-02-25 15:30:31-INFO-[tdms_reader_frequency.py:147]-  已写入 200000/799999 行FFT数据
2026-02-25 15:30:31-INFO-[tdms_reader_frequency.py:147]-  已写入 200000/799999 行FFT数据
2026-02-25 15:30:31-INFO-[tdms_reader_frequency.py:147]-  已写入 200000/799999 行FFT数据
2026-02-25 15:30:31-INFO-[tdms_reader_frequency.py:147]-  已写入 200000/799999 行FFT数据
2026-02-25 15:30:31-INFO-[tdms_reader_frequency.py:147]-  已写入 200000/799999 行FFT数据
2026-02-25 15:30:31-INFO-[tdms_reader_frequency.py:147]-  已写入 200000/799999 行FFT数据
2026-02-25 15:30:31-INFO-[tdms_reader_frequency.py:147]-  已写入 200000/799999 行FFT数据
2026-02-25 15:30:32-INFO-[tdms_reader_frequency.py:147]-  已写入 300000/799999 行FFT数据
2026-02-25 15:30:32-INFO-[tdms_reader_frequency.py:147]-  已写入 300000/799999 行FFT数据
2026-02-25 15:30:32-INFO-[tdms_reader_frequency.py:147]-  已写入 300000/799999 行FFT数据
2026-02-25 15:30:32-INFO-[tdms_reader_frequency.py:147]-  已写入 300000/799999 行FFT数据
2026-02-25 15:30:33-INFO-[tdms_reader_frequency.py:147]-  已写入 300000/799999 行FFT数据
2026-02-25 15:30:33-INFO-[tdms_reader_frequency.py:147]-  已写入 300000/799999 行FFT数据
2026-02-25 15:30:33-INFO-[tdms_reader_frequency.py:147]-  已写入 300000/799999 行FFT数据
2026-02-25 15:30:33-INFO-[tdms_reader_frequency.py:147]-  已写入 300000/799999 行FFT数据
2026-02-25 15:30:33-INFO-[tdms_reader_frequency.py:147]-  已写入 400000/799999 行FFT数据
2026-02-25 15:30:33-INFO-[tdms_reader_frequency.py:147]-  已写入 300000/799999 行FFT数据
2026-02-25 15:30:33-INFO-[tdms_reader_frequency.py:147]-  已写入 300000/799999 行FFT数据
2026-02-25 15:30:33-INFO-[tdms_reader_frequency.py:147]-  已写入 300000/799999 行FFT数据
2026-02-25 15:30:33-INFO-[tdms_reader_frequency.py:147]-  已写入 300000/799999 行FFT数据
2026-02-25 15:30:33-INFO-[tdms_reader_frequency.py:147]-  已写入 300000/799999 行FFT数据
2026-02-25 15:30:33-INFO-[tdms_reader_frequency.py:147]-  已写入 300000/799999 行FFT数据
2026-02-25 15:30:33-INFO-[tdms_reader_frequency.py:147]-  已写入 300000/799999 行FFT数据
2026-02-25 15:30:33-INFO-[tdms_reader_frequency.py:147]-  已写入 300000/799999 行FFT数据
2026-02-25 15:30:33-INFO-[tdms_reader_frequency.py:147]-  已写入 300000/799999 行FFT数据
2026-02-25 15:30:33-INFO-[tdms_reader_frequency.py:147]-  已写入 300000/799999 行FFT数据
2026-02-25 15:30:33-INFO-[tdms_reader_frequency.py:147]-  已写入 300000/799999 行FFT数据
2026-02-25 15:30:33-INFO-[tdms_reader_frequency.py:147]-  已写入 300000/799999 行FFT数据
2026-02-25 15:30:34-INFO-[tdms_reader_frequency.py:147]-  已写入 300000/799999 行FFT数据
2026-02-25 15:30:34-INFO-[tdms_reader_frequency.py:147]-  已写入 400000/799999 行FFT数据
2026-02-25 15:30:34-INFO-[tdms_reader_frequency.py:147]-  已写入 400000/799999 行FFT数据
2026-02-25 15:30:34-INFO-[tdms_reader_frequency.py:147]-  已写入 400000/799999 行FFT数据
2026-02-25 15:30:35-INFO-[tdms_reader_frequency.py:147]-  已写入 400000/799999 行FFT数据
2026-02-25 15:30:35-INFO-[tdms_reader_frequency.py:147]-  已写入 400000/799999 行FFT数据
2026-02-25 15:30:35-INFO-[tdms_reader_frequency.py:147]-  已写入 400000/799999 行FFT数据
2026-02-25 15:30:35-INFO-[tdms_reader_frequency.py:147]-  已写入 400000/799999 行FFT数据
2026-02-25 15:30:35-INFO-[tdms_reader_frequency.py:147]-  已写入 400000/799999 行FFT数据
2026-02-25 15:30:35-INFO-[tdms_reader_frequency.py:147]-  已写入 500000/799999 行FFT数据
2026-02-25 15:30:35-INFO-[tdms_reader_frequency.py:147]-  已写入 400000/799999 行FFT数据
2026-02-25 15:30:35-INFO-[tdms_reader_frequency.py:147]-  已写入 400000/799999 行FFT数据
2026-02-25 15:30:35-INFO-[tdms_reader_frequency.py:147]-  已写入 400000/799999 行FFT数据
2026-02-25 15:30:35-INFO-[tdms_reader_frequency.py:147]-  已写入 400000/799999 行FFT数据
2026-02-25 15:30:35-INFO-[tdms_reader_frequency.py:147]-  已写入 400000/799999 行FFT数据
2026-02-25 15:30:35-INFO-[tdms_reader_frequency.py:147]-  已写入 400000/799999 行FFT数据
2026-02-25 15:30:35-INFO-[tdms_reader_frequency.py:147]-  已写入 400000/799999 行FFT数据
2026-02-25 15:30:35-INFO-[tdms_reader_frequency.py:147]-  已写入 400000/799999 行FFT数据
2026-02-25 15:30:36-INFO-[tdms_reader_frequency.py:147]-  已写入 400000/799999 行FFT数据
2026-02-25 15:30:36-INFO-[tdms_reader_frequency.py:147]-  已写入 400000/799999 行FFT数据
2026-02-25 15:30:36-INFO-[tdms_reader_frequency.py:147]-  已写入 400000/799999 行FFT数据
2026-02-25 15:30:36-INFO-[tdms_reader_frequency.py:147]-  已写入 400000/799999 行FFT数据
2026-02-25 15:30:36-INFO-[tdms_reader_frequency.py:147]-  已写入 400000/799999 行FFT数据
2026-02-25 15:30:36-INFO-[tdms_reader_frequency.py:147]-  已写入 500000/799999 行FFT数据
2026-02-25 15:30:36-INFO-[tdms_reader_frequency.py:147]-  已写入 500000/799999 行FFT数据
2026-02-25 15:30:37-INFO-[tdms_reader_frequency.py:147]-  已写入 500000/799999 行FFT数据
2026-02-25 15:30:37-INFO-[tdms_reader_frequency.py:147]-  已写入 500000/799999 行FFT数据
2026-02-25 15:30:37-INFO-[tdms_reader_frequency.py:147]-  已写入 500000/799999 行FFT数据
2026-02-25 15:30:37-INFO-[tdms_reader_frequency.py:147]-  已写入 500000/799999 行FFT数据
2026-02-25 15:30:37-INFO-[tdms_reader_frequency.py:147]-  已写入 500000/799999 行FFT数据
2026-02-25 15:30:37-INFO-[tdms_reader_frequency.py:147]-  已写入 500000/799999 行FFT数据
2026-02-25 15:30:37-INFO-[tdms_reader_frequency.py:147]-  已写入 600000/799999 行FFT数据
2026-02-25 15:30:37-INFO-[tdms_reader_frequency.py:147]-  已写入 500000/799999 行FFT数据
2026-02-25 15:30:37-INFO-[tdms_reader_frequency.py:147]-  已写入 500000/799999 行FFT数据
2026-02-25 15:30:37-INFO-[tdms_reader_frequency.py:147]-  已写入 500000/799999 行FFT数据
2026-02-25 15:30:38-INFO-[tdms_reader_frequency.py:147]-  已写入 500000/799999 行FFT数据
2026-02-25 15:30:38-INFO-[tdms_reader_frequency.py:147]-  已写入 500000/799999 行FFT数据
2026-02-25 15:30:38-INFO-[tdms_reader_frequency.py:147]-  已写入 500000/799999 行FFT数据
2026-02-25 15:30:38-INFO-[tdms_reader_frequency.py:147]-  已写入 500000/799999 行FFT数据
2026-02-25 15:30:38-INFO-[tdms_reader_frequency.py:147]-  已写入 500000/799999 行FFT数据
2026-02-25 15:30:38-INFO-[tdms_reader_frequency.py:147]-  已写入 500000/799999 行FFT数据
2026-02-25 15:30:38-INFO-[tdms_reader_frequency.py:147]-  已写入 500000/799999 行FFT数据
2026-02-25 15:30:38-INFO-[tdms_reader_frequency.py:147]-  已写入 500000/799999 行FFT数据
2026-02-25 15:30:38-INFO-[tdms_reader_frequency.py:147]-  已写入 500000/799999 行FFT数据
2026-02-25 15:30:38-INFO-[tdms_reader_frequency.py:147]-  已写入 500000/799999 行FFT数据
2026-02-25 15:30:39-INFO-[tdms_reader_frequency.py:147]-  已写入 600000/799999 行FFT数据
2026-02-25 15:30:39-INFO-[tdms_reader_frequency.py:147]-  已写入 600000/799999 行FFT数据
2026-02-25 15:30:39-INFO-[tdms_reader_frequency.py:147]-  已写入 600000/799999 行FFT数据
2026-02-25 15:30:39-INFO-[tdms_reader_frequency.py:147]-  已写入 600000/799999 行FFT数据
2026-02-25 15:30:39-INFO-[tdms_reader_frequency.py:147]-  已写入 600000/799999 行FFT数据
2026-02-25 15:30:41-INFO-[tdms_reader_frequency.py:147]-  已写入 600000/799999 行FFT数据
2026-02-25 15:30:41-INFO-[tdms_reader_frequency.py:147]-  已写入 600000/799999 行FFT数据
2026-02-25 15:30:41-INFO-[tdms_reader_frequency.py:147]-  已写入 600000/799999 行FFT数据
2026-02-25 15:30:43-INFO-[tdms_reader_frequency.py:147]-  已写入 700000/799999 行FFT数据
2026-02-25 15:30:43-INFO-[tdms_reader_frequency.py:147]-  已写入 600000/799999 行FFT数据
2026-02-25 15:30:43-INFO-[tdms_reader_frequency.py:147]-  已写入 600000/799999 行FFT数据
2026-02-25 15:30:43-INFO-[tdms_reader_frequency.py:147]-  已写入 600000/799999 行FFT数据
2026-02-25 15:30:43-INFO-[tdms_reader_frequency.py:147]-  已写入 600000/799999 行FFT数据
2026-02-25 15:30:43-INFO-[tdms_reader_frequency.py:147]-  已写入 600000/799999 行FFT数据
2026-02-25 15:30:43-INFO-[tdms_reader_frequency.py:147]-  已写入 600000/799999 行FFT数据
2026-02-25 15:30:43-INFO-[tdms_reader_frequency.py:147]-  已写入 600000/799999 行FFT数据
2026-02-25 15:30:43-INFO-[tdms_reader_frequency.py:147]-  已写入 600000/799999 行FFT数据
2026-02-25 15:30:43-INFO-[tdms_reader_frequency.py:147]-  已写入 600000/799999 行FFT数据
2026-02-25 15:30:43-INFO-[tdms_reader_frequency.py:147]-  已写入 600000/799999 行FFT数据
2026-02-25 15:30:43-INFO-[tdms_reader_frequency.py:147]-  已写入 600000/799999 行FFT数据
2026-02-25 15:30:43-INFO-[tdms_reader_frequency.py:147]-  已写入 600000/799999 行FFT数据
2026-02-25 15:30:43-INFO-[tdms_reader_frequency.py:147]-  已写入 600000/799999 行FFT数据
2026-02-25 15:30:44-INFO-[tdms_reader_frequency.py:147]-  已写入 700000/799999 行FFT数据
2026-02-25 15:30:44-INFO-[tdms_reader_frequency.py:147]-  已写入 700000/799999 行FFT数据
2026-02-25 15:30:44-INFO-[tdms_reader_frequency.py:147]-  已写入 700000/799999 行FFT数据
2026-02-25 15:30:44-INFO-[tdms_reader_frequency.py:147]-  已写入 700000/799999 行FFT数据
2026-02-25 15:30:44-INFO-[tdms_reader_frequency.py:147]-  已写入 700000/799999 行FFT数据
2026-02-25 15:30:44-INFO-[tdms_reader_frequency.py:147]-  已写入 700000/799999 行FFT数据
2026-02-25 15:30:45-INFO-[tdms_reader_frequency.py:147]-  已写入 700000/799999 行FFT数据
2026-02-25 15:30:45-INFO-[tdms_reader_frequency.py:147]-  已写入 700000/799999 行FFT数据
2026-02-25 15:30:45-INFO-[tdms_reader_frequency.py:147]-  已写入 700000/799999 行FFT数据
2026-02-25 15:30:45-INFO-[tdms_reader_frequency.py:147]-  已写入 799999/799999 行FFT数据
2026-02-25 15:30:45-INFO-[tdms_reader_frequency.py:149]-已处理: 20251111162850.736415.csv -> D:/Lab/process/2025.11.11/frequency\GROUP2\FFT_20251111162850.736415.csv
2026-02-25 15:30:45-INFO-[tdms_reader_frequency.py:147]-  已写入 700000/799999 行FFT数据
2026-02-25 15:30:45-INFO-[tdms_reader_frequency.py:147]-  已写入 700000/799999 行FFT数据
2026-02-25 15:30:45-INFO-[tdms_reader_frequency.py:147]-  已写入 700000/799999 行FFT数据
2026-02-25 15:30:45-INFO-[tdms_reader_frequency.py:147]-  已写入 700000/799999 行FFT数据
2026-02-25 15:30:45-INFO-[tdms_reader_frequency.py:147]-  已写入 700000/799999 行FFT数据
2026-02-25 15:30:45-INFO-[tdms_reader_frequency.py:147]-  已写入 700000/799999 行FFT数据
2026-02-25 15:30:45-INFO-[tdms_reader_frequency.py:147]-  已写入 700000/799999 行FFT数据
2026-02-25 15:30:45-INFO-[tdms_reader_frequency.py:147]-  已写入 700000/799999 行FFT数据
2026-02-25 15:30:45-INFO-[tdms_reader_frequency.py:147]-  已写入 700000/799999 行FFT数据
2026-02-25 15:30:45-INFO-[tdms_reader_frequency.py:147]-  已写入 700000/799999 行FFT数据
2026-02-25 15:30:45-INFO-[tdms_reader_frequency.py:147]-  已写入 700000/799999 行FFT数据
2026-02-25 15:30:45-INFO-[tdms_reader_frequency.py:147]-  已写入 700000/799999 行FFT数据
2026-02-25 15:30:46-INFO-[tdms_reader_frequency.py:147]-  已写入 799999/799999 行FFT数据
2026-02-25 15:30:46-INFO-[tdms_reader_frequency.py:149]-已处理: 20251111162900.335079.csv -> D:/Lab/process/2025.11.11/frequency\GROUP2\FFT_20251111162900.335079.csv
2026-02-25 15:30:46-INFO-[tdms_reader_frequency.py:147]-  已写入 799999/799999 行FFT数据
2026-02-25 15:30:46-INFO-[tdms_reader_frequency.py:149]-已处理: 20251111162853.933152.csv -> D:/Lab/process/2025.11.11/frequency\GROUP2\FFT_20251111162853.933152.csv
2026-02-25 15:30:46-INFO-[tdms_reader_frequency.py:147]-  已写入 799999/799999 行FFT数据
2026-02-25 15:30:46-INFO-[tdms_reader_frequency.py:149]-已处理: 20251111162857.133858.csv -> D:/Lab/process/2025.11.11/frequency\GROUP2\FFT_20251111162857.133858.csv
2026-02-25 15:30:46-INFO-[tdms_reader_frequency.py:147]-  已写入 799999/799999 行FFT数据
2026-02-25 15:30:46-INFO-[tdms_reader_frequency.py:149]-已处理: 20251111162903.533095.csv -> D:/Lab/process/2025.11.11/frequency\GROUP2\FFT_20251111162903.533095.csv
2026-02-25 15:30:47-INFO-[tdms_reader_frequency.py:147]-  已写入 799999/799999 行FFT数据
2026-02-25 15:30:47-INFO-[tdms_reader_frequency.py:149]-已处理: 20251111162906.736537.csv -> D:/Lab/process/2025.11.11/frequency\GROUP2\FFT_20251111162906.736537.csv
2026-02-25 15:30:47-INFO-[tdms_reader_frequency.py:147]-  已写入 799999/799999 行FFT数据
2026-02-25 15:30:47-INFO-[tdms_reader_frequency.py:149]-已处理: 20251111162913.134751.csv -> D:/Lab/process/2025.11.11/frequency\GROUP2\FFT_20251111162913.134751.csv
2026-02-25 15:30:47-INFO-[tdms_reader_frequency.py:147]-  已写入 799999/799999 行FFT数据
2026-02-25 15:30:47-INFO-[tdms_reader_frequency.py:149]-已处理: 20251111162916.334492.csv -> D:/Lab/process/2025.11.11/frequency\GROUP2\FFT_20251111162916.334492.csv
2026-02-25 15:30:47-INFO-[tdms_reader_frequency.py:147]-  已写入 799999/799999 行FFT数据
2026-02-25 15:30:47-INFO-[tdms_reader_frequency.py:149]-已处理: 20251111162932.334040.csv -> D:/Lab/process/2025.11.11/frequency\GROUP2\FFT_20251111162932.334040.csv
2026-02-25 15:30:47-INFO-[tdms_reader_frequency.py:147]-  已写入 799999/799999 行FFT数据
2026-02-25 15:30:47-INFO-[tdms_reader_frequency.py:149]-已处理: 20251111162909.933040.csv -> D:/Lab/process/2025.11.11/frequency\GROUP2\FFT_20251111162909.933040.csv
2026-02-25 15:30:47-INFO-[tdms_reader_frequency.py:147]-  已写入 799999/799999 行FFT数据
2026-02-25 15:30:47-INFO-[tdms_reader_frequency.py:149]-已处理: 20251111162919.534518.csv -> D:/Lab/process/2025.11.11/frequency\GROUP2\FFT_20251111162919.534518.csv
2026-02-25 15:30:47-INFO-[tdms_reader_frequency.py:147]-  已写入 799999/799999 行FFT数据
2026-02-25 15:30:47-INFO-[tdms_reader_frequency.py:149]-已处理: 20251111162925.935060.csv -> D:/Lab/process/2025.11.11/frequency\GROUP2\FFT_20251111162925.935060.csv
2026-02-25 15:30:47-INFO-[tdms_reader_frequency.py:147]-  已写入 799999/799999 行FFT数据
2026-02-25 15:30:47-INFO-[tdms_reader_frequency.py:149]-已处理: 20251111162929.135450.csv -> D:/Lab/process/2025.11.11/frequency\GROUP2\FFT_20251111162929.135450.csv
2026-02-25 15:30:47-INFO-[tdms_reader_frequency.py:147]-  已写入 799999/799999 行FFT数据
2026-02-25 15:30:47-INFO-[tdms_reader_frequency.py:149]-已处理: 20251111162945.132579.csv -> D:/Lab/process/2025.11.11/frequency\GROUP2\FFT_20251111162945.132579.csv
2026-02-25 15:30:47-INFO-[tdms_reader_frequency.py:147]-  已写入 799999/799999 行FFT数据
2026-02-25 15:30:47-INFO-[tdms_reader_frequency.py:149]-已处理: 20251111162935.537338.csv -> D:/Lab/process/2025.11.11/frequency\GROUP2\FFT_20251111162935.537338.csv
2026-02-25 15:30:47-INFO-[tdms_reader_frequency.py:147]-  已写入 799999/799999 行FFT数据
2026-02-25 15:30:47-INFO-[tdms_reader_frequency.py:147]-  已写入 799999/799999 行FFT数据
2026-02-25 15:30:47-INFO-[tdms_reader_frequency.py:149]-已处理: 20251111162938.734941.csv -> D:/Lab/process/2025.11.11/frequency\GROUP2\FFT_20251111162938.734941.csv
2026-02-25 15:30:47-INFO-[tdms_reader_frequency.py:149]-已处理: 20251111162922.737775.csv -> D:/Lab/process/2025.11.11/frequency\GROUP2\FFT_20251111162922.737775.csv
2026-02-25 15:30:47-INFO-[tdms_reader_frequency.py:147]-  已写入 799999/799999 行FFT数据
2026-02-25 15:30:47-INFO-[tdms_reader_frequency.py:149]-已处理: 20251111162954.733310.csv -> D:/Lab/process/2025.11.11/frequency\GROUP2\FFT_20251111162954.733310.csv
2026-02-25 15:30:47-INFO-[tdms_reader_frequency.py:147]-  已写入 799999/799999 行FFT数据
2026-02-25 15:30:47-INFO-[tdms_reader_frequency.py:149]-已处理: 20251111162948.333959.csv -> D:/Lab/process/2025.11.11/frequency\GROUP2\FFT_20251111162948.333959.csv
2026-02-25 15:30:48-INFO-[tdms_reader_frequency.py:147]-  已写入 799999/799999 行FFT数据
2026-02-25 15:30:48-INFO-[tdms_reader_frequency.py:149]-已处理: 20251111162941.936832.csv -> D:/Lab/process/2025.11.11/frequency\GROUP2\FFT_20251111162941.936832.csv
2026-02-25 15:30:48-INFO-[tdms_reader_frequency.py:149]-已处理: 20251111162957.934569.csv -> D:/Lab/process/2025.11.11/frequency\GROUP2\FFT_20251111162957.934569.csv
2026-02-25 15:30:48-INFO-[tdms_reader_frequency.py:147]-  已写入 799999/799999 行FFT数据
2026-02-25 15:30:48-INFO-[tdms_reader_frequency.py:149]-已处理: 20251111162951.535988.csv -> D:/Lab/process/2025.11.11/frequency\GROUP2\FFT_20251111162951.535988.csv
2026-02-25 15:31:15-INFO-[tdms_reader_frequency_average.py:178]-开始处理文件夹 GROUP1, 共 31 个文件
2026-02-25 15:31:15-INFO-[tdms_reader_frequency_average.py:178]-开始处理文件夹 GROUP2, 共 49 个文件
2026-02-25 15:31:53-WARNING-[tdms_reader_frequency_average.py:99]-文件 FFT_20251111161810.932971.csv 结构不匹配，跳过
2026-02-25 15:32:01-INFO-[tdms_reader_frequency_average.py:159]-已保存平均FFT数据: D:/Lab/process/2025.11.11/frequency_ave\GROUP1\average_fft_GROUP1_30files.csv
2026-02-25 15:32:14-WARNING-[tdms_reader_frequency_average.py:99]-文件 FFT_20251111163001.136524.csv 结构不匹配，跳过
2026-02-25 15:32:23-INFO-[tdms_reader_frequency_average.py:159]-已保存平均FFT数据: D:/Lab/process/2025.11.11/frequency_ave\GROUP2\average_fft_GROUP2_48files.csv
