\BOOKMARK [1][-]{section.1}{\376\377\166\356\150\007\116\016\156\220\230\171\133\232\116\111}{}% 1
\BOOKMARK [2][-]{subsection.1.1}{\376\377\142\245\124\112\166\356\150\007}{section.1}% 2
\BOOKMARK [2][-]{subsection.1.2}{\376\377\156\220\230\171\133\232\116\111}{section.1}% 3
\BOOKMARK [2][-]{subsection.1.3}{\376\377\116\055\172\313\140\047\176\246\147\137}{section.1}% 4
\BOOKMARK [1][-]{section.2}{\376\377\215\335\171\273\124\053\116\111\124\214\123\357\153\324\140\047}{}% 5
\BOOKMARK [1][-]{section.3}{\376\377\123\302\145\160\123\005\176\334\116\016\121\170\127\213\123\302\200\003\127\072\146\157}{}% 6
\BOOKMARK [2][-]{subsection.3.1}{\376\377\123\302\145\160\123\005\176\334}{section.3}% 7
\BOOKMARK [2][-]{subsection.3.2}{\376\377\121\170\127\213\123\302\200\003\127\072\146\157}{section.3}% 8
\BOOKMARK [1][-]{section.4}{\376\377\124\004\156\220\230\171\213\241\173\227\217\307\172\013}{}% 9
\BOOKMARK [2][-]{subsection.4.1}{\376\377\000U\000E\000P\000/\000I\000C\000C\000P\000\040\227\131\140\001\142\026\141\142\123\330\165\065\127\072}{section.4}% 10
\BOOKMARK [2][-]{subsection.4.2}{\376\377\217\164\230\221\127\372\230\221}{section.4}% 11
\BOOKMARK [2][-]{subsection.4.3}{\376\377\217\164\230\221\116\214\000/\116\011\226\066\214\020\154\342}{section.4}% 12
\BOOKMARK [2][-]{subsection.4.4}{\376\377\134\076\155\101\000/\155\101\122\250\213\361\133\374\165\065\127\072}{section.4}% 13
\BOOKMARK [2][-]{subsection.4.5}{\376\377\123\330\230\221\126\150\040\023\154\064\154\365\174\373\176\337\232\330\230\221\165\065\170\301\200\314\146\157}{section.4}% 14
\BOOKMARK [1][-]{section.5}{\376\377\147\000\176\310\156\220\230\171\040\023\215\335\171\273\040\023\137\072\136\246\133\242\211\302\123\302\200\003\210\150}{}% 15
\BOOKMARK [2][-]{subsection.5.1}{\376\377\156\220\230\171\230\221\163\207\122\006\136\003\116\016\137\072\136\246\122\006\221\115}{section.5}% 16
\BOOKMARK [2][-]{subsection.5.2}{\376\377\133\236\232\214\211\302\155\113\000\040\0005\0000\040\023\0002\0000\0000\000\040\000k\000H\000z\000\040\232\330\230\221\135\356\137\002\166\204\123\357\200\375\147\145\156\220}{section.5}% 17
\BOOKMARK [1][-]{section.6}{\376\377\176\323\147\234\213\373\123\326\213\364\146\016}{}% 18
\BOOKMARK [2][-]{subsection.6.1}{\376\377\166\356\150\007\156\220\230\171\136\105\120\074\203\003\126\364\213\373\123\326}{section.6}% 19
\BOOKMARK [2][-]{subsection.6.2}{\376\377\230\221\163\207\162\171\137\201\213\373\123\326}{section.6}% 20
\BOOKMARK [2][-]{subsection.6.3}{\376\377\152\041\127\213\123\357\117\341\136\246\213\373\123\326}{section.6}% 21
\BOOKMARK [2][-]{subsection.6.4}{\376\377\123\330\230\221\126\150\040\023\154\064\154\365\174\373\176\337\232\330\230\221\165\065\170\301\200\314\146\157\213\373\123\326}{section.6}% 22
\BOOKMARK [2][-]{subsection.6.5}{\376\377\116\055\172\313\140\047\176\246\147\137\166\204\213\373\123\326\145\271\137\017}{section.6}% 23
